06-07 09:45:56.109: E/ExecutionCriteria(6234): Package unavailable for task: com.google.android.apps.gcs/com.google.android.flib.phenotype.services.PhenotypeExperimentCommitService{u=0 tag="PhenotypeExpCommitSvc" trigger=window{start=0s,end=30s,earliest=-488s,latest=-458s} requirements=[NET_ANY] attributes=[PERSISTED] scheduled=-488s last_run=N/A jid=N/A status=PENDING retries=0 client_lib=MANCHEGO_GCM-11732000}
06-07 09:45:56.117: W/OptInChecker(6490): Missing cached UDC setting for WEB_HISTORY
06-07 09:45:56.118: W/OptInChecker(6490): Missing cached UDC setting for WEB_AND_APP_HISTORY
06-07 09:45:56.118: W/OptInChecker(6490): Missing cached UDC setting for CHROME_HISTORY_SYNC
06-07 09:45:56.145: I/Auth(6234): [AccountStatusChecker] OnDataChanged check: <ELLIDED:-1238769241>
06-07 09:45:56.147: I/Auth(6234): [AccountStatusChecker] Canceling for <ELLIDED:-1238769241>
06-07 09:45:56.156: W/OptInChecker(6490): Missing cached UDC setting for WEB_HISTORY
06-07 09:45:56.173: W/ChimeraUtils(6234): Non Chimera context
06-07 09:45:56.264: I/cr_LibraryLoader(6490): Time to load native libraries: 3 ms (timestamps 7794-7797)
06-07 09:45:56.280: I/chromium(6490): [INFO:library_loader_hooks.cc(36)] Chromium logging enabled: level = 0, default verbosity = 0
06-07 09:45:56.280: I/cr_LibraryLoader(6490): Expected native library version number "66.0.3359.158", actual native library version number "66.0.3359.158"
06-07 09:45:56.360: W/TrackCacheManag(9220): type=1400 audit(0.0:98): avc: denied { read } for name="._playmusicid" dev="sda35" ino=868963 scontext=u:r:untrusted_app:s0:c512,c768 tcontext=u:object_r:system_data_file:s0 tclass=file permissive=0
06-07 09:45:56.360: W/TrackCacheManag(9220): type=1400 audit(0.0:99): avc: denied { getattr } for path="/data/data/com.google.android.music/files/._playmusicid" dev="sda35" ino=868963 scontext=u:r:untrusted_app:s0:c512,c768 tcontext=u:object_r:system_data_file:s0 tclass=file permissive=0
06-07 09:45:56.360: W/TrackCacheManag(9220): type=1400 audit(0.0:100): avc: denied { write } for name="._playmusicid" dev="sda35" ino=868963 scontext=u:r:untrusted_app:s0:c512,c768 tcontext=u:object_r:system_data_file:s0 tclass=file permissive=0
06-07 09:45:56.384: W/TrackCacheManag(9220): type=1400 audit(0.0:101): avc: denied { read } for name="._playmusicid" dev="sda35" ino=868963 scontext=u:r:untrusted_app:s0:c512,c768 tcontext=u:object_r:system_data_file:s0 tclass=file permissive=0
06-07 09:45:56.386: E/CacheLocation(9004): Unable to write volume ID file at path: /data/user/0/com.google.android.music/files/._playmusicid, got java.io.FileNotFoundException: /data/data/com.google.android.music/files/._playmusicid (Permission denied)
06-07 09:45:56.390: E/ExecutionCriteria(6234): Package unavailable for task: com.google.android.videos/com.google.android.apps.play.movies.common.service.player.logging.QoePingService{u=0 tag="flush_qoe_logs" trigger=window{period=86400s,flex=86400s,earliest=-63239692s,latest=-63153292s} requirements=[NET_UNMETERED,CHARGING] attributes=[PERSISTED,RECURRING] scheduled=-63239692s last_run=N/A jid=N/A status=PENDING retries=0 client_lib=MANCHEGO_GCM-10400000}
06-07 09:45:56.391: E/ExecutionCriteria(6234): Package unavailable for task: com.google.android.videos/com.google.android.apps.play.movies.common.service.drm.RefreshLicenseTaskService{u=0 tag="refresh_license" trigger=window{period=172800s,flex=172800s,earliest=-63153292s,latest=-62980492s} requirements=[NET_CONNECTED] attributes=[PERSISTED,RECURRING] scheduled=-63153292s last_run=N/A jid=N/A status=PENDING retries=0 client_lib=MANCHEGO_GCM-10400000}
06-07 09:45:56.393: E/ExecutionCriteria(6234): Package unavailable for task: com.google.android.apps.gcs/.service.WfaStateTaskService{u=0 tag="WfaStateTask" trigger=window{period=518400s,flex=86400s,earliest=-62894211s,latest=-62807811s} requirements=[NET_ANY] attributes=[PERSISTED,RECURRING] scheduled=-63326211s last_run=N/A jid=N/A status=PENDING retries=0 client_lib=MANCHEGO_GCM-11732000}
06-07 09:45:56.395: E/ExecutionCriteria(6234): Package unavailable for task: com.google.android.apps.gcs/com.google.android.flib.phenotype.services.PhenotypeExperimentCommitService{u=0 tag="PhenotypeExpCommitSvc" trigger=window{start=0s,end=30s,earliest=-488s,latest=-458s} requirements=[NET_ANY] attributes=[PERSISTED] scheduled=-488s last_run=N/A jid=N/A status=PENDING retries=0 client_lib=MANCHEGO_GCM-11732000}
06-07 09:45:56.415: D/NetworkSecurityConfig(6490): Using Network Security Config from resource network_security_config debugBuild: false
06-07 09:45:56.494: I/anol(6234): Removed 0 invalid users [CONTEXT service_id=51 ]
06-07 09:45:56.533: I/dex2oat(9370): dex2oat took 711.663ms (threads: 4) arena alloc=15KB (16184B) java alloc=2MB (3023112B) native alloc=5MB (5954664B) free=2MB (2433944B)
06-07 09:45:56.631: W/Conscrypt(6234): Could not set socket write timeout: java.net.SocketException: Socket closed
06-07 09:45:56.631: W/Conscrypt(6234): 	at com.google.android.gms.org.conscrypt.Platform.setSocketWriteTimeout(:com.google.android.gms@200914019@20.09.14 (040400-300565878):2)
06-07 09:45:56.631: W/Conscrypt(6234): 	at com.google.android.gms.org.conscrypt.ConscryptFileDescriptorSocket.setSoWriteTimeout(:com.google.android.gms@200914019@20.09.14 (040400-300565878):0)
06-07 09:45:56.643: W/PackageManager(1165): Not granting permission android.permission.READ_FRAME_BUFFER to package androidx.test.tools.crawler (protectionLevel=18 flags=0x3808be44)
06-07 09:45:56.643: W/PackageManager(1165): Not granting permission android.permission.DUMP to package androidx.test.tools.crawler (protectionLevel=50 flags=0x3808be44)
06-07 09:45:56.643: W/PackageManager(1165): Unknown permission android.permission.FOREGROUND_SERVICE in package androidx.test.tools.crawler
06-07 09:45:56.685: W/Conscrypt(6234): Could not set socket write timeout: java.net.SocketException: Socket closed
06-07 09:45:56.685: W/Conscrypt(6234): 	at com.google.android.gms.org.conscrypt.Platform.setSocketWriteTimeout(:com.google.android.gms@200914019@20.09.14 (040400-300565878):2)
06-07 09:45:56.686: W/Conscrypt(6234): 	at com.google.android.gms.org.conscrypt.ConscryptFileDescriptorSocket.setSoWriteTimeout(:com.google.android.gms@200914019@20.09.14 (040400-300565878):0)
06-07 09:45:56.693: D/ApplicationLoaders(9320): ignored Vulkan layer search path /data/app/com.google.android.gms-2/lib/arm64:/data/app/com.google.android.gms-2/base.apk!/lib/arm64-v8a for namespace 0x7d72ba70f0
06-07 09:45:56.698: D/MusicContentProvider(9004): Enabling sync for Account {name=LTF7ONYMDNJYX7GB4F4RTMVU4Q-01@cloudtestlabaccounts.com, type=com.google}
06-07 09:45:56.706: W/art(6490): Suspending all threads took: 21.354ms
06-07 09:45:56.752: D/installd(617): Detected label change from u:object_r:system_data_file:s0 to u:object_r:app_data_file:s0:c512,c768 at /data/data/androidx.test.tools.crawler; running recursive restorecon
06-07 09:45:56.758: D/installd(617): Detected label change from u:object_r:system_data_file:s0 to u:object_r:app_data_file:s0:c512,c768 at /data/user_de/0/androidx.test.tools.crawler; running recursive restorecon
06-07 09:45:56.763: I/art(1165): Starting a blocking GC Explicit
06-07 09:45:56.776: I/VoiceUnlockApiWrapper(6490): Settings voice unlock to : false
06-07 09:45:56.786: I/CrashMetricService(9320): Startup metric for 'PRIMES_CRASH_MONITORING_INITIALIZED' dropped.
06-07 09:45:56.840: I/art(1165): Explicit concurrent mark sweep GC freed 120004(6MB) AllocSpace objects, 18(408KB) LOS objects, 33% free, 16MB/25MB, paused 916us total 69.883ms
06-07 09:45:56.840: I/art(1165): [ 06-07 09:45:56.840   617:  617 E/         ]
06-07 09:45:56.840: I/art(1165): Couldn't opendir /data/app/vmdl905077007.tmp: No such file or directory
06-07 09:45:56.848: I/CarrierServices(2803): [1] RcsAutoStartReceiver.b: carrierServicesJibeServiceEnabled changed from true to true
06-07 09:45:56.847: W/background1-6(9353): type=1400 audit(0.0:102): avc: denied { read } for name=".offlineLibraryBrowse" dev="sda35" ino=868390 scontext=u:r:untrusted_app:s0:c512,c768 tcontext=u:object_r:system_data_file:s0 tclass=file permissive=0
06-07 09:45:56.849: I/CarrierServices(2803): [1] RcsAutoStartReceiver.b: enableRcs changed from true to true
06-07 09:45:56.851: E/YouTube(9320): Failed to read offline browse from store
06-07 09:45:56.851: E/YouTube(9320): java.io.FileNotFoundException: /data/user/0/com.google.android.youtube/files/offline/.offlineLibraryBrowse (Permission denied)
06-07 09:45:56.851: E/YouTube(9320): 	at java.io.FileInputStream.open(Native Method)
06-07 09:45:56.851: E/YouTube(9320): 	at java.io.FileInputStream.<init>(FileInputStream.java:146)
06-07 09:45:56.851: E/YouTube(9320): 	at amxg.a(SourceFile:4)
06-07 09:45:56.851: E/YouTube(9320): 	at amxg.b(SourceFile:7)
06-07 09:45:56.851: E/YouTube(9320): 	at amxc.d(SourceFile:35)
06-07 09:45:56.851: E/YouTube(9320): 	at dbm.c(SourceFile:58)
06-07 09:45:56.851: E/YouTube(9320): 	at dbm.b(SourceFile:10)
06-07 09:45:56.851: E/YouTube(9320): 	at dbf.e(SourceFile:50)
06-07 09:45:56.851: E/YouTube(9320): 	at cwa.run(SourceFile:6)
06-07 09:45:56.851: E/YouTube(9320): 	at java.util.concurrent.Executors$RunnableAdapter.call(Executors.java:428)
06-07 09:45:56.851: E/YouTube(9320): 	at java.util.concurrent.FutureTask.run(FutureTask.java:237)
06-07 09:45:56.851: E/YouTube(9320): 	at java.util.concurrent.ScheduledThreadPoolExecutor$ScheduledFutureTask.run(ScheduledThreadPoolExecutor.java:272)
06-07 09:45:56.851: E/YouTube(9320): 	at java.util.concurrent.ThreadPoolExecutor.runWorker(ThreadPoolExecutor.java:1133)
06-07 09:45:56.851: E/YouTube(9320): 	at java.util.concurrent.ThreadPoolExecutor$Worker.run(ThreadPoolExecutor.java:607)
06-07 09:45:56.851: E/YouTube(9320): 	at tun.run(SourceFile:20)
06-07 09:45:56.851: E/YouTube(9320): 	at java.lang.Thread.run(Thread.java:761)
06-07 09:45:56.854: I/CarrierServices(2803): [1] RcsAutoStartReceiver.b: RcsAutoStartReceiver triggered. Fetching RCS State. Action: android.intent.action.PACKAGE_ADDED
06-07 09:45:56.855: I/art(9342): System.exit called, status: 0
06-07 09:45:56.855: I/AndroidRuntime(9342): VM exiting with result code 0.
06-07 09:45:56.856: I/CarrierServices(2803): [1] aws.a: Migration binding to RcsMigrationService
06-07 09:45:56.858: I/InputReader(1165): Reconfiguring input devices.  changes=0x00000010
06-07 09:45:56.865: I/Bugle(2715): returning RCS state provider.
06-07 09:45:56.878: I/CarrierServices(2715): [162] ieq.a: Sim state is not ready. Returning last known operation mode.
06-07 09:45:56.879: I/CarrierServices(2803): [218] awt.doInBackground: Saving RCS State
06-07 09:45:56.879: I/CarrierServices(2803): [218] awt.doInBackground: Old operation mode: 0
06-07 09:45:56.880: I/CarrierServices(2803): [218] awt.doInBackground: New operation mode: 0
06-07 09:45:56.882: I/CarrierServices(2803): [1] aww.a: Unbinding RcsMigrationService
06-07 09:45:56.884: D/CarrierSvcBindHelper(1766): No carrier app for: 0
06-07 09:45:56.884: D/CarrierConfigLoader(1766): mHandler: 9 phoneId: 0
06-07 09:45:56.893: D/RegisteredNfcFServicesCache(2017): Service unchanged, not updating
06-07 09:45:56.914: E/ExecutionCriteria(6234): Package unavailable for task: com.google.android.videos/com.google.android.apps.play.movies.common.service.player.logging.QoePingService{u=0 tag="flush_qoe_logs" trigger=window{period=86400s,flex=86400s,earliest=-63239692s,latest=-63153292s} requirements=[NET_UNMETERED,CHARGING] attributes=[PERSISTED,RECURRING] scheduled=-63239692s last_run=N/A jid=N/A status=PENDING retries=0 client_lib=MANCHEGO_GCM-10400000}
06-07 09:45:56.916: E/ExecutionCriteria(6234): Package unavailable for task: com.google.android.videos/com.google.android.apps.play.movies.common.service.drm.RefreshLicenseTaskService{u=0 tag="refresh_license" trigger=window{period=172800s,flex=172800s,earliest=-63153293s,latest=-62980493s} requirements=[NET_CONNECTED] attributes=[PERSISTED,RECURRING] scheduled=-63153293s last_run=N/A jid=N/A status=PENDING retries=0 client_lib=MANCHEGO_GCM-10400000}
06-07 09:45:56.917: E/ExecutionCriteria(6234): Package unavailable for task: com.google.android.apps.gcs/.service.WfaStateTaskService{u=0 tag="WfaStateTask" trigger=window{period=518400s,flex=86400s,earliest=-62894211s,latest=-62807811s} requirements=[NET_ANY] attributes=[PERSISTED,RECURRING] scheduled=-63326211s last_run=N/A jid=N/A status=PENDING retries=0 client_lib=MANCHEGO_GCM-11732000}
06-07 09:45:56.919: E/ExecutionCriteria(6234): Package unavailable for task: com.google.android.apps.gcs/com.google.android.flib.phenotype.services.PhenotypeExperimentCommitService{u=0 tag="PhenotypeExpCommitSvc" trigger=window{start=0s,end=30s,earliest=-489s,latest=-459s} requirements=[NET_ANY] attributes=[PERSISTED] scheduled=-489s last_run=N/A jid=N/A status=PENDING retries=0 client_lib=MANCHEGO_GCM-11732000}
06-07 09:45:56.923: D/MusicLifecycle(9004): com.google.android.music.download.EncapsulatedBroadcastReceiver$1 generated event: Broadcast received with context com.google.android.music.ui.PhoneMusicApplication@f1f1da2 and intent Intent { act=com.google.android.music.accountchanged flg=0x10 (has extras) }
06-07 09:45:56.923: D/MusicLifecycle(9004): com.google.android.music.download.EncapsulatedBroadcastReceiver$1 generated event: Broadcast received with context com.google.android.music.ui.PhoneMusicApplication@f1f1da2 and intent Intent { act=com.google.android.music.accountchanged flg=0x10 (has extras) }
06-07 09:45:56.924: I/GcmRegistrationTask(9004): Starting 'com.google.android.music.sync.google.MusicGcmTaskService
06-07 09:45:56.924: W/TrackCacheManag(9220): type=1400 audit(0.0:103): avc: denied { read } for name="._playmusicid" dev="sda35" ino=868963 scontext=u:r:untrusted_app:s0:c512,c768 tcontext=u:object_r:system_data_file:s0 tclass=file permissive=0
06-07 09:45:56.924: W/TrackCacheManag(9220): type=1400 audit(0.0:104): avc: denied { getattr } for path="/data/data/com.google.android.music/files/._playmusicid" dev="sda35" ino=868963 scontext=u:r:untrusted_app:s0:c512,c768 tcontext=u:object_r:system_data_file:s0 tclass=file permissive=0
06-07 09:45:56.924: W/TrackCacheManag(9220): type=1400 audit(0.0:105): avc: denied { write } for name="._playmusicid" dev="sda35" ino=868963 scontext=u:r:untrusted_app:s0:c512,c768 tcontext=u:object_r:system_data_file:s0 tclass=file permissive=0
06-07 09:45:56.924: W/TrackCacheManag(9220): type=1400 audit(0.0:106): avc: denied { read } for name="._playmusicid" dev="sda35" ino=868963 scontext=u:r:untrusted_app:s0:c512,c768 tcontext=u:object_r:system_data_file:s0 tclass=file permissive=0
06-07 09:45:56.927: E/CacheLocation(9004): Unable to write volume ID file at path: /data/user/0/com.google.android.music/files/._playmusicid, got java.io.FileNotFoundException: /data/data/com.google.android.music/files/._playmusicid (Permission denied)
06-07 09:45:56.932: D/MusicLifecycle(9004): com.google.android.music.awareness.AwarenessRouter$2 generated event: Broadcast received with context com.google.android.music.ui.PhoneMusicApplication@f1f1da2 and intent Intent { act=com.google.android.music.accountchanged flg=0x10 (has extras) }
06-07 09:45:56.935: D/MusicLifecycle(9004): com.google.android.music.eventlog.MusicEventLogger$1 generated event: Broadcast received with context com.google.android.music.ui.PhoneMusicApplication@f1f1da2 and intent Intent { act=com.google.android.music.accountchanged flg=0x10 (has extras) }
06-07 09:45:56.937: D/MusicLifecycle(9004): com.google.android.music.cast.CastTokenClientImpl$1 generated event: Broadcast received with context com.google.android.music.playback2.MusicPlaybackService@c911f00 and intent Intent { act=com.google.android.music.accountchanged flg=0x10 (has extras) }
06-07 09:45:56.947: D/AwarenessRouter(9004): 0 new fences
06-07 09:45:56.952: D/AwarenessRouter(9004): 0 fences already registered
06-07 09:45:56.955: D/AwarenessRouter(9004): Successfully removed 0 context fences
06-07 09:45:57.105: W/OptInChecker(6490): Missing cached UDC setting for AUDIO_HISTORY
06-07 09:45:57.105: W/OptInChecker(6490): Missing cached UDC setting for DEVICE_STATE_AND_CONTENT
06-07 09:45:57.105: W/OptInChecker(6490): Missing cached UDC setting for LOCATION_HISTORY_AND_REPORTING
06-07 09:45:57.105: W/OptInChecker(6490): Missing cached UDC setting for NOW_CARDS
06-07 09:45:57.105: W/OptInChecker(6490): Missing cached UDC setting for NOW_NOTIFICATIONS
06-07 09:45:57.105: W/OptInChecker(6490): Missing cached UDC setting for WEB_HISTORY
06-07 09:45:57.105: W/OptInChecker(6490): Missing cached UDC setting for WEB_AND_APP_HISTORY
06-07 09:45:57.105: W/OptInChecker(6490): Missing cached UDC setting for CHROME_HISTORY_SYNC
06-07 09:45:57.113: E/Backup(6234): [BackupTransportMigratorChimeraService] Could not migrate transport!
06-07 09:45:57.114: I/Backup(6234): [BackupTransportMigratorChimeraService] Starting migration...
06-07 09:45:57.196: D/NetworkSecurityConfig(9320): No Network Security Config specified, using platform default
06-07 09:45:57.198: E/GCoreUlr(6234): Create new device tag of -1280465611 without device reboot
06-07 09:45:57.261: I/ActivityManager(1165): Start proc 9466:android.process.media/u0a13 for content provider com.android.providers.media/.MediaProvider
06-07 09:45:57.287: W/System(9466): ClassLoader referenced unknown path: /system/priv-app/MediaProvider/lib/arm64
06-07 09:45:57.325: W/System(9466): ClassLoader referenced unknown path: /system/priv-app/DownloadProvider/lib/arm64
06-07 09:45:57.326: D/ApplicationLoaders(9466): ignored Vulkan layer search path /system/priv-app/DownloadProvider/lib/arm64:/system/priv-app/DownloadProvider/DownloadProvider.apk!/lib/arm64-v8a:/system/lib64:/vendor/lib64 for namespace 0x7d72ba70f0
06-07 09:45:57.340: W/art(9320): Suspending all threads took: 8.523ms
06-07 09:45:57.352: D/AndroidRuntime(9460): >>>>>> START com.android.internal.os.RuntimeInit uid 2000 <<<<<<
06-07 09:45:57.355: D/AndroidRuntime(9460): CheckJNI is OFF
06-07 09:45:57.415: D/ICU(9460): No timezone override file found: /data/misc/zoneinfo/current/icu/icu_tzdata.dat
06-07 09:45:57.420: I/DynamiteModule(9320): Considering local module com.google.android.gms.ads.dynamite:0 and remote module com.google.android.gms.ads.dynamite:21600
06-07 09:45:57.421: I/DynamiteModule(9320): Selected remote version of com.google.android.gms.ads.dynamite, version >= 21600
06-07 09:45:57.437: I/Radio-JNI(9460): register_android_hardware_Radio DONE
06-07 09:45:57.448: D/AndroidRuntime(9460): Calling main entry com.android.commands.am.Am
06-07 09:45:57.452: I/ActivityManager(1165): Force stopping com.google.android.apps.mtaas.tools appid=10109 user=0: start instr
06-07 09:45:57.465: I/ActivityManager(1165): Start proc 9490:com.google.android.apps.mtaas.tools/u0a109 for added application com.google.android.apps.mtaas.tools
06-07 09:45:57.504: W/System(9490): ClassLoader referenced unknown path: /data/app/com.google.android.apps.mtaas.tools-1/lib/arm64
06-07 09:45:57.513: D/GetPackageUid(9490): Instrumentation completed successfully
06-07 09:45:57.518: I/ActivityManager(1165): Force stopping com.google.android.apps.mtaas.tools appid=10109 user=0: finished inst
06-07 09:45:57.518: I/ActivityManager(1165): Killing 9490:com.google.android.apps.mtaas.tools/u0a109 (adj 0): stop com.google.android.apps.mtaas.tools
06-07 09:45:57.519: D/ActivityManager(1165): cleanUpApplicationRecord -- 9490
06-07 09:45:57.521: D/AndroidRuntime(9460): Shutting down VM
06-07 09:45:57.544: I/ActivityManager(1165): Failure reporting to instrumentation watcher: comp=ComponentInfo{com.google.android.apps.mtaas.tools/com.google.android.apps.mtaas.tools.instrumentations.GetPackageUid} results=Bundle[mParcelledData.dataSize=104]
06-07 09:45:57.571: W/System(9320): ClassLoader referenced unknown path: 
06-07 09:45:57.572: D/ApplicationLoaders(9320): ignored Vulkan layer search path /data/app/com.google.android.gms-2/lib/arm64:/data/app/com.google.android.gms-2/base.apk!/lib/arm64-v8a for namespace 0x7d72ba7160
06-07 09:45:57.642: D/MusicLifecycle(9004): com.google.android.music.AccountsBroadcastReceiver generated event: Broadcast received with context android.app.ReceiverRestrictedContext@8e709cd and intent Intent { act=android.accounts.LOGIN_ACCOUNTS_CHANGED flg=0x4000010 cmp=com.google.android.music/.AccountsBroadcastReceiver }
06-07 09:45:57.643: I/SignupStatusTask(9004): Starting 'com.google.android.music.sync.google.MusicGcmTaskService
06-07 09:45:57.702: I/DynamiteLoaderV2(9320): [71] AdsFdrDynamite.integ
06-07 09:45:57.730: W/System(9320): ClassLoader referenced unknown path: /data/user_de/0/com.google.android.gms/app_chimera/m/00000014/n/arm64-v8a
06-07 09:45:57.790: D/DynamitePackage(9320): Instantiated singleton DynamitePackage.
06-07 09:45:57.790: D/DynamitePackage(9320): Instantiating com.google.android.gms.ads.adshield.ChimeraAdShieldCreatorImpl
06-07 09:45:57.796: I/ActivityManager(1165): Killing 8514:com.verizon.vzwavs/u0a47 (adj 906): empty #17
06-07 09:45:57.817: D/ActivityManager(1165): cleanUpApplicationRecord -- 8514
06-07 09:45:57.820: I/MediaStoreImporter(9004): Update: incremental Added music: 0 Updated music: 0 Deleted music: 0 Created playlists: 0 Updated playlists: 0 Deleted playlists: 0 Inserted playlist items: 0 Deleted playlist items: 0 Removed orphaned playlist items: 0
06-07 09:45:57.817: W/BGAsyncWorker(9023): type=1400 audit(0.0:107): avc: denied { read } for name="._playmusicid" dev="sda35" ino=868963 scontext=u:r:untrusted_app:s0:c512,c768 tcontext=u:object_r:system_data_file:s0 tclass=file permissive=0
06-07 09:45:57.822: D/MusicLifecycle(9004): com.google.android.music.download.EncapsulatedBroadcastReceiver$1 generated event: Broadcast received with context com.google.android.music.ui.PhoneMusicApplication@f1f1da2 and intent Intent { act=com.google.android.music.IMPORT_COMPLETE flg=0x10 }
06-07 09:45:57.823: E/PlaylistItemRelinker(9004): Found no usable UUIDs?
06-07 09:45:57.827: D/AndroidRuntime(9516): >>>>>> START com.android.internal.os.RuntimeInit uid 2000 <<<<<<
06-07 09:45:57.830: D/AndroidRuntime(9516): CheckJNI is OFF
06-07 09:45:57.867: W/art(9320): Suspending all threads took: 13.997ms
06-07 09:45:57.879: D/ICU(9516): No timezone override file found: /data/misc/zoneinfo/current/icu/icu_tzdata.dat
06-07 09:45:57.902: I/Radio-JNI(9516): register_android_hardware_Radio DONE
06-07 09:45:57.913: D/AndroidRuntime(9516): Calling main entry com.android.commands.am.Am
06-07 09:45:57.919: D/AndroidRuntime(9516): Shutting down VM
06-07 09:45:57.922: I/TSDRIVER(8579): CommandService onHandleIntent()
06-07 09:45:57.922: I/TSDRIVER(8579): Got command: PACKAGE
06-07 09:45:57.923: I/TSDRIVER(8579): flag package: EiNjb20uZ29vZ2xlLmFuZHJvaWQuZ21zLmF1dGhfYWNjb3VudBodChlhdXRoX3NpZ19vdmVycmlkZV9lbmFibGVkGAEaIQocYXV0aF9zaWdfb3ZlcnJpZGVfdGFyZ2V0X3VpZCCMTxpCChZhdXRoX3NpZ19vdmVycmlkZV9zaGExEihlZGE2NDEzYzNlM2E5NTQ5MjExNGZlMDdjZDk1M2FkODk3ZTQwZDFhKLoB
06-07 09:45:57.923: I/TSDRIVER(8579): flag package: com.google.android.gms.auth_account
06-07 09:45:57.947: W/ChimeraUtils(6234): Non Chimera context
06-07 09:45:57.963: W/ChimeraUtils(6234): Non Chimera context
06-07 09:45:57.972: W/ChimeraUtils(6234): Non Chimera context
06-07 09:45:57.981: W/WakefulBroadcastReceiv.(6234): No active wake lock id #2
06-07 09:45:57.996: W/ChimeraUtils(6234): Non Chimera context
06-07 09:45:57.998: I/PmtsSwAccountIntentOp(7657): Processing intent action=android.accounts.LOGIN_ACCOUNTS_CHANGED
06-07 09:45:57.998: I/PmtsSwAccountIntentOp(7657): Account added has already been processed
06-07 09:45:58.022: I/TestSupport(7657): Passing package and signature checks: com.google.android.gmscore.testing.testsupport [CONTEXT service_id=133 ]
06-07 09:45:58.050: I/anoa(6234): Scheduling Phenotype for a PhenotypeSyncImmediately(5, null) one off with window [1, 2] in seconds [CONTEXT service_id=51 ]
06-07 09:45:58.086: I/TestSupport(7657): SetFlagOverridesOperation: com.google.android.gms.auth_account, '', [Flag(auth_sig_override_enabled, true, 2, 0)] [CONTEXT service_id=133 ]
06-07 09:45:58.185: I/Auth(7657): [SupervisedAccountIntentOperation] onHandleIntent(): com.google.android.gms.auth.ACCOUNT_SERVICES_CHANGED
06-07 09:45:58.212: W/ChimeraUtils(6234): Non Chimera context
06-07 09:45:58.229: I/Auth(7657): [SupervisedAccountIntentOperation] onHandleIntent(): com.google.android.gms.auth.ACCOUNT_SERVICES_CHANGED
06-07 09:45:58.236: W/ChimeraUtils(6234): Non Chimera context
06-07 09:45:58.257: W/GrowthKit(9245): Failed to get phenotypeManager in PhenotypeBroadcastReceiver
06-07 09:45:58.257: W/GrowthKit(9245): java.lang.NullPointerException: Unable to get GrowthKit Component from host app.
06-07 09:45:58.257: W/GrowthKit(9245): 	at com.google.android.libraries.internal.growth.growthkit.inject.GrowthKit.get(GrowthKit.java:43)
06-07 09:45:58.257: W/GrowthKit(9245): 	at com.google.android.libraries.internal.growth.growthkit.internal.experiments.impl.PhenotypeBroadcastReceiver.onReceive(PhenotypeBroadcastReceiver.java:24)
06-07 09:45:58.257: W/GrowthKit(9245): 	at android.app.ActivityThread.handleReceiver(ActivityThread.java:3041)
06-07 09:45:58.257: W/GrowthKit(9245): 	at android.app.ActivityThread.-wrap18(ActivityThread.java)
06-07 09:45:58.257: W/GrowthKit(9245): 	at android.app.ActivityThread$H.handleMessage(ActivityThread.java:1562)
06-07 09:45:58.257: W/GrowthKit(9245): 	at android.os.Handler.dispatchMessage(Handler.java:102)
06-07 09:45:58.257: W/GrowthKit(9245): 	at android.os.Looper.loop(Looper.java:154)
06-07 09:45:58.257: W/GrowthKit(9245): 	at android.app.ActivityThread.main(ActivityThread.java:6121)
06-07 09:45:58.257: W/GrowthKit(9245): 	at java.lang.reflect.Method.invoke(Native Method)
06-07 09:45:58.257: W/GrowthKit(9245): 	at com.android.internal.os.ZygoteInit$MethodAndArgsCaller.run(ZygoteInit.java:889)
06-07 09:45:58.257: W/GrowthKit(9245): 	at com.android.internal.os.ZygoteInit.main(ZygoteInit.java:779)
06-07 09:45:58.280: I/Finsky(7002): [1] AccountsChangedReceiver.a(11): [Accounts] Handling broadcast: com.google.android.gms.auth.GOOGLE_ACCOUNT_CHANGE
06-07 09:45:58.280: I/TestSupport(7657): AwaitCommitOperation: auth_sig_override_enabled [CONTEXT service_id=133 ]
06-07 09:45:58.281: I/Finsky(7002): [1] AccountsChangedReceiver.a(4): Get accounts accountsRemoved
06-07 09:45:58.282: I/Finsky(7002): [1] AccountsChangedReceiver.a(4): Get accounts accountsAdded
06-07 09:45:58.283: I/Finsky(7002): [1] AccountsChangedReceiver.a(6): Account [9BTrKXzkHj9Rywk-7838kBGaUEX0VgvO6yNSmZTyDX0]
06-07 09:45:58.285: I/Finsky(7002): [1] VpaService.a(5): Skipping additional VPA because disabled.
06-07 09:45:58.287: I/TestSupport(7657): AwaitCommitOperation: FlagOverride(com.google.android.gms.auth_account, , Flag(auth_sig_override_enabled, true, 2, 0), false) != FlagOverride(com.google.android.gms.auth_account, , Flag(auth_sig_override_enabled, false, 2, 0), true) [CONTEXT service_id=133 ]
06-07 09:45:58.287: I/TestSupport(7657): AwaitCommitOperation: uncommitted: FlagOverride(com.google.android.gms.auth_account, , Flag(auth_sig_override_enabled, false, 2, 0), true) [CONTEXT service_id=133 ]
06-07 09:45:58.287: I/TestSupport(7657): AwaitCommitOperation:  sleeping for 10 msec. [CONTEXT service_id=133 ]
06-07 09:45:58.288: I/Finsky(7002): [1] zme.a(36): Refreshing user settings: account=[9BTrKXzkHj9Rywk-7838kBGaUEX0VgvO6yNSmZTyDX0]
06-07 09:45:58.291: E/ExecutionCriteria(6234): Package unavailable for task: com.google.android.videos/com.google.android.apps.play.movies.common.service.player.logging.QoePingService{u=0 tag="flush_qoe_logs" trigger=window{period=86400s,flex=86400s,earliest=-63239694s,latest=-63153294s} requirements=[NET_UNMETERED,CHARGING] attributes=[PERSISTED,RECURRING] scheduled=-63239694s last_run=N/A jid=N/A status=PENDING retries=0 client_lib=MANCHEGO_GCM-10400000}
06-07 09:45:58.292: E/ExecutionCriteria(6234): Package unavailable for task: com.google.android.videos/com.google.android.apps.play.movies.common.service.drm.RefreshLicenseTaskService{u=0 tag="refresh_license" trigger=window{period=172800s,flex=172800s,earliest=-63153294s,latest=-62980494s} requirements=[NET_CONNECTED] attributes=[PERSISTED,RECURRING] scheduled=-63153294s last_run=N/A jid=N/A status=PENDING retries=0 client_lib=MANCHEGO_GCM-10400000}
06-07 09:45:58.292: E/ExecutionCriteria(6234): Package unavailable for task: com.google.android.apps.gcs/.service.WfaStateTaskService{u=0 tag="WfaStateTask" trigger=window{period=518400s,flex=86400s,earliest=-62894213s,latest=-62807813s} requirements=[NET_ANY] attributes=[PERSISTED,RECURRING] scheduled=-63326213s last_run=N/A jid=N/A status=PENDING retries=0 client_lib=MANCHEGO_GCM-11732000}
06-07 09:45:58.293: E/ExecutionCriteria(6234): Package unavailable for task: com.google.android.apps.gcs/com.google.android.flib.phenotype.services.PhenotypeExperimentCommitService{u=0 tag="PhenotypeExpCommitSvc" trigger=window{start=0s,end=30s,earliest=-490s,latest=-460s} requirements=[NET_ANY] attributes=[PERSISTED] scheduled=-490s last_run=N/A jid=N/A status=PENDING retries=0 client_lib=MANCHEGO_GCM-11732000}
06-07 09:45:58.304: I/TestSupport(7657): AwaitCommitOperation: FlagOverride(com.google.android.gms.auth_account, , Flag(auth_sig_override_enabled, true, 2, 0), false) != FlagOverride(com.google.android.gms.auth_account, , Flag(auth_sig_override_enabled, false, 2, 0), true) [CONTEXT service_id=133 ]
06-07 09:45:58.305: I/TestSupport(7657): AwaitCommitOperation: uncommitted: FlagOverride(com.google.android.gms.auth_account, , Flag(auth_sig_override_enabled, false, 2, 0), true) [CONTEXT service_id=133 ]
06-07 09:45:58.305: I/TestSupport(7657): AwaitCommitOperation:  sleeping for 20 msec. [CONTEXT service_id=133 ]
06-07 09:45:58.317: D/Volley(7002): [80] abgm.b: Cache cleared.
06-07 09:45:58.328: I/TestSupport(7657): AwaitCommitOperation: FlagOverride(com.google.android.gms.auth_account, , Flag(auth_sig_override_enabled, true, 2, 0), false) != FlagOverride(com.google.android.gms.auth_account, , Flag(auth_sig_override_enabled, false, 2, 0), true) [CONTEXT service_id=133 ]
06-07 09:45:58.329: I/TestSupport(7657): AwaitCommitOperation: uncommitted: FlagOverride(com.google.android.gms.auth_account, , Flag(auth_sig_override_enabled, false, 2, 0), true) [CONTEXT service_id=133 ]
06-07 09:45:58.330: D/Volley(7002): [106] abgm.b: Cache cleared.
06-07 09:45:58.336: I/TestSupport(7657): AwaitCommitOperation:  sleeping for 40 msec. [CONTEXT service_id=133 ]
06-07 09:45:58.339: D/Volley(7002): [1] abgl.b: Cache cleared.
06-07 09:45:58.353: I/BgTaskExecutorImpl(6490): Starting EXCLUSIVE background task clear_training_data.
06-07 09:45:58.377: I/Finsky(7002): [1] AccountsChangedReceiver.a(53): Accounts changed, prefetching preloads for account [9BTrKXzkHj9Rywk-7838kBGaUEX0VgvO6yNSmZTyDX0] (previously null)
06-07 09:45:58.377: I/Finsky(7002): [182] uml.call(2): Prefetching preloads for account [9BTrKXzkHj9Rywk-7838kBGaUEX0VgvO6yNSmZTyDX0]
06-07 09:45:58.386: I/Finsky(7002): [69] ulm.call(6): Found VPA stub android.autoinstalls.config.google.nexus:1
06-07 09:45:58.388: I/TestSupport(7657): AwaitCommitOperation: FlagOverride(com.google.android.gms.auth_account, , Flag(auth_sig_override_enabled, true, 2, 0), false) != FlagOverride(com.google.android.gms.auth_account, , Flag(auth_sig_override_enabled, false, 2, 0), true) [CONTEXT service_id=133 ]
06-07 09:45:58.388: I/TestSupport(7657): AwaitCommitOperation: uncommitted: FlagOverride(com.google.android.gms.auth_account, , Flag(auth_sig_override_enabled, false, 2, 0), true) [CONTEXT service_id=133 ]
06-07 09:45:58.388: I/TestSupport(7657): AwaitCommitOperation:  sleeping for 80 msec. [CONTEXT service_id=133 ]
06-07 09:45:58.394: I/Finsky(7002): [182] iml.a(19): Token already exists - returning!
06-07 09:45:58.394: I/Finsky(7002): [182] urs.a(1): Request device config token was successful when fetching preloads.
06-07 09:45:58.398: I/Finsky(7002): [1] xud.a(2): Disable SystemUpdateActivity, because Android is lower than Q
06-07 09:45:58.407: I/Finsky(7002): [64] xuc.run(4): Set SystemUpdateActivity enabled state to 2
06-07 09:45:58.417: W/SearchServiceCore(6490): Abort, client detached.
06-07 09:45:58.417: W/SearchServiceCore(6490): Abort, client detached.
06-07 09:45:58.417: W/SearchServiceCore(6490): Abort, client detached.
06-07 09:45:58.429: I/Checkin(7657): [EventLogChimeraService] Opted in for usage reporting: false
06-07 09:45:58.468: I/Authzen(6234): [AccountChangeProcessingIntentOperation] Received onHandleIntent() call: Intent { act=com.google.android.gms.auth.GOOGLE_ACCOUNT_CHANGE cat=[com.google.android.gms.auth.category.ACCOUNT_ADDED] flg=0x10 cmp=com.google.android.gms/.chimera.GmsIntentOperationService$PersistentInternalReceiver (has extras) }
06-07 09:45:58.469: I/Authzen(6234): [AccountChangeProcessingIntentOperation] Handling added account: <ELLIDED:-1238769241>
06-07 09:45:58.477: I/TestSupport(7657): AwaitCommitOperation: FlagOverride(com.google.android.gms.auth_account, , Flag(auth_sig_override_enabled, true, 2, 0), false) != FlagOverride(com.google.android.gms.auth_account, , Flag(auth_sig_override_enabled, false, 2, 0), true) [CONTEXT service_id=133 ]
06-07 09:45:58.477: I/TestSupport(7657): AwaitCommitOperation: uncommitted: FlagOverride(com.google.android.gms.auth_account, , Flag(auth_sig_override_enabled, false, 2, 0), true) [CONTEXT service_id=133 ]
06-07 09:45:58.478: I/TestSupport(7657): AwaitCommitOperation:  sleeping for 160 msec. [CONTEXT service_id=133 ]
06-07 09:45:58.480: I/ActivityManager(1165): Start proc 9559:com.android.musicfx/u0a31 for broadcast com.android.musicfx/.Compatibility$Receiver
06-07 09:45:58.488: I/Fido(6234): [AccountChangeIntentOperation] Received onHandleIntent() call: Intent { act=com.google.android.gms.auth.GOOGLE_ACCOUNT_CHANGE cat=[com.google.android.gms.auth.category.ACCOUNT_ADDED] flg=0x10 cmp=com.google.android.gms/.chimera.GmsIntentOperationService$PersistentInternalReceiver (has extras) }
06-07 09:45:58.500: I/Auth(7657): [FRP,FrpUpdateIntentOperation] No frp data present in app restriction, using current google accounts.
06-07 09:45:58.519: I/Finsky(7002): [1] trt.a(37): Cancelling existing jobscheduler jobs: 9004 9001 9005 
06-07 09:45:58.519: I/Finsky(7002): [1] trt.a(50): Scheduling immediate wakeup job with id: 9000
06-07 09:45:58.534: I/Auth(7657): [FactoryResetProtectionManager] Updating data block with 1 account ids. Lockscreen supported? true
06-07 09:45:58.538: W/ActivityManager(1165): Unable to start service Intent { act=com.google.android.gms.auth.key.retrieval.service.START pkg=com.google.android.gms } U=0: not found
06-07 09:45:58.544: W/System(9559): ClassLoader referenced unknown path: /system/priv-app/MusicFX/lib/arm64
06-07 09:45:58.557: I/dex2oat(9549): /system/bin/dex2oat --dex-file=/data/user/0/com.google.android.youtube/cache/1584479576572.jar --oat-fd=84 --oat-location=/data/user/0/com.google.android.youtube/cache/1584479576572.dex --compiler-filter=speed
06-07 09:45:58.557: I/Auth(7657): [FactoryResetProtectionManager] Write complete, result: 102323.
06-07 09:45:58.559: I/Ads(7657): Accounts have changed: com.google.android.gms.auth.GOOGLE_ACCOUNT_CHANGE
06-07 09:45:58.565: I/Authzen(6234): [SyncManager] Sync requested for event 100, account <ELLIDED:-1209831755>, and components 3, with reason 7
06-07 09:45:58.565: I/Authzen(6234): [SyncManager] Triggering AuthZen registration...
06-07 09:45:58.572: I/Finsky(7002): [1] JobSchedulerEngine$PhoneskyJobSchedulerJobService.onStartJob(5): SCH: onJobSchedulerWakeup with jobId 9000
06-07 09:45:58.588: I/ActivityManager(1165): Start proc 9582:android.process.acore/u0a2 for broadcast com.android.providers.contacts/.PackageIntentReceiver
06-07 09:45:58.596: W/ActivityManager(1165): Unbind failed: could not find connection for android.os.BinderProxy@6972a07
06-07 09:45:58.597: I/Finsky(7002): [1] tqm.a(5): Scheduling fallback in 43199980 (absolute: 43740111)
06-07 09:45:58.602: I/Finsky(7002): [1] tqm.a(5): Scheduling fallback in 64799996 (absolute: 65340131)
06-07 09:45:58.605: E/GmsClient(7657): unable to connect to service: com.google.android.gms.auth.key.retrieval.service.START on com.google.android.gms
06-07 09:45:58.614: I/Finsky(7002): [1] ttj.a(7): SCH: Jobs in database: 1-1337 12-1 24-77777777 26-1414141414 
06-07 09:45:58.615: I/Finsky(7002): [1] tth.run(8): SCH: JobExecutor already running, not rescheduling
06-07 09:45:58.644: I/TestSupport(7657): AwaitCommitOperation: FlagOverride(com.google.android.gms.auth_account, , Flag(auth_sig_override_enabled, true, 2, 0), false) != FlagOverride(com.google.android.gms.auth_account, , Flag(auth_sig_override_enabled, false, 2, 0), true) [CONTEXT service_id=133 ]
06-07 09:45:58.644: I/TestSupport(7657): AwaitCommitOperation: uncommitted: FlagOverride(com.google.android.gms.auth_account, , Flag(auth_sig_override_enabled, false, 2, 0), true) [CONTEXT service_id=133 ]
06-07 09:45:58.644: I/TestSupport(7657): AwaitCommitOperation:  sleeping for 320 msec. [CONTEXT service_id=133 ]
06-07 09:45:58.657: I/Finsky(7002): [1] tqv.handleMessage(10): SCH: DeviceState: DeviceState{currentTime=1591548358622, isCharging=true, isIdle=false, netAny=true, netNotRoaming=true, netUnmetered=true, batteryPercent=100.0}
06-07 09:45:58.661: W/System(9582): ClassLoader referenced unknown path: /system/priv-app/ContactsProvider/lib/arm64
06-07 09:45:58.665: I/Checkin(7657): [CheckinOperation] Starting Checkin: Default Task Reason : 4 Force : true UserId : 0 Start time : 540199
06-07 09:45:58.672: I/ChromeSync(7657): [Sync,SyncIntentOperation] Handling the intent: Intent { act=com.google.android.gms.auth.GOOGLE_ACCOUNT_CHANGE cat=[com.google.android.gms.auth.category.ACCOUNT_ADDED] flg=0x10 cmp=com.google.android.gms/.chimera.GmsIntentOperationService$PersistentInternalReceiver (has extras) }.
06-07 09:45:58.675: W/ChromeSync(7657): rdi: Data of type 1 is not subscribed.
06-07 09:45:58.675: W/ChromeSync(7657): 	at rek.b(:com.google.android.gms@200914019@20.09.14 (040400-300565878):2)
06-07 09:45:58.675: W/ChromeSync(7657): 	at reb.a(:com.google.android.gms@200914019@20.09.14 (040400-300565878):5)
06-07 09:45:58.675: W/ChromeSync(7657): 	at aakp.run(:com.google.android.gms@200914019@20.09.14 (040400-300565878):8)
06-07 09:45:58.675: W/ChromeSync(7657): 	at blfm.run(:com.google.android.gms@200914019@20.09.14 (040400-300565878):2)
06-07 09:45:58.675: W/ChromeSync(7657): 	at tad.b(:com.google.android.gms@200914019@20.09.14 (040400-300565878):12)
06-07 09:45:58.675: W/ChromeSync(7657): 	at tad.run(:com.google.android.gms@200914019@20.09.14 (040400-300565878):7)
06-07 09:45:58.675: W/ChromeSync(7657): 	at java.util.concurrent.ThreadPoolExecutor.runWorker(ThreadPoolExecutor.java:1133)
06-07 09:45:58.675: W/ChromeSync(7657): 	at java.util.concurrent.ThreadPoolExecutor$Worker.run(ThreadPoolExecutor.java:607)
06-07 09:45:58.675: W/ChromeSync(7657): 	at tgd.run(:com.google.android.gms@200914019@20.09.14 (040400-300565878):0)
06-07 09:45:58.675: W/ChromeSync(7657): 	at java.lang.Thread.run(Thread.java:761)
06-07 09:45:58.684: E/AsyncOperation(7657): serviceID=80, operation=List
06-07 09:45:58.684: E/AsyncOperation(7657): OperationException[Status{statusCode=Data of type 1 is not subscribed., resolution=null}]
06-07 09:45:58.684: E/AsyncOperation(7657): 	at reb.a(:com.google.android.gms@200914019@20.09.14 (040400-300565878):8)
06-07 09:45:58.684: E/AsyncOperation(7657): 	at aakp.run(:com.google.android.gms@200914019@20.09.14 (040400-300565878):8)
06-07 09:45:58.684: E/AsyncOperation(7657): 	at blfm.run(:com.google.android.gms@200914019@20.09.14 (040400-300565878):2)
06-07 09:45:58.684: E/AsyncOperation(7657): 	at tad.b(:com.google.android.gms@200914019@20.09.14 (040400-300565878):12)
06-07 09:45:58.684: E/AsyncOperation(7657): 	at tad.run(:com.google.android.gms@200914019@20.09.14 (040400-300565878):7)
06-07 09:45:58.684: E/AsyncOperation(7657): 	at java.util.concurrent.ThreadPoolExecutor.runWorker(ThreadPoolExecutor.java:1133)
06-07 09:45:58.684: E/AsyncOperation(7657): 	at java.util.concurrent.ThreadPoolExecutor$Worker.run(ThreadPoolExecutor.java:607)
06-07 09:45:58.684: E/AsyncOperation(7657): 	at tgd.run(:com.google.android.gms@200914019@20.09.14 (040400-300565878):0)
06-07 09:45:58.684: E/AsyncOperation(7657): 	at java.lang.Thread.run(Thread.java:761)
06-07 09:45:58.684: E/AsyncOperation(7657): Caused by: rdi: Data of type 1 is not subscribed.
06-07 09:45:58.684: E/AsyncOperation(7657): 	at rek.b(:com.google.android.gms@200914019@20.09.14 (040400-300565878):2)
06-07 09:45:58.684: E/AsyncOperation(7657): 	at reb.a(:com.google.android.gms@200914019@20.09.14 (040400-300565878):5)
06-07 09:45:58.684: E/AsyncOperation(7657): 	... 8 more
06-07 09:45:58.698: I/Finsky(7002): [174] ttj.a(7): SCH: Jobs in database: 1-1337 12-1 24-77777777 26-1414141414 
06-07 09:45:58.730: I/ContactsPerf(9582): VoicemailContentProvider.onCreate start
06-07 09:45:58.733: I/ContactsPerf(9582): VoicemailContentProvider.onCreate finish
06-07 09:45:58.736: W/System(9582): ClassLoader referenced unknown path: /system/priv-app/BlockedNumberProvider/lib/arm64
06-07 09:45:58.737: D/ApplicationLoaders(9582): ignored Vulkan layer search path /system/priv-app/BlockedNumberProvider/lib/arm64:/system/lib64:/vendor/lib64 for namespace 0x7d72ba80f0
06-07 09:45:58.748: W/ChimeraUtils(6234): Non Chimera context
06-07 09:45:58.764: I/Auth(6234): [AccountStatusChecker] OnDataChanged check: <ELLIDED:-1238769241>
06-07 09:45:58.767: I/Auth(6234): [AccountStatusChecker] Canceling for <ELLIDED:-1238769241>
06-07 09:45:58.770: W/System(9582): ClassLoader referenced unknown path: /system/app/UserDictionaryProvider/lib/arm64
06-07 09:45:58.771: D/ApplicationLoaders(9582): ignored Vulkan layer search path /system/app/UserDictionaryProvider/lib/arm64:/system/lib64:/vendor/lib64 for namespace 0x7d72ba8160
06-07 09:45:58.786: E/ExecutionCriteria(6234): Package unavailable for task: com.google.android.videos/com.google.android.apps.play.movies.common.service.player.logging.QoePingService{u=0 tag="flush_qoe_logs" trigger=window{period=86400s,flex=86400s,earliest=-63239694s,latest=-63153294s} requirements=[NET_UNMETERED,CHARGING] attributes=[PERSISTED,RECURRING] scheduled=-63239694s last_run=N/A jid=N/A status=PENDING retries=0 client_lib=MANCHEGO_GCM-10400000}
06-07 09:45:58.787: E/ExecutionCriteria(6234): Package unavailable for task: com.google.android.videos/com.google.android.apps.play.movies.common.service.drm.RefreshLicenseTaskService{u=0 tag="refresh_license" trigger=window{period=172800s,flex=172800s,earliest=-63153294s,latest=-62980494s} requirements=[NET_CONNECTED] attributes=[PERSISTED,RECURRING] scheduled=-63153294s last_run=N/A jid=N/A status=PENDING retries=0 client_lib=MANCHEGO_GCM-10400000}
06-07 09:45:58.788: I/CheckinRequestBuilder(7657): Checkin reason type: 4 attempt count: 1
06-07 09:45:58.789: E/ExecutionCriteria(6234): Package unavailable for task: com.google.android.apps.gcs/.service.WfaStateTaskService{u=0 tag="WfaStateTask" trigger=window{period=518400s,flex=86400s,earliest=-62894213s,latest=-62807813s} requirements=[NET_ANY] attributes=[PERSISTED,RECURRING] scheduled=-63326213s last_run=N/A jid=N/A status=PENDING retries=0 client_lib=MANCHEGO_GCM-11732000}
06-07 09:45:58.790: E/ExecutionCriteria(6234): Package unavailable for task: com.google.android.apps.gcs/com.google.android.flib.phenotype.services.PhenotypeExperimentCommitService{u=0 tag="PhenotypeExpCommitSvc" trigger=window{start=0s,end=30s,earliest=-491s,latest=-461s} requirements=[NET_ANY] attributes=[PERSISTED] scheduled=-491s last_run=N/A jid=N/A status=PENDING retries=0 client_lib=MANCHEGO_GCM-11732000}
06-07 09:45:58.793: I/Finsky(7002): [1] qvg.a(21): PackageMonitor - Received: android.intent.action.PACKAGE_ADDED, [aTRxLygjtvf_QlkoMnwofHeLLatA_vtlJbc-xYRROLE]
06-07 09:45:58.793: I/Finsky(7002): [1] qwj.d(11): Invalidating cached PackageState for com.antarticstudio.catify
06-07 09:45:58.795: I/Finsky(7002): [1] abny.a(10): Do not start WearSupportService due to Wear service optimization
06-07 09:45:58.800: I/Finsky(7002): [1] abny.a(10): Do not start WearSupportService due to Wear service optimization
06-07 09:45:58.803: I/Finsky(7002): [175] epm.a(-1): Asset module storage cleared for package com.antarticstudio.catify.
06-07 09:45:58.818: I/Finsky(7002): [1] kzs.c(2): Frosting ID looked up on UI thread. Caller should move to a background thread.
06-07 09:45:58.825: W/Conscrypt(7657): Could not set socket write timeout: java.net.SocketException: Socket closed
06-07 09:45:58.828: I/Finsky(7002): [1] keu.run(7): Package state data is missing for com.antarticstudio.catify
06-07 09:45:58.829: W/Conscrypt(7657): 	at com.google.android.gms.org.conscrypt.Platform.setSocketWriteTimeout(:com.google.android.gms@200914019@20.09.14 (040400-300565878):2)
06-07 09:45:58.829: W/Conscrypt(7657): 	at com.google.android.gms.org.conscrypt.ConscryptFileDescriptorSocket.setSoWriteTimeout(:com.google.android.gms@200914019@20.09.14 (040400-300565878):0)
06-07 09:45:58.854: I/GCoreUlr(6234): DispatchingService ignoring Intent { act=android.net.wifi.WIFI_STATE_CHANGED flg=0x4000010 (has extras) } because ULR inactive
06-07 09:45:58.862: I/Finsky(7002): [1] tqw.a(20): SCH: Running job: 1-1337
06-07 09:45:58.865: W/Conscrypt(7657): Could not set socket write timeout: java.net.SocketException: Socket closed
06-07 09:45:58.865: I/Finsky(7002): [1] lmo.a(39): Starting Hygiene for reason 2
06-07 09:45:58.865: W/Conscrypt(7657): 	at com.google.android.gms.org.conscrypt.Platform.setSocketWriteTimeout(:com.google.android.gms@200914019@20.09.14 (040400-300565878):2)
06-07 09:45:58.865: W/Conscrypt(7657): 	at com.google.android.gms.org.conscrypt.ConscryptFileDescriptorSocket.setSoWriteTimeout(:com.google.android.gms@200914019@20.09.14 (040400-300565878):0)
06-07 09:45:58.869: I/Finsky(7002): [178] kzo.run(-1): Wrote row to frosting DB: 169
06-07 09:45:58.870: I/Finsky(7002): [1] lmo.a(43): Diff version or system, clear token
06-07 09:45:58.878: I/Finsky(7002): [1] lmo.a(45): Diff system, clear cache
06-07 09:45:58.880: D/Volley(7002): [80] abgm.b: Cache cleared.
06-07 09:45:58.882: D/Volley(7002): [73] abgm.b: Could not delete cache entry for key=[YjA2CyqBzD5RUAjdDPfmvJ0mWwUpsxQEqGa2dDvq0vE], filename=z2ANjE0cUi6FqrZjOoBuRRQGOco
06-07 09:45:58.913: D/Volley(7002): [106] abgm.b: Cache cleared.
06-07 09:45:58.925: D/Volley(7002): [1] abgl.b: Cache cleared.
06-07 09:45:58.940: W/GCM(6234): Unexpected forwarded intent: Intent { act=android.intent.action.PACKAGE_ADDED dat=package:com.antarticstudio.catify flg=0x4000010 cmp=com.google.android.gms/.chimera.PersistentIntentOperationService (has extras) }
06-07 09:45:58.945: W/GCM(6234): Unexpected forwarded intent: Intent { act=android.intent.action.PACKAGE_ADDED dat=package:com.antarticstudio.catify flg=0x4000010 cmp=com.google.android.gms/.chimera.PersistentIntentOperationService (has extras) }
06-07 09:45:58.952: I/Finsky(7002): [1] tqv.handleMessage(63): SCH: RunningQueue size: 1, PendingQueue size: 0
06-07 09:45:58.953: I/Finsky(7002): [1] tqv.handleMessage(66): SCH: Running queue: 1-1337 
06-07 09:45:58.957: I/Finsky(7002): [1] lmz.b(7): Probe [9BTrKXzkHj9Rywk-7838kBGaUEX0VgvO6yNSmZTyDX0] for hygiene pass
06-07 09:45:58.971: I/GCoreUlr(6234): WorldUpdater received intent Intent { act=com.google.android.location.reporting.ACTION_UPDATE_WORLD cmp=com.google.android.gms/com.google.android.location.reporting.service.DispatchingService (has extras) } with receiverAction com.google.android.gms.auth.GOOGLE_ACCOUNT_CHANGE
06-07 09:45:58.984: I/MS_RegisterService(7657): Tachyon host: instantmessaging-pa.googleapis.com, Tachyon port: 443
06-07 09:45:58.990: I/MS_RegisterService(7657): checking registration with Lighter
06-07 09:45:58.991: W/ResourceType(7657): ResTable_typeSpec entry count inconsistent: given 186, previously 189
06-07 09:45:58.991: W/ResourceType(7657): ResTable_typeSpec entry count inconsistent: given 180, previously 740
06-07 09:45:58.993: I/MS_RegisterService(7657): Registering Lighter for email: LTF7ONYMDNJYX7GB4F4RTMVU4Q-01@cloudtestlabaccounts.com
06-07 09:45:58.998: I/CarrierServices(2803): [1] RcsAutoStartReceiver.b: carrierServicesJibeServiceEnabled changed from true to true
06-07 09:45:59.003: I/TestSupport(7657): AwaitCommitOperation: FlagOverride(com.google.android.gms.auth_account, , Flag(auth_sig_override_enabled, true, 2, 0), false) != FlagOverride(com.google.android.gms.auth_account, , Flag(auth_sig_override_enabled, false, 2, 0), true) [CONTEXT service_id=133 ]
06-07 09:45:59.004: I/TestSupport(7657): AwaitCommitOperation: uncommitted: FlagOverride(com.google.android.gms.auth_account, , Flag(auth_sig_override_enabled, false, 2, 0), true) [CONTEXT service_id=133 ]
06-07 09:45:59.005: I/TestSupport(7657): AwaitCommitOperation:  sleeping for 640 msec. [CONTEXT service_id=133 ]
06-07 09:45:59.008: I/Auth(7657): [SupervisedAccountIntentOperation] onHandleIntent(): android.intent.action.PACKAGE_ADDED
06-07 09:45:59.015: I/ChromeSync(7657): [Sync,SyncIntentOperation] Handling the intent: Intent { act=android.intent.action.PACKAGE_ADDED dat=package:com.antarticstudio.catify flg=0x4000010 cmp=com.google.android.gms/.chimera.GmsIntentOperationService (has extras) }.
06-07 09:45:59.015: I/CarrierServices(2803): [1] RcsAutoStartReceiver.b: enableRcs changed from true to true
06-07 09:45:59.020: I/CarrierServices(2803): [1] RcsAutoStartReceiver.b: RcsAutoStartReceiver triggered. Fetching RCS State. Action: android.intent.action.PACKAGE_ADDED
06-07 09:45:59.032: I/CarrierServices(2803): [1] aws.a: Migration binding to RcsMigrationService
06-07 09:45:59.041: I/Finsky(7002): [182] urt.b(4): preloads returned with 0 documents
06-07 09:45:59.041: I/Finsky(7002): [182] uml.call(9): Preloads fetch: account=[9BTrKXzkHj9Rywk-7838kBGaUEX0VgvO6yNSmZTyDX0], preloads=[0|], preloadRros=[0|], preloadGroups=[]
