06-07 09:46:03.897: W/ProxyAndroidLoggerBackend(7002): Too many Flogger logs received before configuration. Dropping old logs.
06-07 09:46:03.897: W/ProxyAndroidLoggerBackend(7002): Too many Flogger logs received before configuration. Dropping old logs.
06-07 09:46:03.898: W/ProxyAndroidLoggerBackend(7002): Too many Flogger logs received before configuration. Dropping old logs.
06-07 09:46:03.898: W/ProxyAndroidLoggerBackend(7002): Too many Flogger logs received before configuration. Dropping old logs.
06-07 09:46:03.899: W/ProxyAndroidLoggerBackend(7002): Too many Flogger logs received before configuration. Dropping old logs.
06-07 09:46:03.899: I/Authzen(6234): [PermitStore] Removing permit with permitId: <ELLIDED:-298533308>...
06-07 09:46:03.899: W/ProxyAndroidLoggerBackend(7002): Too many Flogger logs received before configuration. Dropping old logs.
06-07 09:46:03.899: W/ProxyAndroidLoggerBackend(7002): Too many Flogger logs received before configuration. Dropping old logs.
06-07 09:46:03.900: W/ProxyAndroidLoggerBackend(7002): Too many Flogger logs received before configuration. Dropping old logs.
06-07 09:46:03.901: W/ProxyAndroidLoggerBackend(7002): Too many Flogger logs received before configuration. Dropping old logs.
06-07 09:46:03.902: W/ProxyAndroidLoggerBackend(7002): Too many Flogger logs received before configuration. Dropping old logs.
06-07 09:46:03.902: W/ProxyAndroidLoggerBackend(7002): Too many Flogger logs received before configuration. Dropping old logs.
06-07 09:46:03.903: W/ProxyAndroidLoggerBackend(7002): Too many Flogger logs received before configuration. Dropping old logs.
06-07 09:46:03.903: W/ProxyAndroidLoggerBackend(7002): Too many Flogger logs received before configuration. Dropping old logs.
06-07 09:46:03.904: W/ProxyAndroidLoggerBackend(7002): Too many Flogger logs received before configuration. Dropping old logs.
06-07 09:46:03.905: W/ProxyAndroidLoggerBackend(7002): Too many Flogger logs received before configuration. Dropping old logs.
06-07 09:46:03.906: W/ProxyAndroidLoggerBackend(7002): Too many Flogger logs received before configuration. Dropping old logs.
06-07 09:46:03.909: W/ProxyAndroidLoggerBackend(7002): Too many Flogger logs received before configuration. Dropping old logs.
06-07 09:46:03.936: W/ProxyAndroidLoggerBackend(7002): Too many Flogger logs received before configuration. Dropping old logs.
06-07 09:46:03.939: E/ExecutionCriteria(6234): Package unavailable for task: com.google.android.videos/com.google.android.apps.play.movies.common.service.player.logging.QoePingService{u=0 tag="flush_qoe_logs" trigger=window{period=86400s,flex=86400s,earliest=-63239700s,latest=-63153300s} requirements=[NET_UNMETERED,CHARGING] attributes=[PERSISTED,RECURRING] scheduled=-63239700s last_run=N/A jid=N/A status=PENDING retries=0 client_lib=MANCHEGO_GCM-10400000}
06-07 09:46:03.940: E/ExecutionCriteria(6234): Package unavailable for task: com.google.android.videos/com.google.android.apps.play.movies.common.service.drm.RefreshLicenseTaskService{u=0 tag="refresh_license" trigger=window{period=172800s,flex=172800s,earliest=-63153300s,latest=-62980500s} requirements=[NET_CONNECTED] attributes=[PERSISTED,RECURRING] scheduled=-63153300s last_run=N/A jid=N/A status=PENDING retries=0 client_lib=MANCHEGO_GCM-10400000}
06-07 09:46:03.942: I/Dialer(9829): Flags.register - commit succeeded: true
06-07 09:46:03.946: E/ExecutionCriteria(6234): Package unavailable for task: com.google.android.apps.gcs/.service.WfaStateTaskService{u=0 tag="WfaStateTask" trigger=window{period=518400s,flex=86400s,earliest=-62894218s,latest=-62807818s} requirements=[NET_ANY] attributes=[PERSISTED,RECURRING] scheduled=-63326218s last_run=N/A jid=N/A status=PENDING retries=0 client_lib=MANCHEGO_GCM-11732000}
06-07 09:46:03.947: E/ExecutionCriteria(6234): Package unavailable for task: com.google.android.apps.gcs/com.google.android.flib.phenotype.services.PhenotypeExperimentCommitService{u=0 tag="PhenotypeExpCommitSvc" trigger=window{start=0s,end=30s,earliest=-496s,latest=-466s} requirements=[NET_ANY] attributes=[PERSISTED] scheduled=-496s last_run=N/A jid=N/A status=PENDING retries=0 client_lib=MANCHEGO_GCM-11732000}
06-07 09:46:03.951: W/ResourceType(9708): For resource 0x7f080740, entry index(1856) is beyond type entryCount(8)
06-07 09:46:03.952: W/ResourceType(9708): Failure getting entry for 0x7f080740 (t=7 e=1856) (error -75)
06-07 09:46:03.958: W/ProxyAndroidLoggerBackend(7002): Too many Flogger logs received before configuration. Dropping old logs.
06-07 09:46:03.959: W/ProxyAndroidLoggerBackend(7002): Too many Flogger logs received before configuration. Dropping old logs.
06-07 09:46:03.964: D/MusicProfiler(9004): http: duration=1189ms uri=https://android.googleapis.com/gcm/groups
06-07 09:46:03.982: I/peCommitFirebaseService(9245): onStartJob, tag=PhenotypeCommitFirebase
06-07 09:46:03.991: I/MusicGcmRegistration(9004): Received GCM Device Group: APA91bHVG0CY6nOGC6lqlkCrMhXoSuW9balRYLD2MS7uCnT1MtkFLB-WIrFT-6kBiKhHmpPzNgDuYmL-w2nSkvJ5oBYH_6Uyo5Ml-Nn4yK_m0WAwdg5-kEU
06-07 09:46:03.999: W/art(7002): Suspending all threads took: 9.202ms
06-07 09:46:04.008: I/Finsky(7002): [64] ril.c(1): Triggered update for experiment package com.google.android.finsky.regular.
06-07 09:46:04.014: I/Dialer(9829): UpdateBroadcastReceiver.onReceive - commit succeeded: true
06-07 09:46:04.068: W/ResourceType(9708): For resource 0x7f080740, entry index(1856) is beyond type entryCount(8)
06-07 09:46:04.068: W/ResourceType(9708): Failure getting entry for 0x7f080740 (t=7 e=1856) (error -75)
06-07 09:46:04.068: W/AccountTypeProvider(9708): Skipping extension package com.google.android.gms because the CONTACTS_STRUCTURE metadata doesn't have the accountType attribute
06-07 09:46:04.081: I/Auth(6234): [AuthManaged,PasswordComplexityHelperImpl] Updating password complexity components state.
06-07 09:46:04.081: I/Auth(6234): [AuthManaged,PasswordComplexityHelperImpl] Disabling com.google.android.gms.auth.managed.admin.DeviceAdminReceiver
06-07 09:46:04.082: I/Auth(6234): [AuthManaged,PasswordComplexityHelperImpl] Disabling com.google.android.gms.auth.managed.ui.SetNewPasswordActivity
06-07 09:46:04.085: D/MusicLifecycle(9004): com.google.android.music.eventlog.PlayLogsService generated event: Service created
06-07 09:46:04.087: I/MusicGcmRegistration(9004): Found saved IID token and registered device group. Nothing to do.
06-07 09:46:04.149: I/peCommitFirebaseService(9245): onFinishJob, tag=PhenotypeCommitFirebase, status=SUCCESS
06-07 09:46:04.161: W/ProxyAndroidLoggerBackend(7002): Too many Flogger logs received before configuration. Dropping old logs.
06-07 09:46:04.171: E/ExecutionCriteria(6234): Package unavailable for task: com.google.android.videos/com.google.android.apps.play.movies.common.service.player.logging.QoePingService{u=0 tag="flush_qoe_logs" trigger=window{period=86400s,flex=86400s,earliest=-63239700s,latest=-63153300s} requirements=[NET_UNMETERED,CHARGING] attributes=[PERSISTED,RECURRING] scheduled=-63239700s last_run=N/A jid=N/A status=PENDING retries=0 client_lib=MANCHEGO_GCM-10400000}
06-07 09:46:04.172: E/ExecutionCriteria(6234): Package unavailable for task: com.google.android.videos/com.google.android.apps.play.movies.common.service.drm.RefreshLicenseTaskService{u=0 tag="refresh_license" trigger=window{period=172800s,flex=172800s,earliest=-63153300s,latest=-62980500s} requirements=[NET_CONNECTED] attributes=[PERSISTED,RECURRING] scheduled=-63153300s last_run=N/A jid=N/A status=PENDING retries=0 client_lib=MANCHEGO_GCM-10400000}
06-07 09:46:04.173: E/ExecutionCriteria(6234): Package unavailable for task: com.google.android.apps.gcs/.service.WfaStateTaskService{u=0 tag="WfaStateTask" trigger=window{period=518400s,flex=86400s,earliest=-62894218s,latest=-62807818s} requirements=[NET_ANY] attributes=[PERSISTED,RECURRING] scheduled=-63326218s last_run=N/A jid=N/A status=PENDING retries=0 client_lib=MANCHEGO_GCM-11732000}
06-07 09:46:04.176: E/ExecutionCriteria(6234): Package unavailable for task: com.google.android.apps.gcs/com.google.android.flib.phenotype.services.PhenotypeExperimentCommitService{u=0 tag="PhenotypeExpCommitSvc" trigger=window{start=0s,end=30s,earliest=-496s,latest=-466s} requirements=[NET_ANY] attributes=[PERSISTED] scheduled=-496s last_run=N/A jid=N/A status=PENDING retries=0 client_lib=MANCHEGO_GCM-11732000}
06-07 09:46:04.249: I/Auth(6234): [AuthManaged,PasswordComplexityHelperImpl] Updating password complexity components state.
06-07 09:46:04.249: I/Auth(6234): [AuthManaged,PasswordComplexityHelperImpl] Disabling com.google.android.gms.auth.managed.admin.DeviceAdminReceiver
06-07 09:46:04.249: I/Auth(6234): [AuthManaged,PasswordComplexityHelperImpl] Disabling com.google.android.gms.auth.managed.ui.SetNewPasswordActivity
06-07 09:46:04.254: I/Auth(6234): [AuthManaged,PasswordComplexityHelperImpl] Updating password complexity components state.
06-07 09:46:04.254: I/Auth(6234): [AuthManaged,PasswordComplexityHelperImpl] Disabling com.google.android.gms.auth.managed.admin.DeviceAdminReceiver
06-07 09:46:04.255: I/Auth(6234): [AuthManaged,PasswordComplexityHelperImpl] Disabling com.google.android.gms.auth.managed.ui.SetNewPasswordActivity
06-07 09:46:04.261: I/OpaEnableReceiver(1523): Received Intent { act=com.google.android.systemui.OPA_ENABLED flg=0x10000010 (has extras) } with enabled = true userId=0
06-07 09:46:04.264: I/OpaLayout(1523): Setting opa enabled to true
06-07 09:46:04.264: I/OpaLayout(1523): Setting opa enabled to true
06-07 09:46:04.313: I/OpaEligibilityChecker(6490): send OpaEligibilityChange broadcast to CommonBroadcastReceiver
06-07 09:46:04.384: I/Auth(6234): [AuthManaged,PasswordComplexityHelperImpl] Updating password complexity components state.
06-07 09:46:04.384: I/Auth(6234): [AuthManaged,PasswordComplexityHelperImpl] Disabling com.google.android.gms.auth.managed.admin.DeviceAdminReceiver
06-07 09:46:04.385: I/Auth(6234): [AuthManaged,PasswordComplexityHelperImpl] Disabling com.google.android.gms.auth.managed.ui.SetNewPasswordActivity
06-07 09:46:04.394: I/Auth(6234): [AuthManaged,PasswordComplexityHelperImpl] Updating password complexity components state.
06-07 09:46:04.394: I/Auth(6234): [AuthManaged,PasswordComplexityHelperImpl] Disabling com.google.android.gms.auth.managed.admin.DeviceAdminReceiver
06-07 09:46:04.395: I/Auth(6234): [AuthManaged,PasswordComplexityHelperImpl] Disabling com.google.android.gms.auth.managed.ui.SetNewPasswordActivity
06-07 09:46:04.438: W/ProxyAndroidLoggerBackend(7002): Too many Flogger logs received before configuration. Dropping old logs.
06-07 09:46:04.438: W/ProxyAndroidLoggerBackend(7002): Too many Flogger logs received before configuration. Dropping old logs.
06-07 09:46:04.487: I/Auth(6234): [AuthManaged,PasswordComplexityHelperImpl] Updating password complexity components state.
06-07 09:46:04.488: I/Auth(6234): [AuthManaged,PasswordComplexityHelperImpl] Disabling com.google.android.gms.auth.managed.admin.DeviceAdminReceiver
06-07 09:46:04.488: I/Auth(6234): [AuthManaged,PasswordComplexityHelperImpl] Disabling com.google.android.gms.auth.managed.ui.SetNewPasswordActivity
06-07 09:46:04.512: I/Auth(6234): [AuthManaged,PasswordComplexityHelperImpl] Updating password complexity components state.
06-07 09:46:04.512: I/Auth(6234): [AuthManaged,PasswordComplexityHelperImpl] Disabling com.google.android.gms.auth.managed.admin.DeviceAdminReceiver
06-07 09:46:04.512: I/CryptauthV2(7657): [EnrollCryptauthFramework] SyncKeysRequest successfully completed
06-07 09:46:04.513: I/Auth(6234): [AuthManaged,PasswordComplexityHelperImpl] Disabling com.google.android.gms.auth.managed.ui.SetNewPasswordActivity
06-07 09:46:04.518: I/Auth(6234): [AuthManaged,PasswordComplexityHelperImpl] Updating password complexity components state.
06-07 09:46:04.518: I/Auth(6234): [AuthManaged,PasswordComplexityHelperImpl] Disabling com.google.android.gms.auth.managed.admin.DeviceAdminReceiver
06-07 09:46:04.518: I/Auth(6234): [AuthManaged,PasswordComplexityHelperImpl] Disabling com.google.android.gms.auth.managed.ui.SetNewPasswordActivity
06-07 09:46:04.524: I/Auth(6234): [AuthManaged,PasswordComplexityHelperImpl] Updating password complexity components state.
06-07 09:46:04.524: I/Auth(6234): [AuthManaged,PasswordComplexityHelperImpl] Disabling com.google.android.gms.auth.managed.admin.DeviceAdminReceiver
06-07 09:46:04.524: I/Auth(6234): [AuthManaged,PasswordComplexityHelperImpl] Disabling com.google.android.gms.auth.managed.ui.SetNewPasswordActivity
06-07 09:46:04.529: I/Auth(6234): [AuthManaged,PasswordComplexityHelperImpl] Updating password complexity components state.
06-07 09:46:04.529: I/Auth(6234): [AuthManaged,PasswordComplexityHelperImpl] Disabling com.google.android.gms.auth.managed.admin.DeviceAdminReceiver
06-07 09:46:04.529: I/Auth(6234): [AuthManaged,PasswordComplexityHelperImpl] Disabling com.google.android.gms.auth.managed.ui.SetNewPasswordActivity
06-07 09:46:04.534: I/Auth(6234): [AuthManaged,PasswordComplexityHelperImpl] Updating password complexity components state.
06-07 09:46:04.534: I/Auth(6234): [AuthManaged,PasswordComplexityHelperImpl] Disabling com.google.android.gms.auth.managed.admin.DeviceAdminReceiver
06-07 09:46:04.534: I/Auth(6234): [AuthManaged,PasswordComplexityHelperImpl] Disabling com.google.android.gms.auth.managed.ui.SetNewPasswordActivity
06-07 09:46:04.550: I/anpz(6234): updateFromConfigurations using legacy put method [CONTEXT service_id=204 ]
06-07 09:46:04.553: I/art(7002): Do partial code cache collection, code=239KB, data=251KB
06-07 09:46:04.554: I/art(7002): After code cache collection, code=237KB, data=250KB
06-07 09:46:04.554: I/art(7002): Increasing code cache capacity to 1024KB
06-07 09:46:04.576: I/Icing(7657): IndexChimeraService.getServiceInterface callingPackage=com.google.android.googlequicksearchbox componentName=agsa_icing_connection serviceId=32
06-07 09:46:04.587: I/Icing(7657): IndexChimeraService.getServiceInterface callingPackage=com.google.android.googlequicksearchbox componentName=agsa_icing_connection serviceId=33
06-07 09:46:04.600: W/ProxyAndroidLoggerBackend(7002): Too many Flogger logs received before configuration. Dropping old logs.
06-07 09:46:04.617: I/Finsky(7002): [64] rix.a(5): Regular flags synced
06-07 09:46:04.646: E/ExecutionCriteria(6234): Package unavailable for task: com.google.android.videos/com.google.android.apps.play.movies.common.service.player.logging.QoePingService{u=0 tag="flush_qoe_logs" trigger=window{period=86400s,flex=86400s,earliest=-63239700s,latest=-63153300s} requirements=[NET_UNMETERED,CHARGING] attributes=[PERSISTED,RECURRING] scheduled=-63239700s last_run=N/A jid=N/A status=PENDING retries=0 client_lib=MANCHEGO_GCM-10400000}
06-07 09:46:04.648: I/Finsky(7002): [64] rig.a(6): Writing flags config, size 1.
06-07 09:46:04.650: I/Finsky(7002): [64] rig.a(6): Started writing experiment flags into file [4UqVyNNWEf3KaYdSwXlt-YcGtRYctAultuD2ZJsbCWg].
06-07 09:46:04.665: E/ExecutionCriteria(6234): Package unavailable for task: com.google.android.videos/com.google.android.apps.play.movies.common.service.drm.RefreshLicenseTaskService{u=0 tag="refresh_license" trigger=window{period=172800s,flex=172800s,earliest=-63153300s,latest=-62980500s} requirements=[NET_CONNECTED] attributes=[PERSISTED,RECURRING] scheduled=-63153300s last_run=N/A jid=N/A status=PENDING retries=0 client_lib=MANCHEGO_GCM-10400000}
06-07 09:46:04.679: E/ExecutionCriteria(6234): Package unavailable for task: com.google.android.apps.gcs/.service.WfaStateTaskService{u=0 tag="WfaStateTask" trigger=window{period=518400s,flex=86400s,earliest=-62894219s,latest=-62807819s} requirements=[NET_ANY] attributes=[PERSISTED,RECURRING] scheduled=-63326219s last_run=N/A jid=N/A status=PENDING retries=0 client_lib=MANCHEGO_GCM-11732000}
06-07 09:46:04.693: E/ExecutionCriteria(6234): Package unavailable for task: com.google.android.apps.gcs/com.google.android.flib.phenotype.services.PhenotypeExperimentCommitService{u=0 tag="PhenotypeExpCommitSvc" trigger=window{start=0s,end=30s,earliest=-496s,latest=-466s} requirements=[NET_ANY] attributes=[PERSISTED] scheduled=-496s last_run=N/A jid=N/A status=PENDING retries=0 client_lib=MANCHEGO_GCM-11732000}
06-07 09:46:04.719: I/ActivityManager(1165): Killing 8654:com.google.android.configupdater/u0a7 (adj 906): empty #17
06-07 09:46:04.721: I/GmsCoreXrpcWrapper(7657): Returning a channel provider with trafficStatsTag=12803
06-07 09:46:04.766: D/ActivityManager(1165): cleanUpApplicationRecord -- 8654
06-07 09:46:04.774: I/Finsky(7002): [64] rig.a(21): Finished writing experiment flags into file [4UqVyNNWEf3KaYdSwXlt-YcGtRYctAultuD2ZJsbCWg].
06-07 09:46:04.776: I/Finsky(7002): [64] ril.b(26): Successfully applied new configurations for package com.google.android.finsky.regular.
06-07 09:46:04.777: I/Finsky(7002): [73] ril.c(1): Triggered update for experiment package com.google.android.finsky.stable.
06-07 09:46:04.789: I/CryptauthV2(7657): [EnrollCryptauthFramework] Performing EnrollKeysRequest for 3 keys.
06-07 09:46:04.800: I/Finsky(7002): [64] ric.c(5): Retrieved DSE selection state is true (cache=rid@73b5c6a)
06-07 09:46:04.801: I/Finsky(7002): [64] rip.a(4): DSE selection state after sync is true (cache=rid@73b5c6a)
06-07 09:46:04.813: I/Finsky(7002): [64] iml.a(19): Token already exists - returning!
06-07 09:46:04.827: I/Finsky(7002): [64] uec.a(1): Request device config token was successful in self update.
06-07 09:46:04.842: W/ProxyAndroidLoggerBackend(7002): Too many Flogger logs received before configuration. Dropping old logs.
06-07 09:46:04.871: W/SearchServiceCore(6490): Abort, client detached.
06-07 09:46:04.871: W/SearchServiceCore(6490): Abort, client detached.
06-07 09:46:04.873: W/SearchServiceCore(6490): Abort, client detached.
06-07 09:46:04.884: I/TestSupport(7657): AwaitCommitOperation: uncommitted: FlagOverride(com.google.android.gms.auth_account, , Flag(auth_sig_override_target_uid, 10124, 1, 0), false) [CONTEXT service_id=133 ]
06-07 09:46:04.884: I/TestSupport(7657): AwaitCommitOperation:  sleeping for 2560 msec. [CONTEXT service_id=133 ]
06-07 09:46:04.897: W/ProxyAndroidLoggerBackend(7002): Too many Flogger logs received before configuration. Dropping old logs.
06-07 09:46:04.898: W/ProxyAndroidLoggerBackend(7002): Too many Flogger logs received before configuration. Dropping old logs.
06-07 09:46:04.962: I/Auth(6234): [AuthManaged,PasswordComplexityHelperImpl] Updating password complexity components state.
06-07 09:46:04.962: I/Auth(6234): [AuthManaged,PasswordComplexityHelperImpl] Disabling com.google.android.gms.auth.managed.admin.DeviceAdminReceiver
06-07 09:46:04.966: I/Auth(6234): [AuthManaged,PasswordComplexityHelperImpl] Disabling com.google.android.gms.auth.managed.ui.SetNewPasswordActivity
06-07 09:46:04.979: W/ProxyAndroidLoggerBackend(7002): Too many Flogger logs received before configuration. Dropping old logs.
06-07 09:46:04.986: I/anpz(6234): updateFromConfigurations using legacy put method [CONTEXT service_id=204 ]
06-07 09:46:05.003: I/Auth(6234): [AuthManaged,PasswordComplexityHelperImpl] Updating password complexity components state.
06-07 09:46:05.004: I/Auth(6234): [AuthManaged,PasswordComplexityHelperImpl] Disabling com.google.android.gms.auth.managed.admin.DeviceAdminReceiver
06-07 09:46:05.005: I/Auth(6234): [AuthManaged,PasswordComplexityHelperImpl] Disabling com.google.android.gms.auth.managed.ui.SetNewPasswordActivity
06-07 09:46:05.020: I/Finsky(7002): [73] rig.a(6): Writing flags config, size 1.
06-07 09:46:05.021: I/Finsky(7002): [73] rig.a(6): Started writing experiment flags into file [8uKij9Tp4PZyjSvh8NyLyFvuCv94NONrKvkkdzEKIoQ].
06-07 09:46:05.050: I/FacsCacheGmsModule(6234): Receiving API connection to FACS API from package 'com.google.android.gms'...
06-07 09:46:05.078: I/Finsky(7002): [1] ubc.a(156): Skipping DFE self-update. Local Version [81891100] >= Server Version [-1]
06-07 09:46:05.080: I/Finsky(7002): [73] rig.a(21): Finished writing experiment flags into file [8uKij9Tp4PZyjSvh8NyLyFvuCv94NONrKvkkdzEKIoQ].
06-07 09:46:05.102: I/Finsky(7002): [73] ril.b(26): Successfully applied new configurations for package com.google.android.finsky.stable.
06-07 09:46:05.102: I/Finsky(7002): [64] ric.c(5): Retrieved DSE selection state is true (cache=rid@73b5c6a)
06-07 09:46:05.103: I/Finsky(7002): [64] rip.a(4): DSE selection state after sync is true (cache=rid@73b5c6a)
06-07 09:46:05.164: I/Auth(6234): [AuthManaged,PasswordComplexityHelperImpl] Updating password complexity components state.
06-07 09:46:05.165: I/Auth(6234): [AuthManaged,PasswordComplexityHelperImpl] Disabling com.google.android.gms.auth.managed.admin.DeviceAdminReceiver
06-07 09:46:05.165: I/Auth(6234): [AuthManaged,PasswordComplexityHelperImpl] Disabling com.google.android.gms.auth.managed.ui.SetNewPasswordActivity
06-07 09:46:05.192: I/CryptauthV2(7657): [EnrollCryptauthFramework] EnrollKeysRequest successfully completed.
06-07 09:46:05.192: I/CryptauthV2(7657): [EnrollCryptauthFramework] Enrollment successful.
06-07 09:46:05.202: I/FacsCacheGmsModule(6234): API connection successful!
06-07 09:46:05.212: I/FacsCacheGmsModule(7657): Receiving API connection to internal FACS API...
06-07 09:46:05.226: I/FacsCacheGmsModule(6234): Received 'readDeviceLevelSettings' request from package 'com.google.android.gms'...
06-07 09:46:05.227: I/FacsCacheGmsModule(6234): Operation 'readDeviceLevelSettings' dispatched!
06-07 09:46:05.228: I/FacsCacheGmsModule(6234): Executing operation 'ReadDeviceLevelSettingsOperation'...
06-07 09:46:05.237: I/FacsCacheGmsModule(7657): API connection successful!
06-07 09:46:05.253: I/art(6697): Do partial code cache collection, code=61KB, data=57KB
06-07 09:46:05.254: I/art(6697): After code cache collection, code=61KB, data=57KB
06-07 09:46:05.254: I/art(6697): Increasing code cache capacity to 256KB
06-07 09:46:05.261: I/FacsCacheGmsModule(6234): Operation 'ReadDeviceLevelSettingsOperation' successful!
06-07 09:46:05.272: E/choo(7657): *~*~*~ Channel {0} was not shutdown properly!!! ~*~*~*
06-07 09:46:05.272: E/choo(7657):     Make sure to call shutdown()/shutdownNow() and wait until awaitTermination() returns true.
06-07 09:46:05.291: E/ProximityAuth(6234): [BetterTogetherFeatureSupportIntentOperation] Failed to setFeatureSupported for [SMS_CONNECT_HOST] with status [Status{statusCode=unknown status code: -25501, resolution=null}].
06-07 09:46:05.300: I/GmsCoreXrpcWrapper(7657): Returning a channel provider with trafficStatsTag=4097
06-07 09:46:05.311: E/ExecutionCriteria(6234): Package unavailable for task: com.google.android.videos/com.google.android.apps.play.movies.common.service.player.logging.QoePingService{u=0 tag="flush_qoe_logs" trigger=window{period=86400s,flex=86400s,earliest=-63239701s,latest=-63153301s} requirements=[NET_UNMETERED,CHARGING] attributes=[PERSISTED,RECURRING] scheduled=-63239701s last_run=N/A jid=N/A status=PENDING retries=0 client_lib=MANCHEGO_GCM-10400000}
06-07 09:46:05.313: E/ExecutionCriteria(6234): Package unavailable for task: com.google.android.videos/com.google.android.apps.play.movies.common.service.drm.RefreshLicenseTaskService{u=0 tag="refresh_license" trigger=window{period=172800s,flex=172800s,earliest=-63153301s,latest=-62980501s} requirements=[NET_CONNECTED] attributes=[PERSISTED,RECURRING] scheduled=-63153301s last_run=N/A jid=N/A status=PENDING retries=0 client_lib=MANCHEGO_GCM-10400000}
06-07 09:46:05.320: E/ExecutionCriteria(6234): Package unavailable for task: com.google.android.apps.gcs/.service.WfaStateTaskService{u=0 tag="WfaStateTask" trigger=window{period=518400s,flex=86400s,earliest=-62894220s,latest=-62807820s} requirements=[NET_ANY] attributes=[PERSISTED,RECURRING] scheduled=-63326220s last_run=N/A jid=N/A status=PENDING retries=0 client_lib=MANCHEGO_GCM-11732000}
06-07 09:46:05.362: W/art(6234): Suspending all threads took: 6.666ms
06-07 09:46:05.365: E/ExecutionCriteria(6234): Package unavailable for task: com.google.android.apps.gcs/com.google.android.flib.phenotype.services.PhenotypeExperimentCommitService{u=0 tag="PhenotypeExpCommitSvc" trigger=window{start=0s,end=30s,earliest=-497s,latest=-467s} requirements=[NET_ANY] attributes=[PERSISTED] scheduled=-497s last_run=N/A jid=N/A status=PENDING retries=0 client_lib=MANCHEGO_GCM-11732000}
06-07 09:46:05.383: I/art(6234): Background sticky concurrent mark sweep GC freed 58610(3MB) AllocSpace objects, 7(208KB) LOS objects, 18% free, 16MB/20MB, paused 8.420ms total 70.754ms
06-07 09:46:05.390: I/Auth(6234): [AuthManaged,PasswordComplexityHelperImpl] Updating password complexity components state.
06-07 09:46:05.390: I/Auth(6234): [AuthManaged,PasswordComplexityHelperImpl] Disabling com.google.android.gms.auth.managed.admin.DeviceAdminReceiver
06-07 09:46:05.390: I/Auth(6234): [AuthManaged,PasswordComplexityHelperImpl] Disabling com.google.android.gms.auth.managed.ui.SetNewPasswordActivity
06-07 09:46:05.469: I/EventLogSendingHelper(6490): Sending log events.
06-07 09:46:05.482: I/Icing(7657): Usage reports ok 1, Failed Usage reports 0, indexed 0, rejected 0
06-07 09:46:05.493: E/ExecutionCriteria(6234): Package unavailable for task: com.google.android.videos/com.google.android.apps.play.movies.common.service.player.logging.QoePingService{u=0 tag="flush_qoe_logs" trigger=window{period=86400s,flex=86400s,earliest=-63239701s,latest=-63153301s} requirements=[NET_UNMETERED,CHARGING] attributes=[PERSISTED,RECURRING] scheduled=-63239701s last_run=N/A jid=N/A status=PENDING retries=0 client_lib=MANCHEGO_GCM-10400000}
06-07 09:46:05.494: E/ExecutionCriteria(6234): Package unavailable for task: com.google.android.videos/com.google.android.apps.play.movies.common.service.drm.RefreshLicenseTaskService{u=0 tag="refresh_license" trigger=window{period=172800s,flex=172800s,earliest=-63153301s,latest=-62980501s} requirements=[NET_CONNECTED] attributes=[PERSISTED,RECURRING] scheduled=-63153301s last_run=N/A jid=N/A status=PENDING retries=0 client_lib=MANCHEGO_GCM-10400000}
06-07 09:46:05.497: E/ExecutionCriteria(6234): Package unavailable for task: com.google.android.apps.gcs/.service.WfaStateTaskService{u=0 tag="WfaStateTask" trigger=window{period=518400s,flex=86400s,earliest=-62894220s,latest=-62807820s} requirements=[NET_ANY] attributes=[PERSISTED,RECURRING] scheduled=-63326220s last_run=N/A jid=N/A status=PENDING retries=0 client_lib=MANCHEGO_GCM-11732000}
06-07 09:46:05.503: E/ExecutionCriteria(6234): Package unavailable for task: com.google.android.apps.gcs/com.google.android.flib.phenotype.services.PhenotypeExperimentCommitService{u=0 tag="PhenotypeExpCommitSvc" trigger=window{start=0s,end=30s,earliest=-497s,latest=-467s} requirements=[NET_ANY] attributes=[PERSISTED] scheduled=-497s last_run=N/A jid=N/A status=PENDING retries=0 client_lib=MANCHEGO_GCM-11732000}
06-07 09:46:05.533: I/GmsCoreXrpcWrapper(7657): Returning a channel provider with trafficStatsTag=12803
06-07 09:46:05.552: I/Finsky(7002): [1] tsg.a(16): SCH: jobFinished: 1-1337. TimeElapsed: 6689ms.
06-07 09:46:05.559: I/Finsky(7002): [1] tqw.a(41): SCH: Job 1-1337 finished. Rescheduling.
06-07 09:46:05.560: I/Finsky(7002): [1] tqv.handleMessage(63): SCH: RunningQueue size: 0, PendingQueue size: 0
06-07 09:46:05.561: I/Finsky(7002): [1] tqv.handleMessage(70): Waiting on changed job store
06-07 09:46:05.578: I/Icing(7657): Usage reports ok 0, Failed Usage reports 0, indexed 0, rejected 0
06-07 09:46:05.596: I/Auth(6234): [AuthManaged,PasswordComplexityHelperImpl] Updating password complexity components state.
06-07 09:46:05.596: I/Auth(6234): [AuthManaged,PasswordComplexityHelperImpl] Disabling com.google.android.gms.auth.managed.admin.DeviceAdminReceiver
06-07 09:46:05.597: I/Auth(6234): [AuthManaged,PasswordComplexityHelperImpl] Disabling com.google.android.gms.auth.managed.ui.SetNewPasswordActivity
06-07 09:46:05.631: E/ExecutionCriteria(6234): Package unavailable for task: com.google.android.videos/com.google.android.apps.play.movies.common.service.player.logging.QoePingService{u=0 tag="flush_qoe_logs" trigger=window{period=86400s,flex=86400s,earliest=-63239701s,latest=-63153301s} requirements=[NET_UNMETERED,CHARGING] attributes=[PERSISTED,RECURRING] scheduled=-63239701s last_run=N/A jid=N/A status=PENDING retries=0 client_lib=MANCHEGO_GCM-10400000}
06-07 09:46:05.651: I/art(7002): Compiler allocated 7MB to compile java.lang.Object ajun.call()
06-07 09:46:05.654: E/ExecutionCriteria(6234): Package unavailable for task: com.google.android.videos/com.google.android.apps.play.movies.common.service.drm.RefreshLicenseTaskService{u=0 tag="refresh_license" trigger=window{period=172800s,flex=172800s,earliest=-63153301s,latest=-62980501s} requirements=[NET_CONNECTED] attributes=[PERSISTED,RECURRING] scheduled=-63153301s last_run=N/A jid=N/A status=PENDING retries=0 client_lib=MANCHEGO_GCM-10400000}
06-07 09:46:05.666: E/ExecutionCriteria(6234): Package unavailable for task: com.google.android.apps.gcs/.service.WfaStateTaskService{u=0 tag="WfaStateTask" trigger=window{period=518400s,flex=86400s,earliest=-62894220s,latest=-62807820s} requirements=[NET_ANY] attributes=[PERSISTED,RECURRING] scheduled=-63326220s last_run=N/A jid=N/A status=PENDING retries=0 client_lib=MANCHEGO_GCM-11732000}
06-07 09:46:05.674: E/ExecutionCriteria(6234): Package unavailable for task: com.google.android.apps.gcs/com.google.android.flib.phenotype.services.PhenotypeExperimentCommitService{u=0 tag="PhenotypeExpCommitSvc" trigger=window{start=0s,end=30s,earliest=-497s,latest=-467s} requirements=[NET_ANY] attributes=[PERSISTED] scheduled=-497s last_run=N/A jid=N/A status=PENDING retries=0 client_lib=MANCHEGO_GCM-11732000}
06-07 09:46:05.730: I/Auth(6234): [AuthManaged,PasswordComplexityHelperImpl] Updating password complexity components state.
06-07 09:46:05.731: I/Auth(6234): [AuthManaged,PasswordComplexityHelperImpl] Disabling com.google.android.gms.auth.managed.admin.DeviceAdminReceiver
06-07 09:46:05.731: I/Auth(6234): [AuthManaged,PasswordComplexityHelperImpl] Disabling com.google.android.gms.auth.managed.ui.SetNewPasswordActivity
06-07 09:46:05.781: E/ExecutionCriteria(6234): Package unavailable for task: com.google.android.videos/com.google.android.apps.play.movies.common.service.player.logging.QoePingService{u=0 tag="flush_qoe_logs" trigger=window{period=86400s,flex=86400s,earliest=-63239701s,latest=-63153301s} requirements=[NET_UNMETERED,CHARGING] attributes=[PERSISTED,RECURRING] scheduled=-63239701s last_run=N/A jid=N/A status=PENDING retries=0 client_lib=MANCHEGO_GCM-10400000}
06-07 09:46:05.784: E/ExecutionCriteria(6234): Package unavailable for task: com.google.android.videos/com.google.android.apps.play.movies.common.service.drm.RefreshLicenseTaskService{u=0 tag="refresh_license" trigger=window{period=172800s,flex=172800s,earliest=-63153301s,latest=-62980501s} requirements=[NET_CONNECTED] attributes=[PERSISTED,RECURRING] scheduled=-63153301s last_run=N/A jid=N/A status=PENDING retries=0 client_lib=MANCHEGO_GCM-10400000}
06-07 09:46:05.789: E/ExecutionCriteria(6234): Package unavailable for task: com.google.android.apps.gcs/.service.WfaStateTaskService{u=0 tag="WfaStateTask" trigger=window{period=518400s,flex=86400s,earliest=-62894220s,latest=-62807820s} requirements=[NET_ANY] attributes=[PERSISTED,RECURRING] scheduled=-63326220s last_run=N/A jid=N/A status=PENDING retries=0 client_lib=MANCHEGO_GCM-11732000}
06-07 09:46:05.791: E/ExecutionCriteria(6234): Package unavailable for task: com.google.android.apps.gcs/com.google.android.flib.phenotype.services.PhenotypeExperimentCommitService{u=0 tag="PhenotypeExpCommitSvc" trigger=window{start=0s,end=30s,earliest=-498s,latest=-468s} requirements=[NET_ANY] attributes=[PERSISTED] scheduled=-498s last_run=N/A jid=N/A status=PENDING retries=0 client_lib=MANCHEGO_GCM-11732000}
06-07 09:46:05.837: I/anol(6234): Removed 0 invalid users [CONTEXT service_id=51 ]
06-07 09:46:05.837: I/ActivityManager(1165): Killing 8984:com.google.android.apps.auth.test.support/u0a110 (adj 906): empty #17
06-07 09:46:05.849: D/ActivityManager(1165): cleanUpApplicationRecord -- 8984
06-07 09:46:05.866: I/Auth(6234): [AuthManaged,PasswordComplexityHelperImpl] Updating password complexity components state.
06-07 09:46:05.866: I/Auth(6234): [AuthManaged,PasswordComplexityHelperImpl] Disabling com.google.android.gms.auth.managed.admin.DeviceAdminReceiver
06-07 09:46:05.867: I/Auth(6234): [AuthManaged,PasswordComplexityHelperImpl] Disabling com.google.android.gms.auth.managed.ui.SetNewPasswordActivity
06-07 09:46:05.867: I/Auth(6234): [AccountStatusChecker] OnDataChanged check: <ELLIDED:-1238769241>
06-07 09:46:05.873: I/Auth(6234): [AccountStatusChecker] Canceling for <ELLIDED:-1238769241>
06-07 09:46:05.975: I/art(9769): Waiting for a blocking GC DisableMovingGc
06-07 09:46:05.979: I/art(9769): Starting a blocking GC DisableMovingGc
06-07 09:46:06.038: I/ActivityManager(1165): Start proc 9894:com.google.android.play.games.ui/u0a121 for broadcast com.google.android.play.games/com.google.android.apps.play.games.features.experiments.PhenotypeBroadcastReceiver
06-07 09:46:06.063: I/BgTaskExecutorImpl(6490): Starting EXCLUSIVE background task process_account_change.
06-07 09:46:06.198: I/Auth(6234): [AuthManaged,PasswordComplexityHelperImpl] Updating password complexity components state.
06-07 09:46:06.198: I/Auth(6234): [AuthManaged,PasswordComplexityHelperImpl] Disabling com.google.android.gms.auth.managed.admin.DeviceAdminReceiver
06-07 09:46:06.201: I/Auth(6234): [AuthManaged,PasswordComplexityHelperImpl] Disabling com.google.android.gms.auth.managed.ui.SetNewPasswordActivity
06-07 09:46:06.234: I/Auth(6234): [AuthManaged,PasswordComplexityHelperImpl] Updating password complexity components state.
06-07 09:46:06.234: I/Auth(6234): [AuthManaged,PasswordComplexityHelperImpl] Disabling com.google.android.gms.auth.managed.admin.DeviceAdminReceiver
06-07 09:46:06.235: I/Auth(6234): [AuthManaged,PasswordComplexityHelperImpl] Disabling com.google.android.gms.auth.managed.ui.SetNewPasswordActivity
06-07 09:46:06.247: W/ChimeraUtils(6234): Non Chimera context
06-07 09:46:06.258: I/art(1165): Background partial concurrent mark sweep GC freed 105082(4MB) AllocSpace objects, 1(20KB) LOS objects, 33% free, 17MB/26MB, paused 1.380ms total 136.246ms
06-07 09:46:06.266: W/Conscrypt(6234): Could not set socket write timeout: java.net.SocketException: Socket closed
06-07 09:46:06.267: W/Conscrypt(6234): 	at com.google.android.gms.org.conscrypt.Platform.setSocketWriteTimeout(:com.google.android.gms@200914019@20.09.14 (040400-300565878):2)
06-07 09:46:06.267: W/Conscrypt(6234): 	at com.google.android.gms.org.conscrypt.ConscryptFileDescriptorSocket.setSoWriteTimeout(:com.google.android.gms@200914019@20.09.14 (040400-300565878):0)
06-07 09:46:06.269: W/PrimesInit(9894): Primes instant initialization
06-07 09:46:06.270: W/ChimeraUtils(6234): Non Chimera context
06-07 09:46:06.277: W/Primes(9894): background initialization
06-07 09:46:06.281: I/cr_CronetUrlRequestContext(7657): destroyNativeStreamLocked org.chromium.net.impl.CronetBidirectionalStream@682543d
06-07 09:46:06.310: I/FacsCacheGmsModule(6234): Received 'writeDeviceLevelSettings' request from package 'com.google.android.gms'...
06-07 09:46:06.311: I/FacsCacheGmsModule(6234): Operation 'writeDeviceLevelSettings' dispatched!
06-07 09:46:06.311: I/FacsCacheGmsModule(6234): Executing operation 'WriteDeviceLevelSettingsOperation'...
06-07 09:46:06.314: I/PrimesTesting(9894): GserviceFlagsSupplier.get()
06-07 09:46:06.321: I/Auth(6234): [AuthManaged,PasswordComplexityHelperImpl] Updating password complexity components state.
06-07 09:46:06.321: I/Auth(6234): [AuthManaged,PasswordComplexityHelperImpl] Disabling com.google.android.gms.auth.managed.admin.DeviceAdminReceiver
06-07 09:46:06.322: I/Auth(6234): [AuthManaged,PasswordComplexityHelperImpl] Disabling com.google.android.gms.auth.managed.ui.SetNewPasswordActivity
06-07 09:46:06.326: I/GAv4-SVC(9894): Google Analytics 15.3.50 is starting up.
06-07 09:46:06.328: I/FacsCacheGmsModule(6234): Operation 'WriteDeviceLevelSettingsOperation' successful!
06-07 09:46:06.331: W/Conscrypt(6234): Could not set socket write timeout: java.net.SocketException: Socket closed
06-07 09:46:06.331: W/Conscrypt(6234): 	at com.google.android.gms.org.conscrypt.Platform.setSocketWriteTimeout(:com.google.android.gms@200914019@20.09.14 (040400-300565878):2)
06-07 09:46:06.331: W/Conscrypt(6234): 	at com.google.android.gms.org.conscrypt.ConscryptFileDescriptorSocket.setSoWriteTimeout(:com.google.android.gms@200914019@20.09.14 (040400-300565878):0)
06-07 09:46:06.437: I/Auth(6234): [AuthManaged,PasswordComplexityHelperImpl] Updating password complexity components state.
06-07 09:46:06.437: I/Auth(6234): [AuthManaged,PasswordComplexityHelperImpl] Disabling com.google.android.gms.auth.managed.admin.DeviceAdminReceiver
06-07 09:46:06.438: I/Auth(6234): [AuthManaged,PasswordComplexityHelperImpl] Disabling com.google.android.gms.auth.managed.ui.SetNewPasswordActivity
06-07 09:46:06.472: D/ApplicationLoaders(9769): ignored Vulkan layer search path /data/app/com.google.android.gms-2/lib/arm64:/data/app/com.google.android.gms-2/base.apk!/lib/arm64-v8a for namespace 0x7d72ba70f0
06-07 09:46:06.497: I/Auth(6234): [AuthManaged,PasswordComplexityHelperImpl] Updating password complexity components state.
06-07 09:46:06.497: I/Auth(6234): [AuthManaged,PasswordComplexityHelperImpl] Disabling com.google.android.gms.auth.managed.admin.DeviceAdminReceiver
06-07 09:46:06.498: I/Auth(6234): [AuthManaged,PasswordComplexityHelperImpl] Disabling com.google.android.gms.auth.managed.ui.SetNewPasswordActivity
06-07 09:46:06.518: I/ActivityManager(1165): Killing 9466:android.process.media/u0a13 (adj 906): empty #17
06-07 09:46:06.529: I/ActivityManager(1165): Start proc 9938:com.android.vending:instant_app_installer/u0a35 for broadcast com.android.vending/com.google.android.finsky.instantapps.PhenotypeUpdateReceiver
06-07 09:46:06.542: D/ActivityManager(1165): cleanUpApplicationRecord -- 9466
06-07 09:46:06.551: I/Finsky(7002): [50] bit.a(11): Received content filters request from com.google.android.play.games
06-07 09:46:06.553: E/ExecutionCriteria(6234): Package unavailable for task: com.google.android.videos/com.google.android.apps.play.movies.common.service.player.logging.QoePingService{u=0 tag="flush_qoe_logs" trigger=window{period=86400s,flex=86400s,earliest=-63239702s,latest=-63153302s} requirements=[NET_UNMETERED,CHARGING] attributes=[PERSISTED,RECURRING] scheduled=-63239702s last_run=N/A jid=N/A status=PENDING retries=0 client_lib=MANCHEGO_GCM-10400000}
06-07 09:46:06.554: E/ExecutionCriteria(6234): Package unavailable for task: com.google.android.videos/com.google.android.apps.play.movies.common.service.drm.RefreshLicenseTaskService{u=0 tag="refresh_license" trigger=window{period=172800s,flex=172800s,earliest=-63153302s,latest=-62980502s} requirements=[NET_CONNECTED] attributes=[PERSISTED,RECURRING] scheduled=-63153302s last_run=N/A jid=N/A status=PENDING retries=0 client_lib=MANCHEGO_GCM-10400000}
06-07 09:46:06.559: E/ExecutionCriteria(6234): Package unavailable for task: com.google.android.apps.gcs/.service.WfaStateTaskService{u=0 tag="WfaStateTask" trigger=window{period=518400s,flex=86400s,earliest=-62894221s,latest=-62807821s} requirements=[NET_ANY] attributes=[PERSISTED,RECURRING] scheduled=-63326221s last_run=N/A jid=N/A status=PENDING retries=0 client_lib=MANCHEGO_GCM-11732000}
06-07 09:46:06.560: E/ExecutionCriteria(6234): Package unavailable for task: com.google.android.apps.gcs/com.google.android.flib.phenotype.services.PhenotypeExperimentCommitService{u=0 tag="PhenotypeExpCommitSvc" trigger=window{start=0s,end=30s,earliest=-498s,latest=-468s} requirements=[NET_ANY] attributes=[PERSISTED] scheduled=-498s last_run=N/A jid=N/A status=PENDING retries=0 client_lib=MANCHEGO_GCM-11732000}
06-07 09:46:06.578: I/Auth(6234): [AuthManaged,PasswordComplexityHelperImpl] Updating password complexity components state.
06-07 09:46:06.578: I/Auth(6234): [AuthManaged,PasswordComplexityHelperImpl] Disabling com.google.android.gms.auth.managed.admin.DeviceAdminReceiver
06-07 09:46:06.579: I/Auth(6234): [AuthManaged,PasswordComplexityHelperImpl] Disabling com.google.android.gms.auth.managed.ui.SetNewPasswordActivity
06-07 09:46:06.582: W/ChimeraUtils(6234): Non Chimera context
06-07 09:46:06.608: I/Finsky:instant_app_inst(9938): [1] ecg.bj(7): Process created at version: 18.9.11-all [0] [PR] 295870256
06-07 09:46:06.637: I/Auth(6234): [AuthManaged,PasswordComplexityHelperImpl] Updating password complexity components state.
06-07 09:46:06.638: I/Auth(6234): [AuthManaged,PasswordComplexityHelperImpl] Disabling com.google.android.gms.auth.managed.admin.DeviceAdminReceiver
06-07 09:46:06.638: I/Auth(6234): [AuthManaged,PasswordComplexityHelperImpl] Disabling com.google.android.gms.auth.managed.ui.SetNewPasswordActivity
06-07 09:46:06.680: I/Auth(6234): [AuthManaged,PasswordComplexityHelperImpl] Updating password complexity components state.
06-07 09:46:06.680: I/Auth(6234): [AuthManaged,PasswordComplexityHelperImpl] Disabling com.google.android.gms.auth.managed.admin.DeviceAdminReceiver
06-07 09:46:06.681: I/Auth(6234): [AuthManaged,PasswordComplexityHelperImpl] Disabling com.google.android.gms.auth.managed.ui.SetNewPasswordActivity
06-07 09:46:06.745: W/GrowthKit(9245): Failed to get phenotypeManager in PhenotypeBroadcastReceiver
06-07 09:46:06.745: W/GrowthKit(9245): java.lang.NullPointerException: Unable to get GrowthKit Component from host app.
06-07 09:46:06.745: W/GrowthKit(9245): 	at com.google.android.libraries.internal.growth.growthkit.inject.GrowthKit.get(GrowthKit.java:43)
06-07 09:46:06.745: W/GrowthKit(9245): 	at com.google.android.libraries.internal.growth.growthkit.internal.experiments.impl.PhenotypeBroadcastReceiver.onReceive(PhenotypeBroadcastReceiver.java:24)
06-07 09:46:06.745: W/GrowthKit(9245): 	at android.app.ActivityThread.handleReceiver(ActivityThread.java:3041)
06-07 09:46:06.745: W/GrowthKit(9245): 	at android.app.ActivityThread.-wrap18(ActivityThread.java)
06-07 09:46:06.745: W/GrowthKit(9245): 	at android.app.ActivityThread$H.handleMessage(ActivityThread.java:1562)
06-07 09:46:06.745: W/GrowthKit(9245): 	at android.os.Handler.dispatchMessage(Handler.java:102)
06-07 09:46:06.745: W/GrowthKit(9245): 	at android.os.Looper.loop(Looper.java:154)
06-07 09:46:06.745: W/GrowthKit(9245): 	at android.app.ActivityThread.main(ActivityThread.java:6121)
06-07 09:46:06.745: W/GrowthKit(9245): 	at java.lang.reflect.Method.invoke(Native Method)
06-07 09:46:06.745: W/GrowthKit(9245): 	at com.android.internal.os.ZygoteInit$MethodAndArgsCaller.run(ZygoteInit.java:889)
06-07 09:46:06.745: W/GrowthKit(9245): 	at com.android.internal.os.ZygoteInit.main(ZygoteInit.java:779)
06-07 09:46:06.751: D/PhenotypeUpdateService(9938): onCreate called
06-07 09:46:06.754: I/art(9938): Rejecting re-init on previously-failed class java.lang.Class<hg>: java.lang.NoClassDefFoundError: Failed resolution of: Landroid/app/job/JobServiceEngine;
06-07 09:46:06.754: I/art(9938):   at void hj.a(boolean) (PG:14)
06-07 09:46:06.754: I/art(9938):   at int hj.onStartCommand(android.content.Intent, int, int) (PG:5)
06-07 09:46:06.754: I/art(9938):   at void android.app.ActivityThread.handleServiceArgs(android.app.ActivityThread$ServiceArgsData) (ActivityThread.java:3327)
06-07 09:46:06.754: I/art(9938):   at void android.app.ActivityThread.-wrap21(android.app.ActivityThread, android.app.ActivityThread$ServiceArgsData) (ActivityThread.java:-1)
06-07 09:46:06.754: I/art(9938):   at void android.app.ActivityThread$H.handleMessage(android.os.Message) (ActivityThread.java:1583)
06-07 09:46:06.754: I/art(9938):   at void android.os.Handler.dispatchMessage(android.os.Message) (Handler.java:102)
06-07 09:46:06.754: I/art(9938):   at void android.os.Looper.loop() (Looper.java:154)
06-07 09:46:06.754: I/art(9938):   at void android.app.ActivityThread.main(java.lang.String[]) (ActivityThread.java:6121)
06-07 09:46:06.754: I/art(9938):   at java.lang.Object java.lang.reflect.Method.invoke!(java.lang.Object, java.lang.Object[]) (Method.java:-2)
06-07 09:46:06.754: I/art(9938):   at void com.android.internal.os.ZygoteInit$MethodAndArgsCaller.run() (ZygoteInit.java:889)
06-07 09:46:06.754: I/art(9938):   at void com.android.internal.os.ZygoteInit.main(java.lang.String[]) (ZygoteInit.java:779)
06-07 09:46:06.754: I/art(9938): Caused by: java.lang.ClassNotFoundException: Didn't find class "android.app.job.JobServiceEngine" on path: DexPathList[[zip file "/data/app/com.android.vending-1/base.apk"],nativeLibraryDirectories=[/data/app/com.android.vending-1/lib/arm, /data/app/com.android.vending-1/base.apk!/lib/armeabi-v7a, /system/lib, /vendor/lib]]
06-07 09:46:06.754: I/art(9938):   at java.lang.Class dalvik.system.BaseDexClassLoader.findClass(java.lang.String) (BaseDexClassLoader.java:56)
06-07 09:46:06.754: I/art(9938):   at java.lang.Class java.lang.ClassLoader.loadClass(java.lang.String, boolean) (ClassLoader.java:380)
06-07 09:46:06.754: I/art(9938):   at java.lang.Class java.lang.ClassLoader.loadClass(java.lang.String) (ClassLoader.java:312)
06-07 09:46:06.754: I/art(9938):   at void hj.a(boolean) (PG:14)
06-07 09:46:06.754: I/art(9938):   at int hj.onStartCommand(android.content.Intent, int, int) (PG:5)
06-07 09:46:06.754: I/art(9938):   at void android.app.ActivityThread.handleServiceArgs(android.app.ActivityThread$ServiceArgsData) (ActivityThread.java:3327)
06-07 09:46:06.754: I/art(9938):   at void android.app.ActivityThread.-wrap21(android.app.ActivityThread, android.app.ActivityThread$ServiceArgsData) (ActivityThread.java:-1)
06-07 09:46:06.754: I/art(9938):   at void android.app.ActivityThread$H.handleMessage(android.os.Message) (ActivityThread.java:1583)
06-07 09:46:06.754: I/art(9938):   at void android.os.Handler.dispatchMessage(android.os.Message) (Handler.java:102)
06-07 09:46:06.754: I/art(9938):   at void android.os.Looper.loop() (Looper.java:154)
06-07 09:46:06.754: I/art(9938):   at void android.app.ActivityThread.main(java.lang.String[]) (ActivityThread.java:6121)
06-07 09:46:06.754: I/art(9938):   at java.lang.Object java.lang.reflect.Method.invoke!(java.lang.Object, java.lang.Object[]) (Method.java:-2)
06-07 09:46:06.754: I/art(9938):   at void com.android.internal.os.ZygoteInit$MethodAndArgsCaller.run() (ZygoteInit.java:889)
06-07 09:46:06.754: I/art(9938):   at void com.android.internal.os.ZygoteInit.main(java.lang.String[]) (ZygoteInit.java:779)
06-07 09:46:06.755: W/GrowthKit(9245): Failed to get phenotypeManager in PhenotypeBroadcastReceiver
06-07 09:46:06.755: W/GrowthKit(9245): java.lang.NullPointerException: Unable to get GrowthKit Component from host app.
06-07 09:46:06.755: W/GrowthKit(9245): 	at com.google.android.libraries.internal.growth.growthkit.inject.GrowthKit.get(GrowthKit.java:43)
06-07 09:46:06.755: W/GrowthKit(9245): 	at com.google.android.libraries.internal.growth.growthkit.internal.experiments.impl.PhenotypeBroadcastReceiver.onReceive(PhenotypeBroadcastReceiver.java:24)
06-07 09:46:06.755: W/GrowthKit(9245): 	at android.app.ActivityThread.handleReceiver(ActivityThread.java:3041)
06-07 09:46:06.755: W/GrowthKit(9245): 	at android.app.ActivityThread.-wrap18(ActivityThread.java)
06-07 09:46:06.755: W/GrowthKit(9245): 	at android.app.ActivityThread$H.handleMessage(ActivityThread.java:1562)
06-07 09:46:06.755: W/GrowthKit(9245): 	at android.os.Handler.dispatchMessage(Handler.java:102)
06-07 09:46:06.755: W/GrowthKit(9245): 	at android.os.Looper.loop(Looper.java:154)
06-07 09:46:06.755: W/GrowthKit(9245): 	at android.app.ActivityThread.main(ActivityThread.java:6121)
06-07 09:46:06.755: W/GrowthKit(9245): 	at java.lang.reflect.Method.invoke(Native Method)
06-07 09:46:06.755: W/GrowthKit(9245): 	at com.android.internal.os.ZygoteInit$MethodAndArgsCaller.run(ZygoteInit.java:889)
06-07 09:46:06.755: W/GrowthKit(9245): 	at com.android.internal.os.ZygoteInit.main(ZygoteInit.java:779)
06-07 09:46:06.757: I/art(9938): Rejecting re-init on previously-failed class java.lang.Class<hg>: java.lang.NoClassDefFoundError: Failed resolution of: Landroid/app/job/JobServiceEngine;
06-07 09:46:06.757: I/art(9938):   at void hj.a(boolean) (PG:14)
06-07 09:46:06.757: I/art(9938):   at int hj.onStartCommand(android.content.Intent, int, int) (PG:5)
06-07 09:46:06.757: I/art(9938):   at void android.app.ActivityThread.handleServiceArgs(android.app.ActivityThread$ServiceArgsData) (ActivityThread.java:3327)
06-07 09:46:06.757: I/art(9938):   at void android.app.ActivityThread.-wrap21(android.app.ActivityThread, android.app.ActivityThread$ServiceArgsData) (ActivityThread.java:-1)
06-07 09:46:06.757: I/art(9938):   at void android.app.ActivityThread$H.handleMessage(android.os.Message) (ActivityThread.java:1583)
06-07 09:46:06.757: I/art(9938):   at void android.os.Handler.dispatchMessage(android.os.Message) (Handler.java:102)
06-07 09:46:06.757: I/art(9938):   at void android.os.Looper.loop() (Looper.java:154)
06-07 09:46:06.757: I/art(9938):   at void android.app.ActivityThread.main(java.lang.String[]) (ActivityThread.java:6121)
06-07 09:46:06.757: I/art(9938):   at java.lang.Object java.lang.reflect.Method.invoke!(java.lang.Object, java.lang.Object[]) (Method.java:-2)
06-07 09:46:06.757: I/art(9938):   at void com.android.internal.os.ZygoteInit$MethodAndArgsCaller.run() (ZygoteInit.java:889)
06-07 09:46:06.757: I/art(9938):   at void com.android.internal.os.ZygoteInit.main(java.lang.String[]) (ZygoteInit.java:779)
06-07 09:46:06.757: I/art(9938): Caused by: java.lang.ClassNotFoundException: Didn't find class "android.app.job.JobServiceEngine" on path: DexPathList[[zip file "/data/app/com.android.vending-1/base.apk"],nativeLibraryDirectories=[/data/app/com.android.vending-1/lib/arm, /data/app/com.android.vending-1/base.apk!/lib/armeabi-v7a, /system/lib, /vendor/lib]]
