06-07 09:46:02.595: W/ProxyAndroidLoggerBackend(7002): Too many Flogger logs received before configuration. Dropping old logs.
06-07 09:46:02.596: W/ProxyAndroidLoggerBackend(7002): Too many Flogger logs received before configuration. Dropping old logs.
06-07 09:46:02.601: W/ProxyAndroidLoggerBackend(7002): Too many Flogger logs received before configuration. Dropping old logs.
06-07 09:46:02.601: W/ProxyAndroidLoggerBackend(7002): Too many Flogger logs received before configuration. Dropping old logs.
06-07 09:46:02.602: W/ProxyAndroidLoggerBackend(7002): Too many Flogger logs received before configuration. Dropping old logs.
06-07 09:46:02.602: W/ProxyAndroidLoggerBackend(7002): Too many Flogger logs received before configuration. Dropping old logs.
06-07 09:46:02.602: W/ProxyAndroidLoggerBackend(7002): Too many Flogger logs received before configuration. Dropping old logs.
06-07 09:46:02.603: W/ProxyAndroidLoggerBackend(7002): Too many Flogger logs received before configuration. Dropping old logs.
06-07 09:46:02.603: W/ProxyAndroidLoggerBackend(7002): Too many Flogger logs received before configuration. Dropping old logs.
06-07 09:46:02.604: W/ProxyAndroidLoggerBackend(7002): Too many Flogger logs received before configuration. Dropping old logs.
06-07 09:46:02.604: W/ProxyAndroidLoggerBackend(7002): Too many Flogger logs received before configuration. Dropping old logs.
06-07 09:46:02.604: W/ProxyAndroidLoggerBackend(7002): Too many Flogger logs received before configuration. Dropping old logs.
06-07 09:46:02.605: W/ProxyAndroidLoggerBackend(7002): Too many Flogger logs received before configuration. Dropping old logs.
06-07 09:46:02.605: W/ProxyAndroidLoggerBackend(7002): Too many Flogger logs received before configuration. Dropping old logs.
06-07 09:46:02.605: W/ProxyAndroidLoggerBackend(7002): Too many Flogger logs received before configuration. Dropping old logs.
06-07 09:46:02.606: W/ProxyAndroidLoggerBackend(7002): Too many Flogger logs received before configuration. Dropping old logs.
06-07 09:46:02.606: W/ProxyAndroidLoggerBackend(7002): Too many Flogger logs received before configuration. Dropping old logs.
06-07 09:46:02.606: W/ProxyAndroidLoggerBackend(7002): Too many Flogger logs received before configuration. Dropping old logs.
06-07 09:46:02.607: W/ProxyAndroidLoggerBackend(7002): Too many Flogger logs received before configuration. Dropping old logs.
06-07 09:46:02.607: W/ProxyAndroidLoggerBackend(7002): Too many Flogger logs received before configuration. Dropping old logs.
06-07 09:46:02.608: W/ProxyAndroidLoggerBackend(7002): Too many Flogger logs received before configuration. Dropping old logs.
06-07 09:46:02.608: W/ProxyAndroidLoggerBackend(7002): Too many Flogger logs received before configuration. Dropping old logs.
06-07 09:46:02.609: W/ProxyAndroidLoggerBackend(7002): Too many Flogger logs received before configuration. Dropping old logs.
06-07 09:46:02.609: W/Conscrypt(6234): Could not set socket write timeout: java.net.SocketException: Socket closed
06-07 09:46:02.609: W/Conscrypt(6234): 	at com.google.android.gms.org.conscrypt.Platform.setSocketWriteTimeout(:com.google.android.gms@200914019@20.09.14 (040400-300565878):2)
06-07 09:46:02.609: W/Conscrypt(6234): 	at com.google.android.gms.org.conscrypt.ConscryptFileDescriptorSocket.setSoWriteTimeout(:com.google.android.gms@200914019@20.09.14 (040400-300565878):0)
06-07 09:46:02.609: W/ProxyAndroidLoggerBackend(7002): Too many Flogger logs received before configuration. Dropping old logs.
06-07 09:46:02.612: W/CryptauthV2(7657): [ClientDataOperation] No keyMetadata found for keyName=PublicKey
06-07 09:46:02.614: W/ProxyAndroidLoggerBackend(7002): Too many Flogger logs received before configuration. Dropping old logs.
06-07 09:46:02.614: W/ProxyAndroidLoggerBackend(7002): Too many Flogger logs received before configuration. Dropping old logs.
06-07 09:46:02.614: W/ProxyAndroidLoggerBackend(7002): Too many Flogger logs received before configuration. Dropping old logs.
06-07 09:46:02.615: W/ProxyAndroidLoggerBackend(7002): Too many Flogger logs received before configuration. Dropping old logs.
06-07 09:46:02.615: W/ProxyAndroidLoggerBackend(7002): Too many Flogger logs received before configuration. Dropping old logs.
06-07 09:46:02.616: W/ProxyAndroidLoggerBackend(7002): Too many Flogger logs received before configuration. Dropping old logs.
06-07 09:46:02.616: W/ProxyAndroidLoggerBackend(7002): Too many Flogger logs received before configuration. Dropping old logs.
06-07 09:46:02.617: W/ProxyAndroidLoggerBackend(7002): Too many Flogger logs received before configuration. Dropping old logs.
06-07 09:46:02.617: W/ProxyAndroidLoggerBackend(7002): Too many Flogger logs received before configuration. Dropping old logs.
06-07 09:46:02.617: W/ProxyAndroidLoggerBackend(7002): Too many Flogger logs received before configuration. Dropping old logs.
06-07 09:46:02.618: W/ProxyAndroidLoggerBackend(7002): Too many Flogger logs received before configuration. Dropping old logs.
06-07 09:46:02.618: W/ProxyAndroidLoggerBackend(7002): Too many Flogger logs received before configuration. Dropping old logs.
06-07 09:46:02.619: W/ProxyAndroidLoggerBackend(7002): Too many Flogger logs received before configuration. Dropping old logs.
06-07 09:46:02.619: W/ProxyAndroidLoggerBackend(7002): Too many Flogger logs received before configuration. Dropping old logs.
06-07 09:46:02.619: W/ProxyAndroidLoggerBackend(7002): Too many Flogger logs received before configuration. Dropping old logs.
06-07 09:46:02.620: W/CryptauthV2(7657): [ClientDataOperation] No keyMetadata found for keyName=authzen
06-07 09:46:02.622: W/ProxyAndroidLoggerBackend(7002): Too many Flogger logs received before configuration. Dropping old logs.
06-07 09:46:02.623: W/ProxyAndroidLoggerBackend(7002): Too many Flogger logs received before configuration. Dropping old logs.
06-07 09:46:02.624: W/ProxyAndroidLoggerBackend(7002): Too many Flogger logs received before configuration. Dropping old logs.
06-07 09:46:02.624: W/ProxyAndroidLoggerBackend(7002): Too many Flogger logs received before configuration. Dropping old logs.
06-07 09:46:02.625: W/ProxyAndroidLoggerBackend(7002): Too many Flogger logs received before configuration. Dropping old logs.
06-07 09:46:02.625: W/ProxyAndroidLoggerBackend(7002): Too many Flogger logs received before configuration. Dropping old logs.
06-07 09:46:02.625: W/CryptauthV2(7657): [ClientDataOperation] No keyMetadata found for keyName=DeviceSync:BetterTogether
06-07 09:46:02.625: W/ProxyAndroidLoggerBackend(7002): Too many Flogger logs received before configuration. Dropping old logs.
06-07 09:46:02.626: I/CryptauthV2(7657): [EnrollCryptauthFramework] Performing SyncKeysRequest with 3 keys.
06-07 09:46:02.626: W/ProxyAndroidLoggerBackend(7002): Too many Flogger logs received before configuration. Dropping old logs.
06-07 09:46:02.626: W/ProxyAndroidLoggerBackend(7002): Too many Flogger logs received before configuration. Dropping old logs.
06-07 09:46:02.627: W/ProxyAndroidLoggerBackend(7002): Too many Flogger logs received before configuration. Dropping old logs.
06-07 09:46:02.627: W/ProxyAndroidLoggerBackend(7002): Too many Flogger logs received before configuration. Dropping old logs.
06-07 09:46:02.628: W/ProxyAndroidLoggerBackend(7002): Too many Flogger logs received before configuration. Dropping old logs.
06-07 09:46:02.628: W/ProxyAndroidLoggerBackend(7002): Too many Flogger logs received before configuration. Dropping old logs.
06-07 09:46:02.628: W/ProxyAndroidLoggerBackend(7002): Too many Flogger logs received before configuration. Dropping old logs.
06-07 09:46:02.629: W/ProxyAndroidLoggerBackend(7002): Too many Flogger logs received before configuration. Dropping old logs.
06-07 09:46:02.629: W/ProxyAndroidLoggerBackend(7002): Too many Flogger logs received before configuration. Dropping old logs.
06-07 09:46:02.629: W/ProxyAndroidLoggerBackend(7002): Too many Flogger logs received before configuration. Dropping old logs.
06-07 09:46:02.630: W/ProxyAndroidLoggerBackend(7002): Too many Flogger logs received before configuration. Dropping old logs.
06-07 09:46:02.630: W/ProxyAndroidLoggerBackend(7002): Too many Flogger logs received before configuration. Dropping old logs.
06-07 09:46:02.631: W/ProxyAndroidLoggerBackend(7002): Too many Flogger logs received before configuration. Dropping old logs.
06-07 09:46:02.635: E/ExecutionCriteria(6234): Package unavailable for task: com.google.android.videos/com.google.android.apps.play.movies.common.service.player.logging.QoePingService{u=0 tag="flush_qoe_logs" trigger=window{period=86400s,flex=86400s,earliest=-63239698s,latest=-63153298s} requirements=[NET_UNMETERED,CHARGING] attributes=[PERSISTED,RECURRING] scheduled=-63239698s last_run=N/A jid=N/A status=PENDING retries=0 client_lib=MANCHEGO_GCM-10400000}
06-07 09:46:02.637: W/ProxyAndroidLoggerBackend(7002): Too many Flogger logs received before configuration. Dropping old logs.
06-07 09:46:02.639: W/ProxyAndroidLoggerBackend(7002): Too many Flogger logs received before configuration. Dropping old logs.
06-07 09:46:02.640: W/ProxyAndroidLoggerBackend(7002): Too many Flogger logs received before configuration. Dropping old logs.
06-07 09:46:02.640: W/ProxyAndroidLoggerBackend(7002): Too many Flogger logs received before configuration. Dropping old logs.
06-07 09:46:02.640: W/ProxyAndroidLoggerBackend(7002): Too many Flogger logs received before configuration. Dropping old logs.
06-07 09:46:02.641: W/ProxyAndroidLoggerBackend(7002): Too many Flogger logs received before configuration. Dropping old logs.
06-07 09:46:02.641: W/ProxyAndroidLoggerBackend(7002): Too many Flogger logs received before configuration. Dropping old logs.
06-07 09:46:02.642: W/ProxyAndroidLoggerBackend(7002): Too many Flogger logs received before configuration. Dropping old logs.
06-07 09:46:02.642: W/ProxyAndroidLoggerBackend(7002): Too many Flogger logs received before configuration. Dropping old logs.
06-07 09:46:02.642: W/ProxyAndroidLoggerBackend(7002): Too many Flogger logs received before configuration. Dropping old logs.
06-07 09:46:02.644: E/ExecutionCriteria(6234): Package unavailable for task: com.google.android.videos/com.google.android.apps.play.movies.common.service.drm.RefreshLicenseTaskService{u=0 tag="refresh_license" trigger=window{period=172800s,flex=172800s,earliest=-63153298s,latest=-62980498s} requirements=[NET_CONNECTED] attributes=[PERSISTED,RECURRING] scheduled=-63153298s last_run=N/A jid=N/A status=PENDING retries=0 client_lib=MANCHEGO_GCM-10400000}
06-07 09:46:02.647: W/ProxyAndroidLoggerBackend(7002): Too many Flogger logs received before configuration. Dropping old logs.
06-07 09:46:02.647: E/ExecutionCriteria(6234): Package unavailable for task: com.google.android.apps.gcs/.service.WfaStateTaskService{u=0 tag="WfaStateTask" trigger=window{period=518400s,flex=86400s,earliest=-62894217s,latest=-62807817s} requirements=[NET_ANY] attributes=[PERSISTED,RECURRING] scheduled=-63326217s last_run=N/A jid=N/A status=PENDING retries=0 client_lib=MANCHEGO_GCM-11732000}
06-07 09:46:02.649: W/ProxyAndroidLoggerBackend(7002): Too many Flogger logs received before configuration. Dropping old logs.
06-07 09:46:02.649: W/ProxyAndroidLoggerBackend(7002): Too many Flogger logs received before configuration. Dropping old logs.
06-07 09:46:02.650: E/ExecutionCriteria(6234): Package unavailable for task: com.google.android.apps.gcs/com.google.android.flib.phenotype.services.PhenotypeExperimentCommitService{u=0 tag="PhenotypeExpCommitSvc" trigger=window{start=0s,end=30s,earliest=-494s,latest=-464s} requirements=[NET_ANY] attributes=[PERSISTED] scheduled=-494s last_run=N/A jid=N/A status=PENDING retries=0 client_lib=MANCHEGO_GCM-11732000}
06-07 09:46:02.650: W/ProxyAndroidLoggerBackend(7002): Too many Flogger logs received before configuration. Dropping old logs.
06-07 09:46:02.652: W/ProxyAndroidLoggerBackend(7002): Too many Flogger logs received before configuration. Dropping old logs.
06-07 09:46:02.652: W/ProxyAndroidLoggerBackend(7002): Too many Flogger logs received before configuration. Dropping old logs.
06-07 09:46:02.657: I/TestSupport(7657): AwaitCommitOperation: uncommitted: FlagOverride(com.google.android.gms.auth_account, , Flag(auth_sig_override_target_uid, 10124, 1, 0), false) [CONTEXT service_id=133 ]
06-07 09:46:02.657: I/TestSupport(7657): AwaitCommitOperation:  sleeping for 640 msec. [CONTEXT service_id=133 ]
06-07 09:46:02.659: W/ProxyAndroidLoggerBackend(7002): Too many Flogger logs received before configuration. Dropping old logs.
06-07 09:46:02.660: W/ProxyAndroidLoggerBackend(7002): Too many Flogger logs received before configuration. Dropping old logs.
06-07 09:46:02.661: W/ProxyAndroidLoggerBackend(7002): Too many Flogger logs received before configuration. Dropping old logs.
06-07 09:46:02.661: W/ProxyAndroidLoggerBackend(7002): Too many Flogger logs received before configuration. Dropping old logs.
06-07 09:46:02.662: W/ProxyAndroidLoggerBackend(7002): Too many Flogger logs received before configuration. Dropping old logs.
06-07 09:46:02.662: W/ProxyAndroidLoggerBackend(7002): Too many Flogger logs received before configuration. Dropping old logs.
06-07 09:46:02.662: W/ProxyAndroidLoggerBackend(7002): Too many Flogger logs received before configuration. Dropping old logs.
06-07 09:46:02.663: W/ProxyAndroidLoggerBackend(7002): Too many Flogger logs received before configuration. Dropping old logs.
06-07 09:46:02.663: W/ProxyAndroidLoggerBackend(7002): Too many Flogger logs received before configuration. Dropping old logs.
06-07 09:46:02.664: W/ProxyAndroidLoggerBackend(7002): Too many Flogger logs received before configuration. Dropping old logs.
06-07 09:46:02.664: W/ProxyAndroidLoggerBackend(7002): Too many Flogger logs received before configuration. Dropping old logs.
06-07 09:46:02.665: W/ProxyAndroidLoggerBackend(7002): Too many Flogger logs received before configuration. Dropping old logs.
06-07 09:46:02.665: W/ProxyAndroidLoggerBackend(7002): Too many Flogger logs received before configuration. Dropping old logs.
06-07 09:46:02.666: W/ProxyAndroidLoggerBackend(7002): Too many Flogger logs received before configuration. Dropping old logs.
06-07 09:46:02.671: W/Conscrypt(6234): Could not set socket write timeout: java.net.SocketException: Socket closed
06-07 09:46:02.671: W/Conscrypt(6234): 	at com.google.android.gms.org.conscrypt.Platform.setSocketWriteTimeout(:com.google.android.gms@200914019@20.09.14 (040400-300565878):2)
06-07 09:46:02.671: W/Conscrypt(6234): 	at com.google.android.gms.org.conscrypt.ConscryptFileDescriptorSocket.setSoWriteTimeout(:com.google.android.gms@200914019@20.09.14 (040400-300565878):0)
06-07 09:46:02.675: I/ActivityManager(1165): Start proc 9829:com.google.android.dialer/u0a21 for broadcast com.google.android.dialer/com.google.android.apps.dialer.phenotype.UpdateBroadcastReceiver
06-07 09:46:02.676: W/ProxyAndroidLoggerBackend(7002): Too many Flogger logs received before configuration. Dropping old logs.
06-07 09:46:02.677: W/ProxyAndroidLoggerBackend(7002): Too many Flogger logs received before configuration. Dropping old logs.
06-07 09:46:02.678: W/ProxyAndroidLoggerBackend(7002): Too many Flogger logs received before configuration. Dropping old logs.
06-07 09:46:02.678: W/ProxyAndroidLoggerBackend(7002): Too many Flogger logs received before configuration. Dropping old logs.
06-07 09:46:02.679: W/ProxyAndroidLoggerBackend(7002): Too many Flogger logs received before configuration. Dropping old logs.
06-07 09:46:02.680: W/ProxyAndroidLoggerBackend(7002): Too many Flogger logs received before configuration. Dropping old logs.
06-07 09:46:02.680: W/ProxyAndroidLoggerBackend(7002): Too many Flogger logs received before configuration. Dropping old logs.
06-07 09:46:02.681: W/ProxyAndroidLoggerBackend(7002): Too many Flogger logs received before configuration. Dropping old logs.
06-07 09:46:02.682: W/ProxyAndroidLoggerBackend(7002): Too many Flogger logs received before configuration. Dropping old logs.
06-07 09:46:02.682: W/ProxyAndroidLoggerBackend(7002): Too many Flogger logs received before configuration. Dropping old logs.
06-07 09:46:02.683: W/ProxyAndroidLoggerBackend(7002): Too many Flogger logs received before configuration. Dropping old logs.
06-07 09:46:02.684: W/ProxyAndroidLoggerBackend(7002): Too many Flogger logs received before configuration. Dropping old logs.
06-07 09:46:02.685: W/ProxyAndroidLoggerBackend(7002): Too many Flogger logs received before configuration. Dropping old logs.
06-07 09:46:02.685: W/ProxyAndroidLoggerBackend(7002): Too many Flogger logs received before configuration. Dropping old logs.
06-07 09:46:02.686: W/ProxyAndroidLoggerBackend(7002): Too many Flogger logs received before configuration. Dropping old logs.
06-07 09:46:02.706: W/ProxyAndroidLoggerBackend(7002): Too many Flogger logs received before configuration. Dropping old logs.
06-07 09:46:02.707: W/ProxyAndroidLoggerBackend(7002): Too many Flogger logs received before configuration. Dropping old logs.
06-07 09:46:02.707: W/ProxyAndroidLoggerBackend(7002): Too many Flogger logs received before configuration. Dropping old logs.
06-07 09:46:02.709: W/ProxyAndroidLoggerBackend(7002): Too many Flogger logs received before configuration. Dropping old logs.
06-07 09:46:02.710: W/ProxyAndroidLoggerBackend(7002): Too many Flogger logs received before configuration. Dropping old logs.
06-07 09:46:02.710: W/ProxyAndroidLoggerBackend(7002): Too many Flogger logs received before configuration. Dropping old logs.
06-07 09:46:02.712: W/ProxyAndroidLoggerBackend(7002): Too many Flogger logs received before configuration. Dropping old logs.
06-07 09:46:02.725: W/ProxyAndroidLoggerBackend(7002): Too many Flogger logs received before configuration. Dropping old logs.
06-07 09:46:02.726: W/ProxyAndroidLoggerBackend(7002): Too many Flogger logs received before configuration. Dropping old logs.
06-07 09:46:02.727: W/ProxyAndroidLoggerBackend(7002): Too many Flogger logs received before configuration. Dropping old logs.
06-07 09:46:02.727: W/ProxyAndroidLoggerBackend(7002): Too many Flogger logs received before configuration. Dropping old logs.
06-07 09:46:02.728: W/ProxyAndroidLoggerBackend(7002): Too many Flogger logs received before configuration. Dropping old logs.
06-07 09:46:02.729: W/ProxyAndroidLoggerBackend(7002): Too many Flogger logs received before configuration. Dropping old logs.
06-07 09:46:02.736: W/ProxyAndroidLoggerBackend(7002): Too many Flogger logs received before configuration. Dropping old logs.
06-07 09:46:02.737: W/ProxyAndroidLoggerBackend(7002): Too many Flogger logs received before configuration. Dropping old logs.
06-07 09:46:02.738: W/ProxyAndroidLoggerBackend(7002): Too many Flogger logs received before configuration. Dropping old logs.
06-07 09:46:02.739: W/ProxyAndroidLoggerBackend(7002): Too many Flogger logs received before configuration. Dropping old logs.
06-07 09:46:02.740: W/ProxyAndroidLoggerBackend(7002): Too many Flogger logs received before configuration. Dropping old logs.
06-07 09:46:02.740: W/ProxyAndroidLoggerBackend(7002): Too many Flogger logs received before configuration. Dropping old logs.
06-07 09:46:02.741: W/ProxyAndroidLoggerBackend(7002): Too many Flogger logs received before configuration. Dropping old logs.
06-07 09:46:02.742: W/ProxyAndroidLoggerBackend(7002): Too many Flogger logs received before configuration. Dropping old logs.
06-07 09:46:02.743: W/ProxyAndroidLoggerBackend(7002): Too many Flogger logs received before configuration. Dropping old logs.
06-07 09:46:02.744: W/ProxyAndroidLoggerBackend(7002): Too many Flogger logs received before configuration. Dropping old logs.
06-07 09:46:02.745: W/ProxyAndroidLoggerBackend(7002): Too many Flogger logs received before configuration. Dropping old logs.
06-07 09:46:02.746: W/ProxyAndroidLoggerBackend(7002): Too many Flogger logs received before configuration. Dropping old logs.
06-07 09:46:02.746: I/Auth(6234): [AccountStatusChecker] OnDataChanged check: <ELLIDED:-1238769241>
06-07 09:46:02.746: W/ProxyAndroidLoggerBackend(7002): Too many Flogger logs received before configuration. Dropping old logs.
06-07 09:46:02.747: W/ProxyAndroidLoggerBackend(7002): Too many Flogger logs received before configuration. Dropping old logs.
06-07 09:46:02.748: W/ProxyAndroidLoggerBackend(7002): Too many Flogger logs received before configuration. Dropping old logs.
06-07 09:46:02.749: W/ProxyAndroidLoggerBackend(7002): Too many Flogger logs received before configuration. Dropping old logs.
06-07 09:46:02.749: W/ProxyAndroidLoggerBackend(7002): Too many Flogger logs received before configuration. Dropping old logs.
06-07 09:46:02.750: W/ProxyAndroidLoggerBackend(7002): Too many Flogger logs received before configuration. Dropping old logs.
06-07 09:46:02.751: W/ProxyAndroidLoggerBackend(7002): Too many Flogger logs received before configuration. Dropping old logs.
06-07 09:46:02.751: I/Auth(6234): [AccountStatusChecker] Canceling for <ELLIDED:-1238769241>
06-07 09:46:02.751: W/ProxyAndroidLoggerBackend(7002): Too many Flogger logs received before configuration. Dropping old logs.
06-07 09:46:02.752: W/ProxyAndroidLoggerBackend(7002): Too many Flogger logs received before configuration. Dropping old logs.
06-07 09:46:02.776: W/ProxyAndroidLoggerBackend(7002): Too many Flogger logs received before configuration. Dropping old logs.
06-07 09:46:02.778: W/ProxyAndroidLoggerBackend(7002): Too many Flogger logs received before configuration. Dropping old logs.
06-07 09:46:02.779: W/ProxyAndroidLoggerBackend(7002): Too many Flogger logs received before configuration. Dropping old logs.
06-07 09:46:02.779: W/ProxyAndroidLoggerBackend(7002): Too many Flogger logs received before configuration. Dropping old logs.
06-07 09:46:02.783: W/ProxyAndroidLoggerBackend(7002): Too many Flogger logs received before configuration. Dropping old logs.
06-07 09:46:02.786: W/ProxyAndroidLoggerBackend(7002): Too many Flogger logs received before configuration. Dropping old logs.
06-07 09:46:02.787: W/ProxyAndroidLoggerBackend(7002): Too many Flogger logs received before configuration. Dropping old logs.
06-07 09:46:02.787: W/ProxyAndroidLoggerBackend(7002): Too many Flogger logs received before configuration. Dropping old logs.
06-07 09:46:02.788: W/ProxyAndroidLoggerBackend(7002): Too many Flogger logs received before configuration. Dropping old logs.
06-07 09:46:02.788: W/ProxyAndroidLoggerBackend(7002): Too many Flogger logs received before configuration. Dropping old logs.
06-07 09:46:02.789: W/ProxyAndroidLoggerBackend(7002): Too many Flogger logs received before configuration. Dropping old logs.
06-07 09:46:02.804: W/ProxyAndroidLoggerBackend(7002): Too many Flogger logs received before configuration. Dropping old logs.
06-07 09:46:02.804: W/ProxyAndroidLoggerBackend(7002): Too many Flogger logs received before configuration. Dropping old logs.
06-07 09:46:02.805: W/ProxyAndroidLoggerBackend(7002): Too many Flogger logs received before configuration. Dropping old logs.
06-07 09:46:02.805: W/ProxyAndroidLoggerBackend(7002): Too many Flogger logs received before configuration. Dropping old logs.
06-07 09:46:02.806: W/ProxyAndroidLoggerBackend(7002): Too many Flogger logs received before configuration. Dropping old logs.
06-07 09:46:02.807: W/ProxyAndroidLoggerBackend(7002): Too many Flogger logs received before configuration. Dropping old logs.
06-07 09:46:02.808: W/ProxyAndroidLoggerBackend(7002): Too many Flogger logs received before configuration. Dropping old logs.
06-07 09:46:02.809: W/ProxyAndroidLoggerBackend(7002): Too many Flogger logs received before configuration. Dropping old logs.
06-07 09:46:02.809: W/ProxyAndroidLoggerBackend(7002): Too many Flogger logs received before configuration. Dropping old logs.
06-07 09:46:02.810: W/ProxyAndroidLoggerBackend(7002): Too many Flogger logs received before configuration. Dropping old logs.
06-07 09:46:02.811: W/ProxyAndroidLoggerBackend(7002): Too many Flogger logs received before configuration. Dropping old logs.
06-07 09:46:02.811: W/ProxyAndroidLoggerBackend(7002): Too many Flogger logs received before configuration. Dropping old logs.
06-07 09:46:02.812: W/ProxyAndroidLoggerBackend(7002): Too many Flogger logs received before configuration. Dropping old logs.
06-07 09:46:02.812: W/ProxyAndroidLoggerBackend(7002): Too many Flogger logs received before configuration. Dropping old logs.
06-07 09:46:02.833: W/ProxyAndroidLoggerBackend(7002): Too many Flogger logs received before configuration. Dropping old logs.
06-07 09:46:02.834: W/ProxyAndroidLoggerBackend(7002): Too many Flogger logs received before configuration. Dropping old logs.
06-07 09:46:02.834: W/ProxyAndroidLoggerBackend(7002): Too many Flogger logs received before configuration. Dropping old logs.
06-07 09:46:02.835: W/ProxyAndroidLoggerBackend(7002): Too many Flogger logs received before configuration. Dropping old logs.
06-07 09:46:02.836: W/ProxyAndroidLoggerBackend(7002): Too many Flogger logs received before configuration. Dropping old logs.
06-07 09:46:02.837: W/ProxyAndroidLoggerBackend(7002): Too many Flogger logs received before configuration. Dropping old logs.
06-07 09:46:02.837: W/ProxyAndroidLoggerBackend(7002): Too many Flogger logs received before configuration. Dropping old logs.
06-07 09:46:02.838: W/ProxyAndroidLoggerBackend(7002): Too many Flogger logs received before configuration. Dropping old logs.
06-07 09:46:02.838: W/ProxyAndroidLoggerBackend(7002): Too many Flogger logs received before configuration. Dropping old logs.
06-07 09:46:02.839: W/ProxyAndroidLoggerBackend(7002): Too many Flogger logs received before configuration. Dropping old logs.
06-07 09:46:02.839: W/ProxyAndroidLoggerBackend(7002): Too many Flogger logs received before configuration. Dropping old logs.
06-07 09:46:02.840: W/ProxyAndroidLoggerBackend(7002): Too many Flogger logs received before configuration. Dropping old logs.
06-07 09:46:02.841: W/ProxyAndroidLoggerBackend(7002): Too many Flogger logs received before configuration. Dropping old logs.
06-07 09:46:02.841: W/ProxyAndroidLoggerBackend(7002): Too many Flogger logs received before configuration. Dropping old logs.
06-07 09:46:02.842: W/ProxyAndroidLoggerBackend(7002): Too many Flogger logs received before configuration. Dropping old logs.
06-07 09:46:02.842: W/ProxyAndroidLoggerBackend(7002): Too many Flogger logs received before configuration. Dropping old logs.
06-07 09:46:02.843: W/ProxyAndroidLoggerBackend(7002): Too many Flogger logs received before configuration. Dropping old logs.
06-07 09:46:02.844: W/ProxyAndroidLoggerBackend(7002): Too many Flogger logs received before configuration. Dropping old logs.
06-07 09:46:02.845: W/ProxyAndroidLoggerBackend(7002): Too many Flogger logs received before configuration. Dropping old logs.
06-07 09:46:02.845: W/ProxyAndroidLoggerBackend(7002): Too many Flogger logs received before configuration. Dropping old logs.
06-07 09:46:02.846: W/ProxyAndroidLoggerBackend(7002): Too many Flogger logs received before configuration. Dropping old logs.
06-07 09:46:02.863: W/ProxyAndroidLoggerBackend(7002): Too many Flogger logs received before configuration. Dropping old logs.
06-07 09:46:02.864: W/ProxyAndroidLoggerBackend(7002): Too many Flogger logs received before configuration. Dropping old logs.
06-07 09:46:02.865: W/ProxyAndroidLoggerBackend(7002): Too many Flogger logs received before configuration. Dropping old logs.
06-07 09:46:02.865: W/ProxyAndroidLoggerBackend(7002): Too many Flogger logs received before configuration. Dropping old logs.
06-07 09:46:02.866: W/ProxyAndroidLoggerBackend(7002): Too many Flogger logs received before configuration. Dropping old logs.
06-07 09:46:02.867: W/ProxyAndroidLoggerBackend(7002): Too many Flogger logs received before configuration. Dropping old logs.
06-07 09:46:02.867: W/ProxyAndroidLoggerBackend(7002): Too many Flogger logs received before configuration. Dropping old logs.
06-07 09:46:02.868: W/ProxyAndroidLoggerBackend(7002): Too many Flogger logs received before configuration. Dropping old logs.
06-07 09:46:02.869: W/ProxyAndroidLoggerBackend(7002): Too many Flogger logs received before configuration. Dropping old logs.
06-07 09:46:02.869: W/ProxyAndroidLoggerBackend(7002): Too many Flogger logs received before configuration. Dropping old logs.
06-07 09:46:02.870: W/ProxyAndroidLoggerBackend(7002): Too many Flogger logs received before configuration. Dropping old logs.
06-07 09:46:02.871: W/ProxyAndroidLoggerBackend(7002): Too many Flogger logs received before configuration. Dropping old logs.
06-07 09:46:02.871: W/ProxyAndroidLoggerBackend(7002): Too many Flogger logs received before configuration. Dropping old logs.
06-07 09:46:02.872: W/ProxyAndroidLoggerBackend(7002): Too many Flogger logs received before configuration. Dropping old logs.
06-07 09:46:02.873: W/ProxyAndroidLoggerBackend(7002): Too many Flogger logs received before configuration. Dropping old logs.
06-07 09:46:02.874: W/ProxyAndroidLoggerBackend(7002): Too many Flogger logs received before configuration. Dropping old logs.
06-07 09:46:02.874: W/ProxyAndroidLoggerBackend(7002): Too many Flogger logs received before configuration. Dropping old logs.
06-07 09:46:02.875: W/ProxyAndroidLoggerBackend(7002): Too many Flogger logs received before configuration. Dropping old logs.
06-07 09:46:02.875: W/ProxyAndroidLoggerBackend(7002): Too many Flogger logs received before configuration. Dropping old logs.
06-07 09:46:02.876: W/ProxyAndroidLoggerBackend(7002): Too many Flogger logs received before configuration. Dropping old logs.
06-07 09:46:02.890: W/ProxyAndroidLoggerBackend(7002): Too many Flogger logs received before configuration. Dropping old logs.
06-07 09:46:02.891: W/ProxyAndroidLoggerBackend(7002): Too many Flogger logs received before configuration. Dropping old logs.
06-07 09:46:02.892: W/ProxyAndroidLoggerBackend(7002): Too many Flogger logs received before configuration. Dropping old logs.
06-07 09:46:02.892: W/ProxyAndroidLoggerBackend(7002): Too many Flogger logs received before configuration. Dropping old logs.
06-07 09:46:02.893: W/ProxyAndroidLoggerBackend(7002): Too many Flogger logs received before configuration. Dropping old logs.
06-07 09:46:02.894: W/ProxyAndroidLoggerBackend(7002): Too many Flogger logs received before configuration. Dropping old logs.
06-07 09:46:02.894: W/ProxyAndroidLoggerBackend(7002): Too many Flogger logs received before configuration. Dropping old logs.
06-07 09:46:02.895: W/ProxyAndroidLoggerBackend(7002): Too many Flogger logs received before configuration. Dropping old logs.
06-07 09:46:02.896: W/ProxyAndroidLoggerBackend(7002): Too many Flogger logs received before configuration. Dropping old logs.
06-07 09:46:02.913: W/ProxyAndroidLoggerBackend(7002): Too many Flogger logs received before configuration. Dropping old logs.
06-07 09:46:02.914: W/ProxyAndroidLoggerBackend(7002): Too many Flogger logs received before configuration. Dropping old logs.
06-07 09:46:02.915: W/ProxyAndroidLoggerBackend(7002): Too many Flogger logs received before configuration. Dropping old logs.
06-07 09:46:02.916: W/ProxyAndroidLoggerBackend(7002): Too many Flogger logs received before configuration. Dropping old logs.
06-07 09:46:02.917: W/ProxyAndroidLoggerBackend(7002): Too many Flogger logs received before configuration. Dropping old logs.
06-07 09:46:02.917: W/ProxyAndroidLoggerBackend(7002): Too many Flogger logs received before configuration. Dropping old logs.
06-07 09:46:02.918: W/ProxyAndroidLoggerBackend(7002): Too many Flogger logs received before configuration. Dropping old logs.
06-07 09:46:02.918: W/ProxyAndroidLoggerBackend(7002): Too many Flogger logs received before configuration. Dropping old logs.
06-07 09:46:02.918: W/ProxyAndroidLoggerBackend(7002): Too many Flogger logs received before configuration. Dropping old logs.
06-07 09:46:02.919: W/ProxyAndroidLoggerBackend(7002): Too many Flogger logs received before configuration. Dropping old logs.
06-07 09:46:02.921: E/ExecutionCriteria(6234): Package unavailable for task: com.google.android.videos/com.google.android.apps.play.movies.common.service.player.logging.QoePingService{u=0 tag="flush_qoe_logs" trigger=window{period=86400s,flex=86400s,earliest=-63239699s,latest=-63153299s} requirements=[NET_UNMETERED,CHARGING] attributes=[PERSISTED,RECURRING] scheduled=-63239699s last_run=N/A jid=N/A status=PENDING retries=0 client_lib=MANCHEGO_GCM-10400000}
06-07 09:46:02.922: E/ExecutionCriteria(6234): Package unavailable for task: com.google.android.videos/com.google.android.apps.play.movies.common.service.drm.RefreshLicenseTaskService{u=0 tag="refresh_license" trigger=window{period=172800s,flex=172800s,earliest=-63153299s,latest=-62980499s} requirements=[NET_CONNECTED] attributes=[PERSISTED,RECURRING] scheduled=-63153299s last_run=N/A jid=N/A status=PENDING retries=0 client_lib=MANCHEGO_GCM-10400000}
06-07 09:46:02.923: E/ExecutionCriteria(6234): Package unavailable for task: com.google.android.apps.gcs/.service.WfaStateTaskService{u=0 tag="WfaStateTask" trigger=window{period=518400s,flex=86400s,earliest=-62894217s,latest=-62807817s} requirements=[NET_ANY] attributes=[PERSISTED,RECURRING] scheduled=-63326217s last_run=N/A jid=N/A status=PENDING retries=0 client_lib=MANCHEGO_GCM-11732000}
06-07 09:46:02.923: E/ExecutionCriteria(6234): Package unavailable for task: com.google.android.apps.gcs/com.google.android.flib.phenotype.services.PhenotypeExperimentCommitService{u=0 tag="PhenotypeExpCommitSvc" trigger=window{start=0s,end=30s,earliest=-495s,latest=-465s} requirements=[NET_ANY] attributes=[PERSISTED] scheduled=-495s last_run=N/A jid=N/A status=PENDING retries=0 client_lib=MANCHEGO_GCM-11732000}
06-07 09:46:02.926: W/ProxyAndroidLoggerBackend(7002): Too many Flogger logs received before configuration. Dropping old logs.
06-07 09:46:02.927: W/ProxyAndroidLoggerBackend(7002): Too many Flogger logs received before configuration. Dropping old logs.
06-07 09:46:02.928: W/ProxyAndroidLoggerBackend(7002): Too many Flogger logs received before configuration. Dropping old logs.
06-07 09:46:02.928: W/ProxyAndroidLoggerBackend(7002): Too many Flogger logs received before configuration. Dropping old logs.
06-07 09:46:02.929: W/ProxyAndroidLoggerBackend(7002): Too many Flogger logs received before configuration. Dropping old logs.
06-07 09:46:02.930: W/ProxyAndroidLoggerBackend(7002): Too many Flogger logs received before configuration. Dropping old logs.
06-07 09:46:02.930: W/ProxyAndroidLoggerBackend(7002): Too many Flogger logs received before configuration. Dropping old logs.
06-07 09:46:02.930: W/ProxyAndroidLoggerBackend(7002): Too many Flogger logs received before configuration. Dropping old logs.
06-07 09:46:02.940: W/ProxyAndroidLoggerBackend(7002): Too many Flogger logs received before configuration. Dropping old logs.
06-07 09:46:02.940: W/ProxyAndroidLoggerBackend(7002): Too many Flogger logs received before configuration. Dropping old logs.
06-07 09:46:02.941: W/ProxyAndroidLoggerBackend(7002): Too many Flogger logs received before configuration. Dropping old logs.
06-07 09:46:02.941: W/ProxyAndroidLoggerBackend(7002): Too many Flogger logs received before configuration. Dropping old logs.
06-07 09:46:02.942: W/ProxyAndroidLoggerBackend(7002): Too many Flogger logs received before configuration. Dropping old logs.
06-07 09:46:02.943: W/ProxyAndroidLoggerBackend(7002): Too many Flogger logs received before configuration. Dropping old logs.
06-07 09:46:02.944: W/ProxyAndroidLoggerBackend(7002): Too many Flogger logs received before configuration. Dropping old logs.
06-07 09:46:02.944: W/ProxyAndroidLoggerBackend(7002): Too many Flogger logs received before configuration. Dropping old logs.
06-07 09:46:02.945: W/ProxyAndroidLoggerBackend(7002): Too many Flogger logs received before configuration. Dropping old logs.
06-07 09:46:02.946: W/ProxyAndroidLoggerBackend(7002): Too many Flogger logs received before configuration. Dropping old logs.
06-07 09:46:02.946: W/ProxyAndroidLoggerBackend(7002): Too many Flogger logs received before configuration. Dropping old logs.
06-07 09:46:02.947: W/ProxyAndroidLoggerBackend(7002): Too many Flogger logs received before configuration. Dropping old logs.
06-07 09:46:02.947: W/ProxyAndroidLoggerBackend(7002): Too many Flogger logs received before configuration. Dropping old logs.
06-07 09:46:02.948: W/ProxyAndroidLoggerBackend(7002): Too many Flogger logs received before configuration. Dropping old logs.
06-07 09:46:02.948: W/ProxyAndroidLoggerBackend(7002): Too many Flogger logs received before configuration. Dropping old logs.
06-07 09:46:02.948: W/ProxyAndroidLoggerBackend(7002): Too many Flogger logs received before configuration. Dropping old logs.
06-07 09:46:02.949: W/ProxyAndroidLoggerBackend(7002): Too many Flogger logs received before configuration. Dropping old logs.
06-07 09:46:02.949: W/ProxyAndroidLoggerBackend(7002): Too many Flogger logs received before configuration. Dropping old logs.
06-07 09:46:02.955: W/ProxyAndroidLoggerBackend(7002): Too many Flogger logs received before configuration. Dropping old logs.
06-07 09:46:02.960: W/ProxyAndroidLoggerBackend(7002): Too many Flogger logs received before configuration. Dropping old logs.
06-07 09:46:02.961: W/ProxyAndroidLoggerBackend(7002): Too many Flogger logs received before configuration. Dropping old logs.
06-07 09:46:02.961: W/ProxyAndroidLoggerBackend(7002): Too many Flogger logs received before configuration. Dropping old logs.
06-07 09:46:02.962: W/ProxyAndroidLoggerBackend(7002): Too many Flogger logs received before configuration. Dropping old logs.
06-07 09:46:02.962: W/ProxyAndroidLoggerBackend(7002): Too many Flogger logs received before configuration. Dropping old logs.
06-07 09:46:02.975: W/ProxyAndroidLoggerBackend(7002): Too many Flogger logs received before configuration. Dropping old logs.
06-07 09:46:02.976: W/ProxyAndroidLoggerBackend(7002): Too many Flogger logs received before configuration. Dropping old logs.
06-07 09:46:02.977: W/ProxyAndroidLoggerBackend(7002): Too many Flogger logs received before configuration. Dropping old logs.
06-07 09:46:02.977: W/ProxyAndroidLoggerBackend(7002): Too many Flogger logs received before configuration. Dropping old logs.
06-07 09:46:02.978: W/ProxyAndroidLoggerBackend(7002): Too many Flogger logs received before configuration. Dropping old logs.
06-07 09:46:02.978: W/ProxyAndroidLoggerBackend(7002): Too many Flogger logs received before configuration. Dropping old logs.
06-07 09:46:02.979: W/ProxyAndroidLoggerBackend(7002): Too many Flogger logs received before configuration. Dropping old logs.
06-07 09:46:02.979: W/ProxyAndroidLoggerBackend(7002): Too many Flogger logs received before configuration. Dropping old logs.
06-07 09:46:02.980: W/ProxyAndroidLoggerBackend(7002): Too many Flogger logs received before configuration. Dropping old logs.
06-07 09:46:02.981: W/ProxyAndroidLoggerBackend(7002): Too many Flogger logs received before configuration. Dropping old logs.
06-07 09:46:02.981: W/ProxyAndroidLoggerBackend(7002): Too many Flogger logs received before configuration. Dropping old logs.
06-07 09:46:02.982: W/ProxyAndroidLoggerBackend(7002): Too many Flogger logs received before configuration. Dropping old logs.
06-07 09:46:02.982: W/ProxyAndroidLoggerBackend(7002): Too many Flogger logs received before configuration. Dropping old logs.
06-07 09:46:02.985: I/Checkin(7657): [CheckinRequestProcessor] updateCheckinIdTokenFileFromResponse, Reading existing AID
06-07 09:46:02.986: I/CryptauthV2(7657): [EnrollCryptauthFramework] SyncKeysRequest successfully completed
06-07 09:46:02.991: W/ProxyAndroidLoggerBackend(7002): Too many Flogger logs received before configuration. Dropping old logs.
06-07 09:46:02.991: W/ProxyAndroidLoggerBackend(7002): Too many Flogger logs received before configuration. Dropping old logs.
06-07 09:46:02.992: W/ProxyAndroidLoggerBackend(7002): Too many Flogger logs received before configuration. Dropping old logs.
06-07 09:46:02.999: W/ProxyAndroidLoggerBackend(7002): Too many Flogger logs received before configuration. Dropping old logs.
06-07 09:46:03.000: W/ProxyAndroidLoggerBackend(7002): Too many Flogger logs received before configuration. Dropping old logs.
06-07 09:46:03.000: I/Checkin(7657): [CheckinRequestProcessor] Default Task : Checkin Succeeded: https://android.googleapis.com/checkin (fragment #1).
06-07 09:46:03.001: W/ProxyAndroidLoggerBackend(7002): Too many Flogger logs received before configuration. Dropping old logs.
06-07 09:46:03.001: W/ProxyAndroidLoggerBackend(7002): Too many Flogger logs received before configuration. Dropping old logs.
06-07 09:46:03.002: W/ProxyAndroidLoggerBackend(7002): Too many Flogger logs received before configuration. Dropping old logs.
06-07 09:46:03.021: I/Checkin(7657): [CheckinOperation] Checkin Operation finished with result: 0 finish time: 544554.
06-07 09:46:03.025: W/ProxyAndroidLoggerBackend(7002): Too many Flogger logs received before configuration. Dropping old logs.
06-07 09:46:03.026: W/ProxyAndroidLoggerBackend(7002): Too many Flogger logs received before configuration. Dropping old logs.
06-07 09:46:03.027: W/ProxyAndroidLoggerBackend(7002): Too many Flogger logs received before configuration. Dropping old logs.
06-07 09:46:03.032: I/Dialer(9829): GoogleDialerApplication.onCreate - enter
06-07 09:46:03.028: W/ProxyAndroidLoggerBackend(7002): Too many Flogger logs received before configuration. Dropping old logs.
06-07 09:46:03.039: W/ProxyAndroidLoggerBackend(7002): Too many Flogger logs received before configuration. Dropping old logs.
06-07 09:46:03.040: W/ProxyAndroidLoggerBackend(7002): Too many Flogger logs received before configuration. Dropping old logs.
06-07 09:46:03.041: W/ProxyAndroidLoggerBackend(7002): Too many Flogger logs received before configuration. Dropping old logs.
06-07 09:46:03.050: W/ProxyAndroidLoggerBackend(7002): Too many Flogger logs received before configuration. Dropping old logs.
06-07 09:46:03.050: W/ProxyAndroidLoggerBackend(7002): Too many Flogger logs received before configuration. Dropping old logs.
06-07 09:46:03.051: W/ProxyAndroidLoggerBackend(7002): Too many Flogger logs received before configuration. Dropping old logs.
06-07 09:46:03.051: W/ProxyAndroidLoggerBackend(7002): Too many Flogger logs received before configuration. Dropping old logs.
06-07 09:46:03.052: W/ProxyAndroidLoggerBackend(7002): Too many Flogger logs received before configuration. Dropping old logs.
06-07 09:46:03.053: W/ProxyAndroidLoggerBackend(7002): Too many Flogger logs received before configuration. Dropping old logs.
06-07 09:46:03.053: W/ProxyAndroidLoggerBackend(7002): Too many Flogger logs received before configuration. Dropping old logs.
06-07 09:46:03.054: I/anoa(6234): Scheduling Phenotype for a PhenotypeSyncImmediately(12, com.google.android.googlequicksearchbox) one off with window [1, 2] in seconds [CONTEXT service_id=51 ]
06-07 09:46:03.054: W/ProxyAndroidLoggerBackend(7002): Too many Flogger logs received before configuration. Dropping old logs.
06-07 09:46:03.054: W/ProxyAndroidLoggerBackend(7002): Too many Flogger logs received before configuration. Dropping old logs.
06-07 09:46:03.055: W/ProxyAndroidLoggerBackend(7002): Too many Flogger logs received before configuration. Dropping old logs.
06-07 09:46:03.055: W/ProxyAndroidLoggerBackend(7002): Too many Flogger logs received before configuration. Dropping old logs.
06-07 09:46:03.075: I/art(1165): Background partial concurrent mark sweep GC freed 67497(2MB) AllocSpace objects, 1(20KB) LOS objects, 33% free, 16MB/25MB, paused 1.561ms total 118.935ms
06-07 09:46:03.077: W/ProxyAndroidLoggerBackend(7002): Too many Flogger logs received before configuration. Dropping old logs.
06-07 09:46:03.078: W/ProxyAndroidLoggerBackend(7002): Too many Flogger logs received before configuration. Dropping old logs.
06-07 09:46:03.079: W/ProxyAndroidLoggerBackend(7002): Too many Flogger logs received before configuration. Dropping old logs.
06-07 09:46:03.079: W/ProxyAndroidLoggerBackend(7002): Too many Flogger logs received before configuration. Dropping old logs.
06-07 09:46:03.080: W/ProxyAndroidLoggerBackend(7002): Too many Flogger logs received before configuration. Dropping old logs.
06-07 09:46:03.081: W/ProxyAndroidLoggerBackend(7002): Too many Flogger logs received before configuration. Dropping old logs.
06-07 09:46:03.081: W/ProxyAndroidLoggerBackend(7002): Too many Flogger logs received before configuration. Dropping old logs.
06-07 09:46:03.082: W/ProxyAndroidLoggerBackend(7002): Too many Flogger logs received before configuration. Dropping old logs.
06-07 09:46:03.082: W/ProxyAndroidLoggerBackend(7002): Too many Flogger logs received before configuration. Dropping old logs.
06-07 09:46:03.083: W/ProxyAndroidLoggerBackend(7002): Too many Flogger logs received before configuration. Dropping old logs.
06-07 09:46:03.085: W/ProxyAndroidLoggerBackend(7002): Too many Flogger logs received before configuration. Dropping old logs.
06-07 09:46:03.086: W/ProxyAndroidLoggerBackend(7002): Too many Flogger logs received before configuration. Dropping old logs.
06-07 09:46:03.086: W/ProxyAndroidLoggerBackend(7002): Too many Flogger logs received before configuration. Dropping old logs.
06-07 09:46:03.088: W/ProxyAndroidLoggerBackend(7002): Too many Flogger logs received before configuration. Dropping old logs.
06-07 09:46:03.088: W/ProxyAndroidLoggerBackend(7002): Too many Flogger logs received before configuration. Dropping old logs.
06-07 09:46:03.106: I/Dialer(9829): DialerExecutorModule.newThread - creating low priority thread
06-07 09:46:03.121: I/CryptauthV2(7657): [EnrollCryptauthFramework] Performing EnrollKeysRequest for 3 keys.
06-07 09:46:03.154: W/ProxyAndroidLoggerBackend(7002): Too many Flogger logs received before configuration. Dropping old logs.
06-07 09:46:03.173: W/ProxyAndroidLoggerBackend(7002): Too many Flogger logs received before configuration. Dropping old logs.
06-07 09:46:03.174: W/ProxyAndroidLoggerBackend(7002): Too many Flogger logs received before configuration. Dropping old logs.
06-07 09:46:03.174: W/ProxyAndroidLoggerBackend(7002): Too many Flogger logs received before configuration. Dropping old logs.
06-07 09:46:03.175: W/ProxyAndroidLoggerBackend(7002): Too many Flogger logs received before configuration. Dropping old logs.
06-07 09:46:03.175: W/ProxyAndroidLoggerBackend(7002): Too many Flogger logs received before configuration. Dropping old logs.
06-07 09:46:03.175: W/ProxyAndroidLoggerBackend(7002): Too many Flogger logs received before configuration. Dropping old logs.
06-07 09:46:03.176: W/ProxyAndroidLoggerBackend(7002): Too many Flogger logs received before configuration. Dropping old logs.
06-07 09:46:03.177: W/ProxyAndroidLoggerBackend(7002): Too many Flogger logs received before configuration. Dropping old logs.
06-07 09:46:03.177: W/ProxyAndroidLoggerBackend(7002): Too many Flogger logs received before configuration. Dropping old logs.
06-07 09:46:03.178: W/ProxyAndroidLoggerBackend(7002): Too many Flogger logs received before configuration. Dropping old logs.
06-07 09:46:03.179: W/ProxyAndroidLoggerBackend(7002): Too many Flogger logs received before configuration. Dropping old logs.
06-07 09:46:03.179: W/ProxyAndroidLoggerBackend(7002): Too many Flogger logs received before configuration. Dropping old logs.
06-07 09:46:03.180: W/ProxyAndroidLoggerBackend(7002): Too many Flogger logs received before configuration. Dropping old logs.
06-07 09:46:03.181: W/ProxyAndroidLoggerBackend(7002): Too many Flogger logs received before configuration. Dropping old logs.
06-07 09:46:03.181: W/ProxyAndroidLoggerBackend(7002): Too many Flogger logs received before configuration. Dropping old logs.
06-07 09:46:03.182: W/ProxyAndroidLoggerBackend(7002): Too many Flogger logs received before configuration. Dropping old logs.
06-07 09:46:03.182: W/ProxyAndroidLoggerBackend(7002): Too many Flogger logs received before configuration. Dropping old logs.
06-07 09:46:03.202: E/art(9829): The String#value field is not present on Android versions >= 6.0
06-07 09:46:03.203: W/ProxyAndroidLoggerBackend(7002): Too many Flogger logs received before configuration. Dropping old logs.
06-07 09:46:03.204: W/ProxyAndroidLoggerBackend(7002): Too many Flogger logs received before configuration. Dropping old logs.
06-07 09:46:03.204: W/ProxyAndroidLoggerBackend(7002): Too many Flogger logs received before configuration. Dropping old logs.
06-07 09:46:03.205: W/ProxyAndroidLoggerBackend(7002): Too many Flogger logs received before configuration. Dropping old logs.
06-07 09:46:03.205: W/ProxyAndroidLoggerBackend(7002): Too many Flogger logs received before configuration. Dropping old logs.
06-07 09:46:03.206: W/ProxyAndroidLoggerBackend(7002): Too many Flogger logs received before configuration. Dropping old logs.
06-07 09:46:03.207: W/ProxyAndroidLoggerBackend(7002): Too many Flogger logs received before configuration. Dropping old logs.
06-07 09:46:03.208: W/ProxyAndroidLoggerBackend(7002): Too many Flogger logs received before configuration. Dropping old logs.
06-07 09:46:03.208: W/ProxyAndroidLoggerBackend(7002): Too many Flogger logs received before configuration. Dropping old logs.
06-07 09:46:03.209: W/ProxyAndroidLoggerBackend(7002): Too many Flogger logs received before configuration. Dropping old logs.
06-07 09:46:03.236: W/ProxyAndroidLoggerBackend(7002): Too many Flogger logs received before configuration. Dropping old logs.
06-07 09:46:03.237: W/ProxyAndroidLoggerBackend(7002): Too many Flogger logs received before configuration. Dropping old logs.
