06-07 09:46:03.237: W/ProxyAndroidLoggerBackend(7002): Too many Flogger logs received before configuration. Dropping old logs.
06-07 09:46:03.238: W/ProxyAndroidLoggerBackend(7002): Too many Flogger logs received before configuration. Dropping old logs.
06-07 09:46:03.238: W/ProxyAndroidLoggerBackend(7002): Too many Flogger logs received before configuration. Dropping old logs.
06-07 09:46:03.239: W/ProxyAndroidLoggerBackend(7002): Too many Flogger logs received before configuration. Dropping old logs.
06-07 09:46:03.239: W/ProxyAndroidLoggerBackend(7002): Too many Flogger logs received before configuration. Dropping old logs.
06-07 09:46:03.239: W/ProxyAndroidLoggerBackend(7002): Too many Flogger logs received before configuration. Dropping old logs.
06-07 09:46:03.240: W/ProxyAndroidLoggerBackend(7002): Too many Flogger logs received before configuration. Dropping old logs.
06-07 09:46:03.241: W/ProxyAndroidLoggerBackend(7002): Too many Flogger logs received before configuration. Dropping old logs.
06-07 09:46:03.241: W/ProxyAndroidLoggerBackend(7002): Too many Flogger logs received before configuration. Dropping old logs.
06-07 09:46:03.242: W/ProxyAndroidLoggerBackend(7002): Too many Flogger logs received before configuration. Dropping old logs.
06-07 09:46:03.242: W/ProxyAndroidLoggerBackend(7002): Too many Flogger logs received before configuration. Dropping old logs.
06-07 09:46:03.261: W/ProxyAndroidLoggerBackend(7002): Too many Flogger logs received before configuration. Dropping old logs.
06-07 09:46:03.262: W/ProxyAndroidLoggerBackend(7002): Too many Flogger logs received before configuration. Dropping old logs.
06-07 09:46:03.262: W/ProxyAndroidLoggerBackend(7002): Too many Flogger logs received before configuration. Dropping old logs.
06-07 09:46:03.269: W/ProxyAndroidLoggerBackend(7002): Too many Flogger logs received before configuration. Dropping old logs.
06-07 09:46:03.270: W/ProxyAndroidLoggerBackend(7002): Too many Flogger logs received before configuration. Dropping old logs.
06-07 09:46:03.271: W/ProxyAndroidLoggerBackend(7002): Too many Flogger logs received before configuration. Dropping old logs.
06-07 09:46:03.271: W/ProxyAndroidLoggerBackend(7002): Too many Flogger logs received before configuration. Dropping old logs.
06-07 09:46:03.272: W/ProxyAndroidLoggerBackend(7002): Too many Flogger logs received before configuration. Dropping old logs.
06-07 09:46:03.272: W/ProxyAndroidLoggerBackend(7002): Too many Flogger logs received before configuration. Dropping old logs.
06-07 09:46:03.273: W/ProxyAndroidLoggerBackend(7002): Too many Flogger logs received before configuration. Dropping old logs.
06-07 09:46:03.274: W/ProxyAndroidLoggerBackend(7002): Too many Flogger logs received before configuration. Dropping old logs.
06-07 09:46:03.275: W/ProxyAndroidLoggerBackend(7002): Too many Flogger logs received before configuration. Dropping old logs.
06-07 09:46:03.275: W/ProxyAndroidLoggerBackend(7002): Too many Flogger logs received before configuration. Dropping old logs.
06-07 09:46:03.276: W/ProxyAndroidLoggerBackend(7002): Too many Flogger logs received before configuration. Dropping old logs.
06-07 09:46:03.301: I/Dialer(9829): SpamModule.provideSpam - using in-app spam
06-07 09:46:03.305: I/TestSupport(7657): AwaitCommitOperation: uncommitted: FlagOverride(com.google.android.gms.auth_account, , Flag(auth_sig_override_target_uid, 10124, 1, 0), false) [CONTEXT service_id=133 ]
06-07 09:46:03.305: I/TestSupport(7657): AwaitCommitOperation:  sleeping for 1280 msec. [CONTEXT service_id=133 ]
06-07 09:46:03.313: W/ProxyAndroidLoggerBackend(7002): Too many Flogger logs received before configuration. Dropping old logs.
06-07 09:46:03.313: W/ProxyAndroidLoggerBackend(7002): Too many Flogger logs received before configuration. Dropping old logs.
06-07 09:46:03.315: W/ProxyAndroidLoggerBackend(7002): Too many Flogger logs received before configuration. Dropping old logs.
06-07 09:46:03.316: W/ProxyAndroidLoggerBackend(7002): Too many Flogger logs received before configuration. Dropping old logs.
06-07 09:46:03.317: W/ProxyAndroidLoggerBackend(7002): Too many Flogger logs received before configuration. Dropping old logs.
06-07 09:46:03.318: W/ProxyAndroidLoggerBackend(7002): Too many Flogger logs received before configuration. Dropping old logs.
06-07 09:46:03.318: W/ProxyAndroidLoggerBackend(7002): Too many Flogger logs received before configuration. Dropping old logs.
06-07 09:46:03.319: W/ProxyAndroidLoggerBackend(7002): Too many Flogger logs received before configuration. Dropping old logs.
06-07 09:46:03.319: W/ProxyAndroidLoggerBackend(7002): Too many Flogger logs received before configuration. Dropping old logs.
06-07 09:46:03.321: W/ProxyAndroidLoggerBackend(7002): Too many Flogger logs received before configuration. Dropping old logs.
06-07 09:46:03.321: W/ProxyAndroidLoggerBackend(7002): Too many Flogger logs received before configuration. Dropping old logs.
06-07 09:46:03.322: W/ProxyAndroidLoggerBackend(7002): Too many Flogger logs received before configuration. Dropping old logs.
06-07 09:46:03.322: I/CryptauthV2(7657): [EnrollCryptauthFramework] EnrollKeysRequest successfully completed.
06-07 09:46:03.322: I/CryptauthV2(7657): [EnrollCryptauthFramework] Enrollment successful.
06-07 09:46:03.322: W/ProxyAndroidLoggerBackend(7002): Too many Flogger logs received before configuration. Dropping old logs.
06-07 09:46:03.326: I/Dialer(9829): SpamModule.provideSpam - using in-app spam
06-07 09:46:03.327: I/Dialer(9829): NonUiTaskBuilder.newThread - creating serial thread
06-07 09:46:03.328: I/Dialer(9829): DialerExecutorModule.newThread - creating low priority thread
06-07 09:46:03.344: I/art(7657): Compiler allocated 7MB to compile int bxmm.g(java.lang.Object)
06-07 09:46:03.364: W/ProxyAndroidLoggerBackend(7002): Too many Flogger logs received before configuration. Dropping old logs.
06-07 09:46:03.365: W/ProxyAndroidLoggerBackend(7002): Too many Flogger logs received before configuration. Dropping old logs.
06-07 09:46:03.366: W/ProxyAndroidLoggerBackend(7002): Too many Flogger logs received before configuration. Dropping old logs.
06-07 09:46:03.366: W/ProxyAndroidLoggerBackend(7002): Too many Flogger logs received before configuration. Dropping old logs.
06-07 09:46:03.367: W/ProxyAndroidLoggerBackend(7002): Too many Flogger logs received before configuration. Dropping old logs.
06-07 09:46:03.368: W/ProxyAndroidLoggerBackend(7002): Too many Flogger logs received before configuration. Dropping old logs.
06-07 09:46:03.369: W/ProxyAndroidLoggerBackend(7002): Too many Flogger logs received before configuration. Dropping old logs.
06-07 09:46:03.384: W/ProxyAndroidLoggerBackend(7002): Too many Flogger logs received before configuration. Dropping old logs.
06-07 09:46:03.384: W/ProxyAndroidLoggerBackend(7002): Too many Flogger logs received before configuration. Dropping old logs.
06-07 09:46:03.385: W/ProxyAndroidLoggerBackend(7002): Too many Flogger logs received before configuration. Dropping old logs.
06-07 09:46:03.386: W/ProxyAndroidLoggerBackend(7002): Too many Flogger logs received before configuration. Dropping old logs.
06-07 09:46:03.387: W/ProxyAndroidLoggerBackend(7002): Too many Flogger logs received before configuration. Dropping old logs.
06-07 09:46:03.393: E/ProximityAuth(6234): [BetterTogetherFeatureSupportIntentOperation] Failed to setFeatureSupported for [BETTER_TOGETHER_HOST] with status [Status{statusCode=unknown status code: -25501, resolution=null}].
06-07 09:46:03.404: W/ProxyAndroidLoggerBackend(7002): Too many Flogger logs received before configuration. Dropping old logs.
06-07 09:46:03.405: W/ProxyAndroidLoggerBackend(7002): Too many Flogger logs received before configuration. Dropping old logs.
06-07 09:46:03.406: W/ProxyAndroidLoggerBackend(7002): Too many Flogger logs received before configuration. Dropping old logs.
06-07 09:46:03.407: W/ProxyAndroidLoggerBackend(7002): Too many Flogger logs received before configuration. Dropping old logs.
06-07 09:46:03.407: W/ProxyAndroidLoggerBackend(7002): Too many Flogger logs received before configuration. Dropping old logs.
06-07 09:46:03.408: W/ProxyAndroidLoggerBackend(7002): Too many Flogger logs received before configuration. Dropping old logs.
06-07 09:46:03.409: W/ProxyAndroidLoggerBackend(7002): Too many Flogger logs received before configuration. Dropping old logs.
06-07 09:46:03.410: W/ProxyAndroidLoggerBackend(7002): Too many Flogger logs received before configuration. Dropping old logs.
06-07 09:46:03.410: W/ProxyAndroidLoggerBackend(7002): Too many Flogger logs received before configuration. Dropping old logs.
06-07 09:46:03.411: W/ProxyAndroidLoggerBackend(7002): Too many Flogger logs received before configuration. Dropping old logs.
06-07 09:46:03.411: W/ProxyAndroidLoggerBackend(7002): Too many Flogger logs received before configuration. Dropping old logs.
06-07 09:46:03.412: W/ProxyAndroidLoggerBackend(7002): Too many Flogger logs received before configuration. Dropping old logs.
06-07 09:46:03.413: W/art(6490): Suspending all threads took: 152.861ms
06-07 09:46:03.433: I/Dialer(9829): ShortcutsJobScheduler.scheduleAllJobs - enter
06-07 09:46:03.435: W/ProxyAndroidLoggerBackend(7002): Too many Flogger logs received before configuration. Dropping old logs.
06-07 09:46:03.435: W/ProxyAndroidLoggerBackend(7002): Too many Flogger logs received before configuration. Dropping old logs.
06-07 09:46:03.436: W/ProxyAndroidLoggerBackend(7002): Too many Flogger logs received before configuration. Dropping old logs.
06-07 09:46:03.437: W/ProxyAndroidLoggerBackend(7002): Too many Flogger logs received before configuration. Dropping old logs.
06-07 09:46:03.437: W/ProxyAndroidLoggerBackend(7002): Too many Flogger logs received before configuration. Dropping old logs.
06-07 09:46:03.438: W/ProxyAndroidLoggerBackend(7002): Too many Flogger logs received before configuration. Dropping old logs.
06-07 09:46:03.439: W/ProxyAndroidLoggerBackend(7002): Too many Flogger logs received before configuration. Dropping old logs.
06-07 09:46:03.440: W/ProxyAndroidLoggerBackend(7002): Too many Flogger logs received before configuration. Dropping old logs.
06-07 09:46:03.440: W/ProxyAndroidLoggerBackend(7002): Too many Flogger logs received before configuration. Dropping old logs.
06-07 09:46:03.441: W/ProxyAndroidLoggerBackend(7002): Too many Flogger logs received before configuration. Dropping old logs.
06-07 09:46:03.442: W/ProxyAndroidLoggerBackend(7002): Too many Flogger logs received before configuration. Dropping old logs.
06-07 09:46:03.442: W/ProxyAndroidLoggerBackend(7002): Too many Flogger logs received before configuration. Dropping old logs.
06-07 09:46:03.445: W/ProxyAndroidLoggerBackend(7002): Too many Flogger logs received before configuration. Dropping old logs.
06-07 09:46:03.446: W/ProxyAndroidLoggerBackend(7002): Too many Flogger logs received before configuration. Dropping old logs.
06-07 09:46:03.446: W/ProxyAndroidLoggerBackend(7002): Too many Flogger logs received before configuration. Dropping old logs.
06-07 09:46:03.447: W/ProxyAndroidLoggerBackend(7002): Too many Flogger logs received before configuration. Dropping old logs.
06-07 09:46:03.448: W/ProxyAndroidLoggerBackend(7002): Too many Flogger logs received before configuration. Dropping old logs.
06-07 09:46:03.449: W/ProxyAndroidLoggerBackend(7002): Too many Flogger logs received before configuration. Dropping old logs.
06-07 09:46:03.450: W/ProxyAndroidLoggerBackend(7002): Too many Flogger logs received before configuration. Dropping old logs.
06-07 09:46:03.451: W/ProxyAndroidLoggerBackend(7002): Too many Flogger logs received before configuration. Dropping old logs.
06-07 09:46:03.452: I/Dialer(9829): ShortcutsJobScheduler.scheduleAllJobs - enabling shortcuts
06-07 09:46:03.453: I/Dialer(9829): PeriodicJobService.schedulePeriodicJob - enter
06-07 09:46:03.453: W/ProxyAndroidLoggerBackend(7002): Too many Flogger logs received before configuration. Dropping old logs.
06-07 09:46:03.454: I/Dialer(9829): PeriodicJobService.schedulePeriodicJob - job already scheduled.
06-07 09:46:03.455: I/Dialer(9829): ClearcutMetricsInitializer - Initializing
06-07 09:46:03.459: I/Dialer(9829): ClearcutMetricsInitializer - Primes Metrics Monitoring started
06-07 09:46:03.459: I/Dialer(9829): GoogleDialerApplication.onCreate - register new client
06-07 09:46:03.470: W/ProxyAndroidLoggerBackend(7002): Too many Flogger logs received before configuration. Dropping old logs.
06-07 09:46:03.470: W/ProxyAndroidLoggerBackend(7002): Too many Flogger logs received before configuration. Dropping old logs.
06-07 09:46:03.471: W/ProxyAndroidLoggerBackend(7002): Too many Flogger logs received before configuration. Dropping old logs.
06-07 09:46:03.472: W/ProxyAndroidLoggerBackend(7002): Too many Flogger logs received before configuration. Dropping old logs.
06-07 09:46:03.472: W/ProxyAndroidLoggerBackend(7002): Too many Flogger logs received before configuration. Dropping old logs.
06-07 09:46:03.473: W/ProxyAndroidLoggerBackend(7002): Too many Flogger logs received before configuration. Dropping old logs.
06-07 09:46:03.473: W/ProxyAndroidLoggerBackend(7002): Too many Flogger logs received before configuration. Dropping old logs.
06-07 09:46:03.474: W/ProxyAndroidLoggerBackend(7002): Too many Flogger logs received before configuration. Dropping old logs.
06-07 09:46:03.474: W/ProxyAndroidLoggerBackend(7002): Too many Flogger logs received before configuration. Dropping old logs.
06-07 09:46:03.475: W/ProxyAndroidLoggerBackend(7002): Too many Flogger logs received before configuration. Dropping old logs.
06-07 09:46:03.476: W/ProxyAndroidLoggerBackend(7002): Too many Flogger logs received before configuration. Dropping old logs.
06-07 09:46:03.487: I/anoa(6234): Scheduling adaptive one off task with window [14400, 604800] in seconds [CONTEXT service_id=51 ]
06-07 09:46:03.489: D/MusicPlaybackService(9004): v2 updateServiceInitState
06-07 09:46:03.490: I/MusicPlaybackService(9004): v2 Initialized
06-07 09:46:03.492: E/ExecutionCriteria(6234): Package unavailable for task: com.google.android.videos/com.google.android.apps.play.movies.common.service.player.logging.QoePingService{u=0 tag="flush_qoe_logs" trigger=window{period=86400s,flex=86400s,earliest=-63239699s,latest=-63153299s} requirements=[NET_UNMETERED,CHARGING] attributes=[PERSISTED,RECURRING] scheduled=-63239699s last_run=N/A jid=N/A status=PENDING retries=0 client_lib=MANCHEGO_GCM-10400000}
06-07 09:46:03.493: E/ExecutionCriteria(6234): Package unavailable for task: com.google.android.videos/com.google.android.apps.play.movies.common.service.drm.RefreshLicenseTaskService{u=0 tag="refresh_license" trigger=window{period=172800s,flex=172800s,earliest=-63153299s,latest=-62980499s} requirements=[NET_CONNECTED] attributes=[PERSISTED,RECURRING] scheduled=-63153299s last_run=N/A jid=N/A status=PENDING retries=0 client_lib=MANCHEGO_GCM-10400000}
06-07 09:46:03.494: E/ExecutionCriteria(6234): Package unavailable for task: com.google.android.apps.gcs/.service.WfaStateTaskService{u=0 tag="WfaStateTask" trigger=window{period=518400s,flex=86400s,earliest=-62894218s,latest=-62807818s} requirements=[NET_ANY] attributes=[PERSISTED,RECURRING] scheduled=-63326218s last_run=N/A jid=N/A status=PENDING retries=0 client_lib=MANCHEGO_GCM-11732000}
06-07 09:46:03.496: W/ProxyAndroidLoggerBackend(7002): Too many Flogger logs received before configuration. Dropping old logs.
06-07 09:46:03.496: E/ExecutionCriteria(6234): Package unavailable for task: com.google.android.apps.gcs/com.google.android.flib.phenotype.services.PhenotypeExperimentCommitService{u=0 tag="PhenotypeExpCommitSvc" trigger=window{start=0s,end=30s,earliest=-495s,latest=-465s} requirements=[NET_ANY] attributes=[PERSISTED] scheduled=-495s last_run=N/A jid=N/A status=PENDING retries=0 client_lib=MANCHEGO_GCM-11732000}
06-07 09:46:03.497: W/ProxyAndroidLoggerBackend(7002): Too many Flogger logs received before configuration. Dropping old logs.
06-07 09:46:03.499: W/ProxyAndroidLoggerBackend(7002): Too many Flogger logs received before configuration. Dropping old logs.
06-07 09:46:03.528: W/art(9688): Verification of void org.chromium.base.BuildInfo.<clinit>() took 189.171ms
06-07 09:46:03.551: I/CryptauthV2(7657): [EnrollKeyName] ClientName calling Cryptauth is ForceRegistration
06-07 09:46:03.572: W/ProxyAndroidLoggerBackend(7002): Too many Flogger logs received before configuration. Dropping old logs.
06-07 09:46:03.581: W/ProxyAndroidLoggerBackend(7002): Too many Flogger logs received before configuration. Dropping old logs.
06-07 09:46:03.582: W/ProxyAndroidLoggerBackend(7002): Too many Flogger logs received before configuration. Dropping old logs.
06-07 09:46:03.586: I/Dialer(9829): GoogleDialerApplication.onCreate - registered new client
06-07 09:46:03.594: W/Conscrypt(6234): Could not set socket write timeout: java.net.SocketException: Socket closed
06-07 09:46:03.595: W/Conscrypt(6234): 	at com.google.android.gms.org.conscrypt.Platform.setSocketWriteTimeout(:com.google.android.gms@200914019@20.09.14 (040400-300565878):2)
06-07 09:46:03.595: W/Conscrypt(6234): 	at com.google.android.gms.org.conscrypt.ConscryptFileDescriptorSocket.setSoWriteTimeout(:com.google.android.gms@200914019@20.09.14 (040400-300565878):0)
06-07 09:46:03.629: W/ProxyAndroidLoggerBackend(7002): Too many Flogger logs received before configuration. Dropping old logs.
06-07 09:46:03.635: W/Conscrypt(6234): Could not set socket write timeout: java.net.SocketException: Socket closed
06-07 09:46:03.634: W/art(9688): Verification of void org.chromium.base.BuildInfo.<init>() took 106.333ms
06-07 09:46:03.636: W/Conscrypt(6234): 	at com.google.android.gms.org.conscrypt.Platform.setSocketWriteTimeout(:com.google.android.gms@200914019@20.09.14 (040400-300565878):2)
06-07 09:46:03.636: W/Conscrypt(6234): 	at com.google.android.gms.org.conscrypt.ConscryptFileDescriptorSocket.setSoWriteTimeout(:com.google.android.gms@200914019@20.09.14 (040400-300565878):0)
06-07 09:46:03.645: W/ProxyAndroidLoggerBackend(7002): Too many Flogger logs received before configuration. Dropping old logs.
06-07 09:46:03.648: W/ProxyAndroidLoggerBackend(7002): Too many Flogger logs received before configuration. Dropping old logs.
06-07 09:46:03.649: W/ProxyAndroidLoggerBackend(7002): Too many Flogger logs received before configuration. Dropping old logs.
06-07 09:46:03.651: W/ProxyAndroidLoggerBackend(7002): Too many Flogger logs received before configuration. Dropping old logs.
06-07 09:46:03.651: W/ProxyAndroidLoggerBackend(7002): Too many Flogger logs received before configuration. Dropping old logs.
06-07 09:46:03.652: W/ProxyAndroidLoggerBackend(7002): Too many Flogger logs received before configuration. Dropping old logs.
06-07 09:46:03.653: W/ProxyAndroidLoggerBackend(7002): Too many Flogger logs received before configuration. Dropping old logs.
06-07 09:46:03.665: W/ProxyAndroidLoggerBackend(7002): Too many Flogger logs received before configuration. Dropping old logs.
06-07 09:46:03.667: W/ProxyAndroidLoggerBackend(7002): Too many Flogger logs received before configuration. Dropping old logs.
06-07 09:46:03.669: W/ProxyAndroidLoggerBackend(7002): Too many Flogger logs received before configuration. Dropping old logs.
06-07 09:46:03.674: E/ExecutionCriteria(6234): Package unavailable for task: com.google.android.videos/com.google.android.apps.play.movies.common.service.player.logging.QoePingService{u=0 tag="flush_qoe_logs" trigger=window{period=86400s,flex=86400s,earliest=-63239699s,latest=-63153299s} requirements=[NET_UNMETERED,CHARGING] attributes=[PERSISTED,RECURRING] scheduled=-63239699s last_run=N/A jid=N/A status=PENDING retries=0 client_lib=MANCHEGO_GCM-10400000}
06-07 09:46:03.676: E/ExecutionCriteria(6234): Package unavailable for task: com.google.android.videos/com.google.android.apps.play.movies.common.service.drm.RefreshLicenseTaskService{u=0 tag="refresh_license" trigger=window{period=172800s,flex=172800s,earliest=-63153299s,latest=-62980499s} requirements=[NET_CONNECTED] attributes=[PERSISTED,RECURRING] scheduled=-63153299s last_run=N/A jid=N/A status=PENDING retries=0 client_lib=MANCHEGO_GCM-10400000}
06-07 09:46:03.679: W/CryptauthV2(7657): [ClientDataOperation] No keyMetadata found for keyName=DeviceSync:BetterTogether
06-07 09:46:03.679: E/ExecutionCriteria(6234): Package unavailable for task: com.google.android.apps.gcs/.service.WfaStateTaskService{u=0 tag="WfaStateTask" trigger=window{period=518400s,flex=86400s,earliest=-62894218s,latest=-62807818s} requirements=[NET_ANY] attributes=[PERSISTED,RECURRING] scheduled=-63326218s last_run=N/A jid=N/A status=PENDING retries=0 client_lib=MANCHEGO_GCM-11732000}
06-07 09:46:03.681: E/ExecutionCriteria(6234): Package unavailable for task: com.google.android.apps.gcs/com.google.android.flib.phenotype.services.PhenotypeExperimentCommitService{u=0 tag="PhenotypeExpCommitSvc" trigger=window{start=0s,end=30s,earliest=-495s,latest=-465s} requirements=[NET_ANY] attributes=[PERSISTED] scheduled=-495s last_run=N/A jid=N/A status=PENDING retries=0 client_lib=MANCHEGO_GCM-11732000}
06-07 09:46:03.685: W/CryptauthV2(7657): [ClientDataOperation] No keyMetadata found for keyName=PublicKey
06-07 09:46:03.691: W/CryptauthV2(7657): [ClientDataOperation] No keyMetadata found for keyName=authzen
06-07 09:46:03.692: I/CryptauthV2(7657): [EnrollCryptauthFramework] Performing SyncKeysRequest with 3 keys.
06-07 09:46:03.693: W/ProxyAndroidLoggerBackend(7002): Too many Flogger logs received before configuration. Dropping old logs.
06-07 09:46:03.694: W/ProxyAndroidLoggerBackend(7002): Too many Flogger logs received before configuration. Dropping old logs.
06-07 09:46:03.695: W/ProxyAndroidLoggerBackend(7002): Too many Flogger logs received before configuration. Dropping old logs.
06-07 09:46:03.697: W/ProxyAndroidLoggerBackend(7002): Too many Flogger logs received before configuration. Dropping old logs.
06-07 09:46:03.703: W/ProxyAndroidLoggerBackend(7002): Too many Flogger logs received before configuration. Dropping old logs.
06-07 09:46:03.704: W/ProxyAndroidLoggerBackend(7002): Too many Flogger logs received before configuration. Dropping old logs.
06-07 09:46:03.704: W/ProxyAndroidLoggerBackend(7002): Too many Flogger logs received before configuration. Dropping old logs.
06-07 09:46:03.705: W/ProxyAndroidLoggerBackend(7002): Too many Flogger logs received before configuration. Dropping old logs.
06-07 09:46:03.706: W/ProxyAndroidLoggerBackend(7002): Too many Flogger logs received before configuration. Dropping old logs.
06-07 09:46:03.708: W/ProxyAndroidLoggerBackend(7002): Too many Flogger logs received before configuration. Dropping old logs.
06-07 09:46:03.709: W/ProxyAndroidLoggerBackend(7002): Too many Flogger logs received before configuration. Dropping old logs.
06-07 09:46:03.720: I/PeopleChimeraService(7657): onService. callbacks = aakm@42c5bfe, request = com.google.android.gms.common.internal.GetServiceRequest@f5ebf5f
06-07 09:46:03.724: W/ProxyAndroidLoggerBackend(7002): Too many Flogger logs received before configuration. Dropping old logs.
06-07 09:46:03.725: W/ProxyAndroidLoggerBackend(7002): Too many Flogger logs received before configuration. Dropping old logs.
06-07 09:46:03.727: W/ProxyAndroidLoggerBackend(7002): Too many Flogger logs received before configuration. Dropping old logs.
06-07 09:46:03.728: W/ProxyAndroidLoggerBackend(7002): Too many Flogger logs received before configuration. Dropping old logs.
06-07 09:46:03.728: W/ProxyAndroidLoggerBackend(7002): Too many Flogger logs received before configuration. Dropping old logs.
06-07 09:46:03.729: W/ProxyAndroidLoggerBackend(7002): Too many Flogger logs received before configuration. Dropping old logs.
06-07 09:46:03.729: W/ProxyAndroidLoggerBackend(7002): Too many Flogger logs received before configuration. Dropping old logs.
06-07 09:46:03.730: W/ProxyAndroidLoggerBackend(7002): Too many Flogger logs received before configuration. Dropping old logs.
06-07 09:46:03.730: W/ProxyAndroidLoggerBackend(7002): Too many Flogger logs received before configuration. Dropping old logs.
06-07 09:46:03.731: W/ProxyAndroidLoggerBackend(7002): Too many Flogger logs received before configuration. Dropping old logs.
06-07 09:46:03.732: W/ProxyAndroidLoggerBackend(7002): Too many Flogger logs received before configuration. Dropping old logs.
06-07 09:46:03.732: W/ProxyAndroidLoggerBackend(7002): Too many Flogger logs received before configuration. Dropping old logs.
06-07 09:46:03.732: W/ProxyAndroidLoggerBackend(7002): Too many Flogger logs received before configuration. Dropping old logs.
06-07 09:46:03.741: W/ProxyAndroidLoggerBackend(7002): Too many Flogger logs received before configuration. Dropping old logs.
06-07 09:46:03.742: W/ProxyAndroidLoggerBackend(7002): Too many Flogger logs received before configuration. Dropping old logs.
06-07 09:46:03.743: W/ProxyAndroidLoggerBackend(7002): Too many Flogger logs received before configuration. Dropping old logs.
06-07 09:46:03.743: W/ProxyAndroidLoggerBackend(7002): Too many Flogger logs received before configuration. Dropping old logs.
06-07 09:46:03.744: W/ProxyAndroidLoggerBackend(7002): Too many Flogger logs received before configuration. Dropping old logs.
06-07 09:46:03.745: W/ProxyAndroidLoggerBackend(7002): Too many Flogger logs received before configuration. Dropping old logs.
06-07 09:46:03.745: W/ProxyAndroidLoggerBackend(7002): Too many Flogger logs received before configuration. Dropping old logs.
06-07 09:46:03.747: W/ProxyAndroidLoggerBackend(7002): Too many Flogger logs received before configuration. Dropping old logs.
06-07 09:46:03.748: W/ProxyAndroidLoggerBackend(7002): Too many Flogger logs received before configuration. Dropping old logs.
06-07 09:46:03.749: W/ProxyAndroidLoggerBackend(7002): Too many Flogger logs received before configuration. Dropping old logs.
06-07 09:46:03.749: W/ProxyAndroidLoggerBackend(7002): Too many Flogger logs received before configuration. Dropping old logs.
06-07 09:46:03.750: W/ProxyAndroidLoggerBackend(7002): Too many Flogger logs received before configuration. Dropping old logs.
06-07 09:46:03.751: W/ProxyAndroidLoggerBackend(7002): Too many Flogger logs received before configuration. Dropping old logs.
06-07 09:46:03.752: W/ProxyAndroidLoggerBackend(7002): Too many Flogger logs received before configuration. Dropping old logs.
06-07 09:46:03.754: I/cr_CronetLibraryLoader(9688): Cronet version: 78.0.3904.96, arch: aarch64
06-07 09:46:03.759: W/ProxyAndroidLoggerBackend(7002): Too many Flogger logs received before configuration. Dropping old logs.
06-07 09:46:03.764: I/PeopleChimeraService(7657): onService. callbacks = aakm@826f644, request = com.google.android.gms.common.internal.GetServiceRequest@437c32d
06-07 09:46:03.766: W/ProxyAndroidLoggerBackend(7002): Too many Flogger logs received before configuration. Dropping old logs.
06-07 09:46:03.766: W/ProxyAndroidLoggerBackend(7002): Too many Flogger logs received before configuration. Dropping old logs.
06-07 09:46:03.768: W/ProxyAndroidLoggerBackend(7002): Too many Flogger logs received before configuration. Dropping old logs.
06-07 09:46:03.769: W/ProxyAndroidLoggerBackend(7002): Too many Flogger logs received before configuration. Dropping old logs.
06-07 09:46:03.773: W/ProxyAndroidLoggerBackend(7002): Too many Flogger logs received before configuration. Dropping old logs.
06-07 09:46:03.774: W/ProxyAndroidLoggerBackend(7002): Too many Flogger logs received before configuration. Dropping old logs.
06-07 09:46:03.774: W/ProxyAndroidLoggerBackend(7002): Too many Flogger logs received before configuration. Dropping old logs.
06-07 09:46:03.775: W/ProxyAndroidLoggerBackend(7002): Too many Flogger logs received before configuration. Dropping old logs.
06-07 09:46:03.776: W/ProxyAndroidLoggerBackend(7002): Too many Flogger logs received before configuration. Dropping old logs.
06-07 09:46:03.777: W/ProxyAndroidLoggerBackend(7002): Too many Flogger logs received before configuration. Dropping old logs.
06-07 09:46:03.777: W/ProxyAndroidLoggerBackend(7002): Too many Flogger logs received before configuration. Dropping old logs.
06-07 09:46:03.778: W/ProxyAndroidLoggerBackend(7002): Too many Flogger logs received before configuration. Dropping old logs.
06-07 09:46:03.779: W/ProxyAndroidLoggerBackend(7002): Too many Flogger logs received before configuration. Dropping old logs.
06-07 09:46:03.780: W/ProxyAndroidLoggerBackend(7002): Too many Flogger logs received before configuration. Dropping old logs.
06-07 09:46:03.780: W/ProxyAndroidLoggerBackend(7002): Too many Flogger logs received before configuration. Dropping old logs.
06-07 09:46:03.781: W/ProxyAndroidLoggerBackend(7002): Too many Flogger logs received before configuration. Dropping old logs.
06-07 09:46:03.782: W/ProxyAndroidLoggerBackend(7002): Too many Flogger logs received before configuration. Dropping old logs.
06-07 09:46:03.782: W/ProxyAndroidLoggerBackend(7002): Too many Flogger logs received before configuration. Dropping old logs.
06-07 09:46:03.789: E/ExecutionCriteria(6234): Package unavailable for task: com.google.android.videos/com.google.android.apps.play.movies.common.service.player.logging.QoePingService{u=0 tag="flush_qoe_logs" trigger=window{period=86400s,flex=86400s,earliest=-63239699s,latest=-63153299s} requirements=[NET_UNMETERED,CHARGING] attributes=[PERSISTED,RECURRING] scheduled=-63239699s last_run=N/A jid=N/A status=PENDING retries=0 client_lib=MANCHEGO_GCM-10400000}
06-07 09:46:03.790: E/ExecutionCriteria(6234): Package unavailable for task: com.google.android.videos/com.google.android.apps.play.movies.common.service.drm.RefreshLicenseTaskService{u=0 tag="refresh_license" trigger=window{period=172800s,flex=172800s,earliest=-63153299s,latest=-62980499s} requirements=[NET_CONNECTED] attributes=[PERSISTED,RECURRING] scheduled=-63153299s last_run=N/A jid=N/A status=PENDING retries=0 client_lib=MANCHEGO_GCM-10400000}
06-07 09:46:03.791: E/ExecutionCriteria(6234): Package unavailable for task: com.google.android.apps.gcs/.service.WfaStateTaskService{u=0 tag="WfaStateTask" trigger=window{period=518400s,flex=86400s,earliest=-62894218s,latest=-62807818s} requirements=[NET_ANY] attributes=[PERSISTED,RECURRING] scheduled=-63326218s last_run=N/A jid=N/A status=PENDING retries=0 client_lib=MANCHEGO_GCM-11732000}
06-07 09:46:03.793: E/ExecutionCriteria(6234): Package unavailable for task: com.google.android.apps.gcs/com.google.android.flib.phenotype.services.PhenotypeExperimentCommitService{u=0 tag="PhenotypeExpCommitSvc" trigger=window{start=0s,end=30s,earliest=-496s,latest=-466s} requirements=[NET_ANY] attributes=[PERSISTED] scheduled=-496s last_run=N/A jid=N/A status=PENDING retries=0 client_lib=MANCHEGO_GCM-11732000}
06-07 09:46:03.800: W/ProxyAndroidLoggerBackend(7002): Too many Flogger logs received before configuration. Dropping old logs.
06-07 09:46:03.800: W/ProxyAndroidLoggerBackend(7002): Too many Flogger logs received before configuration. Dropping old logs.
06-07 09:46:03.800: W/ProxyAndroidLoggerBackend(7002): Too many Flogger logs received before configuration. Dropping old logs.
06-07 09:46:03.801: W/ProxyAndroidLoggerBackend(7002): Too many Flogger logs received before configuration. Dropping old logs.
06-07 09:46:03.801: W/ProxyAndroidLoggerBackend(7002): Too many Flogger logs received before configuration. Dropping old logs.
06-07 09:46:03.802: W/ProxyAndroidLoggerBackend(7002): Too many Flogger logs received before configuration. Dropping old logs.
06-07 09:46:03.802: W/ProxyAndroidLoggerBackend(7002): Too many Flogger logs received before configuration. Dropping old logs.
06-07 09:46:03.803: W/ProxyAndroidLoggerBackend(7002): Too many Flogger logs received before configuration. Dropping old logs.
06-07 09:46:03.803: W/ProxyAndroidLoggerBackend(7002): Too many Flogger logs received before configuration. Dropping old logs.
06-07 09:46:03.804: W/ProxyAndroidLoggerBackend(7002): Too many Flogger logs received before configuration. Dropping old logs.
06-07 09:46:03.804: W/ProxyAndroidLoggerBackend(7002): Too many Flogger logs received before configuration. Dropping old logs.
06-07 09:46:03.804: W/ProxyAndroidLoggerBackend(7002): Too many Flogger logs received before configuration. Dropping old logs.
06-07 09:46:03.804: W/ProxyAndroidLoggerBackend(7002): Too many Flogger logs received before configuration. Dropping old logs.
06-07 09:46:03.805: W/ProxyAndroidLoggerBackend(7002): Too many Flogger logs received before configuration. Dropping old logs.
06-07 09:46:03.805: W/ProxyAndroidLoggerBackend(7002): Too many Flogger logs received before configuration. Dropping old logs.
06-07 09:46:03.805: W/ProxyAndroidLoggerBackend(7002): Too many Flogger logs received before configuration. Dropping old logs.
06-07 09:46:03.806: W/ProxyAndroidLoggerBackend(7002): Too many Flogger logs received before configuration. Dropping old logs.
06-07 09:46:03.809: W/ProxyAndroidLoggerBackend(7002): Too many Flogger logs received before configuration. Dropping old logs.
06-07 09:46:03.809: W/ProxyAndroidLoggerBackend(7002): Too many Flogger logs received before configuration. Dropping old logs.
06-07 09:46:03.810: W/ProxyAndroidLoggerBackend(7002): Too many Flogger logs received before configuration. Dropping old logs.
06-07 09:46:03.810: W/ProxyAndroidLoggerBackend(7002): Too many Flogger logs received before configuration. Dropping old logs.
06-07 09:46:03.811: W/ProxyAndroidLoggerBackend(7002): Too many Flogger logs received before configuration. Dropping old logs.
06-07 09:46:03.811: W/ProxyAndroidLoggerBackend(7002): Too many Flogger logs received before configuration. Dropping old logs.
06-07 09:46:03.812: W/ProxyAndroidLoggerBackend(7002): Too many Flogger logs received before configuration. Dropping old logs.
06-07 09:46:03.812: W/ProxyAndroidLoggerBackend(7002): Too many Flogger logs received before configuration. Dropping old logs.
06-07 09:46:03.812: W/ProxyAndroidLoggerBackend(7002): Too many Flogger logs received before configuration. Dropping old logs.
06-07 09:46:03.813: W/ProxyAndroidLoggerBackend(7002): Too many Flogger logs received before configuration. Dropping old logs.
06-07 09:46:03.813: W/ProxyAndroidLoggerBackend(7002): Too many Flogger logs received before configuration. Dropping old logs.
06-07 09:46:03.813: W/ProxyAndroidLoggerBackend(7002): Too many Flogger logs received before configuration. Dropping old logs.
06-07 09:46:03.814: W/ProxyAndroidLoggerBackend(7002): Too many Flogger logs received before configuration. Dropping old logs.
06-07 09:46:03.814: W/ProxyAndroidLoggerBackend(7002): Too many Flogger logs received before configuration. Dropping old logs.
06-07 09:46:03.815: W/ProxyAndroidLoggerBackend(7002): Too many Flogger logs received before configuration. Dropping old logs.
06-07 09:46:03.815: W/ProxyAndroidLoggerBackend(7002): Too many Flogger logs received before configuration. Dropping old logs.
06-07 09:46:03.815: W/ProxyAndroidLoggerBackend(7002): Too many Flogger logs received before configuration. Dropping old logs.
06-07 09:46:03.816: W/ProxyAndroidLoggerBackend(7002): Too many Flogger logs received before configuration. Dropping old logs.
06-07 09:46:03.816: W/ProxyAndroidLoggerBackend(7002): Too many Flogger logs received before configuration. Dropping old logs.
06-07 09:46:03.817: W/ProxyAndroidLoggerBackend(7002): Too many Flogger logs received before configuration. Dropping old logs.
06-07 09:46:03.817: W/ProxyAndroidLoggerBackend(7002): Too many Flogger logs received before configuration. Dropping old logs.
06-07 09:46:03.817: W/ProxyAndroidLoggerBackend(7002): Too many Flogger logs received before configuration. Dropping old logs.
06-07 09:46:03.818: W/ProxyAndroidLoggerBackend(7002): Too many Flogger logs received before configuration. Dropping old logs.
06-07 09:46:03.818: W/ProxyAndroidLoggerBackend(7002): Too many Flogger logs received before configuration. Dropping old logs.
06-07 09:46:03.819: W/ProxyAndroidLoggerBackend(7002): Too many Flogger logs received before configuration. Dropping old logs.
06-07 09:46:03.819: W/ProxyAndroidLoggerBackend(7002): Too many Flogger logs received before configuration. Dropping old logs.
06-07 09:46:03.820: I/Dialer(9829): Flags.register - phenotype register status: true
06-07 09:46:03.823: W/ProxyAndroidLoggerBackend(7002): Too many Flogger logs received before configuration. Dropping old logs.
06-07 09:46:03.824: W/ProxyAndroidLoggerBackend(7002): Too many Flogger logs received before configuration. Dropping old logs.
06-07 09:46:03.824: W/ProxyAndroidLoggerBackend(7002): Too many Flogger logs received before configuration. Dropping old logs.
06-07 09:46:03.824: W/ProxyAndroidLoggerBackend(7002): Too many Flogger logs received before configuration. Dropping old logs.
06-07 09:46:03.825: W/ProxyAndroidLoggerBackend(7002): Too many Flogger logs received before configuration. Dropping old logs.
06-07 09:46:03.825: W/ProxyAndroidLoggerBackend(7002): Too many Flogger logs received before configuration. Dropping old logs.
06-07 09:46:03.825: W/ProxyAndroidLoggerBackend(7002): Too many Flogger logs received before configuration. Dropping old logs.
06-07 09:46:03.828: W/ProxyAndroidLoggerBackend(7002): Too many Flogger logs received before configuration. Dropping old logs.
06-07 09:46:03.829: W/ProxyAndroidLoggerBackend(7002): Too many Flogger logs received before configuration. Dropping old logs.
06-07 09:46:03.829: W/ProxyAndroidLoggerBackend(7002): Too many Flogger logs received before configuration. Dropping old logs.
06-07 09:46:03.829: W/ProxyAndroidLoggerBackend(7002): Too many Flogger logs received before configuration. Dropping old logs.
06-07 09:46:03.829: W/ProxyAndroidLoggerBackend(7002): Too many Flogger logs received before configuration. Dropping old logs.
06-07 09:46:03.830: W/ProxyAndroidLoggerBackend(7002): Too many Flogger logs received before configuration. Dropping old logs.
06-07 09:46:03.830: W/ProxyAndroidLoggerBackend(7002): Too many Flogger logs received before configuration. Dropping old logs.
06-07 09:46:03.831: W/ProxyAndroidLoggerBackend(7002): Too many Flogger logs received before configuration. Dropping old logs.
06-07 09:46:03.832: W/ProxyAndroidLoggerBackend(7002): Too many Flogger logs received before configuration. Dropping old logs.
06-07 09:46:03.833: W/ProxyAndroidLoggerBackend(7002): Too many Flogger logs received before configuration. Dropping old logs.
06-07 09:46:03.833: W/ProxyAndroidLoggerBackend(7002): Too many Flogger logs received before configuration. Dropping old logs.
06-07 09:46:03.834: W/ProxyAndroidLoggerBackend(7002): Too many Flogger logs received before configuration. Dropping old logs.
06-07 09:46:03.834: W/ProxyAndroidLoggerBackend(7002): Too many Flogger logs received before configuration. Dropping old logs.
06-07 09:46:03.834: W/ProxyAndroidLoggerBackend(7002): Too many Flogger logs received before configuration. Dropping old logs.
06-07 09:46:03.835: W/ProxyAndroidLoggerBackend(7002): Too many Flogger logs received before configuration. Dropping old logs.
06-07 09:46:03.835: W/ProxyAndroidLoggerBackend(7002): Too many Flogger logs received before configuration. Dropping old logs.
06-07 09:46:03.835: W/ProxyAndroidLoggerBackend(7002): Too many Flogger logs received before configuration. Dropping old logs.
06-07 09:46:03.845: W/ProxyAndroidLoggerBackend(7002): Too many Flogger logs received before configuration. Dropping old logs.
06-07 09:46:03.845: W/ProxyAndroidLoggerBackend(7002): Too many Flogger logs received before configuration. Dropping old logs.
06-07 09:46:03.846: W/ProxyAndroidLoggerBackend(7002): Too many Flogger logs received before configuration. Dropping old logs.
06-07 09:46:03.847: W/ProxyAndroidLoggerBackend(7002): Too many Flogger logs received before configuration. Dropping old logs.
06-07 09:46:03.847: W/ProxyAndroidLoggerBackend(7002): Too many Flogger logs received before configuration. Dropping old logs.
06-07 09:46:03.848: W/ProxyAndroidLoggerBackend(7002): Too many Flogger logs received before configuration. Dropping old logs.
06-07 09:46:03.848: W/ProxyAndroidLoggerBackend(7002): Too many Flogger logs received before configuration. Dropping old logs.
06-07 09:46:03.849: W/ProxyAndroidLoggerBackend(7002): Too many Flogger logs received before configuration. Dropping old logs.
06-07 09:46:03.849: W/ProxyAndroidLoggerBackend(7002): Too many Flogger logs received before configuration. Dropping old logs.
06-07 09:46:03.850: W/ProxyAndroidLoggerBackend(7002): Too many Flogger logs received before configuration. Dropping old logs.
06-07 09:46:03.851: W/ProxyAndroidLoggerBackend(7002): Too many Flogger logs received before configuration. Dropping old logs.
06-07 09:46:03.851: W/ProxyAndroidLoggerBackend(7002): Too many Flogger logs received before configuration. Dropping old logs.
06-07 09:46:03.852: W/ProxyAndroidLoggerBackend(7002): Too many Flogger logs received before configuration. Dropping old logs.
06-07 09:46:03.852: W/ProxyAndroidLoggerBackend(7002): Too many Flogger logs received before configuration. Dropping old logs.
06-07 09:46:03.858: W/ProxyAndroidLoggerBackend(7002): Too many Flogger logs received before configuration. Dropping old logs.
06-07 09:46:03.858: W/ProxyAndroidLoggerBackend(7002): Too many Flogger logs received before configuration. Dropping old logs.
06-07 09:46:03.859: W/ProxyAndroidLoggerBackend(7002): Too many Flogger logs received before configuration. Dropping old logs.
06-07 09:46:03.860: W/ProxyAndroidLoggerBackend(7002): Too many Flogger logs received before configuration. Dropping old logs.
06-07 09:46:03.861: W/ProxyAndroidLoggerBackend(7002): Too many Flogger logs received before configuration. Dropping old logs.
06-07 09:46:03.861: W/ProxyAndroidLoggerBackend(7002): Too many Flogger logs received before configuration. Dropping old logs.
06-07 09:46:03.862: W/ProxyAndroidLoggerBackend(7002): Too many Flogger logs received before configuration. Dropping old logs.
06-07 09:46:03.862: W/ProxyAndroidLoggerBackend(7002): Too many Flogger logs received before configuration. Dropping old logs.
06-07 09:46:03.862: W/ProxyAndroidLoggerBackend(7002): Too many Flogger logs received before configuration. Dropping old logs.
06-07 09:46:03.863: W/ProxyAndroidLoggerBackend(7002): Too many Flogger logs received before configuration. Dropping old logs.
06-07 09:46:03.863: W/ProxyAndroidLoggerBackend(7002): Too many Flogger logs received before configuration. Dropping old logs.
06-07 09:46:03.863: W/ProxyAndroidLoggerBackend(7002): Too many Flogger logs received before configuration. Dropping old logs.
06-07 09:46:03.864: W/ProxyAndroidLoggerBackend(7002): Too many Flogger logs received before configuration. Dropping old logs.
06-07 09:46:03.864: W/ProxyAndroidLoggerBackend(7002): Too many Flogger logs received before configuration. Dropping old logs.
06-07 09:46:03.865: W/ProxyAndroidLoggerBackend(7002): Too many Flogger logs received before configuration. Dropping old logs.
06-07 09:46:03.865: W/ProxyAndroidLoggerBackend(7002): Too many Flogger logs received before configuration. Dropping old logs.
06-07 09:46:03.866: W/ProxyAndroidLoggerBackend(7002): Too many Flogger logs received before configuration. Dropping old logs.
06-07 09:46:03.866: W/ProxyAndroidLoggerBackend(7002): Too many Flogger logs received before configuration. Dropping old logs.
06-07 09:46:03.867: W/ProxyAndroidLoggerBackend(7002): Too many Flogger logs received before configuration. Dropping old logs.
06-07 09:46:03.867: W/ProxyAndroidLoggerBackend(7002): Too many Flogger logs received before configuration. Dropping old logs.
06-07 09:46:03.868: W/ProxyAndroidLoggerBackend(7002): Too many Flogger logs received before configuration. Dropping old logs.
06-07 09:46:03.873: E/ExecutionCriteria(6234): Package unavailable for task: com.google.android.videos/com.google.android.apps.play.movies.common.service.player.logging.QoePingService{u=0 tag="flush_qoe_logs" trigger=window{period=86400s,flex=86400s,earliest=-63239699s,latest=-63153299s} requirements=[NET_UNMETERED,CHARGING] attributes=[PERSISTED,RECURRING] scheduled=-63239699s last_run=N/A jid=N/A status=PENDING retries=0 client_lib=MANCHEGO_GCM-10400000}
06-07 09:46:03.875: W/ProxyAndroidLoggerBackend(7002): Too many Flogger logs received before configuration. Dropping old logs.
06-07 09:46:03.876: W/ProxyAndroidLoggerBackend(7002): Too many Flogger logs received before configuration. Dropping old logs.
06-07 09:46:03.876: E/ExecutionCriteria(6234): Package unavailable for task: com.google.android.videos/com.google.android.apps.play.movies.common.service.drm.RefreshLicenseTaskService{u=0 tag="refresh_license" trigger=window{period=172800s,flex=172800s,earliest=-63153300s,latest=-62980500s} requirements=[NET_CONNECTED] attributes=[PERSISTED,RECURRING] scheduled=-63153300s last_run=N/A jid=N/A status=PENDING retries=0 client_lib=MANCHEGO_GCM-10400000}
06-07 09:46:03.877: W/ProxyAndroidLoggerBackend(7002): Too many Flogger logs received before configuration. Dropping old logs.
06-07 09:46:03.877: W/ProxyAndroidLoggerBackend(7002): Too many Flogger logs received before configuration. Dropping old logs.
06-07 09:46:03.878: W/ProxyAndroidLoggerBackend(7002): Too many Flogger logs received before configuration. Dropping old logs.
06-07 09:46:03.878: E/ExecutionCriteria(6234): Package unavailable for task: com.google.android.apps.gcs/.service.WfaStateTaskService{u=0 tag="WfaStateTask" trigger=window{period=518400s,flex=86400s,earliest=-62894218s,latest=-62807818s} requirements=[NET_ANY] attributes=[PERSISTED,RECURRING] scheduled=-63326218s last_run=N/A jid=N/A status=PENDING retries=0 client_lib=MANCHEGO_GCM-11732000}
06-07 09:46:03.878: W/ProxyAndroidLoggerBackend(7002): Too many Flogger logs received before configuration. Dropping old logs.
06-07 09:46:03.879: W/ProxyAndroidLoggerBackend(7002): Too many Flogger logs received before configuration. Dropping old logs.
06-07 09:46:03.879: W/ProxyAndroidLoggerBackend(7002): Too many Flogger logs received before configuration. Dropping old logs.
06-07 09:46:03.879: W/ProxyAndroidLoggerBackend(7002): Too many Flogger logs received before configuration. Dropping old logs.
06-07 09:46:03.881: W/ProxyAndroidLoggerBackend(7002): Too many Flogger logs received before configuration. Dropping old logs.
06-07 09:46:03.881: E/ExecutionCriteria(6234): Package unavailable for task: com.google.android.apps.gcs/com.google.android.flib.phenotype.services.PhenotypeExperimentCommitService{u=0 tag="PhenotypeExpCommitSvc" trigger=window{start=0s,end=30s,earliest=-496s,latest=-466s} requirements=[NET_ANY] attributes=[PERSISTED] scheduled=-496s last_run=N/A jid=N/A status=PENDING retries=0 client_lib=MANCHEGO_GCM-11732000}
06-07 09:46:03.881: W/ProxyAndroidLoggerBackend(7002): Too many Flogger logs received before configuration. Dropping old logs.
06-07 09:46:03.882: W/ProxyAndroidLoggerBackend(7002): Too many Flogger logs received before configuration. Dropping old logs.
06-07 09:46:03.882: W/ProxyAndroidLoggerBackend(7002): Too many Flogger logs received before configuration. Dropping old logs.
06-07 09:46:03.882: W/ProxyAndroidLoggerBackend(7002): Too many Flogger logs received before configuration. Dropping old logs.
06-07 09:46:03.883: W/ProxyAndroidLoggerBackend(7002): Too many Flogger logs received before configuration. Dropping old logs.
06-07 09:46:03.884: W/ProxyAndroidLoggerBackend(7002): Too many Flogger logs received before configuration. Dropping old logs.
06-07 09:46:03.884: W/ProxyAndroidLoggerBackend(7002): Too many Flogger logs received before configuration. Dropping old logs.
06-07 09:46:03.885: W/ProxyAndroidLoggerBackend(7002): Too many Flogger logs received before configuration. Dropping old logs.
06-07 09:46:03.885: W/ProxyAndroidLoggerBackend(7002): Too many Flogger logs received before configuration. Dropping old logs.
06-07 09:46:03.885: W/ProxyAndroidLoggerBackend(7002): Too many Flogger logs received before configuration. Dropping old logs.
06-07 09:46:03.886: W/ProxyAndroidLoggerBackend(7002): Too many Flogger logs received before configuration. Dropping old logs.
06-07 09:46:03.892: I/Authzen(6234): [ProximitySyncManager] Generating new permitaccess {"publicKey":"CAESRAofc9OIivoMjFJyUD1ubmHx5w0emnNNfuT0Ztw7kC_NZxIhAPgWS2f9LTiP5AnNHjxn6teEw5z2ikiPdhJCGxjc-W00","pixelPhone":false,"beaconSeeds":[{"endTimeMillis":1591833600000,"startTimeMillis":1590624000000,"data":"T1G9UyxK6t5Nn2QAcwTeJorD1L9K27UGKZW8puToUh0="},{"endTimeMillis":1593043200000,"startTimeMillis":1591833600000,"data":"fPDLHt-w5fb5KdKgv8MXTS3LiIshg32dbdJ_KWiV6gA="},{"endTimeMillis":1594252800000,"startTimeMillis":1593043200000,"data":"jYFss8qEyHLrVUZzcDe0-N2PHXb135UxWwsUIWJX2gM="},{"endTimeMillis":1595462400000,"startTimeMillis":1594252800000,"data":"10Ms2nLLwGic7YlhA55DdgZGQqPQplNfmR4E8TqAnKA="}],"deviceType":"android","supportedSoftwareFeatures":["smsConnectHost","betterTogetherHost"],"unlockable":false,"mobileHotspotSupported":true,"unlockKey":false,"arcPlusPlus":false,"friendlyDeviceName":"Sony G8441","lastUpdateTimeMillis":1591548293561,"noPiiDeviceName":""}.
06-07 09:46:03.894: W/ProxyAndroidLoggerBackend(7002): Too many Flogger logs received before configuration. Dropping old logs.
06-07 09:46:03.895: I/Authzen(6234): [isy] Opening database auth.proximity.permit_store...
06-07 09:46:03.895: W/ProxyAndroidLoggerBackend(7002): Too many Flogger logs received before configuration. Dropping old logs.
06-07 09:46:03.896: W/ProxyAndroidLoggerBackend(7002): Too many Flogger logs received before configuration. Dropping old logs.
06-07 09:46:03.896: W/ProxyAndroidLoggerBackend(7002): Too many Flogger logs received before configuration. Dropping old logs.
