06-07 09:45:32.465: I/ModuleSetMgr(12088): Computing pending module set with APKs: [[AdsFdrDynamite.integ:21829100000], [MapsDynamite.integ:201512001100000], [AdsFdrDynamite.integ:21001000000], [Cronetdynamite:200914100400], [Dynamiteloader:200914100000], [Dynamitemodulesa:200914100000], [Dynamitemodulesc:200914100000], [Googlecertificates:200914100000], [Mapsdynamite:200914100000], [Measurementdynamite:200914100000]]
06-07 09:45:32.465: I/OcrModelUpStIntentOp(12088): Updating ocr activity enabled=true (phenotypeFlag=true, lowRamDevice=false, prereqCheck=true)
06-07 09:45:32.467: I/OcrModelUpStIntentOp(12088): Downloading text recognizer
06-07 09:45:32.474: I/RecoverableKeyStoreMgr(1148): The cert file serial number is the same, so skip updating.
06-07 09:45:32.474: I/RecoverableKeyStoreGms(12088): [EnrollmentManager] Recovery service is initialized.
06-07 09:45:32.474: I/ModuleSetMgr(12088): Pending container module APKs: []
06-07 09:45:32.474: I/ModuleSetMgr(12088): Pending non-container module APKs: [[AdsFdrDynamite.integ:21829100000], [MapsDynamite.integ:201512001100000]]
06-07 09:45:32.478: I/MS_RegisterService(12088): Tachyon host: instantmessaging-pa.googleapis.com, Tachyon port: 443
06-07 09:45:32.480: I/RecoverySnapshotLstnrs(1148): Registered listener for agent with uid 10007
06-07 09:45:32.482: I/MS_Utils(12088): version of com.google.android.apps.maps = 1022101040
06-07 09:45:32.484: I/SystemUpdate(12088): [Installation,ReceiverIntentOperation] Received intent: Intent { act=com.google.gservices.intent.action.GSERVICES_CHANGED flg=0x1000010 cmp=com.google.android.gms/.chimera.GmsIntentOperationService$PersistentInternalReceiver }.
06-07 09:45:32.485: I/Vision(12088): Requesting optional module download of ocr.
06-07 09:45:32.486: I/Vision(12088): Checking for download completion for 469925 -- ocr
06-07 09:45:32.513: I/MS_RegisterService(12088): RegisterService intent:Intent { act=com.google.android.gms.matchstick.register_intent_action cat=[targeted_intent_op_prefix:com.google.android.libraries.matchstick.net.SilentRegisterIntentOperation] cmp=com.google.android.gms/.chimera.GmsIntentOperationService } isPeriodic:false
06-07 09:45:32.516: E/ExecutionCriteria(11190): Package unavailable for task: com.google.android.apps.gcs/com.google.android.flib.phenotype.services.PhenotypeExperimentCommitService{u=0 tag="PhenotypeExpCommitSvc" trigger=window{start=0s,end=30s,earliest=-313s,latest=-283s} requirements=[NET_ANY] attributes=[PERSISTED] scheduled=-313s last_run=N/A jid=N/A status=PENDING retries=0 client_lib=MANCHEGO_GCM-11732000}
06-07 09:45:32.528: W/MS_RegisterService(12088): Not eligible for registration.
06-07 09:45:32.531: I/GmsModuleFndr(12088): Beginning GMS chimera module scan
06-07 09:45:32.537: I/ModuleSetMgr(12088): Computing pending module set with APKs: [[AdsFdrDynamite.integ:21829100000], [MapsDynamite.integ:201512001100000], [AdsFdrDynamite.integ:21001000000], [Cronetdynamite:200914100400], [Dynamiteloader:200914100000], [Dynamitemodulesa:200914100000], [Dynamitemodulesc:200914100000], [Googlecertificates:200914100000], [Mapsdynamite:200914100000], [Measurementdynamite:200914100000]]
06-07 09:45:32.546: I/ModuleSetMgr(12088): Pending container module APKs: []
06-07 09:45:32.546: I/ModuleSetMgr(12088): Pending non-container module APKs: [[AdsFdrDynamite.integ:21829100000], [MapsDynamite.integ:201512001100000]]
06-07 09:45:32.562: E/ExecutionCriteria(11190): Package unavailable for task: com.google.android.apps.gcs/com.google.android.flib.phenotype.services.PhenotypeExperimentCommitService{u=0 tag="PhenotypeExpCommitSvc" trigger=window{start=0s,end=30s,earliest=-313s,latest=-283s} requirements=[NET_ANY] attributes=[PERSISTED] scheduled=-313s last_run=N/A jid=N/A status=PENDING retries=0 client_lib=MANCHEGO_GCM-11732000}
06-07 09:45:32.576: I/system_server(1148): Background concurrent copying GC freed 162099(11MB) AllocSpace objects, 77(1732KB) LOS objects, 42% free, 18MB/33MB, paused 88us total 146.545ms
06-07 09:45:32.584: E/ExecutionCriteria(11190): Package unavailable for task: com.google.android.apps.gcs/com.google.android.flib.phenotype.services.PhenotypeExperimentCommitService{u=0 tag="PhenotypeExpCommitSvc" trigger=window{start=0s,end=30s,earliest=-313s,latest=-283s} requirements=[NET_ANY] attributes=[PERSISTED] scheduled=-313s last_run=N/A jid=N/A status=PENDING retries=0 client_lib=MANCHEGO_GCM-11732000}
06-07 09:45:32.601: E/ExecutionCriteria(11190): Package unavailable for task: com.google.android.apps.gcs/com.google.android.flib.phenotype.services.PhenotypeExperimentCommitService{u=0 tag="PhenotypeExpCommitSvc" trigger=window{start=0s,end=30s,earliest=-313s,latest=-283s} requirements=[NET_ANY] attributes=[PERSISTED] scheduled=-313s last_run=N/A jid=N/A status=PENDING retries=0 client_lib=MANCHEGO_GCM-11732000}
06-07 09:45:32.604: I/ChimeraConfigurator(12088): Update complete: success
06-07 09:45:32.607: I/ModuleSetMgr(12088): Container features not yet downloaded are disabled.
06-07 09:45:32.615: E/ExecutionCriteria(11190): Package unavailable for task: com.google.android.apps.gcs/com.google.android.flib.phenotype.services.PhenotypeExperimentCommitService{u=0 tag="PhenotypeExpCommitSvc" trigger=window{start=0s,end=30s,earliest=-313s,latest=-283s} requirements=[NET_ANY] attributes=[PERSISTED] scheduled=-313s last_run=N/A jid=N/A status=PENDING retries=0 client_lib=MANCHEGO_GCM-11732000}
06-07 09:45:32.625: I/chatty(11190): uid=10007(com.google.android.gms) netscheduler-qu identical 1 line
06-07 09:45:32.636: E/ExecutionCriteria(11190): Package unavailable for task: com.google.android.apps.gcs/com.google.android.flib.phenotype.services.PhenotypeExperimentCommitService{u=0 tag="PhenotypeExpCommitSvc" trigger=window{start=0s,end=30s,earliest=-313s,latest=-283s} requirements=[NET_ANY] attributes=[PERSISTED] scheduled=-313s last_run=N/A jid=N/A status=PENDING retries=0 client_lib=MANCHEGO_GCM-11732000}
06-07 09:45:32.705: I/TestSupport(12088): AwaitCommitOperation: FlagOverride(com.google.android.gms.auth.api.credentials, , Flag(SaveStrategy__enableSaving, false, 2, 0), true) committed [CONTEXT service_id=133 ]
06-07 09:45:32.706: I/TestSupport(12088): AwaitCommitOperation: no more uncommitted overrides [CONTEXT service_id=133 ]
06-07 09:45:32.791: I/annj(11190): Removed 0 invalid users [CONTEXT service_id=51 ]
06-07 09:45:32.823: I/TestSupport(12088): AwaitCommitOperation: * [CONTEXT service_id=133 ]
06-07 09:45:32.830: I/TestSupport(12088): AwaitCommitOperation: FlagOverride(com.google.android.gms.auth.api.credentials, , Flag(SaveStrategy__enableSaving, false, 2, 0), true) committed [CONTEXT service_id=133 ]
06-07 09:45:32.830: I/TestSupport(12088): AwaitCommitOperation: no more uncommitted overrides [CONTEXT service_id=133 ]
06-07 09:45:32.944: I/TSDRIVER(13649): Handled command: PACKAGE
06-07 09:45:32.970: W/Conscrypt(11190): Could not set socket write timeout: java.net.SocketException: Socket closed
06-07 09:45:32.971: W/Conscrypt(11190): 	at com.google.android.gms.org.conscrypt.Platform.setSocketWriteTimeout(:com.google.android.gms@200914028@20.09.14 (100400-300565878):2)
06-07 09:45:32.971: W/Conscrypt(11190): 	at com.google.android.gms.org.conscrypt.ConscryptFileDescriptorSocket.setSoWriteTimeout(:com.google.android.gms@200914028@20.09.14 (100400-300565878):0)
06-07 09:45:32.990: W/Conscrypt(11190): Could not set socket write timeout: java.net.SocketException: Socket closed
06-07 09:45:32.990: W/Conscrypt(11190): 	at com.google.android.gms.org.conscrypt.Platform.setSocketWriteTimeout(:com.google.android.gms@200914028@20.09.14 (100400-300565878):2)
06-07 09:45:32.990: W/Conscrypt(11190): 	at com.google.android.gms.org.conscrypt.ConscryptFileDescriptorSocket.setSoWriteTimeout(:com.google.android.gms@200914028@20.09.14 (100400-300565878):0)
06-07 09:45:33.042: I/TSDRIVER(13649): CommandService onHandleIntent()
06-07 09:45:33.042: I/TSDRIVER(13649): Got command: PACKAGE
06-07 09:45:33.042: I/TSDRIVER(13649): flag package: Eh9jb20uZ29vZ2xlLmFuZHJvaWQuZ21zLmF1dG9maWxsGhQKEGF1dG9maWxsX2VuYWJsZWQYACg+
06-07 09:45:33.043: I/TSDRIVER(13649): flag package: com.google.android.gms.autofill
06-07 09:45:33.047: I/TestSupport(12088): SetFlagOverridesOperation: com.google.android.gms.autofill, '', [Flag(autofill_enabled, false, 2, 0)] [CONTEXT service_id=133 ]
06-07 09:45:33.068: I/TestSupport(12088): AwaitCommitOperation: autofill_enabled [CONTEXT service_id=133 ]
06-07 09:45:33.073: I/TestSupport(12088): AwaitCommitOperation: uncommitted: FlagOverride(com.google.android.gms.autofill, , Flag(autofill_enabled, false, 2, 0), false) [CONTEXT service_id=133 ]
06-07 09:45:33.074: I/TestSupport(12088): AwaitCommitOperation:  sleeping for 10 msec. [CONTEXT service_id=133 ]
06-07 09:45:33.088: I/Auth(11190): [AuthManaged,PasswordComplexityHelperImpl] Updating password complexity components state.
06-07 09:45:33.088: I/Auth(11190): [AuthManaged,PasswordComplexityHelperImpl] Disabling com.google.android.gms.auth.managed.admin.DeviceAdminReceiver
06-07 09:45:33.089: I/Auth(11190): [AuthManaged,PasswordComplexityHelperImpl] Disabling com.google.android.gms.auth.managed.ui.SetNewPasswordActivity
06-07 09:45:33.094: I/PTCommittedOperation(11190): Receive new configuration for com.google.android.gms.autofill
06-07 09:45:33.097: I/MdiSyncModule(12088): flag handling is skipping irrelevant intent.
06-07 09:45:33.100: W/ModuleInitIntentOp(12088): Dropping unexpected action com.google.android.gms.phenotype.COMMITTED
06-07 09:45:33.129: I/TestSupport(12088): AwaitCommitOperation: FlagOverride(com.google.android.gms.autofill, , Flag(autofill_enabled, false, 2, 0), true) committed [CONTEXT service_id=133 ]
06-07 09:45:33.130: I/TestSupport(12088): AwaitCommitOperation: no more uncommitted overrides [CONTEXT service_id=133 ]
06-07 09:45:33.219: I/TestSupport(12088): AwaitCommitOperation: * [CONTEXT service_id=133 ]
06-07 09:45:33.229: I/TestSupport(12088): AwaitCommitOperation: FlagOverride(com.google.android.gms.autofill, , Flag(autofill_enabled, false, 2, 0), true) committed [CONTEXT service_id=133 ]
06-07 09:45:33.229: I/TestSupport(12088): AwaitCommitOperation: no more uncommitted overrides [CONTEXT service_id=133 ]
06-07 09:45:33.306: I/anmy(11190): Scheduling adaptive one off task with window [14400, 604800] in seconds [CONTEXT service_id=51 ]
06-07 09:45:33.312: I/TSDRIVER(13649): Handled command: PACKAGE
06-07 09:45:33.398: E/ExecutionCriteria(11190): Package unavailable for task: com.google.android.apps.gcs/com.google.android.flib.phenotype.services.PhenotypeExperimentCommitService{u=0 tag="PhenotypeExpCommitSvc" trigger=window{start=0s,end=30s,earliest=-314s,latest=-284s} requirements=[NET_ANY] attributes=[PERSISTED] scheduled=-314s last_run=N/A jid=N/A status=PENDING retries=0 client_lib=MANCHEGO_GCM-11732000}
06-07 09:45:33.405: I/TSDRIVER(13649): CommandService onHandleIntent()
06-07 09:45:33.405: I/TSDRIVER(13649): Got command: PACKAGE
06-07 09:45:33.405: I/TSDRIVER(13649): flag package: EiNjb20uZ29vZ2xlLmFuZHJvaWQuZ21zLmF1dGhfYWNjb3VudBodChlhdXRoX3NpZ19vdmVycmlkZV9lbmFibGVkGAAoPg
06-07 09:45:33.406: I/TSDRIVER(13649): flag package: com.google.android.gms.auth_account
06-07 09:45:33.409: I/TestSupport(12088): SetFlagOverridesOperation: com.google.android.gms.auth_account, '', [Flag(auth_sig_override_enabled, false, 2, 0)] [CONTEXT service_id=133 ]
06-07 09:45:33.429: I/TestSupport(12088): AwaitCommitOperation: auth_sig_override_enabled [CONTEXT service_id=133 ]
06-07 09:45:33.434: I/TestSupport(12088): AwaitCommitOperation: uncommitted: FlagOverride(com.google.android.gms.auth_account, , Flag(auth_sig_override_enabled, false, 2, 0), false) [CONTEXT service_id=133 ]
06-07 09:45:33.434: I/TestSupport(12088): AwaitCommitOperation:  sleeping for 10 msec. [CONTEXT service_id=133 ]
06-07 09:45:33.448: I/Auth(11190): [AuthManaged,PasswordComplexityHelperImpl] Updating password complexity components state.
06-07 09:45:33.448: I/Auth(11190): [AuthManaged,PasswordComplexityHelperImpl] Disabling com.google.android.gms.auth.managed.admin.DeviceAdminReceiver
06-07 09:45:33.448: I/Auth(11190): [AuthManaged,PasswordComplexityHelperImpl] Disabling com.google.android.gms.auth.managed.ui.SetNewPasswordActivity
06-07 09:45:33.451: I/PTCommittedOperation(11190): Receive new configuration for com.google.android.gms.auth_account
06-07 09:45:33.453: I/MdiSyncModule(12088): flag handling is skipping irrelevant intent.
06-07 09:45:33.454: W/ModuleInitIntentOp(12088): Dropping unexpected action com.google.android.gms.phenotype.COMMITTED
06-07 09:45:33.466: I/TestSupport(12088): AwaitCommitOperation: FlagOverride(com.google.android.gms.auth_account, , Flag(auth_sig_override_enabled, false, 2, 0), true) committed [CONTEXT service_id=133 ]
06-07 09:45:33.466: I/TestSupport(12088): AwaitCommitOperation: no more uncommitted overrides [CONTEXT service_id=133 ]
06-07 09:45:33.593: I/TestSupport(12088): AwaitCommitOperation: * [CONTEXT service_id=133 ]
06-07 09:45:33.605: I/TestSupport(12088): AwaitCommitOperation: FlagOverride(com.google.android.gms.auth_account, , Flag(auth_sig_override_enabled, false, 2, 0), true) committed [CONTEXT service_id=133 ]
06-07 09:45:33.606: I/TestSupport(12088): AwaitCommitOperation: no more uncommitted overrides [CONTEXT service_id=133 ]
06-07 09:45:33.723: I/TSDRIVER(13649): Handled command: PACKAGE
06-07 09:45:34.050: D/AndroidRuntime(13850): >>>>>> START com.android.internal.os.RuntimeInit uid 2000 <<<<<<
06-07 09:45:34.106: I/app_process(13850): The ClassLoaderContext is a special shared library.
06-07 09:45:34.130: D/AndroidRuntime(13850): Calling main entry com.android.commands.am.Am
06-07 09:45:34.138: I/ActivityManager(1148): Force stopping com.google.android.apps.mtaas.tools appid=10155 user=0: start instr
06-07 09:45:34.178: I/ActivityManager(1148): Start proc 13859:com.google.android.apps.mtaas.tools/u0a155 for added application com.google.android.apps.mtaas.tools
06-07 09:45:34.193: E/pps.mtaas.tool(13859): Not starting debugger since process cannot load the jdwp agent.
06-07 09:45:34.256: I/pps.mtaas.tool(13859): The ClassLoaderContext is a special shared library.
06-07 09:45:34.278: D/ChangeLocale(13859): Instrumentation completed successfully
06-07 09:45:34.279: I/ActivityManager(1148): Force stopping com.google.android.apps.mtaas.tools appid=10155 user=0: finished inst
06-07 09:45:34.280: W/Binder(1148): Outgoing transactions from this process must be FLAG_ONEWAY
06-07 09:45:34.280: W/Binder(1148): java.lang.Throwable
06-07 09:45:34.280: W/Binder(1148): 	at android.os.BinderProxy.transact(Binder.java:1116)
06-07 09:45:34.280: W/Binder(1148): 	at android.app.IInstrumentationWatcher$Stub$Proxy.instrumentationFinished(IInstrumentationWatcher.java:164)
06-07 09:45:34.280: W/Binder(1148): 	at com.android.server.am.InstrumentationReporter$MyThread.run(InstrumentationReporter.java:86)
06-07 09:45:34.280: I/ActivityManager(1148): Killing 13859:com.google.android.apps.mtaas.tools/u0a155 (adj 0): stop com.google.android.apps.mtaas.tools
06-07 09:45:34.281: W/libprocessgroup(1148): kill(-13859, 9) failed: No such process
06-07 09:45:34.290: D/AndroidRuntime(13850): Shutting down VM
06-07 09:45:34.293: W/libprocessgroup(1148): kill(-13859, 9) failed: No such process
06-07 09:45:34.304: W/libprocessgroup(1148): kill(-13859, 9) failed: No such process
06-07 09:45:34.306: I/Zygote(731): Process 13859 exited due to signal (9)
06-07 09:45:34.317: W/libprocessgroup(1148): kill(-13859, 9) failed: No such process
06-07 09:45:34.317: I/libprocessgroup(1148): Successfully killed process cgroup uid 10155 pid 13859 in 36ms
06-07 09:45:35.049: V/SettingsProvider(1148): Notifying for 0: content://settings/system/firebase.test.lab
06-07 09:45:35.207: V/SettingsProvider(1148): Notifying for 0: content://settings/secure/autofill_service
06-07 09:45:35.427: D/AndroidRuntime(13917): >>>>>> START com.android.internal.os.RuntimeInit uid 2000 <<<<<<
06-07 09:45:35.462: D/fpc_hidl(13918): fpc fingerprint hwbinder service starting
06-07 09:45:35.462: D/QSEECOMAPI(13918): QSEECom_get_handle sb_length = 0x80
06-07 09:45:35.462: D/QSEECOMAPI(13918): App is not loaded in QSEE
06-07 09:45:35.462: D/QSEECOMAPI(13918): app_arch = 2, total_files = 9
06-07 09:45:35.484: I/app_process(13917): The ClassLoaderContext is a special shared library.
06-07 09:45:35.505: D/AndroidRuntime(13917): Calling main entry com.android.commands.input.Input
06-07 09:45:35.505: I/Input(13917): injectKeyEvent: KeyEvent { action=ACTION_DOWN, keyCode=KEYCODE_HOME, scanCode=0, metaState=0, flags=0x0, repeatCount=0, eventTime=412945, downTime=412945, deviceId=-1, source=0x101 }
06-07 09:45:35.511: I/Input(13917): injectKeyEvent: KeyEvent { action=ACTION_UP, keyCode=KEYCODE_HOME, scanCode=0, metaState=0, flags=0x0, repeatCount=0, eventTime=412945, downTime=412945, deviceId=-1, source=0x101 }
06-07 09:45:35.514: I/ActivityManager(1148): START u0 {act=android.intent.action.MAIN cat=[android.intent.category.HOME] flg=0x10200000 cmp=com.google.android.apps.nexuslauncher/.NexusLauncherActivity (has extras)} from uid 1000
06-07 09:45:35.521: D/QSEECOMAPI(13918): Loaded image: APP id = 85
06-07 09:45:35.521: D/AndroidRuntime(13917): Shutting down VM
06-07 09:45:35.523: V/StatusBar(3424): mStatusBarWindow: com.android.systemui.statusbar.phone.StatusBarWindowView{4985342 V.ED..... ........ 0,0-1080,66} canPanelBeCollapsed(): false
06-07 09:45:35.524: I/vol.Events(3424): writeEvent dismiss_dialog volume_controller
06-07 09:45:35.526: E/fpc_tac(13918): fpcbuildinfo : 575ddab5b91efea67ee1d200fc813ff2fpc_bio=bd35c3fec78219829149bea6c9ec961e6f655b90C:prodtestlib=4304cf5c884c198624b749af3482befacbd3028eC:fpc_c_core=dc194509594e837dedfb5452aaf06fcb61977135C:fpc_lib=cd5b7b876c3d69afa68a11ac6fd86f873e70817bC:cac=297e11552c60a3607ed664cf44c3e4b36ab2e737C:fpc_bio_interface=94a457caecae31eca8ef04b64c3f82a018e9bbc0C:fpc_sensor=ba909a5500944acafe47a0ef3a49f89509aadfb6C:tools_core=94ddf1e684cfa6c99f0f237f7cc35f3962e0e597C:sensor_settings=4fcf864fb493ae0272a9b2806446b379d99fd8ceC:fingerprint_ta=066bc0ab880960a4a69b74a328c7d7871c72225bC:fingerprint_pal=0deb9a478a3572872639f9cb2559ccc464ee3f9bC:manifests=dcb3d8ab0bdb7a5b341839d8c75bb88fc7f5e1a4C:Manifesttag=SW23.3.0-PDR1.0.5:jenkins@84ffd74dac44:Thu,17May201810:17:08+0200:FPC_SENSOR_TYPE=FPC_SENSOR_TYPE_FPC1270:FPC_CC_TYPE=FPC_COMPANION_CHIP_FPC2050:FPC_C_TYPE=FPC_COATING_NORMAL
06-07 09:45:35.526: E/fpc_tac(13918): fpcbuildtype : build=RELEASE sensor=9
06-07 09:45:35.526: W/EventHub(1148): Unable to disable kernel key repeat for /dev/input/event3: Function not implemented
06-07 09:45:35.526: I/EventHub(1148): wakeMechanism=EPOLLWAKEUP, usingClockIoctl=true
06-07 09:45:35.526: I/EventHub(1148): New device: id=85, fd=167, path='/dev/input/event3', name='uinput-fpc', classes=0x101, configuration='/system/usr/idc/uinput-fpc.idc', keyLayout='/system/usr/keylayout/uinput-fpc.kl', keyCharacterMap='/system/usr/keychars/Generic.kcm', builtinKeyboard=true, 
06-07 09:45:35.526: W/InputReader(1148): Ignoring spurious device added event for deviceId 0.
06-07 09:45:35.529: W/GCoreFlp(11190): No location to return for getLastLocation()
06-07 09:45:35.657: I/ActivityManager(1148): START u0 {flg=0x10000000 cmp=com.google.android.apps.mtaas.backdrop/.BackdropActivity} from uid 2000
06-07 09:45:35.672: D/android.hardware.power@1.3-service.crosshatch-libperfmgr(765): LAUNCH ON
06-07 09:45:35.687: I/ActivityManager(1148): Start proc 13935:com.google.android.apps.mtaas.backdrop/u0a162 for activity com.google.android.apps.mtaas.backdrop/.BackdropActivity
06-07 09:45:35.690: E/.mtaas.backdro(13935): Not starting debugger since process cannot load the jdwp agent.
06-07 09:45:35.711: I/MultiDex(13935): VM with version 2.1.0 has multidex support
06-07 09:45:35.711: I/MultiDex(13935): install
06-07 09:45:35.711: I/MultiDex(13935): VM has multidex support, MultiDex support library is disabled.
06-07 09:45:35.714: E/libc(13935): Access denied finding property "vendor.debug.egl.profiler"
06-07 09:45:35.710: W/com.google.android.apps.mtaas.backdrop(13935): type=1400 audit(0.0:124): avc: denied { read } for comm=45474C20496E6974 name="u:object_r:vendor_default_prop:s0" dev="tmpfs" ino=20023 scontext=u:r:untrusted_app:s0:c162,c256,c512,c768 tcontext=u:object_r:vendor_default_prop:s0 tclass=file permissive=0
06-07 09:45:35.729: I/BackdropActivity(13935): onCreate()
06-07 09:45:35.733: I/ActivityManager(1148): Activity requesting to dismiss Keyguard: ActivityRecord{94c5ac2 u0 com.google.android.apps.mtaas.backdrop/.BackdropActivity t3}
06-07 09:45:35.756: I/FontsContentProvider(12088): Received query Google Sans, URI content://com.google.android.gms.fonts
06-07 09:45:35.757: I/FontsContentProvider(12088): Query [Google Sans] resolved to {Google Sans, wdth 100.0, wght 400, ital 0.0, bestEffort false}
06-07 09:45:35.761: I/FontsContentProvider(12088): Fetch {Google Sans, wdth 100.0, wght 400, ital 0.0, bestEffort false} end status Status{statusCode=SUCCESS, resolution=null}
06-07 09:45:35.764: I/FontsContentProvider(12088): Pulling font file for id = 5, cache size = 5
06-07 09:45:35.770: I/FontsContentProvider(12088): Received query Google Sans, URI content://com.google.android.gms.fonts
06-07 09:45:35.771: I/FontsContentProvider(12088): Query [Google Sans] resolved to {Google Sans, wdth 100.0, wght 400, ital 0.0, bestEffort false}
06-07 09:45:35.772: I/FontsContentProvider(12088): Fetch {Google Sans, wdth 100.0, wght 400, ital 0.0, bestEffort false} end status Status{statusCode=SUCCESS, resolution=null}
06-07 09:45:35.774: I/BackdropActivity(13935): android_id: 4591805162120263440
06-07 09:45:35.778: I/BackdropActivity(13935): onResume()
06-07 09:45:35.779: I/ActivityManager(1148): Activity requesting to dismiss Keyguard: ActivityRecord{94c5ac2 u0 com.google.android.apps.mtaas.backdrop/.BackdropActivity t3}
06-07 09:45:35.782: I/FontsContentProvider(12088): Pulling font file for id = 6, cache size = 6
06-07 09:45:35.783: D/OpenGLRenderer(13935): Skia GL Pipeline
06-07 09:45:35.786: D/sound_trigger_hw(748): stdev_stop_recognition:[1] Enter
06-07 09:45:35.786: D/sound_trigger_hw(748): active_state_fn:[1] handle event id 7
06-07 09:45:35.786: D/sound_trigger_hw(748): active_state_fn:[1] unhandled event
06-07 09:45:35.786: D/sound_trigger_hw(748): active_state_fn:[1] handle event id 4
06-07 09:45:35.786: D/sound_trigger_hw(748): dereg_hal_event_session: ST_EVENT_SESSION_DEREGISTER capture_handle 62 p_ses 0xf3cf40a0
06-07 09:45:35.786: D/sound_trigger_hw(748): stop:[1] gcs stop VA engine, size=24
06-07 09:45:35.786: D/sound_trigger_hw(748): [ 06-07 09:45:35.786   748:10706 D/         ]
06-07 09:45:35.786: D/sound_trigger_hw(748): pktzr_send_cmd: opcode = 0x5, size = 24, token = 6
06-07 09:45:35.791: I/FTLNetworkMonitor(13935): NetworkMonitoringService was created
06-07 09:45:35.791: I/FTLNetworkMonitor(13935): [ 06-07 09:45:35.797   748: 1126 D/         ]
06-07 09:45:35.791: I/FTLNetworkMonitor(13935): ipc_resp_thread: opcode: 0x2, payload_size: 4, resp_buf size: 16
06-07 09:45:35.791: I/FTLNetworkMonitor(13935): [ 06-07 09:45:35.797   748: 1126 D/         ]
06-07 09:45:35.791: I/FTLNetworkMonitor(13935): pktzr_resp_cb: opcode = 0x2 size = 4 token = 6
06-07 09:45:35.791: I/FTLNetworkMonitor(13935): [ 06-07 09:45:35.797   748: 1126 D/         ]
06-07 09:45:35.791: I/FTLNetworkMonitor(13935): pktzr_resp_cb: token 6 matched
06-07 09:45:35.797: D/sound_trigger_hw(748): stop:[1] calling gcs_disable with handle 1
06-07 09:45:35.797: D/sound_trigger_hw(748): [ 06-07 09:45:35.798   748:10706 E/         ]
06-07 09:45:35.797: D/sound_trigger_hw(748): __gcs_disable_update_pld: sgt_array[i] = 0x1
06-07 09:45:35.797: D/sound_trigger_hw(748): [ 06-07 09:45:35.798   748:10706 E/         ]
06-07 09:45:35.797: D/sound_trigger_hw(748): __gcs_disable_update_pld: sgt_array[i] = 0x2
06-07 09:45:35.797: D/sound_trigger_hw(748): [ 06-07 09:45:35.798   748:10706 D/         ]
06-07 09:45:35.797: D/sound_trigger_hw(748): pktzr_send_cmd: opcode = 0x4, size = 80, token = 7
06-07 09:45:35.809: I/Adreno(13935): QUALCOMM build                   : 3f88ca2, I42f6fe38fb
06-07 09:45:35.809: I/Adreno(13935): Build Date                       : 07/13/18
06-07 09:45:35.809: I/Adreno(13935): OpenGL ES Shader Compiler Version: EV031.24.00.00
06-07 09:45:35.809: I/Adreno(13935): Local Branch                     : 50.04
06-07 09:45:35.809: I/Adreno(13935): Remote Branch                    : 
06-07 09:45:35.809: I/Adreno(13935): Remote Branch                    : 
06-07 09:45:35.809: I/Adreno(13935): Reconstruct Branch               : 
06-07 09:45:35.809: I/Adreno(13935): Build Config                     : S P 4.0.10 AArch64
06-07 09:45:35.809: I/Adreno(13935): [ 06-07 09:45:35.810   748: 1126 D/         ]
06-07 09:45:35.809: I/Adreno(13935): ipc_resp_thread: opcode: 0x2, payload_size: 4, resp_buf size: 16
06-07 09:45:35.809: I/Adreno(13935): [ 06-07 09:45:35.810   748: 1126 D/         ]
06-07 09:45:35.809: I/Adreno(13935): pktzr_resp_cb: opcode = 0x2 size = 4 token = 7
06-07 09:45:35.809: I/Adreno(13935): [ 06-07 09:45:35.810   748: 1126 D/         ]
06-07 09:45:35.809: I/Adreno(13935): pktzr_resp_cb: token 7 matched
06-07 09:45:35.810: D/sound_trigger_hw(748): set_device: disable device (1) = listen-cpe-handset-mic
06-07 09:45:35.811: E/libc(13935): Access denied finding property "ro.vendor.graphics.memory"
06-07 09:45:35.807: W/RenderThread(13935): type=1400 audit(0.0:125): avc: denied { read } for name="u:object_r:vendor_default_prop:s0" dev="tmpfs" ino=20023 scontext=u:r:untrusted_app:s0:c162,c256,c512,c768 tcontext=u:object_r:vendor_default_prop:s0 tclass=file permissive=0
06-07 09:45:35.812: D/sound_trigger_hw(748): session[1]: active_state_fn ---> loaded_state_fn 
06-07 09:45:35.812: I/Adreno(13935): PFP: 0x016ee170, ME: 0x00000000
06-07 09:45:35.812: D/sound_trigger_hw(748): stdev_stop_recognition:[1] Exit status 0
06-07 09:45:35.814: I/GsaVoiceInteractionSrv(3883): Stop Hotword Recognition status: true
06-07 09:45:35.814: I/ConfigStore(13935): android::hardware::configstore::V1_0::ISurfaceFlingerConfigs::hasWideColorDisplay retrieved: 1
06-07 09:45:35.815: I/ConfigStore(13935): android::hardware::configstore::V1_0::ISurfaceFlingerConfigs::hasHDRDisplay retrieved: 1
06-07 09:45:35.818: I/OpenGLRenderer(13935): Initialized EGL, version 1.4
06-07 09:45:35.818: D/OpenGLRenderer(13935): Swap behavior 2
06-07 09:45:35.825: W/System(13935): A resource failed to call close. 
06-07 09:45:35.828: I/FTLNetworkMonitor(13935): Network Info: [type: WIFI[], state: CONNECTED/CONNECTED, reason: (unspecified), extra: (none), failover: false, available: true, roaming: false]
06-07 09:45:35.829: I/FTLNetworkMonitor(13935): Network Info: [type: WIFI[], state: CONNECTED/CONNECTED, reason: (unspecified), extra: (none), failover: false, available: true, roaming: false]
06-07 09:45:35.835: I/GoogleInputMethod(3406): onFinishInput() : Dummy InputConnection bound
06-07 09:45:35.835: I/GoogleInputMethod(3406): onStartInput() : Dummy InputConnection bound
06-07 09:45:35.839: E/libc(13935): Access denied finding property "vendor.gralloc.enable_ahardware_buffer"
06-07 09:45:35.834: W/RenderThread(13935): type=1400 audit(0.0:126): avc: denied { read } for name="u:object_r:vendor_default_prop:s0" dev="tmpfs" ino=20023 scontext=u:r:untrusted_app:s0:c162,c256,c512,c768 tcontext=u:object_r:vendor_default_prop:s0 tclass=file permissive=0
06-07 09:45:35.866: D/android.hardware.power@1.3-service.crosshatch-libperfmgr(765): LAUNCH OFF
06-07 09:45:35.873: I/ActivityManager(1148): Displayed com.google.android.apps.mtaas.backdrop/.BackdropActivity: +210ms
06-07 09:45:35.875: W/SurfaceFlinger(643): Attempting to set client state on removed layer: Splash Screen com.google.android.apps.mtaas.backdrop#0
06-07 09:45:35.875: W/SurfaceFlinger(643): Attempting to destroy on removed layer: Splash Screen com.google.android.apps.mtaas.backdrop#0
06-07 09:45:36.009: I/PBSessionCacheImpl(10584): Deleted sessionId[840549201834] from persistence.
06-07 09:45:36.050: W/SearchServiceCore(10584): Abort, client detached.
06-07 09:45:36.159: D/AndroidRuntime(13974): >>>>>> START com.android.internal.os.RuntimeInit uid 2000 <<<<<<
06-07 09:45:36.210: I/app_process(13974): The ClassLoaderContext is a special shared library.
06-07 09:45:36.232: D/AndroidRuntime(13974): Calling main entry com.android.commands.am.Am
06-07 09:45:36.236: I/ActivityManager(1148): Force stopping com.google.android.apps.mtaas.loginutil appid=10154 user=0: start instr
06-07 09:45:36.247: I/ActivityManager(1148): Start proc 13983:com.google.android.apps.mtaas.loginutil/u0a154 for added application com.google.android.apps.mtaas.loginutil
06-07 09:45:36.250: E/mtaas.loginuti(13983): Not starting debugger since process cannot load the jdwp agent.
06-07 09:45:36.262: E/Backup(12088): [BackupTransportMigratorChimeraService] Could not migrate transport!
06-07 09:45:36.263: I/Backup(12088): [BackupTransportMigratorChimeraService] Starting migration...
06-07 09:45:36.265: I/mtaas.loginuti(13983): The ClassLoaderContext is a special shared library.
06-07 09:45:36.273: D/NetworkSecurityConfig(13983): No Network Security Config specified, using platform default
06-07 09:45:36.303: D/LoginUtil(13983): Connected to Internet
06-07 09:45:36.311: D/LoginUtil(13983): Adding Account {name=LTF7ONYMDNJYX7GB4F4RTMVU4Q-00@cloudtestlabaccounts.com, type=com.google}
06-07 09:45:36.329: I/ActivityManager(1148): Start proc 14001:com.google.android.apps.auth.test.support/u0a156 for service com.google.android.apps.auth.test.support/.services.AccountService
06-07 09:45:36.333: E/th.test.suppor(14001): Not starting debugger since process cannot load the jdwp agent.
06-07 09:45:36.357: I/th.test.suppor(14001): The ClassLoaderContext is a special shared library.
06-07 09:45:36.365: E/ActivityThread(14001): Failed to find provider info for com.google.android.apps.common.testing.services.storage.testargs
06-07 09:45:36.365: W/AuthService(14001): [TestArgsHelper] Error when calling AndroidTestUtil.getTestArgs(). Note that this behavior might be expected.
06-07 09:45:36.371: I/AuthService(14001): [AddAccountOperation] Call GmsCore API.
06-07 09:45:36.390: D/QSEECOMAPI(13918): QSEECom_get_handle sb_length = 0x400
06-07 09:45:36.390: D/QSEECOMAPI(13918): App is already loaded QSEE and app id = 1
06-07 09:45:36.393: E/fpc_tac(13918): qsee_km_get_encapsulated_key KEYMASTER_GET_AUTH_TOKEN_KEY returned status=-24
06-07 09:45:36.393: D/QSEECOMAPI(13918): QSEECom_dealloc_memory 
06-07 09:45:36.393: D/QSEECOMAPI(13918): QSEECom_shutdown_app, app_id = 1
06-07 09:45:36.393: E/fpc_fingerprint_hal(13918): fpc_hal_open failed
06-07 09:45:36.394: I/EventHub(1148): Removing device uinput-fpc due to epoll hang-up event.
06-07 09:45:36.394: I/EventHub(1148): Removed device: path=/dev/input/event3 name=uinput-fpc id=85 fd=167 classes=0x101
06-07 09:45:36.394: W/EventHub(1148): built-in keyboard device /dev/input/event3 (id=85) is closing! the apps will not like this
06-07 09:45:36.394: W/InputReader(1148): Ignoring spurious device removed event for deviceId 85.
06-07 09:45:36.395: I/EventHub(1148): Removing device '/dev/input/event3' due to inotify event
06-07 09:45:36.411: D/QSEECOMAPI(13918): QSEECom_dealloc_memory 
06-07 09:45:36.411: D/QSEECOMAPI(13918): QSEECom_shutdown_app, app_id = 85
06-07 09:45:36.581: I/elligence.sens(13780): Waiting for a blocking GC ProfileSaver
06-07 09:45:36.599: I/elligence.sens(13780): WaitForGcToComplete blocked ProfileSaver on HeapTrim for 17.958ms
06-07 09:45:36.604: W/Conscrypt(11190): Could not set socket write timeout: java.net.SocketException: Socket closed
06-07 09:45:36.604: W/Conscrypt(11190): 	at com.google.android.gms.org.conscrypt.Platform.setSocketWriteTimeout(:com.google.android.gms@200914028@20.09.14 (100400-300565878):2)
06-07 09:45:36.604: W/Conscrypt(11190): 	at com.google.android.gms.org.conscrypt.ConscryptFileDescriptorSocket.setSoWriteTimeout(:com.google.android.gms@200914028@20.09.14 (100400-300565878):0)
06-07 09:45:36.613: W/Conscrypt(11190): Could not set socket write timeout: java.net.SocketException: Socket closed
06-07 09:45:36.613: W/Conscrypt(11190): 	at com.google.android.gms.org.conscrypt.Platform.setSocketWriteTimeout(:com.google.android.gms@200914028@20.09.14 (100400-300565878):2)
06-07 09:45:36.614: W/Conscrypt(11190): 	at com.google.android.gms.org.conscrypt.ConscryptFileDescriptorSocket.setSoWriteTimeout(:com.google.android.gms@200914028@20.09.14 (100400-300565878):0)
06-07 09:45:36.764: E/ExecutionCriteria(11190): Package unavailable for task: com.google.android.apps.gcs/com.google.android.flib.phenotype.services.PhenotypeExperimentCommitService{u=0 tag="PhenotypeExpCommitSvc" trigger=window{start=0s,end=30s,earliest=-317s,latest=-287s} requirements=[NET_ANY] attributes=[PERSISTED] scheduled=-317s last_run=N/A jid=N/A status=PENDING retries=0 client_lib=MANCHEGO_GCM-11732000}
06-07 09:45:36.766: I/Auth(11190): [AccountVisibility] Add account explicitly with whitelisted packages 0
06-07 09:45:36.789: D/AccountManagerService(1148): Visibility was not initialized
06-07 09:45:36.792: I/AccountManagerService(1148): the accounts changed, sending broadcast of android.accounts.LOGIN_ACCOUNTS_CHANGED
06-07 09:45:36.806: I/AccountManagerService(1148): the accounts changed, sending broadcast of android.accounts.LOGIN_ACCOUNTS_CHANGED
06-07 09:45:36.809: I/Auth(11190): [AccountStatusChecker] OnDataChanged check: <ELLIDED:-214075320>
06-07 09:45:36.813: I/Auth(11190): [AccountStatusChecker] Canceling for <ELLIDED:-214075320>
06-07 09:45:36.825: I/ActivityManager(1148): Start proc 14023:com.google.android.music:main/u0a75 for broadcast com.google.android.music/.AccountsBroadcastReceiver
06-07 09:45:36.829: I/Auth(11190): [BroadcastManager] Broadcasting account services changed.
06-07 09:45:36.835: E/roid.music:mai(14023): Not starting debugger since process cannot load the jdwp agent.
06-07 09:45:36.848: I/Auth(11190): [GoogleAccountHistoryStore] creating database.
06-07 09:45:36.861: I/ActivityManager(1148): Start proc 14037:com.google.android.keep/u0a150 for service com.google.android.keep/.syncadapter.KeepSyncAdapterService
06-07 09:45:36.869: I/AuthService(14001): [AddAccountOperation] Succeeded.
06-07 09:45:36.870: I/Icing(12088): updateResources: need to parse acef{com.google.android.gms}
06-07 09:45:36.874: E/le.android.kee(14037): Not starting debugger since process cannot load the jdwp agent.
06-07 09:45:36.880: I/ActivityManager(1148): Start proc 14049:com.google.android.gm/u0a100 for service com.google.android.gm/.provider.MailSyncAdapterService
06-07 09:45:36.880: I/roid.music:mai(14023): The ClassLoaderContext is a special shared library.
06-07 09:45:36.891: E/ogle.android.g(14049): Not starting debugger since process cannot load the jdwp agent.
06-07 09:45:36.892: I/ActivityManager(1148): Start proc 14059:com.google.android.apps.docs.editors.docs/u0a147 for service com.google.android.apps.docs.editors.docs/com.google.android.apps.docs.sync.syncadapter.DocsSyncAdapterService
06-07 09:45:36.897: I/MultiDex(14023): VM with version 2.1.0 has multidex support
06-07 09:45:36.897: I/MultiDex(14023): install
06-07 09:45:36.897: I/MultiDex(14023): VM has multidex support, MultiDex support library is disabled.
06-07 09:45:36.903: E/cs.editors.doc(14059): Not starting debugger since process cannot load the jdwp agent.
06-07 09:45:36.904: I/ActivityManager(1148): Start proc 14072:com.android.chrome/u0a107 for service com.android.chrome/org.chromium.chrome.browser.invalidation.ChromeBrowserSyncAdapterService
06-07 09:45:36.910: D/MusicLifecycle(14023): com.google.android.music.store.ConfigContentProvider generated event: Content provider created
06-07 09:45:36.911: D/MusicLifecycle(14023): com.google.android.music.api.MusicPublicContentProvider generated event: Content provider created
06-07 09:45:36.912: I/le.android.kee(14037): The ClassLoaderContext is a special shared library.
06-07 09:45:36.913: E/.android.chrom(14072): Not starting debugger since process cannot load the jdwp agent.
06-07 09:45:36.916: I/ogle.android.g(14049): The ClassLoaderContext is a special shared library.
06-07 09:45:36.923: D/MusicLifecycle(14023): com.google.android.music.store.MusicContentProvider generated event: Content provider created
06-07 09:45:36.931: I/AuthService(14001): [AccountService] Execution time for add account with authorization code, options: Bundle[{}] is 563 ms.
06-07 09:45:36.931: D/MusicLifecycle(14023): com.google.android.music.ui.PhoneMusicApplication generated event: Application created
06-07 09:45:36.933: D/LoginUtil(13983): Instrumentation completed successfully
06-07 09:45:36.933: I/ActivityManager(1148): Force stopping com.google.android.apps.mtaas.loginutil appid=10154 user=0: finished inst
06-07 09:45:36.934: I/ActivityManager(1148): Killing 13983:com.google.android.apps.mtaas.loginutil/u0a154 (adj 0): stop com.google.android.apps.mtaas.loginutil
06-07 09:45:36.934: I/cs.editors.doc(14059): The ClassLoaderContext is a special shared library.
06-07 09:45:36.935: W/Binder(1148): Outgoing transactions from this process must be FLAG_ONEWAY
06-07 09:45:36.935: W/Binder(1148): java.lang.Throwable
06-07 09:45:36.935: W/Binder(1148): 	at android.os.BinderProxy.transact(Binder.java:1116)
06-07 09:45:36.935: W/Binder(1148): 	at android.app.IInstrumentationWatcher$Stub$Proxy.instrumentationFinished(IInstrumentationWatcher.java:164)
06-07 09:45:36.935: W/Binder(1148): 	at com.android.server.am.InstrumentationReporter$MyThread.run(InstrumentationReporter.java:86)
06-07 09:45:36.936: W/libprocessgroup(1148): kill(-13983, 9) failed: No such process
06-07 09:45:36.936: D/AndroidRuntime(13974): Shutting down VM
06-07 09:45:36.940: W/app_process(13974): Thread attaching while runtime is shutting down: Binder:13974_3
06-07 09:45:36.940: I/AndroidRuntime(13974): NOTE: attach of thread 'Binder:13974_3' failed
06-07 09:45:36.941: I/Zygote(731): Process 13983 exited due to signal (9)
06-07 09:45:36.980: W/libprocessgroup(1148): kill(-13983, 9) failed: No such process
06-07 09:45:36.980: I/libprocessgroup(1148): Successfully killed process cgroup uid 10154 pid 13983 in 44ms
06-07 09:45:36.995: I/Icing(12088): doRemovePackageData com.google.android.videos
06-07 09:45:37.016: D/MusicLifecycle(14023): com.google.android.music.store.ConfigContentProvider generated event: initializing
06-07 09:45:37.017: I/BaseStore(14023): ConfigStore database version: 1
06-07 09:45:37.045: W/SyncManager(1148): Clock is valid now.
06-07 09:45:37.061: I/roid.music:mai(14023): The ClassLoaderContext is a special shared library.
06-07 09:45:37.062: I/chatty(14023): uid=10075 com.google.android.music:main identical 1 line
06-07 09:45:37.063: I/roid.music:mai(14023): The ClassLoaderContext is a special shared library.
06-07 09:45:37.078: W/Icing(12088): Package com.android.chrome targets Android P and isn't allowed to use AppDataSearch indexing API
06-07 09:45:37.082: W/Icing(12088): Package com.google.android.gm targets Android P and isn't allowed to use AppDataSearch indexing API
06-07 09:45:37.085: V/NativeCrypto(14023): Registering com/google/android/gms/org/conscrypt/NativeCrypto's 286 native methods...
06-07 09:45:37.091: W/Icing(12088): Package com.google.android.music targets Android P and isn't allowed to use AppDataSearch indexing API
06-07 09:45:37.117: D/NetworkSecurityConfig(14023): No Network Security Config specified, using platform default
06-07 09:45:37.119: I/ProviderInstaller(14023): Installed default security provider GmsCore_OpenSSL
06-07 09:45:37.119: D/AndroidMusic(14023): GMSCore installation verified
06-07 09:45:37.187: I/Icing(12088): updateResources: need to parse acef{com.google.android.gms}
06-07 09:45:37.200: I/MusicExperimentManager(14023): Received config change, experiments list is null
06-07 09:45:37.201: W/MusicExperimentManager(14023): Parsing error while updating analysis experiments
06-07 09:45:37.220: I/TopChartsIcing(14023): Starting 'com.google.android.music.sync.google.MusicGcmTaskService
06-07 09:45:37.227: I/BaseStore(14023): Store database version: 146
06-07 09:45:37.263: I/Icing(12088): doRemovePackageData com.google.android.videos
06-07 09:45:37.280: I/PlaybackClient(14023): init: Initializing
06-07 09:45:37.313: D/ConnectivityService(1148): Returning BLOCKED NetworkInfo to uid=10075
06-07 09:45:37.355: E/PlayCommon(14023): [2] MetalogHelper.<init>: Failed to restore PlayMetalog
06-07 09:45:37.356: E/PlayCommon(14023): [2] MetalogHelper.<init>: Failed to restore LogsUploadAttempt
06-07 09:45:37.381: D/MusicLifecycle(14023): com.google.android.music.sync.SyncAdapterService generated event: Service created
06-07 09:45:37.405: W/Icing(12088): Package com.android.chrome targets Android P and isn't allowed to use AppDataSearch indexing API
06-07 09:45:37.407: D/MusicLifecycle(14023): com.google.android.music.AccountsBroadcastReceiver generated event: Broadcast received with context android.app.ReceiverRestrictedContext@887705b and intent Intent { act=android.accounts.LOGIN_ACCOUNTS_CHANGED flg=0x5000010 cmp=com.google.android.music/.AccountsBroadcastReceiver }
06-07 09:45:37.408: D/MusicLifecycle(14023): com.google.android.music.net.NetworkConnectivityMonitor$NetworkChangedReceiver generated event: Broadcast received with context com.google.android.music.ui.PhoneMusicApplication@954f15b and intent Intent { act=android.net.conn.CONNECTIVITY_CHANGE flg=0x4200010 (has extras) }
06-07 09:45:37.409: I/SignupStatusTask(14023): Starting 'com.google.android.music.sync.google.MusicGcmTaskService
06-07 09:45:37.409: I/NetworkConnectivity(14023): Network state changed: [type: WIFI[], state: DISCONNECTED/BLOCKED, reason: (unspecified), extra: (none), failover: false, available: true, roaming: false]
06-07 09:45:37.417: W/Icing(12088): Package com.google.android.gm targets Android P and isn't allowed to use AppDataSearch indexing API
06-07 09:45:37.419: D/MusicLifecycle(14023): com.google.android.music.download.EncapsulatedBroadcastReceiver$1 generated event: Broadcast received with context com.google.android.music.ui.PhoneMusicApplication@954f15b and intent Intent { act=com.google.android.music.ResumeStorageMigration flg=0x10 (has extras) }
06-07 09:45:37.424: D/MusicLifecycle(14023): com.google.android.music.download.artwork.ArtDownloadService generated event: Service created
06-07 09:45:37.431: W/Icing(12088): Package com.google.android.music targets Android P and isn't allowed to use AppDataSearch indexing API
06-07 09:45:37.433: W/SignupStatus(14023): No connection available, not continuing signup check
06-07 09:45:37.434: W/.android.chrom(14072): JIT profile information will not be recorded: profile file does not exits.
06-07 09:45:37.490: D/MusicLifecycle(14023): com.google.android.music.download.EncapsulatedBroadcastReceiver$1 generated event: Broadcast received with context com.google.android.music.ui.PhoneMusicApplication@954f15b and intent Intent { act=com.google.android.music.download.keepon.KeeponSchedulingService.START_DOWNLOAD flg=0x10 }
06-07 09:45:37.510: W/ComponentDiscovery(14037): Application info not found.
06-07 09:45:37.510: W/ComponentDiscovery(14037): Could not retrieve metadata, returning empty list of registrars.
06-07 09:45:37.512: D/AwarenessRouter(14023): 0 new fences
06-07 09:45:37.517: D/AwarenessRouter(14023): 0 fences already registered
06-07 09:45:37.520: D/AwarenessRouter(14023): Successfully removed 0 context fences
06-07 09:45:37.526: W/AdvertisingIdClient(14023): Error while reading from SharedPreferences 
06-07 09:45:37.526: W/AdvertisingIdClient(14023): java.lang.SecurityException: MODE_WORLD_READABLE no longer supported
06-07 09:45:37.526: W/AdvertisingIdClient(14023): 	at android.app.ContextImpl.checkMode(ContextImpl.java:2495)
06-07 09:45:37.526: W/AdvertisingIdClient(14023): 	at android.app.ContextImpl.getSharedPreferences(ContextImpl.java:414)
06-07 09:45:37.526: W/AdvertisingIdClient(14023): 	at android.app.ContextImpl.getSharedPreferences(ContextImpl.java:404)
06-07 09:45:37.526: W/AdvertisingIdClient(14023): 	at com.google.android.gms.ads.identifier.AdvertisingIdClient.getAdvertisingIdInfo(Unknown Source:12)
06-07 09:45:37.526: W/AdvertisingIdClient(14023): 	at com.google.android.music.preferences.MusicPreferences.getAdvertisingIdInfo(MusicPreferences.java:2476)
06-07 09:45:37.526: W/AdvertisingIdClient(14023): 	at com.google.android.music.preferences.MusicPreferences.access$1000(MusicPreferences.java:83)
06-07 09:45:37.526: W/AdvertisingIdClient(14023): 	at com.google.android.music.preferences.MusicPreferences$7.run(MusicPreferences.java:2457)
06-07 09:45:37.526: W/AdvertisingIdClient(14023): 	at com.google.android.music.utils.async.TraceableRunnable.runLogged(TraceableRunnable.java:21)
06-07 09:45:37.526: W/AdvertisingIdClient(14023): 	at com.google.android.music.utils.async.LoggedRunnable.run(LoggedRunnable.java:30)
06-07 09:45:37.526: W/AdvertisingIdClient(14023): 	at android.os.Handler.handleCallback(Handler.java:873)
06-07 09:45:37.526: W/AdvertisingIdClient(14023): 	at android.os.Handler.dispatchMessage(Handler.java:99)
06-07 09:45:37.526: W/AdvertisingIdClient(14023): 	at com.google.android.music.utils.LoggableHandler.dispatchMessage(LoggableHandler.java:74)
06-07 09:45:37.526: W/AdvertisingIdClient(14023): 	at android.os.Looper.loop(Looper.java:193)
06-07 09:45:37.526: W/AdvertisingIdClient(14023): 	at android.os.HandlerThread.run(HandlerThread.java:65)
06-07 09:45:37.564: W/Primes(14037): Primes not initialized, returning default (no-op) Primes instance which will ignore all calls. Please call Primes.initialize(...) before using any Primes API.
06-07 09:45:37.577: W/PrimesInit(14037): Primes instant initialization
06-07 09:45:37.581: W/Primes(14037): background initialization
06-07 09:45:37.606: W/DynamiteModule(14072): Local module descriptor class for com.google.android.gms.googlecertificates not found.
06-07 09:45:37.612: I/ActivityManager(1148): Start proc 14152:com.google.android.apps.photos/u0a104 for broadcast com.google.android.apps.photos/.account.full.RefreshAccountsReceiver
06-07 09:45:37.620: E/oid.apps.photo(14152): Not starting debugger since process cannot load the jdwp agent.
06-07 09:45:37.624: W/.android.chrom(14072): Unsupported class loader
06-07 09:45:37.643: I/DynamiteModule(14072): Considering local module com.google.android.gms.googlecertificates:0 and remote module com.google.android.gms.googlecertificates:4
06-07 09:45:37.644: I/DynamiteModule(14072): Selected remote version of com.google.android.gms.googlecertificates, version >= 4
06-07 09:45:37.645: I/oid.apps.photo(14152): The ClassLoaderContext is a special shared library.
06-07 09:45:37.655: I/PrimesTesting(14037): GserviceFlagsSupplier.get()
06-07 09:45:37.665: W/ComponentDiscovery(14049): Application info not found.
06-07 09:45:37.665: W/ComponentDiscovery(14049): Could not retrieve metadata, returning empty list of registrars.
06-07 09:45:37.694: I/DynamiteLoaderV2(14072): [70] Googlecertificates
06-07 09:45:37.704: E/KeepAccountsModel(14037): No account in the accounts model.
06-07 09:45:37.706: W/.android.chrom(14072): Unsupported class loader
06-07 09:45:37.716: W/PrimesInit(14049): Primes instant initialization
06-07 09:45:37.720: W/Primes(14049): background initialization
06-07 09:45:37.741: W/GAV2(14049): Thread[main,5,main]: Need to call initialize() and be in fallback mode to start dispatch.
06-07 09:45:37.769: W/KeepGATracker(14037): Disabling GA because no account was specified
06-07 09:45:37.771: I/PrimesTesting(14049): GserviceFlagsSupplier.get()
06-07 09:45:37.779: E/Gmail(14049): Gmail:TotalBandwidthLoggerRunner: Bandwidth Value was not valid: BandwidthValue{txBytes=-1, rxBytes=-1, txPackets=-1, rxPackets=-1, startTimeMs=0, endTimeMs=415217, connectivityType=TYPE_COMBINED, tag=TOTAL_APP_UID}
06-07 09:45:37.824: I/anmy(11190): Scheduling Phenotype for a PhenotypeSyncImmediately(16, com.google.android.keep) one off with window [1, 2] in seconds [CONTEXT service_id=51 ]
06-07 09:45:37.825: W/ChimeraUtils(11190): Non Chimera context
06-07 09:45:37.825: W/ChimeraUtils(11190): Non Chimera context
06-07 09:45:37.866: I/Wear_Controller(11190): Wear requires a companion app to be installed.
06-07 09:45:37.866: I/WearableService(11190): onCreate: Wearable Services not starting. Wear is not available on this device.
06-07 09:45:37.878: W/WearableService(11190): onGetService: Wear is not available on this device.
06-07 09:45:37.918: W/Gmail(14049): AccountUtils:For b/73513912, load account content://com.android.gmail.ui/account.-2137146394 from MailAppProvider. Is account valid result: 1.
06-07 09:45:37.929: W/Gmail(14049): AccountUtils:For b/73513912, load account content://com.google.android.gm.email.provider/account.-437561172?suppress_combined%3Dtrue from MailAppProvider. Is account valid result: 1.
06-07 09:45:37.949: W/ChimeraUtils(11190): Non Chimera context
06-07 09:45:37.949: W/ChimeraUtils(11190): Non Chimera context
06-07 09:45:38.025: E/ExecutionCriteria(11190): Package unavailable for task: com.google.android.apps.gcs/com.google.android.flib.phenotype.services.PhenotypeExperimentCommitService{u=0 tag="PhenotypeExpCommitSvc" trigger=window{start=0s,end=30s,earliest=-319s,latest=-289s} requirements=[NET_ANY] attributes=[PERSISTED] scheduled=-319s last_run=N/A jid=N/A status=PENDING retries=0 client_lib=MANCHEGO_GCM-11732000}
06-07 09:45:38.053: I/Auth(11190): [AccountStatusChecker] OnDataChanged check: <ELLIDED:-214075320>
06-07 09:45:38.054: I/Auth(11190): [AccountStatusChecker] Canceling for <ELLIDED:-214075320>
06-07 09:45:38.088: W/ActivityManager(1148): Unable to start service Intent { cmp=com.google.android.gm/com.android.email.service.AttachmentService } U=0: not found
06-07 09:45:38.113: D/NetworkSecurityConfig(14037): No Network Security Config specified, using platform default
