06-07 09:45:53.703: I/Notifications(15003): [ChimeBroadcastReceiver] Intent received for action [android.accounts.LOGIN_ACCOUNTS_CHANGED] package [com.google.android.apps.walletnfcrel].
06-07 09:45:53.733: W/GCM(15003): GCM SDK is deprecated, com.google.android.apps.walletnfcrel should update to use FCM
06-07 09:45:53.759: I/Notifications(15003): [ChimeBroadcastReceiver] Validation failed for action [android.accounts.LOGIN_ACCOUNTS_CHANGED].
06-07 09:45:53.761: I/ActivityManager(1148): Killing 14371:com.google.android.as:nonpersistent/u0a43 (adj 906): empty #17
06-07 09:45:53.763: W/libprocessgroup(1148): kill(-14371, 9) failed: No such process
06-07 09:45:53.777: I/ActivityManager(1148): Start proc 15036:com.google.android.apps.youtube.music/u0a153 for broadcast com.google.android.apps.youtube.music/com.google.android.libraries.youtube.account.AccountsChangedReceiver
06-07 09:45:53.785: D/ConnectivityService(1148): ConnectivityService NetworkRequestInfo binderDied(NetworkRequest [ LISTEN id=40, [ Capabilities: INTERNET&NOT_RESTRICTED&TRUSTED Unwanted:  Uid: 10043] ], android.os.BinderProxy@91567da)
06-07 09:45:53.786: E/s.youtube.musi(15036): Not starting debugger since process cannot load the jdwp agent.
06-07 09:45:53.786: I/Zygote(732): Process 14371 exited due to signal (9)
06-07 09:45:53.806: W/libprocessgroup(1148): kill(-14371, 9) failed: No such process
06-07 09:45:53.806: I/libprocessgroup(1148): Successfully killed process cgroup uid 10043 pid 14371 in 43ms
06-07 09:45:53.818: I/s.youtube.musi(15036): The ClassLoaderContext is a special shared library.
06-07 09:45:53.955: I/FA(15003): App measurement is starting up, version: 18079
06-07 09:45:53.955: I/FA(15003): To enable debug logging run: adb shell setprop log.tag.FA VERBOSE
06-07 09:45:53.955: I/FA(15003): To enable faster debug mode event logging run:
06-07 09:45:53.955: I/FA(15003):   adb shell setprop debug.firebase.analytics.app com.google.android.apps.walletnfcrel
06-07 09:45:54.176: I/Telecom(1148): DefaultDialerCache: Refreshing default dialer for user 0: now com.google.android.dialer: DDC.oR@AJU
06-07 09:45:54.182: E/system_server(1148): No package ID 7f found for ID 0x7f080295.
06-07 09:45:54.182: E/system_server(1148): No package ID 7f found for ID 0x7f19000b.
06-07 09:45:54.182: I/InputReader(1148): Reconfiguring input devices.  changes=0x00000010
06-07 09:45:54.184: I/InputReader(1148): Reconfiguring input devices.  changes=0x00000010
06-07 09:45:54.206: D/RegisteredNfcFServicesCache(3912): Service unchanged, not updating
06-07 09:45:54.210: I/Telecom(1148): DefaultDialerCache: Refreshing default dialer for user 0: now com.google.android.dialer: DDC.oR@AJY
06-07 09:45:54.213: E/PhoneInterfaceManager(3548): [PhoneIntfMgr] getCarrierPackageNamesForIntent: No UICC
06-07 09:45:54.213: D/CarrierSvcBindHelper(3548): No carrier app for: 0
06-07 09:45:54.213: D/ImsResolver(3548): maybeAddedImsService, packageName: com.android.vending
06-07 09:45:54.221: D/RegisteredNfcFServicesCache(3912): Service unchanged, not updating
06-07 09:45:54.227: E/PhoneInterfaceManager(3548): [PhoneIntfMgr] getCarrierPackageNamesForIntent: No UICC
06-07 09:45:54.227: D/CarrierSvcBindHelper(3548): No carrier app for: 0
06-07 09:45:54.227: D/ImsResolver(3548): maybeAddedImsService, packageName: com.google.android.gms
06-07 09:45:54.252: W/Binder(1148): Outgoing transactions from this process must be FLAG_ONEWAY
06-07 09:45:54.252: W/Binder(1148): java.lang.Throwable
06-07 09:45:54.252: W/Binder(1148): 	at android.os.BinderProxy.transact(Binder.java:1116)
06-07 09:45:54.252: W/Binder(1148): 	at com.android.internal.location.ILocationProvider$Stub$Proxy.getProperties(ILocationProvider.java:236)
06-07 09:45:54.252: W/Binder(1148): 	at com.android.server.location.LocationProviderProxy$1$1.run(LocationProviderProxy.java:117)
06-07 09:45:54.252: W/Binder(1148): 	at com.android.server.ServiceWatcher.runOnBinder(ServiceWatcher.java:425)
06-07 09:45:54.252: W/Binder(1148): 	at com.android.server.location.LocationProviderProxy$1.run(LocationProviderProxy.java:111)
06-07 09:45:54.252: W/Binder(1148): 	at android.os.Handler.handleCallback(Handler.java:873)
06-07 09:45:54.252: W/Binder(1148): 	at android.os.Handler.dispatchMessage(Handler.java:99)
06-07 09:45:54.252: W/Binder(1148): 	at android.os.Looper.loop(Looper.java:193)
06-07 09:45:54.252: W/Binder(1148): 	at android.os.HandlerThread.run(HandlerThread.java:65)
06-07 09:45:54.253: W/Binder(1148): Outgoing transactions from this process must be FLAG_ONEWAY
06-07 09:45:54.253: W/Binder(1148): java.lang.Throwable
06-07 09:45:54.253: W/Binder(1148): 	at android.os.BinderProxy.transact(Binder.java:1116)
06-07 09:45:54.253: W/Binder(1148): 	at com.android.internal.location.ILocationProvider$Stub$Proxy.getProperties(ILocationProvider.java:236)
06-07 09:45:54.253: W/Binder(1148): 	at com.android.server.location.LocationProviderProxy$1$1.run(LocationProviderProxy.java:117)
06-07 09:45:54.253: W/Binder(1148): 	at com.android.server.ServiceWatcher.runOnBinder(ServiceWatcher.java:425)
06-07 09:45:54.253: W/Binder(1148): 	at com.android.server.location.LocationProviderProxy$1.run(LocationProviderProxy.java:111)
06-07 09:45:54.253: W/Binder(1148): 	at android.os.Handler.handleCallback(Handler.java:873)
06-07 09:45:54.253: W/Binder(1148): 	at android.os.Handler.dispatchMessage(Handler.java:99)
06-07 09:45:54.253: W/Binder(1148): 	at android.os.Looper.loop(Looper.java:193)
06-07 09:45:54.253: W/Binder(1148): 	at android.os.HandlerThread.run(HandlerThread.java:65)
06-07 09:45:54.278: I/Icing(12088): updateResources: need to parse acef{com.google.android.gms}
06-07 09:45:54.288: I/Icing(12088): IndexChimeraService.getServiceInterface callingPackage=com.google.android.gms componentName=AppsCorpus serviceId=36
06-07 09:45:54.317: I/GmsCoreXrpcWrapper(12088): Returning a channel provider with trafficStatsTag=12803
06-07 09:45:54.327: I/Icing(12088): Usage reports ok 0, Failed Usage reports 0, indexed 0, rejected 0
06-07 09:45:54.329: I/Icing(12088): Indexing com.google.android.gms-internal.3p:MobileApplication from com.google.android.gms using seqno 64
06-07 09:45:54.815: I/Finsky(14669): [173] ebo.run(3): Initializing the instant apps module.
06-07 09:45:54.821: I/Finsky(14669): [168] hdh.a(23): No selector loaded
06-07 09:45:54.825: I/Finsky(14669): [197] ril.c(1): Triggered update for experiment package com.google.android.finsky.stable.
06-07 09:45:54.893: I/Finsky(14669): [168] aaep.f(2): Restoring notifications
06-07 09:45:54.895: I/Finsky(14669): [174] ebk.run(8): Component class com.google.android.finsky.wear.WearSupportService disabled via PackageManager.
06-07 09:45:54.902: I/Finsky(14669): [174] ebk.run(8): Component class com.google.android.finsky.wear.WearChangeListenerService disabled via PackageManager.
06-07 09:45:54.908: I/Finsky(14669): [174] abny.a(10): Do not start WearSupportService due to Wear service optimization
06-07 09:45:54.962: I/Finsky(14669): [168] aaep.f(6): Done restoring notifications
06-07 09:45:55.069: W/ChimeraUtils(11190): Non Chimera context
06-07 09:45:55.069: W/ChimeraUtils(11190): Non Chimera context
06-07 09:45:55.139: E/ExecutionCriteria(11190): Package unavailable for task: com.google.android.apps.gcs/com.google.android.flib.phenotype.services.PhenotypeExperimentCommitService{u=0 tag="PhenotypeExpCommitSvc" trigger=window{start=0s,end=30s,earliest=-336s,latest=-306s} requirements=[NET_ANY] attributes=[PERSISTED] scheduled=-336s last_run=N/A jid=N/A status=PENDING retries=0 client_lib=MANCHEGO_GCM-11732000}
06-07 09:45:55.158: I/Finsky(14669): [164] ljt.a(8): Sending Heterodyne sync request for package com.google.android.finsky.stable
06-07 09:45:55.246: I/Finsky(14669): [2] unu.run(5): Detected restoreservicev2://recovery not needed, will not run
06-07 09:45:55.252: I/RequestAddCookies(14669): Cookie store not available in HTTP context
06-07 09:45:55.323: I/ResponseProcessCookies(14669): Cookie store not available in HTTP context
06-07 09:45:55.332: I/Icing(12088): Indexing com.google.android.gms-apps from com.google.android.gms
06-07 09:45:55.382: I/Icing(12088): Indexing done com.google.android.gms-apps
06-07 09:45:55.451: I/system_server(1148): Background concurrent copying GC freed 226621(10MB) AllocSpace objects, 88(3MB) LOS objects, 42% free, 16MB/29MB, paused 116us total 106.754ms
06-07 09:45:55.455: D/fpc_hidl(15081): fpc fingerprint hwbinder service starting
06-07 09:45:55.455: D/QSEECOMAPI(15081): QSEECom_get_handle sb_length = 0x80
06-07 09:45:55.456: D/QSEECOMAPI(15081): App is not loaded in QSEE
06-07 09:45:55.456: D/QSEECOMAPI(15081): app_arch = 2, total_files = 9
06-07 09:45:55.474: I/Finsky(14669): [164] ljt.a(3): Received Heterodyne sync response. StatusCode=200
06-07 09:45:55.494: W/ProxyAndroidLoggerBackend(14669): Too many Flogger logs received before configuration. Dropping old logs.
06-07 09:45:55.519: I/chatty(14669): uid=10014(com.android.vending) BlockingExecuto identical 40 lines
06-07 09:45:55.519: W/ProxyAndroidLoggerBackend(14669): Too many Flogger logs received before configuration. Dropping old logs.
06-07 09:45:55.520: D/QSEECOMAPI(15081): Loaded image: APP id = 89
06-07 09:45:55.522: W/ProxyAndroidLoggerBackend(14669): Too many Flogger logs received before configuration. Dropping old logs.
06-07 09:45:55.523: I/chatty(14669): uid=10014(com.android.vending) BlockingExecuto identical 2 lines
06-07 09:45:55.526: W/ProxyAndroidLoggerBackend(14669): Too many Flogger logs received before configuration. Dropping old logs.
06-07 09:45:55.526: E/fpc_tac(15081): fpcbuildinfo : 575ddab5b91efea67ee1d200fc813ff2fpc_bio=bd35c3fec78219829149bea6c9ec961e6f655b90C:prodtestlib=4304cf5c884c198624b749af3482befacbd3028eC:fpc_c_core=dc194509594e837dedfb5452aaf06fcb61977135C:fpc_lib=cd5b7b876c3d69afa68a11ac6fd86f873e70817bC:cac=297e11552c60a3607ed664cf44c3e4b36ab2e737C:fpc_bio_interface=94a457caecae31eca8ef04b64c3f82a018e9bbc0C:fpc_sensor=ba909a5500944acafe47a0ef3a49f89509aadfb6C:tools_core=94ddf1e684cfa6c99f0f237f7cc35f3962e0e597C:sensor_settings=4fcf864fb493ae0272a9b2806446b379d99fd8ceC:fingerprint_ta=066bc0ab880960a4a69b74a328c7d7871c72225bC:fingerprint_pal=0deb9a478a3572872639f9cb2559ccc464ee3f9bC:manifests=dcb3d8ab0bdb7a5b341839d8c75bb88fc7f5e1a4C:Manifesttag=SW23.3.0-PDR1.0.5:jenkins@84ffd74dac44:Thu,17May201810:17:08+0200:FPC_SENSOR_TYPE=FPC_SENSOR_TYPE_FPC1270:FPC_CC_TYPE=FPC_COMPANION_CHIP_FPC2050:FPC_C_TYPE=FPC_COATING_NORMAL
06-07 09:45:55.526: E/fpc_tac(15081): fpcbuildtype : build=RELEASE sensor=9
06-07 09:45:55.526: W/ProxyAndroidLoggerBackend(14669): Too many Flogger logs received before configuration. Dropping old logs.
06-07 09:45:55.528: W/EventHub(1148): Unable to disable kernel key repeat for /dev/input/event3: Function not implemented
06-07 09:45:55.528: I/EventHub(1148): wakeMechanism=EPOLLWAKEUP, usingClockIoctl=true
06-07 09:45:55.528: I/EventHub(1148): New device: id=89, fd=166, path='/dev/input/event3', name='uinput-fpc', classes=0x101, configuration='/system/usr/idc/uinput-fpc.idc', keyLayout='/system/usr/keylayout/uinput-fpc.kl', keyCharacterMap='/system/usr/keychars/Generic.kcm', builtinKeyboard=true, 
06-07 09:45:55.528: W/InputReader(1148): Ignoring spurious device added event for deviceId 0.
06-07 09:45:55.530: W/ProxyAndroidLoggerBackend(14669): Too many Flogger logs received before configuration. Dropping old logs.
06-07 09:45:55.954: I/chatty(14669): uid=10014(com.android.vending) BlockingExecuto identical 919 lines
06-07 09:45:56.010: W/ProxyAndroidLoggerBackend(14669): Too many Flogger logs received before configuration. Dropping old logs.
06-07 09:45:56.021: I/Finsky(14669): [197] rig.a(6): Writing flags config, size 1.
06-07 09:45:56.022: I/Finsky(14669): [197] rig.a(6): Started writing experiment flags into file [8uKij9Tp4PZyjSvh8NyLyFvuCv94NONrKvkkdzEKIoQ].
06-07 09:45:56.038: I/Finsky(14669): [197] rig.a(21): Finished writing experiment flags into file [8uKij9Tp4PZyjSvh8NyLyFvuCv94NONrKvkkdzEKIoQ].
06-07 09:45:56.045: I/Finsky(14669): [197] ril.b(26): Successfully applied new configurations for package com.google.android.finsky.stable.
06-07 09:45:56.045: I/Finsky(14669): [202] ril.c(1): Triggered update for experiment package com.google.android.finsky.regular.
06-07 09:45:56.066: W/ProxyAndroidLoggerBackend(14669): Too many Flogger logs received before configuration. Dropping old logs.
06-07 09:45:56.067: I/Finsky(14669): [164] ljt.a(8): Sending Heterodyne sync request for package com.google.android.finsky.regular
06-07 09:45:56.071: W/ProxyAndroidLoggerBackend(14669): Too many Flogger logs received before configuration. Dropping old logs.
06-07 09:45:56.072: I/RequestAddCookies(14669): Cookie store not available in HTTP context
06-07 09:45:56.102: W/DynamiteModule(15036): Local module descriptor class for providerinstaller not found.
06-07 09:45:56.120: W/ProviderInstaller(15036): Failed to load providerinstaller module: No acceptable module found. Local version is 0 and remote version is 0.
06-07 09:45:56.124: I/ResponseProcessCookies(14669): Cookie store not available in HTTP context
06-07 09:45:56.171: W/ProxyAndroidLoggerBackend(14669): Too many Flogger logs received before configuration. Dropping old logs.
06-07 09:45:56.171: I/Finsky(14669): [164] ljt.a(3): Received Heterodyne sync response. StatusCode=200
06-07 09:45:56.174: W/ProxyAndroidLoggerBackend(14669): Too many Flogger logs received before configuration. Dropping old logs.
06-07 09:45:56.226: I/chatty(14669): uid=10014(com.android.vending) BlockingExecuto identical 206 lines
06-07 09:45:56.226: W/ProxyAndroidLoggerBackend(14669): Too many Flogger logs received before configuration. Dropping old logs.
06-07 09:45:56.232: I/s.youtube.musi(15036): The ClassLoaderContext is a special shared library.
06-07 09:45:56.233: W/ProxyAndroidLoggerBackend(14669): Too many Flogger logs received before configuration. Dropping old logs.
06-07 09:45:56.255: I/chatty(14669): uid=10014(com.android.vending) BlockingExecuto identical 110 lines
06-07 09:45:56.256: W/ProxyAndroidLoggerBackend(14669): Too many Flogger logs received before configuration. Dropping old logs.
06-07 09:45:56.256: I/s.youtube.musi(15036): The ClassLoaderContext is a special shared library.
06-07 09:45:56.256: W/ProxyAndroidLoggerBackend(14669): Too many Flogger logs received before configuration. Dropping old logs.
06-07 09:45:56.280: I/chatty(14669): uid=10014(com.android.vending) BlockingExecuto identical 113 lines
06-07 09:45:56.281: W/ProxyAndroidLoggerBackend(14669): Too many Flogger logs received before configuration. Dropping old logs.
06-07 09:45:56.281: I/s.youtube.musi(15036): The ClassLoaderContext is a special shared library.
06-07 09:45:56.281: W/ProxyAndroidLoggerBackend(14669): Too many Flogger logs received before configuration. Dropping old logs.
06-07 09:45:56.331: I/chatty(14669): uid=10014(com.android.vending) BlockingExecuto identical 476 lines
06-07 09:45:56.331: W/ProxyAndroidLoggerBackend(14669): Too many Flogger logs received before configuration. Dropping old logs.
06-07 09:45:56.340: E/GEL_DELAYED_EVENT_DEBUG(15036): Failed delayed event dispatch, no dispatchers.
06-07 09:45:56.367: E/Backup(12088): [BackupTransportMigratorChimeraService] Could not migrate transport!
06-07 09:45:56.379: W/ProxyAndroidLoggerBackend(14669): Too many Flogger logs received before configuration. Dropping old logs.
06-07 09:45:56.382: I/chatty(14669): uid=10014(com.android.vending) BlockingExecuto identical 2 lines
06-07 09:45:56.382: W/ProxyAndroidLoggerBackend(14669): Too many Flogger logs received before configuration. Dropping old logs.
06-07 09:45:56.385: E/AwarenessClientProvider(15036): Account associated with identity was null
06-07 09:45:56.411: W/ProxyAndroidLoggerBackend(14669): Too many Flogger logs received before configuration. Dropping old logs.
06-07 09:45:56.453: W/GoogleTagManager(15036): Failed to extract the container from the resource file. Resource is a UTF-8 encoded string but doesn't contain a JSON container
06-07 09:45:56.527: W/s.youtube.musi(15036): Unsupported class loader
06-07 09:45:56.531: W/ProxyAndroidLoggerBackend(14669): Too many Flogger logs received before configuration. Dropping old logs.
06-07 09:45:56.532: W/ProxyAndroidLoggerBackend(14669): Too many Flogger logs received before configuration. Dropping old logs.
06-07 09:45:56.533: E/AwarenessRouterSyncMgr(15036): Exception while syncing fences
06-07 09:45:56.533: E/AwarenessRouterSyncMgr(15036): java.util.concurrent.ExecutionException: java.lang.IllegalStateException: Account associated with identity was null
06-07 09:45:56.533: E/AwarenessRouterSyncMgr(15036): 	at aanx.a(SourceFile:99)
06-07 09:45:56.533: E/AwarenessRouterSyncMgr(15036): 	at aanx.get(SourceFile:75)
06-07 09:45:56.533: E/AwarenessRouterSyncMgr(15036): 	at aasa.a(SourceFile:1)
06-07 09:45:56.533: E/AwarenessRouterSyncMgr(15036): 	at aaqj.a(SourceFile:26)
06-07 09:45:56.533: E/AwarenessRouterSyncMgr(15036): 	at gdg.run(Unknown Source:1)
06-07 09:45:56.533: E/AwarenessRouterSyncMgr(15036): 	at java.util.concurrent.Executors$RunnableAdapter.call(Executors.java:458)
06-07 09:45:56.533: E/AwarenessRouterSyncMgr(15036): 	at java.util.concurrent.FutureTask.run(FutureTask.java:266)
06-07 09:45:56.533: E/AwarenessRouterSyncMgr(15036): 	at java.util.concurrent.ScheduledThreadPoolExecutor$ScheduledFutureTask.run(ScheduledThreadPoolExecutor.java:301)
06-07 09:45:56.533: E/AwarenessRouterSyncMgr(15036): 	at java.util.concurrent.ThreadPoolExecutor.runWorker(ThreadPoolExecutor.java:1167)
06-07 09:45:56.533: E/AwarenessRouterSyncMgr(15036): 	at java.util.concurrent.ThreadPoolExecutor$Worker.run(ThreadPoolExecutor.java:641)
06-07 09:45:56.533: E/AwarenessRouterSyncMgr(15036): 	at qay.run(SourceFile:12)
06-07 09:45:56.533: E/AwarenessRouterSyncMgr(15036): 	at java.lang.Thread.run(Thread.java:764)
06-07 09:45:56.533: E/AwarenessRouterSyncMgr(15036): Caused by: java.lang.IllegalStateException: Account associated with identity was null
06-07 09:45:56.533: E/AwarenessRouterSyncMgr(15036): 	at gcf.a(Unknown Source:3)
06-07 09:45:56.533: E/AwarenessRouterSyncMgr(15036): 	at aaon.a(SourceFile:5)
06-07 09:45:56.533: E/AwarenessRouterSyncMgr(15036): 	at aaoo.run(SourceFile:17)
06-07 09:45:56.533: E/AwarenessRouterSyncMgr(15036): 	at aarf.run(SourceFile:3)
06-07 09:45:56.533: E/AwarenessRouterSyncMgr(15036): 	... 7 more
06-07 09:45:56.572: D/ConnectivityService(1148): Returning BLOCKED NetworkInfo to uid=10153
06-07 09:45:56.574: D/QSEECOMAPI(15081): QSEECom_get_handle sb_length = 0x400
06-07 09:45:56.575: D/QSEECOMAPI(15081): App is already loaded QSEE and app id = 1
06-07 09:45:56.578: E/fpc_tac(15081): qsee_km_get_encapsulated_key KEYMASTER_GET_AUTH_TOKEN_KEY returned status=-24
06-07 09:45:56.578: D/QSEECOMAPI(15081): QSEECom_dealloc_memory 
06-07 09:45:56.578: D/QSEECOMAPI(15081): QSEECom_shutdown_app, app_id = 1
06-07 09:45:56.579: E/fpc_fingerprint_hal(15081): fpc_hal_open failed
06-07 09:45:56.580: I/EventHub(1148): Removing device uinput-fpc due to epoll hang-up event.
06-07 09:45:56.580: I/EventHub(1148): Removed device: path=/dev/input/event3 name=uinput-fpc id=89 fd=166 classes=0x101
06-07 09:45:56.580: W/EventHub(1148): built-in keyboard device /dev/input/event3 (id=89) is closing! the apps will not like this
06-07 09:45:56.582: W/InputReader(1148): Ignoring spurious device removed event for deviceId 89.
06-07 09:45:56.582: I/EventHub(1148): Removing device '/dev/input/event3' due to inotify event
06-07 09:45:56.598: D/ConnectivityService(1148): requestNetwork for uid/pid:10153/15036 NetworkRequest [ TRACK_DEFAULT id=44, [ Capabilities: INTERNET&NOT_RESTRICTED&TRUSTED Unwanted:  Uid: 10153] ]
06-07 09:45:56.599: D/WIFI_UT(1148): got request NetworkRequest [ TRACK_DEFAULT id=44, [ Capabilities: INTERNET&NOT_RESTRICTED&TRUSTED Unwanted:  Uid: 10153] ] with score 60
06-07 09:45:56.599: D/WIFI(1148): got request NetworkRequest [ TRACK_DEFAULT id=44, [ Capabilities: INTERNET&NOT_RESTRICTED&TRUSTED Unwanted:  Uid: 10153] ] with score 60
06-07 09:45:56.600: D/WIFI_AWARE_FACTORY(1148): got request NetworkRequest [ TRACK_DEFAULT id=44, [ Capabilities: INTERNET&NOT_RESTRICTED&TRUSTED Unwanted:  Uid: 10153] ] with score 60
06-07 09:45:56.600: D/Ethernet(1148): got request NetworkRequest [ TRACK_DEFAULT id=44, [ Capabilities: INTERNET&NOT_RESTRICTED&TRUSTED Unwanted:  Uid: 10153] ] with score 60
06-07 09:45:56.600: D/PhoneSwitcherNetworkRequstListener(3548): got request NetworkRequest [ TRACK_DEFAULT id=44, [ Capabilities: INTERNET&NOT_RESTRICTED&TRUSTED Unwanted:  Uid: 10153] ] with score 60
06-07 09:45:56.620: D/QSEECOMAPI(15081): QSEECom_dealloc_memory 
06-07 09:45:56.621: D/QSEECOMAPI(15081): QSEECom_shutdown_app, app_id = 89
06-07 09:45:56.629: W/ProxyAndroidLoggerBackend(14669): Too many Flogger logs received before configuration. Dropping old logs.
06-07 09:45:56.638: I/Finsky(14669): [202] rix.a(5): Regular flags synced
06-07 09:45:56.639: I/Finsky(14669): [202] rig.a(6): Writing flags config, size 1.
06-07 09:45:56.640: I/Finsky(14669): [202] rig.a(6): Started writing experiment flags into file [4dEVOh7DlClE42ly_19Hs7FqnnFOj9O0dm-zzWqGxeo].
06-07 09:45:56.653: I/Finsky(14669): [202] rig.a(21): Finished writing experiment flags into file [4dEVOh7DlClE42ly_19Hs7FqnnFOj9O0dm-zzWqGxeo].
06-07 09:45:56.656: I/Finsky(14669): [202] ril.b(26): Successfully applied new configurations for package com.google.android.finsky.regular.
06-07 09:45:56.657: I/Finsky(14669): [198] ril.c(1): Triggered update for experiment package com.google.android.finsky.regular.
06-07 09:45:56.669: W/ProxyAndroidLoggerBackend(14669): Too many Flogger logs received before configuration. Dropping old logs.
06-07 09:45:56.671: W/s.youtube.musi(15036): Skipping duplicate class check due to unsupported classloader
06-07 09:45:56.691: I/DynamiteModule(15036): Considering local module com.google.android.gms.ads.dynamite:0 and remote module com.google.android.gms.ads.dynamite:21600
06-07 09:45:56.691: W/s.youtube.musi(15036): Verification of abmy abqr.a(aboh, int) took 211.097ms
06-07 09:45:56.707: I/DynamiteModule(15036): Selected remote version of com.google.android.gms.ads.dynamite, version >= 21600
06-07 09:45:56.718: V/NativeCrypto(15036): Registering com/google/android/gms/org/conscrypt/NativeCrypto's 286 native methods...
06-07 09:45:56.740: W/ProxyAndroidLoggerBackend(14669): Too many Flogger logs received before configuration. Dropping old logs.
06-07 09:45:56.741: I/chatty(14669): uid=10014(com.android.vending) BlockingExecuto identical 1 line
06-07 09:45:56.847: W/ProxyAndroidLoggerBackend(14669): Too many Flogger logs received before configuration. Dropping old logs.
06-07 09:45:56.879: I/Finsky(14669): [198] rix.a(5): Regular flags synced
06-07 09:45:56.887: I/Finsky(14669): [198] rig.a(6): Writing flags config, size 1.
06-07 09:45:56.888: I/Finsky(14669): [198] rig.a(6): Started writing experiment flags into file [xTNYHOT-vS4_lbcIDJM9wYKW04aRaa5voH7VOKD4pHo].
06-07 09:45:56.901: I/DynamiteLoaderV2(15036): [71] AdsFdrDynamite.integ
06-07 09:45:56.904: W/s.youtube.musi(15036): Unsupported class loader
06-07 09:45:56.921: I/Finsky(14669): [198] rig.a(21): Finished writing experiment flags into file [xTNYHOT-vS4_lbcIDJM9wYKW04aRaa5voH7VOKD4pHo].
06-07 09:45:56.922: I/Finsky(14669): [198] ril.b(26): Successfully applied new configurations for package com.google.android.finsky.regular.
06-07 09:45:57.025: W/s.youtube.musi(15036): Skipping duplicate class check due to unsupported classloader
06-07 09:45:57.092: D/DynamitePackage(15036): Instantiated singleton DynamitePackage.
06-07 09:45:57.094: D/DynamitePackage(15036): Instantiating com.google.android.gms.ads.adshield.ChimeraAdShieldCreatorImpl
06-07 09:45:57.172: D/NetworkSecurityConfig(15036): Using Network Security Config from resource network_security_config debugBuild: false
06-07 09:45:57.204: I/ProviderInstaller(15036): Installed default security provider GmsCore_OpenSSL
06-07 09:45:57.240: I/TestSupport(12088): AwaitCommitOperation: FlagOverride(com.google.android.gms.auth_account, , Flag(auth_sig_override_enabled, true, 2, 0), false) != FlagOverride(com.google.android.gms.auth_account, , Flag(auth_sig_override_enabled, false, 2, 0), true) [CONTEXT service_id=133 ]
06-07 09:45:57.240: I/TestSupport(12088): AwaitCommitOperation: uncommitted: FlagOverride(com.google.android.gms.auth_account, , Flag(auth_sig_override_enabled, false, 2, 0), true) [CONTEXT service_id=133 ]
06-07 09:45:57.241: I/TestSupport(12088): AwaitCommitOperation:  sleeping for 5120 msec. [CONTEXT service_id=133 ]
06-07 09:45:57.362: I/dex2oat(15139): The ClassLoaderContext is a special shared library.
06-07 09:45:57.362: I/dex2oat(15139): /system/bin/dex2oat --dex-file=/data/user/0/com.google.android.apps.youtube.music/cache/1584479576572.jar --output-vdex-fd=66 --oat-fd=67 --oat-location=/data/user/0/com.google.android.apps.youtube.music/cache/oat/arm64/1584479576572.odex --compiler-filter=quicken --class-loader-context=&
06-07 09:45:57.433: I/dex2oat(15139): dex2oat took 73.996ms (70.165ms cpu) (threads: 8) arena alloc=17KB (17728B) java alloc=80KB (81936B) native alloc=912KB (934776B) free=2MB (2210952B)
06-07 09:45:57.443: I/s.youtube.musi(15036): The ClassLoaderContext is a special shared library.
06-07 09:45:57.853: I/BgTaskExecutorImpl(10584): Starting EXCLUSIVE background task OFFLINE_PAGES_CUSTOM_TABS_SYNC.
06-07 09:45:57.924: E/GoogleTagManager(15036): Invalid macro: _gtm.loadEventEnabled
06-07 09:45:58.115: I/cr_ui(14072): Using UI locale en, system locale: en (Android name: en)
06-07 09:45:58.115: I/cr_ui(14072): Missing asset file: locales#lang_en/en-US.pak
06-07 09:45:58.115: I/cr_ui(14072): Missing asset file: locales/en-GB.pak
06-07 09:45:58.131: I/cr_ui(14072): Found asset file: fallback-locales/en-GB.pak
06-07 09:45:58.132: I/cr_ui(14072): Using app bundle locale directory: fallback-locales
06-07 09:45:58.132: I/cr_ui(14072): UI Language: en requires .pak files: [en-GB, en-US]
06-07 09:45:58.192: I/cr_LibraryLoader(14072): Time to load native libraries: 77 ms (timestamps 5554-5631)
06-07 09:45:58.224: I/chromium(14072): [INFO:library_loader_hooks.cc(51)] Chromium logging enabled: level = 0, default verbosity = 0
06-07 09:45:58.225: I/cr_LibraryLoader(14072): Expected native library version number "76.0.3809.89", actual native library version number "76.0.3809.89"
06-07 09:45:58.231: I/cr_BrowserStartup(14072): Initializing chromium process, singleProcess=false
06-07 09:45:58.488: W/chromium(14072): [WARNING:dns_config_service_posix.cc(340)] Failed to read DnsConfig.
06-07 09:45:58.601: D/ConnectivityService(1148): Returning BLOCKED NetworkInfo to uid=10107
06-07 09:45:58.611: W/cr_KnoxSettingsProvider(14072): Permission to read device policy denied.
06-07 09:45:58.633: D/ConnectivityService(1148): requestNetwork for uid/pid:10107/14072 NetworkRequest [ TRACK_DEFAULT id=46, [ Capabilities: INTERNET&NOT_RESTRICTED&TRUSTED Unwanted:  Uid: 10107] ]
06-07 09:45:58.635: D/WIFI_UT(1148): got request NetworkRequest [ TRACK_DEFAULT id=46, [ Capabilities: INTERNET&NOT_RESTRICTED&TRUSTED Unwanted:  Uid: 10107] ] with score 60
06-07 09:45:58.635: D/WIFI(1148): got request NetworkRequest [ TRACK_DEFAULT id=46, [ Capabilities: INTERNET&NOT_RESTRICTED&TRUSTED Unwanted:  Uid: 10107] ] with score 60
06-07 09:45:58.635: D/WIFI_AWARE_FACTORY(1148): got request NetworkRequest [ TRACK_DEFAULT id=46, [ Capabilities: INTERNET&NOT_RESTRICTED&TRUSTED Unwanted:  Uid: 10107] ] with score 60
06-07 09:45:58.636: D/Ethernet(1148): got request NetworkRequest [ TRACK_DEFAULT id=46, [ Capabilities: INTERNET&NOT_RESTRICTED&TRUSTED Unwanted:  Uid: 10107] ] with score 60
06-07 09:45:58.636: D/PhoneSwitcherNetworkRequstListener(3548): got request NetworkRequest [ TRACK_DEFAULT id=46, [ Capabilities: INTERNET&NOT_RESTRICTED&TRUSTED Unwanted:  Uid: 10107] ] with score 60
06-07 09:45:58.659: W/chromium(14072): [WARNING:leveldb_database.cc(106)] Unable to open /data/user/0/com.android.chrome/app_chrome/Default/shared_proto_db: Invalid argument: /data/user/0/com.android.chrome/app_chrome/Default/shared_proto_db: does not exist (create_if_missing is false)
06-07 09:45:58.691: W/cr_LibraryPrefetcher(14072): Cannot get PinnerService.
06-07 09:45:58.712: I/cr_SnippetsLauncher(14072): Scheduling: 345600 345600
06-07 09:45:58.724: I/oid.apps.photo(14152): Note: end time exceeds INT32_MAX: 9223372021
06-07 09:45:58.763: W/ChimeraUtils(11190): Non Chimera context
06-07 09:45:58.763: W/ChimeraUtils(11190): Non Chimera context
06-07 09:45:59.113: D/MusicLifecycle(14023): com.google.android.music.AccountsBroadcastReceiver generated event: Broadcast received with context android.app.ReceiverRestrictedContext@887705b and intent Intent { act=android.accounts.LOGIN_ACCOUNTS_CHANGED flg=0x5000010 cmp=com.google.android.music/.AccountsBroadcastReceiver }
06-07 09:45:59.114: I/SignupStatusTask(14023): Starting 'com.google.android.music.sync.google.MusicGcmTaskService
06-07 09:45:59.127: W/SignupStatus(14023): No connection available, not continuing signup check
06-07 09:45:59.173: I/PeopleChimeraService(12088): onService. callbacks = aahm@cf7a925, request = com.google.android.gms.common.internal.GetServiceRequest@29a7afa
06-07 09:45:59.200: W/ChimeraUtils(11190): Non Chimera context
06-07 09:45:59.236: I/ActivityManager(1148): Start proc 15204:com.google.android.apps.wellbeing/u0a26 for broadcast com.google.android.apps.wellbeing/com.google.apps.tiktok.account.data.device.DeviceAccountsChangedReceiver_Receiver
06-07 09:45:59.200: W/ChimeraUtils(11190): Non Chimera context
06-07 09:45:59.242: E/.apps.wellbein(15204): Not starting debugger since process cannot load the jdwp agent.
06-07 09:45:59.285: I/.apps.wellbein(15204): The ClassLoaderContext is a special shared library.
06-07 09:45:59.309: I/Finsky(14669): [225] akth.a(2): registerListener
06-07 09:45:59.330: I/Finsky(14669): [225] jkw.a(2): getDownloads(-)
06-07 09:45:59.354: I/Finsky(14669): [225] eli.run(7): Initialized AssetModuleDownloader.
06-07 09:45:59.355: I/Finsky(14669): [227] aktp.a(7): Initiate binding to the service.
06-07 09:45:59.368: I/ActivityManager(1148): Killing 11580:com.google.android.gms.unstable/u0a7 (adj 906): empty #17
06-07 09:45:59.370: W/libprocessgroup(1148): kill(-11580, 9) failed: No such process
06-07 09:45:59.370: I/ActivityManager(1148): Start proc 15222:com.android.vending:download_service/u0a14 for service com.android.vending/com.google.android.finsky.downloadservice.DownloadService
06-07 09:45:59.376: E/ownload_servic(15222): Not starting debugger since process cannot load the jdwp agent.
06-07 09:45:59.404: W/libprocessgroup(1148): kill(-11580, 9) failed: No such process
06-07 09:45:59.419: W/libprocessgroup(1148): kill(-11580, 9) failed: No such process
06-07 09:45:59.429: I/Zygote(731): Process 11580 exited due to signal (9)
06-07 09:45:59.430: I/ownload_servic(15222): The ClassLoaderContext is a special shared library.
06-07 09:45:59.438: W/libprocessgroup(1148): kill(-11580, 9) failed: No such process
06-07 09:45:59.438: I/libprocessgroup(1148): Successfully killed process cgroup uid 10007 pid 11580 in 68ms
06-07 09:45:59.475: I/Finsky:download_service(15222): [2] ecg.bj(7): Process created at version: 18.9.11-all [0] [PR] 295870256
06-07 09:45:59.498: E/GoogleTagManager(15036): Unsupported Value Escaping: 3
06-07 09:45:59.535: D/ConnectivityService(1148): requestNetwork for uid/pid:10014/15222 NetworkRequest [ TRACK_DEFAULT id=48, [ Capabilities: INTERNET&NOT_RESTRICTED&TRUSTED Unwanted:  Uid: 10014] ]
06-07 09:45:59.513: E/GoogleTagManager(15036): Unsupported Value Escaping: 3
06-07 09:45:59.536: D/WIFI_UT(1148): got request NetworkRequest [ TRACK_DEFAULT id=48, [ Capabilities: INTERNET&NOT_RESTRICTED&TRUSTED Unwanted:  Uid: 10014] ] with score 60
06-07 09:45:59.536: D/WIFI(1148): got request NetworkRequest [ TRACK_DEFAULT id=48, [ Capabilities: INTERNET&NOT_RESTRICTED&TRUSTED Unwanted:  Uid: 10014] ] with score 60
06-07 09:45:59.536: D/Ethernet(1148): got request NetworkRequest [ TRACK_DEFAULT id=48, [ Capabilities: INTERNET&NOT_RESTRICTED&TRUSTED Unwanted:  Uid: 10014] ] with score 60
06-07 09:45:59.536: D/WIFI_AWARE_FACTORY(1148): got request NetworkRequest [ TRACK_DEFAULT id=48, [ Capabilities: INTERNET&NOT_RESTRICTED&TRUSTED Unwanted:  Uid: 10014] ] with score 60
06-07 09:45:59.537: D/PhoneSwitcherNetworkRequstListener(3548): got request NetworkRequest [ TRACK_DEFAULT id=48, [ Capabilities: INTERNET&NOT_RESTRICTED&TRUSTED Unwanted:  Uid: 10014] ] with score 60
06-07 09:45:59.546: I/ActivityManager(1148): Killing 14037:com.google.android.keep/u0a150 (adj 906): empty #17
06-07 09:45:59.546: I/Finsky(14669): [2] aktv.onServiceConnected(2): ServiceConnectionImpl.onServiceConnected(ComponentInfo{com.android.vending/com.google.android.finsky.downloadservice.DownloadService})
06-07 09:45:59.546: I/Finsky:download_service(15222): [168] jeh.onAvailable(3): Network is available [NetworkState{connected=true, wifi=true, metered=false, roaming=false}].
06-07 09:45:59.547: W/libprocessgroup(1148): kill(-14037, 9) failed: No such process
06-07 09:45:59.550: I/Finsky(14669): [227] aktt.a(3): linkToDeath
06-07 09:45:59.551: I/Finsky:download_service(15222): [164] jfm.a(19): getDownloads().
06-07 09:45:59.559: W/libprocessgroup(1148): kill(-14037, 9) failed: No such process
06-07 09:45:59.568: W/libprocessgroup(1148): kill(-14037, 9) failed: No such process
06-07 09:45:59.591: I/Zygote(731): Process 14037 exited due to signal (9)
06-07 09:45:59.607: W/libprocessgroup(1148): kill(-14037, 9) failed: No such process
06-07 09:45:59.607: I/libprocessgroup(1148): Successfully killed process cgroup uid 10150 pid 14037 in 59ms
06-07 09:45:59.609: I/Finsky:download_service(15222): [169] jfi.a(3): onGetDownloads([])
06-07 09:45:59.628: I/Finsky(14669): [228] jkp.d(7): onGetDownloads()
06-07 09:45:59.629: I/Finsky(14669): [227] aktq.a(2): Unbind from service.
06-07 09:45:59.631: I/Finsky:download_service(15222): [2] DownloadService.onDestroy(5): Service is getting destroyed.
06-07 09:45:59.736: I/MultiDex(15204): VM with version 2.1.0 has multidex support
06-07 09:45:59.736: I/MultiDex(15204): install
06-07 09:45:59.736: I/MultiDex(15204): VM has multidex support, MultiDex support library is disabled.
06-07 09:45:59.939: I/FA(15036): Collection disabled with firebase_analytics_collection_enabled=0
06-07 09:45:59.943: I/FA(15036): App measurement is starting up, version: 18100
06-07 09:45:59.943: I/FA(15036): To enable debug logging run: adb shell setprop log.tag.FA VERBOSE
06-07 09:45:59.943: I/FA(15036): To enable faster debug mode event logging run:
06-07 09:45:59.943: I/FA(15036):   adb shell setprop debug.firebase.analytics.app com.google.android.apps.youtube.music
06-07 09:46:00.098: I/hiy(15204): SslGuard completed installation.
06-07 09:46:00.227: W/PrimesInit(15204): Primes instant initialization
06-07 09:46:00.229: W/Primes(15204): background initialization
06-07 09:46:00.301: E/anlj(11190): Phenotype API error. Event # cadi@78c9e762, EventCode: 5 [CONTEXT service_id=51 ]
06-07 09:46:00.301: E/anlj(11190): ankm: 29501: Stale snapshot (change count changed - expected 3  but was 2)
06-07 09:46:00.301: E/anlj(11190): 	at anlm.a(:com.google.android.gms@200914028@20.09.14 (100400-300565878):13)
06-07 09:46:00.301: E/anlj(11190): 	at anll.b(:com.google.android.gms@200914028@20.09.14 (100400-300565878):2)
06-07 09:46:00.301: E/anlj(11190): 	at anlj.a(:com.google.android.gms@200914028@20.09.14 (100400-300565878):90)
06-07 09:46:00.301: E/anlj(11190): 	at anlj.a(:com.google.android.gms@200914028@20.09.14 (100400-300565878):77)
06-07 09:46:00.301: E/anlj(11190): 	at aahp.run(:com.google.android.gms@200914028@20.09.14 (100400-300565878):8)
06-07 09:46:00.301: E/anlj(11190): 	at blfn.run(:com.google.android.gms@200914028@20.09.14 (100400-300565878):2)
06-07 09:46:00.301: E/anlj(11190): 	at sxc.b(:com.google.android.gms@200914028@20.09.14 (100400-300565878):12)
06-07 09:46:00.301: E/anlj(11190): 	at sxc.run(:com.google.android.gms@200914028@20.09.14 (100400-300565878):7)
06-07 09:46:00.301: E/anlj(11190): 	at java.util.concurrent.ThreadPoolExecutor.runWorker(ThreadPoolExecutor.java:1167)
06-07 09:46:00.301: E/anlj(11190): 	at java.util.concurrent.ThreadPoolExecutor$Worker.run(ThreadPoolExecutor.java:641)
06-07 09:46:00.301: E/anlj(11190): 	at tdb.run(:com.google.android.gms@200914028@20.09.14 (100400-300565878):0)
06-07 09:46:00.301: E/anlj(11190): 	at java.lang.Thread.run(Thread.java:764)
06-07 09:46:00.302: E/AsyncOperation(11190): serviceID=51, operation=CommitToConfigurationOperationCall
06-07 09:46:00.302: E/AsyncOperation(11190): OperationException[Status{statusCode=Stale snapshot (change count changed - expected 3  but was 2), resolution=null}]
06-07 09:46:00.302: E/AsyncOperation(11190): 	at anlj.a(:com.google.android.gms@200914028@20.09.14 (100400-300565878):92)
06-07 09:46:00.302: E/AsyncOperation(11190): 	at anlj.a(:com.google.android.gms@200914028@20.09.14 (100400-300565878):77)
06-07 09:46:00.302: E/AsyncOperation(11190): 	at aahp.run(:com.google.android.gms@200914028@20.09.14 (100400-300565878):8)
06-07 09:46:00.302: E/AsyncOperation(11190): 	at blfn.run(:com.google.android.gms@200914028@20.09.14 (100400-300565878):2)
06-07 09:46:00.302: E/AsyncOperation(11190): 	at sxc.b(:com.google.android.gms@200914028@20.09.14 (100400-300565878):12)
06-07 09:46:00.302: E/AsyncOperation(11190): 	at sxc.run(:com.google.android.gms@200914028@20.09.14 (100400-300565878):7)
06-07 09:46:00.302: E/AsyncOperation(11190): 	at java.util.concurrent.ThreadPoolExecutor.runWorker(ThreadPoolExecutor.java:1167)
06-07 09:46:00.302: E/AsyncOperation(11190): 	at java.util.concurrent.ThreadPoolExecutor$Worker.run(ThreadPoolExecutor.java:641)
06-07 09:46:00.302: E/AsyncOperation(11190): 	at tdb.run(:com.google.android.gms@200914028@20.09.14 (100400-300565878):0)
06-07 09:46:00.302: E/AsyncOperation(11190): 	at java.lang.Thread.run(Thread.java:764)
06-07 09:46:00.304: E/MendelPackageState(15204): Failed to commit to config
06-07 09:46:00.304: E/MendelPackageState(15204): fct: 29501: Stale snapshot (change count changed - expected 3  but was 2)
06-07 09:46:00.304: E/MendelPackageState(15204): 	at fhj.a(PG:4)
06-07 09:46:00.304: E/MendelPackageState(15204): 	at fhj.a(PG:1)
06-07 09:46:00.304: E/MendelPackageState(15204): 	at fss.e(PG:6)
06-07 09:46:00.304: E/MendelPackageState(15204): 	at fsx.a(PG:34)
06-07 09:46:00.304: E/MendelPackageState(15204): 	at bdt.onTransact(PG:4)
06-07 09:46:00.304: E/MendelPackageState(15204): 	at android.os.Binder.execTransact(Binder.java:731)
06-07 09:46:00.328: I/PeopleChimeraService(12088): onService. callbacks = aahm@44a3487, request = com.google.android.gms.common.internal.GetServiceRequest@703afb4
06-07 09:46:00.347: I/PrimesTesting(15204): GserviceFlagsSupplier.get()
06-07 09:46:00.403: W/GcoreAccounts(15204): GMSCore People had 1 missing ids.
06-07 09:46:00.406: E/GcoreAccounts(15204): GMSCore People did not return all accounts.
06-07 09:46:00.462: I/ActivityManager(1148): Start proc 15273:com.google.android.GoogleCamera/u0a130 for content provider com.google.android.GoogleCamera/com.google.android.apps.camera.contentprovider.CameraContentProvider
06-07 09:46:00.464: D/fpc_hidl(15270): fpc fingerprint hwbinder service starting
06-07 09:46:00.465: D/QSEECOMAPI(15270): QSEECom_get_handle sb_length = 0x80
06-07 09:46:00.465: D/QSEECOMAPI(15270): App is not loaded in QSEE
06-07 09:46:00.465: D/QSEECOMAPI(15270): app_arch = 2, total_files = 9
06-07 09:46:00.468: E/id.GoogleCamer(15273): Not starting debugger since process cannot load the jdwp agent.
06-07 09:46:00.478: I/ActivityManager(1148): Killing 14059:com.google.android.apps.docs.editors.docs/u0a147 (adj 906): empty #17
06-07 09:46:00.480: W/libprocessgroup(1148): kill(-14059, 9) failed: No such process
06-07 09:46:00.485: I/ActivityManager(1148): Killing 14417:com.google.android.calendar/u0a124 (adj 906): empty #17
06-07 09:46:00.493: I/ActivityManager(1148): Start proc 15286:com.google.android.as:nonpersistent/u0a43 for broadcast com.google.android.as/com.google.android.apps.miphone.aiai.allapps.accounts.impl.AccountsChangedReceiver
06-07 09:46:00.500: E/s:nonpersisten(15286): Not starting debugger since process cannot load the jdwp agent.
06-07 09:46:00.524: W/libprocessgroup(1148): kill(-14059, 9) failed: No such process
06-07 09:46:00.524: D/QSEECOMAPI(15270): Loaded image: APP id = 90
06-07 09:46:00.529: E/fpc_tac(15270): fpcbuildinfo : 575ddab5b91efea67ee1d200fc813ff2fpc_bio=bd35c3fec78219829149bea6c9ec961e6f655b90C:prodtestlib=4304cf5c884c198624b749af3482befacbd3028eC:fpc_c_core=dc194509594e837dedfb5452aaf06fcb61977135C:fpc_lib=cd5b7b876c3d69afa68a11ac6fd86f873e70817bC:cac=297e11552c60a3607ed664cf44c3e4b36ab2e737C:fpc_bio_interface=94a457caecae31eca8ef04b64c3f82a018e9bbc0C:fpc_sensor=ba909a5500944acafe47a0ef3a49f89509aadfb6C:tools_core=94ddf1e684cfa6c99f0f237f7cc35f3962e0e597C:sensor_settings=4fcf864fb493ae0272a9b2806446b379d99fd8ceC:fingerprint_ta=066bc0ab880960a4a69b74a328c7d7871c72225bC:fingerprint_pal=0deb9a478a3572872639f9cb2559ccc464ee3f9bC:manifests=dcb3d8ab0bdb7a5b341839d8c75bb88fc7f5e1a4C:Manifesttag=SW23.3.0-PDR1.0.5:jenkins@84ffd74dac44:Thu,17May201810:17:08+0200:FPC_SENSOR_TYPE=FPC_SENSOR_TYPE_FPC1270:FPC_CC_TYPE=FPC_COMPANION_CHIP_FPC2050:FPC_C_TYPE=FPC_COATING_NORMAL
06-07 09:46:00.529: I/id.GoogleCamer(15273): The ClassLoaderContext is a special shared library.
06-07 09:46:00.529: E/fpc_tac(15270): fpcbuildtype : build=RELEASE sensor=9
06-07 09:46:00.531: W/EventHub(1148): Unable to disable kernel key repeat for /dev/input/event3: Function not implemented
06-07 09:46:00.531: I/EventHub(1148): wakeMechanism=EPOLLWAKEUP, usingClockIoctl=true
06-07 09:46:00.531: I/EventHub(1148): New device: id=90, fd=166, path='/dev/input/event3', name='uinput-fpc', classes=0x101, configuration='/system/usr/idc/uinput-fpc.idc', keyLayout='/system/usr/keylayout/uinput-fpc.kl', keyCharacterMap='/system/usr/keychars/Generic.kcm', builtinKeyboard=true, 
06-07 09:46:00.531: W/InputReader(1148): Ignoring spurious device added event for deviceId 0.
06-07 09:46:00.541: I/Zygote(731): Process 14059 exited due to signal (9)
06-07 09:46:00.541: I/Zygote(731): Process 14417 exited due to signal (9)
06-07 09:46:00.550: W/libprocessgroup(1148): kill(-14059, 9) failed: No such process
06-07 09:46:00.550: I/libprocessgroup(1148): Successfully killed process cgroup uid 10147 pid 14059 in 70ms
06-07 09:46:00.550: W/libprocessgroup(1148): kill(-14417, 9) failed: No such process
06-07 09:46:00.550: I/libprocessgroup(1148): Successfully killed process cgroup uid 10124 pid 14417 in 0ms
06-07 09:46:00.608: I/cr_CronetLibraryLoader(15286): Cronet version: 68.0.3430.2, arch: armv8l
06-07 09:46:00.635: I/AiAi(15286): AiAi onCreate, isDebug: false
06-07 09:46:00.650: I/AiAiMatchmaker(15286): Install SilentFeedback Handler: true
06-07 09:46:00.661: I/ActivityManager(1148): Killing 14547:com.google.process.gapps/u0a77 (adj 906): empty #17
06-07 09:46:00.662: W/libprocessgroup(1148): kill(-14547, 9) failed: No such process
06-07 09:46:00.678: I/ActivityManager(1148): Start proc 15317:com.google.android.calendar/u0a124 for broadcast com.google.android.calendar/com.google.android.apps.calendar.removeaccountdata.AccountDataCleaner
06-07 09:46:00.681: I/Zygote(731): Process 14547 exited due to signal (9)
06-07 09:46:00.687: E/ndroid.calenda(15317): Not starting debugger since process cannot load the jdwp agent.
06-07 09:46:00.691: W/libprocessgroup(1148): kill(-14547, 9) failed: No such process
06-07 09:46:00.691: I/libprocessgroup(1148): Successfully killed process cgroup uid 10077 pid 14547 in 29ms
06-07 09:46:00.715: I/ndroid.calenda(15317): The ClassLoaderContext is a special shared library.
06-07 09:46:01.188: W/CAM_SearchIndexProv(15273): Called onCreate
06-07 09:46:01.203: I/CAM_Timing(15273): CameraApp: START -> APP_ONCREATE_START: 34ms
06-07 09:46:01.233: I/CAM_Timing(15273): CameraApp: START -> APP_ONCREATE_END: 64ms, APP_ONCREATE_START -> APP_ONCREATE_END: 30ms.
06-07 09:46:01.306: W/native(15273): commandlineflags.cc:976 Ignoring RegisterValidateFunction() for flag pointer 0x79a09d5488: no flag found at that address
06-07 09:46:01.311: W/native(15273): commandlineflags.cc:976 Ignoring RegisterValidateFunction() for flag pointer 0x79a1cefd88: no flag found at that address
06-07 09:46:01.315: W/native(15273): commandlineflags.cc:976 Ignoring RegisterValidateFunction() for flag pointer 0x79a1c06d88: no flag found at that address
06-07 09:46:01.319: W/native(15273): commandlineflags.cc:976 Ignoring RegisterValidateFunction() for flag pointer 0x79a1b15d88: no flag found at that address
06-07 09:46:01.446: I/CameraManagerGlobal(15273): Connecting to camera service
06-07 09:46:01.452: W/CAM_Log(15273): Tag SceneDistanceAdviceSettings is 8 chars longer than limit.
06-07 09:46:01.463: W/native(15273): commandlineflags.cc:976 Ignoring RegisterValidateFunction() for flag pointer 0x799ec8dc78: no flag found at that address
06-07 09:46:01.473: I/CAM_CameraMetadata(15273): Loading metadata for Camera-0
06-07 09:46:01.490: I/CAM_CameraMetadata(15273): Loading metadata for Camera-1
06-07 09:46:01.512: W/native(15273): commandlineflags.cc:976 Ignoring RegisterValidateFunction() for flag pointer 0x799ebc8b38: no flag found at that address
06-07 09:46:01.514: I/CAM_CameraMetadata(15273): Loading metadata for Camera-2
06-07 09:46:01.514: I/CAM_CameraMetadata(15273): Loading metadata for Camera-3
06-07 09:46:01.571: W/native(15273): commandlineflags.cc:976 Ignoring RegisterValidateFunction() for flag pointer 0x799e78db08: no flag found at that address
06-07 09:46:01.702: D/QSEECOMAPI(15270): QSEECom_get_handle sb_length = 0x400
06-07 09:46:01.702: D/QSEECOMAPI(15270): App is already loaded QSEE and app id = 1
06-07 09:46:01.706: E/fpc_tac(15270): qsee_km_get_encapsulated_key KEYMASTER_GET_AUTH_TOKEN_KEY returned status=-24
06-07 09:46:01.706: D/QSEECOMAPI(15270): QSEECom_dealloc_memory 
06-07 09:46:01.706: D/QSEECOMAPI(15270): QSEECom_shutdown_app, app_id = 1
06-07 09:46:01.706: E/fpc_fingerprint_hal(15270): fpc_hal_open failed
06-07 09:46:01.708: I/EventHub(1148): Removing device uinput-fpc due to epoll hang-up event.
06-07 09:46:01.708: I/EventHub(1148): Removed device: path=/dev/input/event3 name=uinput-fpc id=90 fd=166 classes=0x101
06-07 09:46:01.708: W/EventHub(1148): built-in keyboard device /dev/input/event3 (id=90) is closing! the apps will not like this
06-07 09:46:01.709: W/InputReader(1148): Ignoring spurious device removed event for deviceId 90.
06-07 09:46:01.709: I/EventHub(1148): Removing device '/dev/input/event3' due to inotify event
06-07 09:46:01.727: W/native(15273): commandlineflags.cc:976 Ignoring RegisterValidateFunction() for flag pointer 0x799e6e02c8: no flag found at that address
06-07 09:46:01.743: D/QSEECOMAPI(15270): QSEECom_dealloc_memory 
06-07 09:46:01.743: D/QSEECOMAPI(15270): QSEECom_shutdown_app, app_id = 90
06-07 09:46:01.746: I/CAM_MaxNativeMemory(15273): Max native memory overridden (device): 420
06-07 09:46:01.747: I/CAM_MemoryManager(15273): Max native memory: 420000000 bytes. (420MB).
06-07 09:46:01.803: I/CAM_HdrPlusState(15273): Using Hexagon
06-07 09:46:01.804: I/CAM_MemoryManager(15273): Registering feature: HDR_PLUS
06-07 09:46:01.806: I/CAM_MemoryManager(15273): State updated. Free Memory: 420000000
06-07 09:46:01.807: I/CAM_MemoryManager(15273): State updated. Free Memory: 420000000
06-07 09:46:01.810: W/ActivityManager(1148): No permission grants found for com.google.android.apps.photos
06-07 09:46:01.807: I/CAM_MemoryManager(15273): State updated. Free Memory: 420000000
06-07 09:46:01.815: I/CAM_HdrPlusModule(15273): HalideRuntime.checkGcamHalideRuntime -> OK
06-07 09:46:01.872: V/MetadataConverter(15273): EEPROM_WB_CALIB is available, found 5 illuminants
06-07 09:46:01.883: I/chatty(15273): uid=10130(com.google.android.GoogleCamera) Executor-4 identical 2 lines
06-07 09:46:01.886: V/MetadataConverter(15273): EEPROM_WB_CALIB is available, found 5 illuminants
06-07 09:46:01.901: I/CAM_HexagonEnv(15273): Will attempt to load libadsprpc.so from the system partition
06-07 09:46:01.901: I/CAM_HexagonEnv(15273): Loading libhalide_hexagon_host.so from the app
06-07 09:46:01.918: I/CAM_HexagonEnv(15273): Writing libhalide_hexagon_remote_skel.so to /data/user/0/com.google.android.GoogleCamera/libhalide_hexagon_remote_skel.so
06-07 09:46:01.920: I/CAM_HexagonEnv(15273): ADSP_LIBRARY_PATH=/data/user/0/com.google.android.GoogleCamera;/dsp
06-07 09:46:01.934: I/CAM_EaselEnv(15273): Loaded libeaselmanager_client.so in 14 ms.
06-07 09:46:01.950: I/CAM_MemoryManager(15273): State updated. Free Memory: 420000000
06-07 09:46:01.956: W/native(15273): commandlineflags.cc:976 Ignoring RegisterValidateFunction() for flag pointer 0x799ce61e58: no flag found at that address
06-07 09:46:01.957: W/unnamed(15273): type=1400 audit(0.0:127): avc: denied { read } for name="u:object_r:vendor_default_prop:s0" dev="tmpfs" ino=20023 scontext=u:r:google_camera_app:s0:c130,c256,c512,c768 tcontext=u:object_r:vendor_default_prop:s0 tclass=file permissive=0
06-07 09:46:01.961: E/libc(15273): Access denied finding property "vendor.debug.egl.profiler"
06-07 09:46:01.962: I/Adreno(15273): QUALCOMM build                   : 3f88ca2, I42f6fe38fb
06-07 09:46:01.962: I/Adreno(15273): Build Date                       : 07/13/18
06-07 09:46:01.962: I/Adreno(15273): OpenGL ES Shader Compiler Version: EV031.24.00.00
06-07 09:46:01.962: I/Adreno(15273): Local Branch                     : 50.04
06-07 09:46:01.962: I/Adreno(15273): Remote Branch                    : 
06-07 09:46:01.962: I/Adreno(15273): Remote Branch                    : 
06-07 09:46:01.962: I/Adreno(15273): Reconstruct Branch               : 
06-07 09:46:01.962: I/Adreno(15273): Build Config                     : S P 4.0.10 AArch64
