06-07 09:45:38.168: I/system_server(1148): Background concurrent copying GC freed 128793(7MB) AllocSpace objects, 184(8MB) LOS objects, 42% free, 20MB/36MB, paused 58us total 194.749ms
06-07 09:45:38.221: I/GAv4(14059): Google Analytics 18.8.27 is starting up. To enable debug logging on a device run:
06-07 09:45:38.221: I/GAv4(14059):   adb shell setprop log.tag.GAv4 DEBUG
06-07 09:45:38.221: I/GAv4(14059):   adb logcat -s GAv4
06-07 09:45:38.231: W/PackageParser(1148): Unknown element under <manifest>: module at /data/app/vmdl1049342960.tmp/base.apk Binary XML file line #14
06-07 09:45:38.300: W/PrimesInit(14059): Primes instant initialization
06-07 09:45:38.309: W/GAv4(14059): CampaignTrackingReceiver is not registered, not exported or is disabled. Installation campaign tracking is not possible. See http://goo.gl/8Rd3yj for instructions.
06-07 09:45:38.311: W/Primes(14059): background initialization
06-07 09:45:38.322: I/PackageManager.DexOptimizer(1148): Running dexopt (dexoptNeeded=1) on: /data/app/com.antarticstudio.catify-6biTMdP1AR3wFWMH3WEFpw==/base.apk pkg=com.antarticstudio.catify isa=arm64 dexoptFlags=boot_complete,profile_guided,public,enable_hidden_api_checks targetFilter=speed-profile oatDir=/data/app/com.antarticstudio.catify-6biTMdP1AR3wFWMH3WEFpw==/oat classLoaderContext=PCL[]
06-07 09:45:38.322: V/installed(837): DexInv: --- BEGIN '/data/app/com.antarticstudio.catify-6biTMdP1AR3wFWMH3WEFpw==/base.apk' ---
06-07 09:45:38.338: I/dex2oat(14239): /system/bin/dex2oat --input-vdex-fd=-1 --output-vdex-fd=19 --compiler-filter=speed-profile --classpath-dir=/data/app/com.antarticstudio.catify-6biTMdP1AR3wFWMH3WEFpw== --class-loader-context=PCL[] --generate-mini-debug-info --compact-dex-level=none --compilation-reason=install
06-07 09:45:38.366: W/FieldDefinition(14059): [main] Ignoring isIndexed constraint as field also has uniqueness constraint (on just this field, and therefore SQLite will have to create an index on that. For field: cbw$b@9e006b5
06-07 09:45:38.448: W/DatabaseHelper(14059): [Open database in background] Creating a new database at version 241 for /data/user/0/com.google.android.apps.docs.editors.docs/databases/DocList.db
06-07 09:45:38.524: D/ConnectivityService(1148): Returning BLOCKED NetworkInfo to uid=10147
06-07 09:45:38.641: W/ChimeraUtils(11190): Non Chimera context
06-07 09:45:38.642: W/ChimeraUtils(11190): Non Chimera context
06-07 09:45:38.653: I/AccountManagerService(1148): the accounts changed, sending broadcast of android.accounts.LOGIN_ACCOUNTS_CHANGED
06-07 09:45:38.655: D/MusicLifecycle(14023): com.google.android.music.awareness.AwarenessRouter$2 generated event: Broadcast received with context com.google.android.music.ui.PhoneMusicApplication@954f15b and intent Intent { act=android.accounts.LOGIN_ACCOUNTS_CHANGED flg=0x5000010 }
06-07 09:45:38.655: D/MusicLifecycle(14023): com.google.android.music.eventlog.MusicEventLogger$1 generated event: Broadcast received with context com.google.android.music.ui.PhoneMusicApplication@954f15b and intent Intent { act=android.accounts.LOGIN_ACCOUNTS_CHANGED flg=0x5000010 }
06-07 09:45:38.671: D/AwarenessRouter(14023): 0 new fences
06-07 09:45:38.679: D/AwarenessRouter(14023): 0 fences already registered
06-07 09:45:38.681: D/AwarenessRouter(14023): Successfully removed 0 context fences
06-07 09:45:39.092: W/dex2oat(14239): Accessing hidden method Landroid/content/res/Resources$Theme;->rebase()V (dark greylist, linking)
06-07 09:45:39.132: W/oid.apps.photo(14152): JIT profile information will not be recorded: profile file does not exits.
06-07 09:45:39.133: W/oid.apps.photo(14152): JIT profile information will not be recorded: profile file does not exits.
06-07 09:45:39.307: W/dex2oat(14239): Accessing hidden method Landroid/view/View;->setTransitionVisibility(I)V (dark greylist, linking)
06-07 09:45:39.318: W/dex2oat(14239): Accessing hidden method Landroid/view/View;->setTransitionVisibility(I)V (dark greylist, linking)
06-07 09:45:39.763: I/PeopleChimeraService(12088): onService. callbacks = aahm@cd3fbba, request = com.google.android.gms.common.internal.GetServiceRequest@8d10a6b
06-07 09:45:39.847: W/dex2oat(14239): Accessing hidden method Landroid/content/res/Resources$Theme;->rebase()V (dark greylist, linking)
06-07 09:45:39.848: W/ChimeraUtils(11190): Non Chimera context
06-07 09:45:39.848: W/ChimeraUtils(11190): Non Chimera context
06-07 09:45:39.913: I/dex2oat(14239): Explicit concurrent copying GC freed 59305(11MB) AllocSpace objects, 0(0B) LOS objects, 99% free, 1000B/1536KB, paused 29us total 3.444ms
06-07 09:45:39.979: I/PeopleChimeraService(12088): onService. callbacks = aahm@8b32a74, request = com.google.android.gms.common.internal.GetServiceRequest@4f09b9d
06-07 09:45:40.012: W/ChimeraUtils(11190): Non Chimera context
06-07 09:45:40.024: I/ActivityManager(1148): Killing 12991:com.android.vending:instant_app_installer/u0a14 (adj 906): empty #17
06-07 09:45:40.012: W/ChimeraUtils(11190): Non Chimera context
06-07 09:45:40.026: W/libprocessgroup(1148): kill(-12991, 9) failed: No such process
06-07 09:45:40.037: I/ActivityManager(1148): Start proc 14279:com.google.android.apps.wellbeing/u0a26 for broadcast com.google.android.apps.wellbeing/com.google.apps.tiktok.account.data.device.DeviceAccountsChangedReceiver_Receiver
06-07 09:45:40.040: E/.apps.wellbein(14279): Not starting debugger since process cannot load the jdwp agent.
06-07 09:45:40.045: I/Zygote(732): Process 12991 exited due to signal (9)
06-07 09:45:40.063: I/.apps.wellbein(14279): The ClassLoaderContext is a special shared library.
06-07 09:45:40.071: W/libprocessgroup(1148): kill(-12991, 9) failed: No such process
06-07 09:45:40.071: I/libprocessgroup(1148): Successfully killed process cgroup uid 10014 pid 12991 in 45ms
06-07 09:45:40.174: I/dex2oat(14239): dex2oat took 1.837s (4.105s cpu) (threads: 8) arena alloc=5KB (5280B) java alloc=16KB (17384B) native alloc=17MB (18539984B) free=3MB (4004400B)
06-07 09:45:40.182: V/installed(837): DexInv: --- END '/data/app/com.antarticstudio.catify-6biTMdP1AR3wFWMH3WEFpw==/base.apk' (success) ---
06-07 09:45:40.182: V/installed(837): [ 06-07 09:45:40.188   837: 1289 E/         ]
06-07 09:45:40.182: V/installed(837): Couldn't opendir /data/app/vmdl1049342960.tmp: No such file or directory
06-07 09:45:40.188: E/installd(837): Failed to delete /data/app/vmdl1049342960.tmp: No such file or directory
06-07 09:45:40.198: I/Finsky(12548): [2] qvg.a(21): PackageMonitor - Received: android.intent.action.PACKAGE_ADDED, [aTRxLygjtvf_QlkoMnwofHeLLatA_vtlJbc-xYRROLE]
06-07 09:45:40.198: I/Finsky(12548): [2] qwj.d(11): Invalidating cached PackageState for com.antarticstudio.catify
06-07 09:45:40.200: I/InputReader(1148): Reconfiguring input devices.  changes=0x00000010
06-07 09:45:40.203: I/Telecom(1148): DefaultDialerCache: Refreshing default dialer for user 0: now com.google.android.dialer: DDC.oR@AI0
06-07 09:45:40.204: I/CarrierServices(9260): [2] RcsAutoStartReceiver.b: carrierServicesJibeServiceEnabled changed from true to true
06-07 09:45:40.205: I/CarrierServices(9260): [2] RcsAutoStartReceiver.b: enableRcs changed from true to true
06-07 09:45:40.205: I/CarrierServices(9260): [2] RcsAutoStartReceiver.b: RcsAutoStartReceiver triggered. Fetching RCS State. Action: android.intent.action.PACKAGE_ADDED
06-07 09:45:40.214: I/Finsky(12548): [2] iof.c(2): ApplicationRestrictions: {}
06-07 09:45:40.215: I/CarrierServices(9260): [2] aws.a: Migration binding to RcsMigrationService
06-07 09:45:40.218: V/BackupManagerConstants(1148): getFullBackupIntervalMilliseconds(...) returns 86400000
06-07 09:45:40.220: I/Finsky(12548): [2] abny.a(10): Do not start WearSupportService due to Wear service optimization
06-07 09:45:40.221: D/RegisteredNfcFServicesCache(3912): Service unchanged, not updating
06-07 09:45:40.224: W/GCM(11190): Unexpected forwarded intent: Intent { act=android.intent.action.PACKAGE_ADDED dat=package:com.antarticstudio.catify flg=0x4000010 cmp=com.google.android.gms/.chimera.PersistentIntentOperationService (has extras) }
06-07 09:45:40.224: I/BugleDataModel(6856): RcsMigrationService: Returning RCS state provider.
06-07 09:45:40.225: I/Finsky(12548): [2] abny.a(10): Do not start WearSupportService due to Wear service optimization
06-07 09:45:40.226: W/GCM(11190): Unexpected forwarded intent: Intent { act=android.intent.action.PACKAGE_ADDED dat=package:com.antarticstudio.catify flg=0x4000010 cmp=com.google.android.gms/.chimera.PersistentIntentOperationService (has extras) }
06-07 09:45:40.227: I/Finsky(12548): [253] epm.a(12): Asset module storage cleared for package com.antarticstudio.catify.
06-07 09:45:40.231: E/PhoneInterfaceManager(3548): [PhoneIntfMgr] getCarrierPackageNamesForIntent: No UICC
06-07 09:45:40.231: I/Finsky(12548): [2] kzs.c(2): Frosting ID looked up on UI thread. Caller should move to a background thread.
06-07 09:45:40.231: D/CarrierSvcBindHelper(3548): No carrier app for: 0
06-07 09:45:40.231: D/ImsResolver(3548): maybeAddedImsService, packageName: com.antarticstudio.catify
06-07 09:45:40.232: I/BugleRcsEngine(6856): [444] pot.a: Sim state is not ready. Returning last known operation mode.
06-07 09:45:40.234: I/Finsky(12548): [256] kzo.run(16): Wrote row to frosting DB: 208
06-07 09:45:40.234: E/VvmPkgInstalledRcvr(3548): cannot create TelephonyManager from ComponentInfo{com.android.phone/com.android.services.telephony.TelephonyConnectionService}, ***, UserHandle{0}
06-07 09:45:40.234: D/CarrierConfigLoader(3548): mHandler: 9 phoneId: 0
06-07 09:45:40.237: I/Finsky(12548): [2] ozs.c(4): Enqueuing libraries load for 1067357761
06-07 09:45:40.239: I/Finsky(12548): [153] ozs.a(25): Starting libraries load for 1067357761
06-07 09:45:40.247: I/Auth(12088): [SupervisedAccountIntentOperation] onHandleIntent(): android.intent.action.PACKAGE_ADDED
06-07 09:45:40.251: I/Finsky(12548): [153] ozs.a(43): Loaded library for account: [sXkWoUBQ3ZCAK3K5CyFdDooWCcFtoEcCaOGl651KAPw]
06-07 09:45:40.251: I/Finsky(12548): [153] ozs.a(47): Finished loading 1 libraries.
06-07 09:45:40.252: I/CarrierServices(9260): [588] awt.doInBackground: Saving RCS State
06-07 09:45:40.252: I/CarrierServices(9260): [588] awt.doInBackground: Old operation mode: 0
06-07 09:45:40.252: I/CarrierServices(9260): [588] awt.doInBackground: New operation mode: 0
06-07 09:45:40.255: I/Finsky(12548): [2] keu.run(7): Package state data is missing for com.antarticstudio.catify
06-07 09:45:40.256: I/CarrierServices(9260): [2] aww.a: Unbinding RcsMigrationService
06-07 09:45:40.259: I/ChromeSync(12088): [Sync,SyncIntentOperation] Handling the intent: Intent { act=android.intent.action.PACKAGE_ADDED dat=package:com.antarticstudio.catify flg=0x4000010 cmp=com.google.android.gms/.chimera.GmsIntentOperationService (has extras) }.
06-07 09:45:40.268: E/PlayCommon(12548): [2] akqt.<init>(10): Failed to restore PlayMetalog
06-07 09:45:40.269: E/PlayCommon(12548): [2] akqt.<init>(13): Failed to restore LogsUploadAttempt
06-07 09:45:40.287: I/system_server(1148): Background concurrent copying GC freed 100984(5MB) AllocSpace objects, 31(1600KB) LOS objects, 42% free, 18MB/32MB, paused 52us total 104.021ms
06-07 09:45:40.355: I/ChromeSync(12088): [Persistence,AffiliationManager] One of affiliation or grouping data for android://N50vJU0zrJ8WOzDt6r3GDtfqrkROFOSiqHcmppwn3vxaRC4hFpNn4UsL7XlvjtlfcWuDAQhmck0qjQPwsrpMNg==@com.antarticstudio.catify/ was not found. Marking affiliation data as stale...
06-07 09:45:40.386: I/PackageManager.DexOptimizer(1148): Running dexopt (dexoptNeeded=1) on: /data/app/androidx.test.tools.crawler-xI5MdVn1k8R0sF9rClKDSg==/base.apk pkg=androidx.test.tools.crawler isa=arm64 dexoptFlags=boot_complete,profile_guided,public,enable_hidden_api_checks targetFilter=speed-profile oatDir=/data/app/androidx.test.tools.crawler-xI5MdVn1k8R0sF9rClKDSg==/oat classLoaderContext=PCL[/system/framework/android.test.mock.jar:/system/framework/org.apache.http.legacy.boot.jar:/system/framework/android.test.runner.jar]
06-07 09:45:40.386: V/installed(837): DexInv: --- BEGIN '/data/app/androidx.test.tools.crawler-xI5MdVn1k8R0sF9rClKDSg==/base.apk' ---
06-07 09:45:40.410: I/dex2oat(14323): /system/bin/dex2oat --input-vdex-fd=-1 --output-vdex-fd=19 --compiler-filter=speed-profile --classpath-dir=/data/app/androidx.test.tools.crawler-xI5MdVn1k8R0sF9rClKDSg== --class-loader-context=PCL[/system/framework/android.test.mock.jar:/system/framework/org.apache.http.legacy.boot.jar:/system/framework/android.test.runner.jar] --generate-mini-debug-info --compact-dex-level=none --compilation-reason=install
06-07 09:45:40.421: I/MultiDex(14279): VM with version 2.1.0 has multidex support
06-07 09:45:40.421: I/MultiDex(14279): install
06-07 09:45:40.421: I/MultiDex(14279): VM has multidex support, MultiDex support library is disabled.
06-07 09:45:40.447: D/fpc_hidl(14325): fpc fingerprint hwbinder service starting
06-07 09:45:40.447: D/QSEECOMAPI(14325): QSEECom_get_handle sb_length = 0x80
06-07 09:45:40.448: D/QSEECOMAPI(14325): App is not loaded in QSEE
06-07 09:45:40.448: D/QSEECOMAPI(14325): app_arch = 2, total_files = 9
06-07 09:45:40.471: I/ActivityManager(1148): Killing 13052:com.google.android.play.games.ui/u0a167 (adj 906): empty #17
06-07 09:45:40.474: W/libprocessgroup(1148): kill(-13052, 9) failed: No such process
06-07 09:45:40.489: I/Zygote(731): Process 13052 exited due to signal (9)
06-07 09:45:40.494: W/libprocessgroup(1148): kill(-13052, 9) failed: No such process
06-07 09:45:40.494: I/libprocessgroup(1148): Successfully killed process cgroup uid 10167 pid 13052 in 20ms
06-07 09:45:40.502: D/QSEECOMAPI(14325): Loaded image: APP id = 86
06-07 09:45:40.505: E/fpc_tac(14325): fpcbuildinfo : 575ddab5b91efea67ee1d200fc813ff2fpc_bio=bd35c3fec78219829149bea6c9ec961e6f655b90C:prodtestlib=4304cf5c884c198624b749af3482befacbd3028eC:fpc_c_core=dc194509594e837dedfb5452aaf06fcb61977135C:fpc_lib=cd5b7b876c3d69afa68a11ac6fd86f873e70817bC:cac=297e11552c60a3607ed664cf44c3e4b36ab2e737C:fpc_bio_interface=94a457caecae31eca8ef04b64c3f82a018e9bbc0C:fpc_sensor=ba909a5500944acafe47a0ef3a49f89509aadfb6C:tools_core=94ddf1e684cfa6c99f0f237f7cc35f3962e0e597C:sensor_settings=4fcf864fb493ae0272a9b2806446b379d99fd8ceC:fingerprint_ta=066bc0ab880960a4a69b74a328c7d7871c72225bC:fingerprint_pal=0deb9a478a3572872639f9cb2559ccc464ee3f9bC:manifests=dcb3d8ab0bdb7a5b341839d8c75bb88fc7f5e1a4C:Manifesttag=SW23.3.0-PDR1.0.5:jenkins@84ffd74dac44:Thu,17May201810:17:08+0200:FPC_SENSOR_TYPE=FPC_SENSOR_TYPE_FPC1270:FPC_CC_TYPE=FPC_COMPANION_CHIP_FPC2050:FPC_C_TYPE=FPC_COATING_NORMAL
06-07 09:45:40.505: E/fpc_tac(14325): fpcbuildtype : build=RELEASE sensor=9
06-07 09:45:40.507: W/EventHub(1148): Unable to disable kernel key repeat for /dev/input/event3: Function not implemented
06-07 09:45:40.507: I/EventHub(1148): wakeMechanism=EPOLLWAKEUP, usingClockIoctl=true
06-07 09:45:40.507: I/EventHub(1148): New device: id=86, fd=341, path='/dev/input/event3', name='uinput-fpc', classes=0x101, configuration='/system/usr/idc/uinput-fpc.idc', keyLayout='/system/usr/keylayout/uinput-fpc.kl', keyCharacterMap='/system/usr/keychars/Generic.kcm', builtinKeyboard=true, 
06-07 09:45:40.507: W/InputReader(1148): Ignoring spurious device added event for deviceId 0.
06-07 09:45:40.565: I//vendor/bin/hw/android.hardware.health@2.0-service.crosshatch(760): Entry state_: 0 charger_status: Charging batteryLevel: 99
06-07 09:45:40.565: I//vendor/bin/hw/android.hardware.health@2.0-service.crosshatch(760): Exit state_: 0 batteryLevel: 99
06-07 09:45:40.568: D/QtiCarrierConfigHelper(3548): WARNING, no carrier configs on phone Id: 0
06-07 09:45:40.570: E/android.hardware.power@1.3-service.crosshatch-libperfmgr(765): extract_stats: failed to open: /d/wlan0/power_stats Error = No such file or directory
06-07 09:45:40.570: E/android.hardware.power@1.3-service.crosshatch-libperfmgr(765): getSubsystemLowPowerStats: failed to process wlan stats
06-07 09:45:40.578: D/KernelUidCpuTimeReader(1148): Removing uids 1037-1037
06-07 09:45:40.785: I/hiy(14279): SslGuard completed installation.
06-07 09:45:40.801: I/dex2oat(14323): Explicit concurrent copying GC freed 15031(2MB) AllocSpace objects, 0(0B) LOS objects, 99% free, 1200B/1537KB, paused 31us total 3.035ms
06-07 09:45:40.891: I/dex2oat(14323): dex2oat took 490.464ms (815.694ms cpu) (threads: 8) arena alloc=15KB (15808B) java alloc=17KB (17584B) native alloc=4MB (5118480B) free=2MB (2745840B)
06-07 09:45:40.896: V/installed(837): DexInv: --- END '/data/app/androidx.test.tools.crawler-xI5MdVn1k8R0sF9rClKDSg==/base.apk' (success) ---
06-07 09:45:40.896: V/installed(837): [ 06-07 09:45:40.900   837: 1289 E/         ]
06-07 09:45:40.896: V/installed(837): Couldn't opendir /data/app/vmdl769806300.tmp: No such file or directory
06-07 09:45:40.900: E/installd(837): Failed to delete /data/app/vmdl769806300.tmp: No such file or directory
06-07 09:45:40.906: I/Finsky(12548): [2] qvg.a(21): PackageMonitor - Received: android.intent.action.PACKAGE_ADDED, [OwTLqO6btGsi6Tcv2-TznXK21v3lwAbORH4jydMacKQ]
06-07 09:45:40.906: I/InputReader(1148): Reconfiguring input devices.  changes=0x00000010
06-07 09:45:40.906: I/Finsky(12548): [2] qwj.d(11): Invalidating cached PackageState for androidx.test.tools.crawler
06-07 09:45:40.913: I/CarrierServices(9260): [2] RcsAutoStartReceiver.b: carrierServicesJibeServiceEnabled changed from true to true
06-07 09:45:40.914: I/Finsky(12548): [2] abny.a(10): Do not start WearSupportService due to Wear service optimization
06-07 09:45:40.917: I/Finsky(12548): [2] abny.a(10): Do not start WearSupportService due to Wear service optimization
06-07 09:45:40.919: I/Finsky(12548): [253] epm.a(12): Asset module storage cleared for package androidx.test.tools.crawler.
06-07 09:45:40.921: I/CarrierServices(9260): [2] RcsAutoStartReceiver.b: enableRcs changed from true to true
06-07 09:45:40.921: I/CarrierServices(9260): [2] RcsAutoStartReceiver.b: RcsAutoStartReceiver triggered. Fetching RCS State. Action: android.intent.action.PACKAGE_ADDED
06-07 09:45:40.924: W/PrimesInit(14279): Primes instant initialization
06-07 09:45:40.937: W/Primes(14279): background initialization
06-07 09:45:40.940: I/CarrierServices(9260): [2] aws.a: Migration binding to RcsMigrationService
06-07 09:45:40.941: I/Finsky(12548): [2] kzs.c(2): Frosting ID looked up on UI thread. Caller should move to a background thread.
06-07 09:45:40.944: I/Telecom(1148): DefaultDialerCache: Refreshing default dialer for user 0: now com.google.android.dialer: DDC.oR@AJE
06-07 09:45:40.951: W/GCM(11190): Unexpected forwarded intent: Intent { act=android.intent.action.PACKAGE_ADDED dat=package:androidx.test.tools.crawler flg=0x4000010 cmp=com.google.android.gms/.chimera.PersistentIntentOperationService (has extras) }
06-07 09:45:40.951: W/GCM(11190): Unexpected forwarded intent: Intent { act=android.intent.action.PACKAGE_ADDED dat=package:androidx.test.tools.crawler flg=0x4000010 cmp=com.google.android.gms/.chimera.PersistentIntentOperationService (has extras) }
06-07 09:45:40.957: V/BackupManagerConstants(1148): getFullBackupIntervalMilliseconds(...) returns 86400000
06-07 09:45:40.962: I/ChromeSync(12088): [Sync,SyncIntentOperation] Handling the intent: Intent { act=android.intent.action.PACKAGE_ADDED dat=package:androidx.test.tools.crawler flg=0x4000010 cmp=com.google.android.gms/.chimera.GmsIntentOperationService (has extras) }.
06-07 09:45:40.964: I/Finsky(12548): [2] keu.run(7): Package state data is missing for androidx.test.tools.crawler
06-07 09:45:40.961: I/Auth(12088): [SupervisedAccountIntentOperation] onHandleIntent(): android.intent.action.PACKAGE_ADDED
06-07 09:45:40.965: D/RegisteredNfcFServicesCache(3912): Service unchanged, not updating
06-07 09:45:40.966: I/FontsPackageChangeOp(12088): Package androidx.test.tools.crawler has no metadata
06-07 09:45:40.967: I/BugleDataModel(6856): RcsMigrationService: Returning RCS state provider.
06-07 09:45:40.970: I/Finsky(12548): [256] kzo.run(16): Wrote row to frosting DB: 209
06-07 09:45:40.976: I/BugleRcsEngine(6856): [444] pot.a: Sim state is not ready. Returning last known operation mode.
06-07 09:45:40.977: E/PhoneInterfaceManager(3548): [PhoneIntfMgr] getCarrierPackageNamesForIntent: No UICC
06-07 09:45:40.977: D/CarrierSvcBindHelper(3548): No carrier app for: 0
06-07 09:45:40.978: I/CarrierServices(9260): [586] awt.doInBackground: Saving RCS State
06-07 09:45:40.978: I/CarrierServices(9260): [586] awt.doInBackground: Old operation mode: 0
06-07 09:45:40.980: E/VvmPkgInstalledRcvr(3548): cannot create TelephonyManager from ComponentInfo{com.android.phone/com.android.services.telephony.TelephonyConnectionService}, ***, UserHandle{0}
06-07 09:45:40.981: D/ImsResolver(3548): maybeAddedImsService, packageName: androidx.test.tools.crawler
06-07 09:45:40.982: D/CarrierConfigLoader(3548): mHandler: 9 phoneId: 0
06-07 09:45:40.990: I/CarrierServices(9260): [586] awt.doInBackground: New operation mode: 0
06-07 09:45:40.992: I/CarrierServices(9260): [2] aww.a: Unbinding RcsMigrationService
06-07 09:45:41.037: I/Icing(12088): Indexing com.google.android.gms-internal.3p:MobileApplication from com.google.android.gms using seqno 64
06-07 09:45:41.042: W/oid.apps.photo(14152): Verification of void adke.a(adls) took 109.010ms
06-07 09:45:41.059: I/system_server(1148): Background concurrent copying GC freed 75542(3MB) AllocSpace objects, 30(1268KB) LOS objects, 42% free, 18MB/32MB, paused 116us total 158.826ms
06-07 09:45:41.086: I/ChromeSync(12088): [Persistence,AffiliationManager] One of affiliation or grouping data for android://N50vJU0zrJ8WOzDt6r3GDtfqrkROFOSiqHcmppwn3vxaRC4hFpNn4UsL7XlvjtlfcWuDAQhmck0qjQPwsrpMNg==@androidx.test.tools.crawler/ was not found. Marking affiliation data as stale...
06-07 09:45:41.101: I/PeopleChimeraService(12088): onService. callbacks = aahm@e174c9a, request = com.google.android.gms.common.internal.GetServiceRequest@25eb9cb
06-07 09:45:41.164: W/GcoreAccounts(14279): GMSCore People had 1 missing ids.
06-07 09:45:41.166: E/GcoreAccounts(14279): GMSCore People did not return all accounts.
06-07 09:45:41.185: I/PrimesTesting(14279): GserviceFlagsSupplier.get()
06-07 09:45:41.219: I/ActivityManager(1148): Killing 13145:com.android.vending:download_service/u0a14 (adj 906): empty #17
06-07 09:45:41.220: W/libprocessgroup(1148): kill(-13145, 9) failed: No such process
06-07 09:45:41.230: E/s:nonpersisten(14371): Not starting debugger since process cannot load the jdwp agent.
06-07 09:45:41.232: I/ActivityManager(1148): Start proc 14371:com.google.android.as:nonpersistent/u0a43 for broadcast com.google.android.as/com.google.android.apps.miphone.aiai.allapps.accounts.impl.AccountsChangedReceiver
06-07 09:45:41.232: D/ConnectivityService(1148): ConnectivityService NetworkRequestInfo binderDied(NetworkRequest [ TRACK_DEFAULT id=37, [ Capabilities: INTERNET&NOT_RESTRICTED&TRUSTED Unwanted:  Uid: 10014] ], android.os.BinderProxy@1bab3a7)
06-07 09:45:41.233: D/ConnectivityService(1148): releasing NetworkRequest [ TRACK_DEFAULT id=37, [ Capabilities: INTERNET&NOT_RESTRICTED&TRUSTED Unwanted:  Uid: 10014] ] (release request)
06-07 09:45:41.234: W/libprocessgroup(1148): kill(-13145, 9) failed: No such process
06-07 09:45:41.234: I/libprocessgroup(1148): Successfully killed process cgroup uid 10014 pid 13145 in 14ms
06-07 09:45:41.235: I/Zygote(732): Process 13145 exited due to signal (9)
06-07 09:45:41.267: E/Backup(12088): [BackupTransportMigratorChimeraService] Could not migrate transport!
06-07 09:45:41.269: I/Backup(12088): [BackupTransportMigratorChimeraService] Starting migration...
06-07 09:45:41.277: D/AndroidRuntime(14365): >>>>>> START com.android.internal.os.RuntimeInit uid 2000 <<<<<<
06-07 09:45:41.308: I/cr_CronetLibraryLoader(14371): Cronet version: 68.0.3430.2, arch: armv8l
06-07 09:45:41.326: D/QSEECOMAPI(14325): QSEECom_get_handle sb_length = 0x400
06-07 09:45:41.326: D/QSEECOMAPI(14325): App is already loaded QSEE and app id = 1
06-07 09:45:41.328: E/fpc_tac(14325): qsee_km_get_encapsulated_key KEYMASTER_GET_AUTH_TOKEN_KEY returned status=-24
06-07 09:45:41.328: D/QSEECOMAPI(14325): QSEECom_dealloc_memory 
06-07 09:45:41.328: D/QSEECOMAPI(14325): QSEECom_shutdown_app, app_id = 1
06-07 09:45:41.329: E/fpc_fingerprint_hal(14325): fpc_hal_open failed
06-07 09:45:41.330: I/AiAi(14371): AiAi onCreate, isDebug: false
06-07 09:45:41.330: I/app_process(14365): The ClassLoaderContext is a special shared library.
06-07 09:45:41.331: I/EventHub(1148): Removing device '/dev/input/event3' due to inotify event
06-07 09:45:41.331: I/EventHub(1148): Removed device: path=/dev/input/event3 name=uinput-fpc id=86 fd=341 classes=0x101
06-07 09:45:41.331: W/EventHub(1148): built-in keyboard device /dev/input/event3 (id=86) is closing! the apps will not like this
06-07 09:45:41.331: W/InputReader(1148): Ignoring spurious device removed event for deviceId 86.
06-07 09:45:41.349: D/QSEECOMAPI(14325): QSEECom_dealloc_memory 
06-07 09:45:41.349: D/QSEECOMAPI(14325): QSEECom_shutdown_app, app_id = 86
06-07 09:45:41.353: D/AndroidRuntime(14365): Calling main entry com.android.commands.am.Am
06-07 09:45:41.357: I/AiAiMatchmaker(14371): Install SilentFeedback Handler: true
06-07 09:45:41.357: I/ActivityManager(1148): Force stopping com.google.android.apps.mtaas.tools appid=10155 user=0: start instr
06-07 09:45:41.363: I/ActivityManager(1148): Killing 11345:com.google.android.gms:car/u0a7 (adj 906): empty #17
06-07 09:45:41.364: W/libprocessgroup(1148): kill(-11345, 9) failed: No such process
06-07 09:45:41.368: I/ActivityManager(1148): Start proc 14411:com.google.android.apps.mtaas.tools/u0a155 for added application com.google.android.apps.mtaas.tools
06-07 09:45:41.376: E/pps.mtaas.tool(14411): Not starting debugger since process cannot load the jdwp agent.
06-07 09:45:41.378: E/ndroid.calenda(14417): Not starting debugger since process cannot load the jdwp agent.
06-07 09:45:41.379: I/ActivityManager(1148): Start proc 14417:com.google.android.calendar/u0a124 for broadcast com.google.android.calendar/com.google.android.apps.calendar.removeaccountdata.AccountDataCleaner
06-07 09:45:41.382: I/Zygote(731): Process 11345 exited due to signal (9)
06-07 09:45:41.385: W/libprocessgroup(1148): kill(-11345, 9) failed: No such process
06-07 09:45:41.385: I/libprocessgroup(1148): Successfully killed process cgroup uid 10007 pid 11345 in 21ms
06-07 09:45:41.404: I/pps.mtaas.tool(14411): The ClassLoaderContext is a special shared library.
06-07 09:45:41.404: I/ndroid.calenda(14417): The ClassLoaderContext is a special shared library.
06-07 09:45:41.417: D/GetPackageUid(14411): Instrumentation completed successfully
06-07 09:45:41.417: I/ActivityManager(1148): Force stopping com.google.android.apps.mtaas.tools appid=10155 user=0: finished inst
06-07 09:45:41.418: I/ActivityManager(1148): Killing 14411:com.google.android.apps.mtaas.tools/u0a155 (adj 0): stop com.google.android.apps.mtaas.tools
06-07 09:45:41.418: W/Binder(1148): Outgoing transactions from this process must be FLAG_ONEWAY
06-07 09:45:41.418: W/Binder(1148): java.lang.Throwable
06-07 09:45:41.418: W/Binder(1148): 	at android.os.BinderProxy.transact(Binder.java:1116)
06-07 09:45:41.418: W/Binder(1148): 	at android.app.IInstrumentationWatcher$Stub$Proxy.instrumentationFinished(IInstrumentationWatcher.java:164)
06-07 09:45:41.418: W/Binder(1148): 	at com.android.server.am.InstrumentationReporter$MyThread.run(InstrumentationReporter.java:86)
06-07 09:45:41.418: W/libprocessgroup(1148): kill(-14411, 9) failed: No such process
06-07 09:45:41.421: D/AndroidRuntime(14365): Shutting down VM
06-07 09:45:41.429: I/Zygote(731): Process 14411 exited due to signal (9)
06-07 09:45:41.433: W/DynamiteModule(14059): Local module descriptor class for providerinstaller not found.
06-07 09:45:41.436: W/ProviderHelper(11190): Unknown dynamite feature providerinstaller
06-07 09:45:41.443: W/ProviderInstaller(14059): Failed to load providerinstaller module: No acceptable module found. Local version is 0 and remote version is 0.
06-07 09:45:41.452: I/cs.editors.doc(14059): The ClassLoaderContext is a special shared library.
06-07 09:45:41.453: I/chatty(14059): uid=10147(com.google.android.apps.docs.editors.docs) TaskSchedulerLo identical 1 line
06-07 09:45:41.454: I/cs.editors.doc(14059): The ClassLoaderContext is a special shared library.
06-07 09:45:41.464: W/libprocessgroup(1148): kill(-14411, 9) failed: No such process
06-07 09:45:41.464: I/libprocessgroup(1148): Successfully killed process cgroup uid 10155 pid 14411 in 45ms
06-07 09:45:41.474: V/NativeCrypto(14059): Registering com/google/android/gms/org/conscrypt/NativeCrypto's 286 native methods...
06-07 09:45:41.496: D/NetworkSecurityConfig(14059): Using Network Security Config from resource network_security_config debugBuild: false
06-07 09:45:41.499: I/ActivityManager(1148): Killing 12548:com.android.vending/u0a14 (adj 906): empty #17
06-07 09:45:41.500: W/libprocessgroup(1148): kill(-12548, 9) failed: No such process
06-07 09:45:41.510: I/Icing(12088): Indexing com.google.android.gms-apps from com.google.android.gms
06-07 09:45:41.512: I/ProviderInstaller(14059): Installed default security provider GmsCore_OpenSSL
06-07 09:45:41.528: D/ConnectivityService(1148): ConnectivityService NetworkRequestInfo binderDied(NetworkRequest [ LISTEN id=36, [ Capabilities: INTERNET&NOT_RESTRICTED&TRUSTED Unwanted:  Uid: 10014] ], android.os.BinderProxy@d562316)
06-07 09:45:41.528: D/ConnectivityService(1148): ConnectivityService NetworkRequestInfo binderDied(NetworkRequest [ TRACK_DEFAULT id=35, [ Capabilities: INTERNET&NOT_RESTRICTED&TRUSTED Unwanted:  Uid: 10014] ], android.os.BinderProxy@561d497)
06-07 09:45:41.529: I/Zygote(732): Process 12548 exited due to signal (9)
06-07 09:45:41.529: D/ConnectivityService(1148): releasing NetworkRequest [ TRACK_DEFAULT id=35, [ Capabilities: INTERNET&NOT_RESTRICTED&TRUSTED Unwanted:  Uid: 10014] ] (release request)
06-07 09:45:41.545: W/libprocessgroup(1148): kill(-12548, 9) failed: No such process
06-07 09:45:41.546: I/libprocessgroup(1148): Successfully killed process cgroup uid 10014 pid 12548 in 45ms
06-07 09:45:41.551: I/TSDRIVER(13649): CommandService onHandleIntent()
06-07 09:45:41.551: I/TSDRIVER(13649): Got command: PACKAGE
06-07 09:45:41.551: I/TSDRIVER(13649): flag package: EiNjb20uZ29vZ2xlLmFuZHJvaWQuZ21zLmF1dGhfYWNjb3VudBodChlhdXRoX3NpZ19vdmVycmlkZV9lbmFibGVkGAEaIQocYXV0aF9zaWdfb3ZlcnJpZGVfdGFyZ2V0X3VpZCC6TxpCChZhdXRoX3NpZ19vdmVycmlkZV9zaGExEihlZGE2NDEzYzNlM2E5NTQ5MjExNGZlMDdjZDk1M2FkODk3ZTQwZDFhKLoB
06-07 09:45:41.551: I/TSDRIVER(13649): flag package: com.google.android.gms.auth_account
06-07 09:45:41.555: I/TestSupport(12088): SetFlagOverridesOperation: com.google.android.gms.auth_account, '', [Flag(auth_sig_override_enabled, true, 2, 0)] [CONTEXT service_id=133 ]
06-07 09:45:41.561: I/Icing(12088): Indexing done com.google.android.gms-apps
06-07 09:45:41.571: I/TestSupport(12088): AwaitCommitOperation: auth_sig_override_enabled [CONTEXT service_id=133 ]
06-07 09:45:41.575: I/TestSupport(12088): AwaitCommitOperation: FlagOverride(com.google.android.gms.auth_account, , Flag(auth_sig_override_enabled, true, 2, 0), false) != FlagOverride(com.google.android.gms.auth_account, , Flag(auth_sig_override_enabled, false, 2, 0), true) [CONTEXT service_id=133 ]
06-07 09:45:41.575: I/TestSupport(12088): AwaitCommitOperation: uncommitted: FlagOverride(com.google.android.gms.auth_account, , Flag(auth_sig_override_enabled, false, 2, 0), true) [CONTEXT service_id=133 ]
06-07 09:45:41.575: I/TestSupport(12088): AwaitCommitOperation:  sleeping for 10 msec. [CONTEXT service_id=133 ]
06-07 09:45:41.591: I/TestSupport(12088): AwaitCommitOperation: FlagOverride(com.google.android.gms.auth_account, , Flag(auth_sig_override_enabled, true, 2, 0), false) != FlagOverride(com.google.android.gms.auth_account, , Flag(auth_sig_override_enabled, false, 2, 0), true) [CONTEXT service_id=133 ]
06-07 09:45:41.591: I/TestSupport(12088): AwaitCommitOperation: uncommitted: FlagOverride(com.google.android.gms.auth_account, , Flag(auth_sig_override_enabled, false, 2, 0), true) [CONTEXT service_id=133 ]
06-07 09:45:41.591: I/TestSupport(12088): AwaitCommitOperation:  sleeping for 20 msec. [CONTEXT service_id=133 ]
06-07 09:45:41.657: I/TestSupport(12088): AwaitCommitOperation: FlagOverride(com.google.android.gms.auth_account, , Flag(auth_sig_override_enabled, true, 2, 0), false) != FlagOverride(com.google.android.gms.auth_account, , Flag(auth_sig_override_enabled, false, 2, 0), true) [CONTEXT service_id=133 ]
06-07 09:45:41.658: I/TestSupport(12088): AwaitCommitOperation: uncommitted: FlagOverride(com.google.android.gms.auth_account, , Flag(auth_sig_override_enabled, false, 2, 0), true) [CONTEXT service_id=133 ]
06-07 09:45:41.658: I/TestSupport(12088): AwaitCommitOperation:  sleeping for 40 msec. [CONTEXT service_id=133 ]
06-07 09:45:41.745: I/TestSupport(12088): AwaitCommitOperation: FlagOverride(com.google.android.gms.auth_account, , Flag(auth_sig_override_enabled, true, 2, 0), false) != FlagOverride(com.google.android.gms.auth_account, , Flag(auth_sig_override_enabled, false, 2, 0), true) [CONTEXT service_id=133 ]
06-07 09:45:41.746: I/TestSupport(12088): AwaitCommitOperation: uncommitted: FlagOverride(com.google.android.gms.auth_account, , Flag(auth_sig_override_enabled, false, 2, 0), true) [CONTEXT service_id=133 ]
06-07 09:45:41.746: I/TestSupport(12088): AwaitCommitOperation:  sleeping for 80 msec. [CONTEXT service_id=133 ]
06-07 09:45:41.848: D/MusicLifecycle(14023): com.google.android.music.sync.SyncAdapterService generated event: Service destroyed
06-07 09:45:41.850: I/TestSupport(12088): AwaitCommitOperation: FlagOverride(com.google.android.gms.auth_account, , Flag(auth_sig_override_enabled, true, 2, 0), false) != FlagOverride(com.google.android.gms.auth_account, , Flag(auth_sig_override_enabled, false, 2, 0), true) [CONTEXT service_id=133 ]
06-07 09:45:41.851: I/TestSupport(12088): AwaitCommitOperation: uncommitted: FlagOverride(com.google.android.gms.auth_account, , Flag(auth_sig_override_enabled, false, 2, 0), true) [CONTEXT service_id=133 ]
06-07 09:45:41.851: I/ActivityManager(1148): Killing 13676:com.android.connectivity.metrics/u0a57 (adj 906): empty #17
06-07 09:45:41.851: I/TestSupport(12088): AwaitCommitOperation:  sleeping for 160 msec. [CONTEXT service_id=133 ]
06-07 09:45:41.851: W/libprocessgroup(1148): kill(-13676, 9) failed: No such process
06-07 09:45:41.852: I/ActivityManager(1148): Killing 13697:com.google.android.apps.multidevice.client/u0a72 (adj 906): empty #17
06-07 09:45:41.864: I/ActivityManager(1148): Killing 13716:com.google.android.euicc/u0a67 (adj 906): empty #17
06-07 09:45:41.886: I/ActivityManager(1148): Killing 9305:com.google.android.apps.messaging:rcs/u0a111 (adj 1001): empty #17
06-07 09:45:41.863: I/chatty(1148): uid=1000(system) ActivityManager identical 2 lines
06-07 09:45:41.873: W/libprocessgroup(1148): kill(-13676, 9) failed: No such process
06-07 09:45:41.889: I/Zygote(731): Process 13716 exited due to signal (9)
06-07 09:45:41.890: I/Zygote(731): Process 13676 exited due to signal (9)
06-07 09:45:41.896: I/Zygote(731): Process 13697 exited due to signal (9)
06-07 09:45:41.911: W/libprocessgroup(1148): kill(-13676, 9) failed: No such process
06-07 09:45:41.911: I/libprocessgroup(1148): Successfully killed process cgroup uid 10057 pid 13676 in 59ms
06-07 09:45:41.911: W/libprocessgroup(1148): kill(-13697, 9) failed: No such process
06-07 09:45:41.911: I/libprocessgroup(1148): Successfully killed process cgroup uid 10072 pid 13697 in 0ms
06-07 09:45:41.911: W/libprocessgroup(1148): kill(-13716, 9) failed: No such process
06-07 09:45:41.912: I/libprocessgroup(1148): Successfully killed process cgroup uid 10067 pid 13716 in 0ms
06-07 09:45:41.912: W/libprocessgroup(1148): kill(-9305, 9) failed: No such process
06-07 09:45:41.937: I/roid.music:mai(14023): Waiting for a blocking GC ProfileSaver
06-07 09:45:41.941: D/ConnectivityService(1148): ConnectivityService NetworkRequestInfo binderDied(NetworkRequest [ TRACK_DEFAULT id=27, [ Capabilities: INTERNET&NOT_RESTRICTED&TRUSTED Unwanted:  Uid: 10111] ], android.os.BinderProxy@86d1e6d)
06-07 09:45:41.942: D/ConnectivityService(1148): releasing NetworkRequest [ TRACK_DEFAULT id=27, [ Capabilities: INTERNET&NOT_RESTRICTED&TRUSTED Unwanted:  Uid: 10111] ] (release request)
06-07 09:45:41.943: W/ActivityManager(1148): Scheduling restart of crashed service com.google.android.apps.messaging/com.google.android.ims.service.JibeService in 1000ms
06-07 09:45:41.943: I/Zygote(731): Process 9305 exited due to signal (9)
06-07 09:45:41.946: W/libprocessgroup(1148): kill(-9305, 9) failed: No such process
06-07 09:45:41.946: I/libprocessgroup(1148): Successfully killed process cgroup uid 10111 pid 9305 in 34ms
06-07 09:45:41.958: I/roid.music:mai(14023): WaitForGcToComplete blocked ProfileSaver on AddRemoveAppImageSpace for 21.265ms
06-07 09:45:42.020: I/Icing(12088): Indexing com.google.android.gms-apps from com.google.android.gms
06-07 09:45:42.022: I/Icing(12088): Indexing done com.google.android.gms-apps
06-07 09:45:42.028: I/TestSupport(12088): AwaitCommitOperation: FlagOverride(com.google.android.gms.auth_account, , Flag(auth_sig_override_enabled, true, 2, 0), false) != FlagOverride(com.google.android.gms.auth_account, , Flag(auth_sig_override_enabled, false, 2, 0), true) [CONTEXT service_id=133 ]
06-07 09:45:42.029: I/TestSupport(12088): AwaitCommitOperation: uncommitted: FlagOverride(com.google.android.gms.auth_account, , Flag(auth_sig_override_enabled, false, 2, 0), true) [CONTEXT service_id=133 ]
06-07 09:45:42.029: I/TestSupport(12088): AwaitCommitOperation:  sleeping for 320 msec. [CONTEXT service_id=133 ]
06-07 09:45:42.266: I/ActivityManager(1148): Start proc 14459:android.process.media/u0a8 for content provider com.android.providers.media/.MediaProvider
06-07 09:45:42.273: E/d.process.medi(14459): Not starting debugger since process cannot load the jdwp agent.
06-07 09:45:42.284: I/ActivityManager(1148): Killing 9260:com.google.android.ims/u0a25 (adj 906): empty #17
06-07 09:45:42.285: W/libprocessgroup(1148): kill(-9260, 9) failed: No such process
06-07 09:45:42.324: D/ConnectivityService(1148): ConnectivityService NetworkRequestInfo binderDied(NetworkRequest [ TRACK_DEFAULT id=25, [ Capabilities: INTERNET&NOT_RESTRICTED&TRUSTED Unwanted:  Uid: 10025] ], android.os.BinderProxy@b095aa2)
06-07 09:45:42.325: D/ConnectivityService(1148): releasing NetworkRequest [ TRACK_DEFAULT id=25, [ Capabilities: INTERNET&NOT_RESTRICTED&TRUSTED Unwanted:  Uid: 10025] ] (release request)
06-07 09:45:42.311: I/chatty(1148): uid=1000(system) ActivityManager identical 1 line
06-07 09:45:42.326: W/libprocessgroup(1148): kill(-9260, 9) failed: No such process
06-07 09:45:42.330: I/Zygote(731): Process 9260 exited due to signal (9)
06-07 09:45:42.371: W/libprocessgroup(1148): kill(-9260, 9) failed: No such process
06-07 09:45:42.371: I/libprocessgroup(1148): Successfully killed process cgroup uid 10025 pid 9260 in 87ms
06-07 09:45:42.379: I/TestSupport(12088): AwaitCommitOperation: FlagOverride(com.google.android.gms.auth_account, , Flag(auth_sig_override_enabled, true, 2, 0), false) != FlagOverride(com.google.android.gms.auth_account, , Flag(auth_sig_override_enabled, false, 2, 0), true) [CONTEXT service_id=133 ]
06-07 09:45:42.379: I/TestSupport(12088): AwaitCommitOperation: uncommitted: FlagOverride(com.google.android.gms.auth_account, , Flag(auth_sig_override_enabled, false, 2, 0), true) [CONTEXT service_id=133 ]
06-07 09:45:42.379: I/TestSupport(12088): AwaitCommitOperation:  sleeping for 640 msec. [CONTEXT service_id=133 ]
06-07 09:45:42.404: I/MediaStoreImporter(14023): Update: incremental Added music: 0 Updated music: 0 Deleted music: 0 Created playlists: 0 Updated playlists: 0 Deleted playlists: 0 Inserted playlist items: 0 Deleted playlist items: 0 Removed orphaned playlist items: 0
06-07 09:45:42.405: D/MusicLifecycle(14023): com.google.android.music.download.EncapsulatedBroadcastReceiver$1 generated event: Broadcast received with context com.google.android.music.ui.PhoneMusicApplication@954f15b and intent Intent { act=com.google.android.music.IMPORT_COMPLETE flg=0x10 }
06-07 09:45:42.743: V/BackupManagerConstants(1148): getFullBackupRequiredNetworkType(...) returns 2
06-07 09:45:42.744: V/BackupManagerConstants(1148): getFullBackupRequireCharging(...) returns true
06-07 09:45:42.845: I/ActivityManager(1148): Start proc 14486:com.android.providers.calendar/u0a44 for content provider com.android.providers.calendar/.CalendarProvider2
06-07 09:45:42.845: E/viders.calenda(14486): Not starting debugger since process cannot load the jdwp agent.
06-07 09:45:42.869: W/Primes(14417): Primes not initialized, returning default (no-op) Primes instance which will ignore all calls. Please call Primes.initialize(...) before using any Primes API.
06-07 09:45:42.924: I/CalendarProvider2(14486): Created com.android.providers.calendar.CalendarAlarmManager@b73378b(com.android.providers.calendar.CalendarProvider2@b7d3068)
06-07 09:45:42.935: W/PrimesInit(14417): Primes instant initialization
06-07 09:45:42.940: W/Primes(14417): background initialization
06-07 09:45:43.034: I/TestSupport(12088): AwaitCommitOperation: FlagOverride(com.google.android.gms.auth_account, , Flag(auth_sig_override_enabled, true, 2, 0), false) != FlagOverride(com.google.android.gms.auth_account, , Flag(auth_sig_override_enabled, false, 2, 0), true) [CONTEXT service_id=133 ]
06-07 09:45:43.035: I/TestSupport(12088): AwaitCommitOperation: uncommitted: FlagOverride(com.google.android.gms.auth_account, , Flag(auth_sig_override_enabled, false, 2, 0), true) [CONTEXT service_id=133 ]
06-07 09:45:43.035: I/TestSupport(12088): AwaitCommitOperation:  sleeping for 1280 msec. [CONTEXT service_id=133 ]
06-07 09:45:43.293: I/a.x.s.s.a.AndroidDataba(14417): Obtained writable database SQLiteDatabase/28100741 instance with path /data/user/0/com.google.android.calendar/databases/cal_v2a
06-07 09:45:43.304: I/a.x.s.s.MigrationRunner(14417): The schema version is 13, the database version is 13, and there are 0 migrations
06-07 09:45:43.354: W/ChimeraUtils(11190): Non Chimera context
06-07 09:45:43.422: I/chatty(11190): uid=10007 com.google.android.gms.persistent identical 6 lines
06-07 09:45:43.422: W/ChimeraUtils(11190): Non Chimera context
06-07 09:45:43.439: I/Auth(11190): [BroadcastManager] Broadcasting account change.
06-07 09:45:43.441: I/anmy(11190): Scheduling Phenotype for a PhenotypeSyncImmediately(5, null) one off with window [1, 2] in seconds [CONTEXT service_id=51 ]
06-07 09:45:43.444: W/WakefulBroadcastReceiv.(11190): No active wake lock id #1
06-07 09:45:43.448: I/PmtsSwAccountIntentOp(12088): Processing intent action=android.accounts.LOGIN_ACCOUNTS_CHANGED
06-07 09:45:43.451: I/BgTaskExecutorImpl(10584): Starting EXCLUSIVE background task PROCESS_ACCOUNT_CHANGE.
06-07 09:45:43.455: I/PmtsSwAccountIntentOp(12088): Sw accountsLength=1
06-07 09:45:43.457: I/ActivityManager(1148): Start proc 14547:com.google.process.gapps/u0a77 for broadcast com.google.android.syncadapters.contacts/.ContactsSyncAdapterBroadcastReceiver
06-07 09:45:43.464: I/GamesDatabaseHelper(12088): Bootstrapping database version: 2302
06-07 09:45:43.465: E/e.process.gapp(14547): Not starting debugger since process cannot load the jdwp agent.
06-07 09:45:43.495: V/BackupManagerConstants(1148): getFullBackupRequiredNetworkType(...) returns 2
06-07 09:45:43.495: V/BackupManagerConstants(1148): getFullBackupRequireCharging(...) returns true
06-07 09:45:43.499: I/e.process.gapp(14547): The ClassLoaderContext is a special shared library.
06-07 09:45:43.530: I/GoogleHttpClient(14547): GMS http client unavailable, use old client
06-07 09:45:43.544: E/PhoneInterfaceManager(3548): [PhoneIntfMgr] getIccId: No UICC
06-07 09:45:43.548: D/TelephonyProvider(3548): subIdString = -1 subId = -1
06-07 09:45:43.548: D/TelephonyProvider(3548): getPreferredApnIdFromApn: for subId -1
06-07 09:45:43.563: I/ActivityManager(1148): Start proc 14566:com.google.android.youtube/u0a80 for broadcast com.google.android.youtube/com.google.android.libraries.youtube.account.AccountsChangedReceiver
06-07 09:45:43.564: E/android.youtub(14566): Not starting debugger since process cannot load the jdwp agent.
06-07 09:45:43.570: I/ActivityManager(1148): Killing 13763:com.google.android.partnersetup/u0a49 (adj 906): empty #17
06-07 09:45:43.570: W/libprocessgroup(1148): kill(-13763, 9) failed: No such process
06-07 09:45:43.572: I/MicroDetectionWorker(10584): Initializing MicroDataManager InitializeType-2, isForced-true, isActivePhoneEnrollment-false isActiveGoogleHomeEnrollment-false
06-07 09:45:43.574: W/ChimeraUtils(11190): Non Chimera context
06-07 09:45:43.574: W/ChimeraUtils(11190): Non Chimera context
06-07 09:45:43.578: W/libprocessgroup(1148): kill(-13763, 9) failed: No such process
06-07 09:45:43.578: V/FingerprintService(1148): mDaemon was null, reconnect to fingerprint
06-07 09:45:43.579: W/FingerprintService(1148): fingerprint HIDL not available
06-07 09:45:43.583: W/libprocessgroup(1148): kill(-13763, 9) failed: No such process
06-07 09:45:43.591: W/ChimeraUtils(11190): Non Chimera context
06-07 09:45:43.599: I/chatty(11190): uid=10007 com.google.android.gms.persistent identical 2 lines
06-07 09:45:43.599: W/ChimeraUtils(11190): Non Chimera context
06-07 09:45:43.606: I/android.youtub(14566): The ClassLoaderContext is a special shared library.
06-07 09:45:43.619: I/Zygote(731): Process 13763 exited due to signal (9)
06-07 09:45:43.627: W/libprocessgroup(1148): kill(-13763, 9) failed: No such process
06-07 09:45:43.627: I/libprocessgroup(1148): Successfully killed process cgroup uid 10049 pid 13763 in 56ms
06-07 09:45:43.631: W/Conscrypt(11190): Could not set socket write timeout: java.net.SocketException: Socket closed
06-07 09:45:43.631: W/Conscrypt(11190): 	at com.google.android.gms.org.conscrypt.Platform.setSocketWriteTimeout(:com.google.android.gms@200914028@20.09.14 (100400-300565878):2)
06-07 09:45:43.631: W/Conscrypt(11190): 	at com.google.android.gms.org.conscrypt.ConscryptFileDescriptorSocket.setSoWriteTimeout(:com.google.android.gms@200914028@20.09.14 (100400-300565878):0)
06-07 09:45:43.637: W/Conscrypt(11190): Could not set socket write timeout: java.net.SocketException: Socket closed
06-07 09:45:43.638: W/Conscrypt(11190): 	at com.google.android.gms.org.conscrypt.Platform.setSocketWriteTimeout(:com.google.android.gms@200914028@20.09.14 (100400-300565878):2)
06-07 09:45:43.638: W/Conscrypt(11190): 	at com.google.android.gms.org.conscrypt.ConscryptFileDescriptorSocket.setSoWriteTimeout(:com.google.android.gms@200914028@20.09.14 (100400-300565878):0)
06-07 09:45:43.663: E/ExecutionCriteria(11190): Package unavailable for task: com.google.android.apps.gcs/com.google.android.flib.phenotype.services.PhenotypeExperimentCommitService{u=0 tag="PhenotypeExpCommitSvc" trigger=window{start=0s,end=30s,earliest=-324s,latest=-294s} requirements=[NET_ANY] attributes=[PERSISTED] scheduled=-324s last_run=N/A jid=N/A status=PENDING retries=0 client_lib=MANCHEGO_GCM-11732000}
06-07 09:45:43.668: I/Auth(11190): [AccountStatusChecker] OnDataChanged check: <ELLIDED:-214075320>
06-07 09:45:43.669: I/Auth(11190): [AccountStatusChecker] Canceling for <ELLIDED:-214075320>
06-07 09:45:43.674: W/YT(14566): Last known version:13.23.60
06-07 09:45:43.685: E/ExecutionCriteria(11190): Package unavailable for task: com.google.android.apps.gcs/com.google.android.flib.phenotype.services.PhenotypeExperimentCommitService{u=0 tag="PhenotypeExpCommitSvc" trigger=window{start=0s,end=30s,earliest=-324s,latest=-294s} requirements=[NET_ANY] attributes=[PERSISTED] scheduled=-324s last_run=N/A jid=N/A status=PENDING retries=0 client_lib=MANCHEGO_GCM-11732000}
06-07 09:45:43.688: W/Conscrypt(12088): Could not set socket write timeout: java.net.SocketException: Socket closed
06-07 09:45:43.688: W/Conscrypt(12088): 	at com.google.android.gms.org.conscrypt.Platform.setSocketWriteTimeout(:com.google.android.gms@200914028@20.09.14 (100400-300565878):2)
06-07 09:45:43.688: W/Conscrypt(12088): 	at com.google.android.gms.org.conscrypt.ConscryptFileDescriptorSocket.setSoWriteTimeout(:com.google.android.gms@200914028@20.09.14 (100400-300565878):0)
06-07 09:45:43.689: I/Auth(11190): [AccountStatusChecker] OnDataChanged check: <ELLIDED:-214075320>
06-07 09:45:43.690: I/Auth(11190): [AccountStatusChecker] Canceling for <ELLIDED:-214075320>
06-07 09:45:43.698: W/Conscrypt(12088): Could not set socket write timeout: java.net.SocketException: Socket closed
06-07 09:45:43.698: W/Conscrypt(12088): 	at com.google.android.gms.org.conscrypt.Platform.setSocketWriteTimeout(:com.google.android.gms@200914028@20.09.14 (100400-300565878):2)
06-07 09:45:43.698: W/Conscrypt(12088): 	at com.google.android.gms.org.conscrypt.ConscryptFileDescriptorSocket.setSoWriteTimeout(:com.google.android.gms@200914028@20.09.14 (100400-300565878):0)
06-07 09:45:43.702: W/ChimeraUtils(11190): Non Chimera context
06-07 09:45:43.702: W/ChimeraUtils(11190): Non Chimera context
06-07 09:45:43.703: I/NowOptInSettings(10584): onAccountChanged() : [REDACTED-54]
06-07 09:45:43.743: W/ChimeraUtils(11190): Non Chimera context
06-07 09:45:43.743: W/ChimeraUtils(11190): Non Chimera context
06-07 09:45:43.747: W/YouTube(14566): Fetching the Gservices key 'failsafe_clear_cache_release_13_02' before the end of the bulk initialization
06-07 09:45:43.770: I/BgTaskExecutorImpl(10584): Starting EXCLUSIVE background task SEND_GSA_HOME_REQUEST.
06-07 09:45:43.798: I/Auth(11190): [AccountStatusChecker] OnDataChanged check: <ELLIDED:-214075320>
06-07 09:45:43.799: I/Auth(11190): [AccountStatusChecker] Canceling for <ELLIDED:-214075320>
