06-07 09:46:11.056: I/Auth(11190): [AuthManaged,PasswordComplexityHelperImpl] Updating password complexity components state.
06-07 09:46:11.056: I/Auth(11190): [AuthManaged,PasswordComplexityHelperImpl] Disabling com.google.android.gms.auth.managed.admin.DeviceAdminReceiver
06-07 09:46:11.056: I/Auth(11190): [AuthManaged,PasswordComplexityHelperImpl] Disabling com.google.android.gms.auth.managed.ui.SetNewPasswordActivity
06-07 09:46:11.058: I/Auth(11190): [AuthManaged,PasswordComplexityHelperImpl] Updating password complexity components state.
06-07 09:46:11.058: I/Auth(11190): [AuthManaged,PasswordComplexityHelperImpl] Disabling com.google.android.gms.auth.managed.admin.DeviceAdminReceiver
06-07 09:46:11.059: I/Auth(11190): [AuthManaged,PasswordComplexityHelperImpl] Disabling com.google.android.gms.auth.managed.ui.SetNewPasswordActivity
06-07 09:46:11.061: I/Auth(11190): [AuthManaged,PasswordComplexityHelperImpl] Updating password complexity components state.
06-07 09:46:11.061: I/Auth(11190): [AuthManaged,PasswordComplexityHelperImpl] Disabling com.google.android.gms.auth.managed.admin.DeviceAdminReceiver
06-07 09:46:11.061: I/Auth(11190): [AuthManaged,PasswordComplexityHelperImpl] Disabling com.google.android.gms.auth.managed.ui.SetNewPasswordActivity
06-07 09:46:11.063: I/Auth(11190): [AuthManaged,PasswordComplexityHelperImpl] Updating password complexity components state.
06-07 09:46:11.063: I/Auth(11190): [AuthManaged,PasswordComplexityHelperImpl] Disabling com.google.android.gms.auth.managed.admin.DeviceAdminReceiver
06-07 09:46:11.064: I/Auth(11190): [AuthManaged,PasswordComplexityHelperImpl] Disabling com.google.android.gms.auth.managed.ui.SetNewPasswordActivity
06-07 09:46:11.067: I/Auth(11190): [AuthManaged,PasswordComplexityHelperImpl] Updating password complexity components state.
06-07 09:46:11.067: I/Auth(11190): [AuthManaged,PasswordComplexityHelperImpl] Disabling com.google.android.gms.auth.managed.admin.DeviceAdminReceiver
06-07 09:46:11.067: I/Auth(11190): [AuthManaged,PasswordComplexityHelperImpl] Disabling com.google.android.gms.auth.managed.ui.SetNewPasswordActivity
06-07 09:46:11.068: I/CryptauthV2(12088): [EnrollCryptauthFramework] EnrollKeysRequest successfully completed.
06-07 09:46:11.068: I/CryptauthV2(12088): [EnrollCryptauthFramework] Enrollment successful.
06-07 09:46:11.081: E/ExecutionCriteria(11190): Package unavailable for task: com.google.android.apps.gcs/com.google.android.flib.phenotype.services.PhenotypeExperimentCommitService{u=0 tag="PhenotypeExpCommitSvc" trigger=window{start=0s,end=30s,earliest=-352s,latest=-322s} requirements=[NET_ANY] attributes=[PERSISTED] scheduled=-352s last_run=N/A jid=N/A status=PENDING retries=0 client_lib=MANCHEGO_GCM-11732000}
06-07 09:46:11.082: I/anox(11190): updateFromConfigurations using legacy put method [CONTEXT service_id=204 ]
06-07 09:46:11.089: V/SettingsProvider(1148): Notifying for 0: content://settings/global/text_classifier_constants
06-07 09:46:11.104: E/ProximityAuth(11190): [BetterTogetherFeatureSupportIntentOperation] Failed to setFeatureSupported for [BETTER_TOGETHER_HOST] with status [Status{statusCode=unknown status code: -25501, resolution=null}].
06-07 09:46:11.111: I/Auth(11190): [AuthManaged,PasswordComplexityHelperImpl] Updating password complexity components state.
06-07 09:46:11.111: I/Auth(11190): [AuthManaged,PasswordComplexityHelperImpl] Disabling com.google.android.gms.auth.managed.admin.DeviceAdminReceiver
06-07 09:46:11.111: I/Auth(11190): [AuthManaged,PasswordComplexityHelperImpl] Disabling com.google.android.gms.auth.managed.ui.SetNewPasswordActivity
06-07 09:46:11.116: W/avdi(11190): Empty content. Thus might mean that the settings are not synced down.
06-07 09:46:11.117: I/CryptauthV2(12088): [EnrollKeyName] ClientName calling Cryptauth is fido
06-07 09:46:11.123: I/anox(11190): updateFromConfigurations using legacy put method [CONTEXT service_id=204 ]
06-07 09:46:11.203: I/Auth(11190): [AuthManaged,PasswordComplexityHelperImpl] Updating password complexity components state.
06-07 09:46:11.204: I/Auth(11190): [AuthManaged,PasswordComplexityHelperImpl] Disabling com.google.android.gms.auth.managed.admin.DeviceAdminReceiver
06-07 09:46:11.204: I/Auth(11190): [AuthManaged,PasswordComplexityHelperImpl] Disabling com.google.android.gms.auth.managed.ui.SetNewPasswordActivity
06-07 09:46:11.213: E/ExecutionCriteria(11190): Package unavailable for task: com.google.android.apps.gcs/com.google.android.flib.phenotype.services.PhenotypeExperimentCommitService{u=0 tag="PhenotypeExpCommitSvc" trigger=window{start=0s,end=30s,earliest=-352s,latest=-322s} requirements=[NET_ANY] attributes=[PERSISTED] scheduled=-352s last_run=N/A jid=N/A status=PENDING retries=0 client_lib=MANCHEGO_GCM-11732000}
06-07 09:46:11.216: I/CryptauthV2(12088): [EnrollKeyName] ClientName calling Cryptauth is ForceRegistration
06-07 09:46:11.232: I/Auth(11190): [AuthManaged,PasswordComplexityHelperImpl] Updating password complexity components state.
06-07 09:46:11.232: I/Auth(11190): [AuthManaged,PasswordComplexityHelperImpl] Disabling com.google.android.gms.auth.managed.admin.DeviceAdminReceiver
06-07 09:46:11.232: I/Auth(11190): [AuthManaged,PasswordComplexityHelperImpl] Disabling com.google.android.gms.auth.managed.ui.SetNewPasswordActivity
06-07 09:46:11.238: V/FingerprintService(1148): mDaemon was null, reconnect to fingerprint
06-07 09:46:11.239: W/FingerprintService(1148): fingerprint HIDL not available
06-07 09:46:11.264: E/ExecutionCriteria(11190): Package unavailable for task: com.google.android.apps.gcs/com.google.android.flib.phenotype.services.PhenotypeExperimentCommitService{u=0 tag="PhenotypeExpCommitSvc" trigger=window{start=0s,end=30s,earliest=-352s,latest=-322s} requirements=[NET_ANY] attributes=[PERSISTED] scheduled=-352s last_run=N/A jid=N/A status=PENDING retries=0 client_lib=MANCHEGO_GCM-11732000}
06-07 09:46:11.292: I/Auth(11190): [AuthManaged,PasswordComplexityHelperImpl] Updating password complexity components state.
06-07 09:46:11.292: I/Auth(11190): [AuthManaged,PasswordComplexityHelperImpl] Disabling com.google.android.gms.auth.managed.admin.DeviceAdminReceiver
06-07 09:46:11.292: I/Auth(11190): [AuthManaged,PasswordComplexityHelperImpl] Disabling com.google.android.gms.auth.managed.ui.SetNewPasswordActivity
06-07 09:46:11.302: W/CryptauthV2(12088): [ClientDataOperation] No keyMetadata found for keyName=PublicKey
06-07 09:46:11.304: I/Auth(11190): [AuthManaged,PasswordComplexityHelperImpl] Updating password complexity components state.
06-07 09:46:11.304: I/Auth(11190): [AuthManaged,PasswordComplexityHelperImpl] Disabling com.google.android.gms.auth.managed.admin.DeviceAdminReceiver
06-07 09:46:11.305: I/Auth(11190): [AuthManaged,PasswordComplexityHelperImpl] Disabling com.google.android.gms.auth.managed.ui.SetNewPasswordActivity
06-07 09:46:11.307: W/CryptauthV2(12088): [ClientDataOperation] No keyMetadata found for keyName=DeviceSync:BetterTogether
06-07 09:46:11.309: W/CryptauthV2(12088): [ClientDataOperation] No keyMetadata found for keyName=authzen
06-07 09:46:11.309: I/CryptauthV2(12088): [EnrollCryptauthFramework] Performing SyncKeysRequest with 3 keys.
06-07 09:46:11.320: I/Auth(11190): [AuthManaged,PasswordComplexityHelperImpl] Updating password complexity components state.
06-07 09:46:11.320: I/Auth(11190): [AuthManaged,PasswordComplexityHelperImpl] Disabling com.google.android.gms.auth.managed.admin.DeviceAdminReceiver
06-07 09:46:11.320: I/Auth(11190): [AuthManaged,PasswordComplexityHelperImpl] Disabling com.google.android.gms.auth.managed.ui.SetNewPasswordActivity
06-07 09:46:11.345: I/Auth(11190): [AuthManaged,PasswordComplexityHelperImpl] Updating password complexity components state.
06-07 09:46:11.345: I/Auth(11190): [AuthManaged,PasswordComplexityHelperImpl] Disabling com.google.android.gms.auth.managed.admin.DeviceAdminReceiver
06-07 09:46:11.345: I/Auth(11190): [AuthManaged,PasswordComplexityHelperImpl] Disabling com.google.android.gms.auth.managed.ui.SetNewPasswordActivity
06-07 09:46:11.361: I/Auth(11190): [AuthManaged,PasswordComplexityHelperImpl] Updating password complexity components state.
06-07 09:46:11.361: I/Auth(11190): [AuthManaged,PasswordComplexityHelperImpl] Disabling com.google.android.gms.auth.managed.admin.DeviceAdminReceiver
06-07 09:46:11.361: I/Auth(11190): [AuthManaged,PasswordComplexityHelperImpl] Disabling com.google.android.gms.auth.managed.ui.SetNewPasswordActivity
06-07 09:46:11.362: D/QSEECOMAPI(16053): QSEECom_get_handle sb_length = 0x400
06-07 09:46:11.362: D/QSEECOMAPI(16053): App is already loaded QSEE and app id = 1
06-07 09:46:11.364: E/fpc_tac(16053): qsee_km_get_encapsulated_key KEYMASTER_GET_AUTH_TOKEN_KEY returned status=-24
06-07 09:46:11.364: D/QSEECOMAPI(16053): QSEECom_dealloc_memory 
06-07 09:46:11.364: D/QSEECOMAPI(16053): QSEECom_shutdown_app, app_id = 1
06-07 09:46:11.365: E/fpc_fingerprint_hal(16053): fpc_hal_open failed
06-07 09:46:11.366: I/EventHub(1148): Removing device '/dev/input/event3' due to inotify event
06-07 09:46:11.366: I/EventHub(1148): Removed device: path=/dev/input/event3 name=uinput-fpc id=92 fd=166 classes=0x101
06-07 09:46:11.366: W/EventHub(1148): built-in keyboard device /dev/input/event3 (id=92) is closing! the apps will not like this
06-07 09:46:11.367: W/InputReader(1148): Ignoring spurious device removed event for deviceId 92.
06-07 09:46:11.383: D/QSEECOMAPI(16053): QSEECom_dealloc_memory 
06-07 09:46:11.383: D/QSEECOMAPI(16053): QSEECom_shutdown_app, app_id = 92
06-07 09:46:11.385: I/Auth(11190): [AuthManaged,PasswordComplexityHelperImpl] Updating password complexity components state.
06-07 09:46:11.385: I/Auth(11190): [AuthManaged,PasswordComplexityHelperImpl] Disabling com.google.android.gms.auth.managed.admin.DeviceAdminReceiver
06-07 09:46:11.385: I/Auth(11190): [AuthManaged,PasswordComplexityHelperImpl] Disabling com.google.android.gms.auth.managed.ui.SetNewPasswordActivity
06-07 09:46:11.416: I/Auth(11190): [AuthManaged,PasswordComplexityHelperImpl] Updating password complexity components state.
06-07 09:46:11.416: I/Auth(11190): [AuthManaged,PasswordComplexityHelperImpl] Disabling com.google.android.gms.auth.managed.admin.DeviceAdminReceiver
06-07 09:46:11.416: I/Auth(11190): [AuthManaged,PasswordComplexityHelperImpl] Disabling com.google.android.gms.auth.managed.ui.SetNewPasswordActivity
06-07 09:46:11.423: I/CryptauthV2(12088): [EnrollCryptauthFramework] SyncKeysRequest successfully completed
06-07 09:46:11.428: I/Auth(11190): [AuthManaged,PasswordComplexityHelperImpl] Updating password complexity components state.
06-07 09:46:11.428: I/Auth(11190): [AuthManaged,PasswordComplexityHelperImpl] Disabling com.google.android.gms.auth.managed.admin.DeviceAdminReceiver
06-07 09:46:11.429: I/Auth(11190): [AuthManaged,PasswordComplexityHelperImpl] Disabling com.google.android.gms.auth.managed.ui.SetNewPasswordActivity
06-07 09:46:11.439: I/Auth(11190): [AuthManaged,PasswordComplexityHelperImpl] Updating password complexity components state.
06-07 09:46:11.440: I/Auth(11190): [AuthManaged,PasswordComplexityHelperImpl] Disabling com.google.android.gms.auth.managed.admin.DeviceAdminReceiver
06-07 09:46:11.440: I/Auth(11190): [AuthManaged,PasswordComplexityHelperImpl] Disabling com.google.android.gms.auth.managed.ui.SetNewPasswordActivity
06-07 09:46:11.448: I/keystore(838): del USRPKEY_ZY8qAV_YYANCwdspsSv2QtCmrvMZWEiLeBffX3iMVGQ 10007
06-07 09:46:11.449: I/keystore(838): del USRCERT_ZY8qAV_YYANCwdspsSv2QtCmrvMZWEiLeBffX3iMVGQ 10007
06-07 09:46:11.449: I/keystore(838): del CACERT_ZY8qAV_YYANCwdspsSv2QtCmrvMZWEiLeBffX3iMVGQ 10007
06-07 09:46:11.452: I/Auth(11190): [AuthManaged,PasswordComplexityHelperImpl] Updating password complexity components state.
06-07 09:46:11.452: I/Auth(11190): [AuthManaged,PasswordComplexityHelperImpl] Disabling com.google.android.gms.auth.managed.admin.DeviceAdminReceiver
06-07 09:46:11.452: I/Auth(11190): [AuthManaged,PasswordComplexityHelperImpl] Disabling com.google.android.gms.auth.managed.ui.SetNewPasswordActivity
06-07 09:46:11.460: I/CryptauthV2(12088): [EnrollCryptauthFramework] Performing EnrollKeysRequest for 3 keys.
06-07 09:46:11.472: I/Auth(11190): [AuthManaged,PasswordComplexityHelperImpl] Updating password complexity components state.
06-07 09:46:11.472: I/Auth(11190): [AuthManaged,PasswordComplexityHelperImpl] Disabling com.google.android.gms.auth.managed.admin.DeviceAdminReceiver
06-07 09:46:11.472: I/Auth(11190): [AuthManaged,PasswordComplexityHelperImpl] Disabling com.google.android.gms.auth.managed.ui.SetNewPasswordActivity
06-07 09:46:11.492: I/Auth(11190): [AuthManaged,PasswordComplexityHelperImpl] Updating password complexity components state.
06-07 09:46:11.492: I/Auth(11190): [AuthManaged,PasswordComplexityHelperImpl] Disabling com.google.android.gms.auth.managed.admin.DeviceAdminReceiver
06-07 09:46:11.493: I/Auth(11190): [AuthManaged,PasswordComplexityHelperImpl] Disabling com.google.android.gms.auth.managed.ui.SetNewPasswordActivity
06-07 09:46:11.505: I/Auth(11190): [AuthManaged,PasswordComplexityHelperImpl] Updating password complexity components state.
06-07 09:46:11.505: I/Auth(11190): [AuthManaged,PasswordComplexityHelperImpl] Disabling com.google.android.gms.auth.managed.admin.DeviceAdminReceiver
06-07 09:46:11.506: I/Auth(11190): [AuthManaged,PasswordComplexityHelperImpl] Disabling com.google.android.gms.auth.managed.ui.SetNewPasswordActivity
06-07 09:46:11.535: I/Auth(11190): [AuthManaged,PasswordComplexityHelperImpl] Updating password complexity components state.
06-07 09:46:11.535: I/Auth(11190): [AuthManaged,PasswordComplexityHelperImpl] Disabling com.google.android.gms.auth.managed.admin.DeviceAdminReceiver
06-07 09:46:11.535: I/Auth(11190): [AuthManaged,PasswordComplexityHelperImpl] Disabling com.google.android.gms.auth.managed.ui.SetNewPasswordActivity
06-07 09:46:11.551: I/NetRec(11190): [970] akoi.a: onConfigChanged()
06-07 09:46:11.551: I/Auth(11190): [AuthManaged,PasswordComplexityHelperImpl] Updating password complexity components state.
06-07 09:46:11.551: I/Auth(11190): [AuthManaged,PasswordComplexityHelperImpl] Disabling com.google.android.gms.auth.managed.admin.DeviceAdminReceiver
06-07 09:46:11.552: I/Auth(11190): [AuthManaged,PasswordComplexityHelperImpl] Disabling com.google.android.gms.auth.managed.ui.SetNewPasswordActivity
06-07 09:46:11.570: I/Auth(11190): [AuthManaged,PasswordComplexityHelperImpl] Updating password complexity components state.
06-07 09:46:11.570: I/Auth(11190): [AuthManaged,PasswordComplexityHelperImpl] Disabling com.google.android.gms.auth.managed.admin.DeviceAdminReceiver
06-07 09:46:11.570: I/Auth(11190): [AuthManaged,PasswordComplexityHelperImpl] Disabling com.google.android.gms.auth.managed.ui.SetNewPasswordActivity
06-07 09:46:11.580: I/Auth(11190): [AuthManaged,PasswordComplexityHelperImpl] Updating password complexity components state.
06-07 09:46:11.580: I/Auth(11190): [AuthManaged,PasswordComplexityHelperImpl] Disabling com.google.android.gms.auth.managed.admin.DeviceAdminReceiver
06-07 09:46:11.580: I/Auth(11190): [AuthManaged,PasswordComplexityHelperImpl] Disabling com.google.android.gms.auth.managed.ui.SetNewPasswordActivity
06-07 09:46:11.595: I/Auth(11190): [AuthManaged,PasswordComplexityHelperImpl] Updating password complexity components state.
06-07 09:46:11.595: I/Auth(11190): [AuthManaged,PasswordComplexityHelperImpl] Disabling com.google.android.gms.auth.managed.admin.DeviceAdminReceiver
06-07 09:46:11.596: I/Auth(11190): [AuthManaged,PasswordComplexityHelperImpl] Disabling com.google.android.gms.auth.managed.ui.SetNewPasswordActivity
06-07 09:46:11.596: I/CryptauthV2(12088): [EnrollCryptauthFramework] EnrollKeysRequest successfully completed.
06-07 09:46:11.596: I/CryptauthV2(12088): [EnrollCryptauthFramework] Enrollment successful.
06-07 09:46:11.612: I/Auth(11190): [AuthManaged,PasswordComplexityHelperImpl] Updating password complexity components state.
06-07 09:46:11.612: I/Auth(11190): [AuthManaged,PasswordComplexityHelperImpl] Disabling com.google.android.gms.auth.managed.admin.DeviceAdminReceiver
06-07 09:46:11.612: I/Auth(11190): [AuthManaged,PasswordComplexityHelperImpl] Disabling com.google.android.gms.auth.managed.ui.SetNewPasswordActivity
06-07 09:46:11.614: E/ProximityAuth(11190): [BetterTogetherFeatureSupportIntentOperation] Failed to setFeatureSupported for [SMS_CONNECT_HOST] with status [Status{statusCode=unknown status code: -25501, resolution=null}].
06-07 09:46:11.641: I/Auth(11190): [AuthManaged,PasswordComplexityHelperImpl] Updating password complexity components state.
06-07 09:46:11.641: I/Auth(11190): [AuthManaged,PasswordComplexityHelperImpl] Disabling com.google.android.gms.auth.managed.admin.DeviceAdminReceiver
06-07 09:46:11.642: I/Auth(11190): [AuthManaged,PasswordComplexityHelperImpl] Disabling com.google.android.gms.auth.managed.ui.SetNewPasswordActivity
06-07 09:46:11.655: I/Auth(11190): [AuthManaged,PasswordComplexityHelperImpl] Updating password complexity components state.
06-07 09:46:11.655: I/Auth(11190): [AuthManaged,PasswordComplexityHelperImpl] Disabling com.google.android.gms.auth.managed.admin.DeviceAdminReceiver
06-07 09:46:11.655: I/Auth(11190): [AuthManaged,PasswordComplexityHelperImpl] Disabling com.google.android.gms.auth.managed.ui.SetNewPasswordActivity
06-07 09:46:11.664: I/Auth(11190): [AuthManaged,PasswordComplexityHelperImpl] Updating password complexity components state.
06-07 09:46:11.664: I/Auth(11190): [AuthManaged,PasswordComplexityHelperImpl] Disabling com.google.android.gms.auth.managed.admin.DeviceAdminReceiver
06-07 09:46:11.665: I/Auth(11190): [AuthManaged,PasswordComplexityHelperImpl] Disabling com.google.android.gms.auth.managed.ui.SetNewPasswordActivity
06-07 09:46:11.673: I/Auth(11190): [AuthManaged,PasswordComplexityHelperImpl] Updating password complexity components state.
06-07 09:46:11.673: I/Auth(11190): [AuthManaged,PasswordComplexityHelperImpl] Disabling com.google.android.gms.auth.managed.admin.DeviceAdminReceiver
06-07 09:46:11.673: I/Auth(11190): [AuthManaged,PasswordComplexityHelperImpl] Disabling com.google.android.gms.auth.managed.ui.SetNewPasswordActivity
06-07 09:46:11.684: I/Auth(11190): [AuthManaged,PasswordComplexityHelperImpl] Updating password complexity components state.
06-07 09:46:11.684: I/Auth(11190): [AuthManaged,PasswordComplexityHelperImpl] Disabling com.google.android.gms.auth.managed.admin.DeviceAdminReceiver
06-07 09:46:11.685: I/Auth(11190): [AuthManaged,PasswordComplexityHelperImpl] Disabling com.google.android.gms.auth.managed.ui.SetNewPasswordActivity
06-07 09:46:11.694: I/Auth(11190): [AuthManaged,PasswordComplexityHelperImpl] Updating password complexity components state.
06-07 09:46:11.694: I/Auth(11190): [AuthManaged,PasswordComplexityHelperImpl] Disabling com.google.android.gms.auth.managed.admin.DeviceAdminReceiver
06-07 09:46:11.694: I/Auth(11190): [AuthManaged,PasswordComplexityHelperImpl] Disabling com.google.android.gms.auth.managed.ui.SetNewPasswordActivity
06-07 09:46:11.704: I/Auth(11190): [AuthManaged,PasswordComplexityHelperImpl] Updating password complexity components state.
06-07 09:46:11.705: I/Auth(11190): [AuthManaged,PasswordComplexityHelperImpl] Disabling com.google.android.gms.auth.managed.admin.DeviceAdminReceiver
06-07 09:46:11.705: I/Auth(11190): [AuthManaged,PasswordComplexityHelperImpl] Disabling com.google.android.gms.auth.managed.ui.SetNewPasswordActivity
06-07 09:46:11.731: I/Auth(11190): [AuthManaged,PasswordComplexityHelperImpl] Updating password complexity components state.
06-07 09:46:11.731: I/Auth(11190): [AuthManaged,PasswordComplexityHelperImpl] Disabling com.google.android.gms.auth.managed.admin.DeviceAdminReceiver
06-07 09:46:11.731: I/Auth(11190): [AuthManaged,PasswordComplexityHelperImpl] Disabling com.google.android.gms.auth.managed.ui.SetNewPasswordActivity
06-07 09:46:11.744: E/ExecutionCriteria(11190): Package unavailable for task: com.google.android.apps.gcs/com.google.android.flib.phenotype.services.PhenotypeExperimentCommitService{u=0 tag="PhenotypeExpCommitSvc" trigger=window{start=0s,end=30s,earliest=-352s,latest=-322s} requirements=[NET_ANY] attributes=[PERSISTED] scheduled=-352s last_run=N/A jid=N/A status=PENDING retries=0 client_lib=MANCHEGO_GCM-11732000}
06-07 09:46:11.752: I/Auth(11190): [AuthManaged,PasswordComplexityHelperImpl] Updating password complexity components state.
06-07 09:46:11.752: I/Auth(11190): [AuthManaged,PasswordComplexityHelperImpl] Disabling com.google.android.gms.auth.managed.admin.DeviceAdminReceiver
06-07 09:46:11.753: I/Auth(11190): [AuthManaged,PasswordComplexityHelperImpl] Disabling com.google.android.gms.auth.managed.ui.SetNewPasswordActivity
06-07 09:46:11.772: I/Auth(11190): [AuthManaged,PasswordComplexityHelperImpl] Updating password complexity components state.
06-07 09:46:11.772: I/Auth(11190): [AuthManaged,PasswordComplexityHelperImpl] Disabling com.google.android.gms.auth.managed.admin.DeviceAdminReceiver
06-07 09:46:11.772: I/Auth(11190): [AuthManaged,PasswordComplexityHelperImpl] Disabling com.google.android.gms.auth.managed.ui.SetNewPasswordActivity
06-07 09:46:11.781: I/Auth(11190): [AuthManaged,PasswordComplexityHelperImpl] Updating password complexity components state.
06-07 09:46:11.781: I/Auth(11190): [AuthManaged,PasswordComplexityHelperImpl] Disabling com.google.android.gms.auth.managed.admin.DeviceAdminReceiver
06-07 09:46:11.782: I/Auth(11190): [AuthManaged,PasswordComplexityHelperImpl] Disabling com.google.android.gms.auth.managed.ui.SetNewPasswordActivity
06-07 09:46:11.792: I/Auth(11190): [AuthManaged,PasswordComplexityHelperImpl] Updating password complexity components state.
06-07 09:46:11.793: I/Auth(11190): [AuthManaged,PasswordComplexityHelperImpl] Disabling com.google.android.gms.auth.managed.admin.DeviceAdminReceiver
06-07 09:46:11.793: I/Auth(11190): [AuthManaged,PasswordComplexityHelperImpl] Disabling com.google.android.gms.auth.managed.ui.SetNewPasswordActivity
06-07 09:46:11.808: I/Auth(11190): [AuthManaged,PasswordComplexityHelperImpl] Updating password complexity components state.
06-07 09:46:11.808: I/Auth(11190): [AuthManaged,PasswordComplexityHelperImpl] Disabling com.google.android.gms.auth.managed.admin.DeviceAdminReceiver
06-07 09:46:11.808: I/Auth(11190): [AuthManaged,PasswordComplexityHelperImpl] Disabling com.google.android.gms.auth.managed.ui.SetNewPasswordActivity
06-07 09:46:11.819: I/Auth(11190): [AuthManaged,PasswordComplexityHelperImpl] Updating password complexity components state.
06-07 09:46:11.820: I/Auth(11190): [AuthManaged,PasswordComplexityHelperImpl] Disabling com.google.android.gms.auth.managed.admin.DeviceAdminReceiver
06-07 09:46:11.820: I/Auth(11190): [AuthManaged,PasswordComplexityHelperImpl] Disabling com.google.android.gms.auth.managed.ui.SetNewPasswordActivity
06-07 09:46:11.835: I/Auth(11190): [AuthManaged,PasswordComplexityHelperImpl] Updating password complexity components state.
06-07 09:46:11.835: I/Auth(11190): [AuthManaged,PasswordComplexityHelperImpl] Disabling com.google.android.gms.auth.managed.admin.DeviceAdminReceiver
06-07 09:46:11.835: I/Auth(11190): [AuthManaged,PasswordComplexityHelperImpl] Disabling com.google.android.gms.auth.managed.ui.SetNewPasswordActivity
06-07 09:46:11.851: I/Auth(11190): [AuthManaged,PasswordComplexityHelperImpl] Updating password complexity components state.
06-07 09:46:11.851: I/Auth(11190): [AuthManaged,PasswordComplexityHelperImpl] Disabling com.google.android.gms.auth.managed.admin.DeviceAdminReceiver
06-07 09:46:11.851: I/Auth(11190): [AuthManaged,PasswordComplexityHelperImpl] Disabling com.google.android.gms.auth.managed.ui.SetNewPasswordActivity
06-07 09:46:11.861: I/Auth(11190): [AuthManaged,PasswordComplexityHelperImpl] Updating password complexity components state.
06-07 09:46:11.861: I/Auth(11190): [AuthManaged,PasswordComplexityHelperImpl] Disabling com.google.android.gms.auth.managed.admin.DeviceAdminReceiver
06-07 09:46:11.862: I/Auth(11190): [AuthManaged,PasswordComplexityHelperImpl] Disabling com.google.android.gms.auth.managed.ui.SetNewPasswordActivity
06-07 09:46:11.866: I/MultiDex(16010): VM with version 2.1.0 has multidex support
06-07 09:46:11.866: I/MultiDex(16010): install
06-07 09:46:11.866: I/MultiDex(16010): VM has multidex support, MultiDex support library is disabled.
06-07 09:46:11.866: I/MultiDex(16010): install
06-07 09:46:11.866: I/MultiDex(16010): VM has multidex support, MultiDex support library is disabled.
06-07 09:46:11.875: I/Auth(11190): [AuthManaged,PasswordComplexityHelperImpl] Updating password complexity components state.
06-07 09:46:11.875: I/Auth(11190): [AuthManaged,PasswordComplexityHelperImpl] Disabling com.google.android.gms.auth.managed.admin.DeviceAdminReceiver
06-07 09:46:11.876: I/Auth(11190): [AuthManaged,PasswordComplexityHelperImpl] Disabling com.google.android.gms.auth.managed.ui.SetNewPasswordActivity
06-07 09:46:11.885: I/Auth(11190): [AuthManaged,PasswordComplexityHelperImpl] Updating password complexity components state.
06-07 09:46:11.885: I/Auth(11190): [AuthManaged,PasswordComplexityHelperImpl] Disabling com.google.android.gms.auth.managed.admin.DeviceAdminReceiver
06-07 09:46:11.886: I/Auth(11190): [AuthManaged,PasswordComplexityHelperImpl] Disabling com.google.android.gms.auth.managed.ui.SetNewPasswordActivity
06-07 09:46:11.894: I/Auth(11190): [AuthManaged,PasswordComplexityHelperImpl] Updating password complexity components state.
06-07 09:46:11.894: I/Auth(11190): [AuthManaged,PasswordComplexityHelperImpl] Disabling com.google.android.gms.auth.managed.admin.DeviceAdminReceiver
06-07 09:46:11.894: I/Auth(11190): [AuthManaged,PasswordComplexityHelperImpl] Disabling com.google.android.gms.auth.managed.ui.SetNewPasswordActivity
06-07 09:46:11.906: I/Auth(11190): [AuthManaged,PasswordComplexityHelperImpl] Updating password complexity components state.
06-07 09:46:11.906: I/Auth(11190): [AuthManaged,PasswordComplexityHelperImpl] Disabling com.google.android.gms.auth.managed.admin.DeviceAdminReceiver
06-07 09:46:11.906: I/Auth(11190): [AuthManaged,PasswordComplexityHelperImpl] Disabling com.google.android.gms.auth.managed.ui.SetNewPasswordActivity
06-07 09:46:11.920: I/Auth(11190): [AuthManaged,PasswordComplexityHelperImpl] Updating password complexity components state.
06-07 09:46:11.920: I/Auth(11190): [AuthManaged,PasswordComplexityHelperImpl] Disabling com.google.android.gms.auth.managed.admin.DeviceAdminReceiver
06-07 09:46:11.920: I/Auth(11190): [AuthManaged,PasswordComplexityHelperImpl] Disabling com.google.android.gms.auth.managed.ui.SetNewPasswordActivity
06-07 09:46:11.929: I/Auth(11190): [AuthManaged,PasswordComplexityHelperImpl] Updating password complexity components state.
06-07 09:46:11.929: I/Auth(11190): [AuthManaged,PasswordComplexityHelperImpl] Disabling com.google.android.gms.auth.managed.admin.DeviceAdminReceiver
06-07 09:46:11.929: I/Auth(11190): [AuthManaged,PasswordComplexityHelperImpl] Disabling com.google.android.gms.auth.managed.ui.SetNewPasswordActivity
06-07 09:46:11.944: I/Auth(11190): [AuthManaged,PasswordComplexityHelperImpl] Updating password complexity components state.
06-07 09:46:11.944: I/Auth(11190): [AuthManaged,PasswordComplexityHelperImpl] Disabling com.google.android.gms.auth.managed.admin.DeviceAdminReceiver
06-07 09:46:11.944: I/Auth(11190): [AuthManaged,PasswordComplexityHelperImpl] Disabling com.google.android.gms.auth.managed.ui.SetNewPasswordActivity
06-07 09:46:11.959: I/Auth(11190): [AuthManaged,PasswordComplexityHelperImpl] Updating password complexity components state.
06-07 09:46:11.959: I/Auth(11190): [AuthManaged,PasswordComplexityHelperImpl] Disabling com.google.android.gms.auth.managed.admin.DeviceAdminReceiver
06-07 09:46:11.959: I/Auth(11190): [AuthManaged,PasswordComplexityHelperImpl] Disabling com.google.android.gms.auth.managed.ui.SetNewPasswordActivity
06-07 09:46:11.972: I/Auth(11190): [AuthManaged,PasswordComplexityHelperImpl] Updating password complexity components state.
06-07 09:46:11.972: I/Auth(11190): [AuthManaged,PasswordComplexityHelperImpl] Disabling com.google.android.gms.auth.managed.admin.DeviceAdminReceiver
06-07 09:46:11.972: I/Auth(11190): [AuthManaged,PasswordComplexityHelperImpl] Disabling com.google.android.gms.auth.managed.ui.SetNewPasswordActivity
06-07 09:46:11.983: I/Auth(11190): [AuthManaged,PasswordComplexityHelperImpl] Updating password complexity components state.
06-07 09:46:11.983: I/Auth(11190): [AuthManaged,PasswordComplexityHelperImpl] Disabling com.google.android.gms.auth.managed.admin.DeviceAdminReceiver
06-07 09:46:11.983: I/Auth(11190): [AuthManaged,PasswordComplexityHelperImpl] Disabling com.google.android.gms.auth.managed.ui.SetNewPasswordActivity
06-07 09:46:11.994: I/Auth(11190): [AuthManaged,PasswordComplexityHelperImpl] Updating password complexity components state.
06-07 09:46:11.994: I/Auth(11190): [AuthManaged,PasswordComplexityHelperImpl] Disabling com.google.android.gms.auth.managed.admin.DeviceAdminReceiver
06-07 09:46:11.994: I/Auth(11190): [AuthManaged,PasswordComplexityHelperImpl] Disabling com.google.android.gms.auth.managed.ui.SetNewPasswordActivity
06-07 09:46:12.008: I/Auth(11190): [AuthManaged,PasswordComplexityHelperImpl] Updating password complexity components state.
06-07 09:46:12.008: I/Auth(11190): [AuthManaged,PasswordComplexityHelperImpl] Disabling com.google.android.gms.auth.managed.admin.DeviceAdminReceiver
06-07 09:46:12.009: I/Auth(11190): [AuthManaged,PasswordComplexityHelperImpl] Disabling com.google.android.gms.auth.managed.ui.SetNewPasswordActivity
06-07 09:46:12.018: I/Auth(11190): [AuthManaged,PasswordComplexityHelperImpl] Updating password complexity components state.
06-07 09:46:12.018: I/Auth(11190): [AuthManaged,PasswordComplexityHelperImpl] Disabling com.google.android.gms.auth.managed.admin.DeviceAdminReceiver
06-07 09:46:12.018: I/Auth(11190): [AuthManaged,PasswordComplexityHelperImpl] Disabling com.google.android.gms.auth.managed.ui.SetNewPasswordActivity
06-07 09:46:12.026: I/Auth(11190): [AuthManaged,PasswordComplexityHelperImpl] Updating password complexity components state.
06-07 09:46:12.026: I/Auth(11190): [AuthManaged,PasswordComplexityHelperImpl] Disabling com.google.android.gms.auth.managed.admin.DeviceAdminReceiver
06-07 09:46:12.026: I/Auth(11190): [AuthManaged,PasswordComplexityHelperImpl] Disabling com.google.android.gms.auth.managed.ui.SetNewPasswordActivity
06-07 09:46:12.035: I/Auth(11190): [AuthManaged,PasswordComplexityHelperImpl] Updating password complexity components state.
06-07 09:46:12.035: I/Auth(11190): [AuthManaged,PasswordComplexityHelperImpl] Disabling com.google.android.gms.auth.managed.admin.DeviceAdminReceiver
06-07 09:46:12.035: I/Auth(11190): [AuthManaged,PasswordComplexityHelperImpl] Disabling com.google.android.gms.auth.managed.ui.SetNewPasswordActivity
06-07 09:46:12.045: I/Auth(11190): [AuthManaged,PasswordComplexityHelperImpl] Updating password complexity components state.
06-07 09:46:12.045: I/Auth(11190): [AuthManaged,PasswordComplexityHelperImpl] Disabling com.google.android.gms.auth.managed.admin.DeviceAdminReceiver
06-07 09:46:12.045: I/Auth(11190): [AuthManaged,PasswordComplexityHelperImpl] Disabling com.google.android.gms.auth.managed.ui.SetNewPasswordActivity
06-07 09:46:12.054: D/FirebaseApp(16010): com.google.firebase.auth.FirebaseAuth is not linked. Skipping initialization.
06-07 09:46:12.054: D/FirebaseApp(16010): com.google.firebase.crash.FirebaseCrash is not linked. Skipping initialization.
06-07 09:46:12.056: I/FirebaseInitProvider(16010): FirebaseApp initialization successful
06-07 09:46:12.065: I/Auth(11190): [AuthManaged,PasswordComplexityHelperImpl] Updating password complexity components state.
06-07 09:46:12.065: I/Auth(11190): [AuthManaged,PasswordComplexityHelperImpl] Disabling com.google.android.gms.auth.managed.admin.DeviceAdminReceiver
06-07 09:46:12.065: I/Auth(11190): [AuthManaged,PasswordComplexityHelperImpl] Disabling com.google.android.gms.auth.managed.ui.SetNewPasswordActivity
06-07 09:46:12.082: I/Auth(11190): [AuthManaged,PasswordComplexityHelperImpl] Updating password complexity components state.
06-07 09:46:12.082: I/Auth(11190): [AuthManaged,PasswordComplexityHelperImpl] Disabling com.google.android.gms.auth.managed.admin.DeviceAdminReceiver
06-07 09:46:12.082: I/Auth(11190): [AuthManaged,PasswordComplexityHelperImpl] Disabling com.google.android.gms.auth.managed.ui.SetNewPasswordActivity
06-07 09:46:12.092: I/Auth(11190): [AuthManaged,PasswordComplexityHelperImpl] Updating password complexity components state.
06-07 09:46:12.092: I/Auth(11190): [AuthManaged,PasswordComplexityHelperImpl] Disabling com.google.android.gms.auth.managed.admin.DeviceAdminReceiver
06-07 09:46:12.092: I/Auth(11190): [AuthManaged,PasswordComplexityHelperImpl] Disabling com.google.android.gms.auth.managed.ui.SetNewPasswordActivity
06-07 09:46:12.104: I/Auth(11190): [AuthManaged,PasswordComplexityHelperImpl] Updating password complexity components state.
06-07 09:46:12.104: I/Auth(11190): [AuthManaged,PasswordComplexityHelperImpl] Disabling com.google.android.gms.auth.managed.admin.DeviceAdminReceiver
06-07 09:46:12.106: I/Auth(11190): [AuthManaged,PasswordComplexityHelperImpl] Disabling com.google.android.gms.auth.managed.ui.SetNewPasswordActivity
06-07 09:46:12.117: I/MultiDex(16032): VM with version 2.1.0 has multidex support
06-07 09:46:12.117: I/MultiDex(16032): install
06-07 09:46:12.117: I/MultiDex(16032): VM has multidex support, MultiDex support library is disabled.
06-07 09:46:12.118: I/MultiDex(16032): install
06-07 09:46:12.118: I/MultiDex(16032): VM has multidex support, MultiDex support library is disabled.
06-07 09:46:12.136: I/Auth(11190): [AuthManaged,PasswordComplexityHelperImpl] Updating password complexity components state.
06-07 09:46:12.136: I/Auth(11190): [AuthManaged,PasswordComplexityHelperImpl] Disabling com.google.android.gms.auth.managed.admin.DeviceAdminReceiver
06-07 09:46:12.137: I/Auth(11190): [AuthManaged,PasswordComplexityHelperImpl] Disabling com.google.android.gms.auth.managed.ui.SetNewPasswordActivity
06-07 09:46:12.165: I/Auth(11190): [AuthManaged,PasswordComplexityHelperImpl] Updating password complexity components state.
06-07 09:46:12.165: I/Auth(11190): [AuthManaged,PasswordComplexityHelperImpl] Disabling com.google.android.gms.auth.managed.admin.DeviceAdminReceiver
06-07 09:46:12.165: I/Auth(11190): [AuthManaged,PasswordComplexityHelperImpl] Disabling com.google.android.gms.auth.managed.ui.SetNewPasswordActivity
06-07 09:46:12.179: I/Auth(11190): [AuthManaged,PasswordComplexityHelperImpl] Updating password complexity components state.
06-07 09:46:12.179: I/Auth(11190): [AuthManaged,PasswordComplexityHelperImpl] Disabling com.google.android.gms.auth.managed.admin.DeviceAdminReceiver
06-07 09:46:12.179: I/Auth(11190): [AuthManaged,PasswordComplexityHelperImpl] Disabling com.google.android.gms.auth.managed.ui.SetNewPasswordActivity
06-07 09:46:12.191: I/Auth(11190): [AuthManaged,PasswordComplexityHelperImpl] Updating password complexity components state.
06-07 09:46:12.191: I/Auth(11190): [AuthManaged,PasswordComplexityHelperImpl] Disabling com.google.android.gms.auth.managed.admin.DeviceAdminReceiver
06-07 09:46:12.191: I/Auth(11190): [AuthManaged,PasswordComplexityHelperImpl] Disabling com.google.android.gms.auth.managed.ui.SetNewPasswordActivity
06-07 09:46:12.203: I/Auth(11190): [AuthManaged,PasswordComplexityHelperImpl] Updating password complexity components state.
06-07 09:46:12.203: I/Auth(11190): [AuthManaged,PasswordComplexityHelperImpl] Disabling com.google.android.gms.auth.managed.admin.DeviceAdminReceiver
06-07 09:46:12.203: I/Auth(11190): [AuthManaged,PasswordComplexityHelperImpl] Disabling com.google.android.gms.auth.managed.ui.SetNewPasswordActivity
06-07 09:46:12.217: I/Auth(11190): [AuthManaged,PasswordComplexityHelperImpl] Updating password complexity components state.
06-07 09:46:12.217: I/Auth(11190): [AuthManaged,PasswordComplexityHelperImpl] Disabling com.google.android.gms.auth.managed.admin.DeviceAdminReceiver
06-07 09:46:12.218: I/Auth(11190): [AuthManaged,PasswordComplexityHelperImpl] Disabling com.google.android.gms.auth.managed.ui.SetNewPasswordActivity
06-07 09:46:12.232: I/Auth(11190): [AuthManaged,PasswordComplexityHelperImpl] Updating password complexity components state.
06-07 09:46:12.232: I/Auth(11190): [AuthManaged,PasswordComplexityHelperImpl] Disabling com.google.android.gms.auth.managed.admin.DeviceAdminReceiver
06-07 09:46:12.233: I/Auth(11190): [AuthManaged,PasswordComplexityHelperImpl] Disabling com.google.android.gms.auth.managed.ui.SetNewPasswordActivity
06-07 09:46:12.244: I/Auth(11190): [AuthManaged,PasswordComplexityHelperImpl] Updating password complexity components state.
06-07 09:46:12.244: I/Auth(11190): [AuthManaged,PasswordComplexityHelperImpl] Disabling com.google.android.gms.auth.managed.admin.DeviceAdminReceiver
06-07 09:46:12.244: I/Auth(11190): [AuthManaged,PasswordComplexityHelperImpl] Disabling com.google.android.gms.auth.managed.ui.SetNewPasswordActivity
06-07 09:46:12.253: I/Auth(11190): [AuthManaged,PasswordComplexityHelperImpl] Updating password complexity components state.
06-07 09:46:12.253: I/Auth(11190): [AuthManaged,PasswordComplexityHelperImpl] Disabling com.google.android.gms.auth.managed.admin.DeviceAdminReceiver
06-07 09:46:12.253: I/Auth(11190): [AuthManaged,PasswordComplexityHelperImpl] Disabling com.google.android.gms.auth.managed.ui.SetNewPasswordActivity
06-07 09:46:12.271: I/Auth(11190): [AuthManaged,PasswordComplexityHelperImpl] Updating password complexity components state.
06-07 09:46:12.271: I/Auth(11190): [AuthManaged,PasswordComplexityHelperImpl] Disabling com.google.android.gms.auth.managed.admin.DeviceAdminReceiver
06-07 09:46:12.271: I/Auth(11190): [AuthManaged,PasswordComplexityHelperImpl] Disabling com.google.android.gms.auth.managed.ui.SetNewPasswordActivity
06-07 09:46:12.283: I/Auth(11190): [AuthManaged,PasswordComplexityHelperImpl] Updating password complexity components state.
06-07 09:46:12.283: I/Auth(11190): [AuthManaged,PasswordComplexityHelperImpl] Disabling com.google.android.gms.auth.managed.admin.DeviceAdminReceiver
06-07 09:46:12.284: I/Auth(11190): [AuthManaged,PasswordComplexityHelperImpl] Disabling com.google.android.gms.auth.managed.ui.SetNewPasswordActivity
06-07 09:46:12.293: I/Auth(11190): [AuthManaged,PasswordComplexityHelperImpl] Updating password complexity components state.
06-07 09:46:12.293: I/Auth(11190): [AuthManaged,PasswordComplexityHelperImpl] Disabling com.google.android.gms.auth.managed.admin.DeviceAdminReceiver
06-07 09:46:12.293: I/Auth(11190): [AuthManaged,PasswordComplexityHelperImpl] Disabling com.google.android.gms.auth.managed.ui.SetNewPasswordActivity
06-07 09:46:12.302: I/Auth(11190): [AuthManaged,PasswordComplexityHelperImpl] Updating password complexity components state.
06-07 09:46:12.302: I/Auth(11190): [AuthManaged,PasswordComplexityHelperImpl] Disabling com.google.android.gms.auth.managed.admin.DeviceAdminReceiver
06-07 09:46:12.303: I/Auth(11190): [AuthManaged,PasswordComplexityHelperImpl] Disabling com.google.android.gms.auth.managed.ui.SetNewPasswordActivity
06-07 09:46:12.312: I/Auth(11190): [AuthManaged,PasswordComplexityHelperImpl] Updating password complexity components state.
06-07 09:46:12.312: I/Auth(11190): [AuthManaged,PasswordComplexityHelperImpl] Disabling com.google.android.gms.auth.managed.admin.DeviceAdminReceiver
06-07 09:46:12.313: I/Auth(11190): [AuthManaged,PasswordComplexityHelperImpl] Disabling com.google.android.gms.auth.managed.ui.SetNewPasswordActivity
06-07 09:46:12.325: I/Auth(11190): [AuthManaged,PasswordComplexityHelperImpl] Updating password complexity components state.
06-07 09:46:12.325: I/Auth(11190): [AuthManaged,PasswordComplexityHelperImpl] Disabling com.google.android.gms.auth.managed.admin.DeviceAdminReceiver
06-07 09:46:12.325: I/Auth(11190): [AuthManaged,PasswordComplexityHelperImpl] Disabling com.google.android.gms.auth.managed.ui.SetNewPasswordActivity
06-07 09:46:12.349: I/Auth(11190): [AuthManaged,PasswordComplexityHelperImpl] Updating password complexity components state.
06-07 09:46:12.349: I/Auth(11190): [AuthManaged,PasswordComplexityHelperImpl] Disabling com.google.android.gms.auth.managed.admin.DeviceAdminReceiver
06-07 09:46:12.349: I/Auth(11190): [AuthManaged,PasswordComplexityHelperImpl] Disabling com.google.android.gms.auth.managed.ui.SetNewPasswordActivity
06-07 09:46:12.359: I/Auth(11190): [AuthManaged,PasswordComplexityHelperImpl] Updating password complexity components state.
06-07 09:46:12.359: I/Auth(11190): [AuthManaged,PasswordComplexityHelperImpl] Disabling com.google.android.gms.auth.managed.admin.DeviceAdminReceiver
06-07 09:46:12.359: I/Auth(11190): [AuthManaged,PasswordComplexityHelperImpl] Disabling com.google.android.gms.auth.managed.ui.SetNewPasswordActivity
06-07 09:46:12.370: I/Auth(11190): [AuthManaged,PasswordComplexityHelperImpl] Updating password complexity components state.
06-07 09:46:12.370: I/Auth(11190): [AuthManaged,PasswordComplexityHelperImpl] Disabling com.google.android.gms.auth.managed.admin.DeviceAdminReceiver
06-07 09:46:12.370: I/Auth(11190): [AuthManaged,PasswordComplexityHelperImpl] Disabling com.google.android.gms.auth.managed.ui.SetNewPasswordActivity
06-07 09:46:12.373: I/Bugle(16010): GServicesValues:
06-07 09:46:12.373: I/Bugle(16010): bugle_enable_primes_crash_metrics: true
06-07 09:46:12.373: I/Bugle(16010): bugle_max_telemetry_upload_retries: 10
06-07 09:46:12.373: I/Bugle(16010): bugle_sticker_set_list_version: 3
06-07 09:46:12.380: I/Auth(11190): [AuthManaged,PasswordComplexityHelperImpl] Updating password complexity components state.
06-07 09:46:12.380: I/Auth(11190): [AuthManaged,PasswordComplexityHelperImpl] Disabling com.google.android.gms.auth.managed.admin.DeviceAdminReceiver
06-07 09:46:12.380: I/Auth(11190): [AuthManaged,PasswordComplexityHelperImpl] Disabling com.google.android.gms.auth.managed.ui.SetNewPasswordActivity
06-07 09:46:12.394: I/Auth(11190): [AuthManaged,PasswordComplexityHelperImpl] Updating password complexity components state.
06-07 09:46:12.394: I/Auth(11190): [AuthManaged,PasswordComplexityHelperImpl] Disabling com.google.android.gms.auth.managed.admin.DeviceAdminReceiver
06-07 09:46:12.394: I/Auth(11190): [AuthManaged,PasswordComplexityHelperImpl] Disabling com.google.android.gms.auth.managed.ui.SetNewPasswordActivity
06-07 09:46:12.407: I/Auth(11190): [AuthManaged,PasswordComplexityHelperImpl] Updating password complexity components state.
06-07 09:46:12.407: I/Auth(11190): [AuthManaged,PasswordComplexityHelperImpl] Disabling com.google.android.gms.auth.managed.admin.DeviceAdminReceiver
06-07 09:46:12.407: I/Auth(11190): [AuthManaged,PasswordComplexityHelperImpl] Disabling com.google.android.gms.auth.managed.ui.SetNewPasswordActivity
06-07 09:46:12.424: I/Auth(11190): [AuthManaged,PasswordComplexityHelperImpl] Updating password complexity components state.
06-07 09:46:12.424: I/Auth(11190): [AuthManaged,PasswordComplexityHelperImpl] Disabling com.google.android.gms.auth.managed.admin.DeviceAdminReceiver
06-07 09:46:12.424: I/Auth(11190): [AuthManaged,PasswordComplexityHelperImpl] Disabling com.google.android.gms.auth.managed.ui.SetNewPasswordActivity
06-07 09:46:12.438: I/Fido(11190): [CableAuthenticatorChimeraService] Unregistering receiver.
06-07 09:46:12.439: I/Fido(11190): [CableAuthenticatorChimeraService] Registering broadcast receiver.
06-07 09:46:12.448: I/CryptauthV2(12088): [EnrollKeyName] ClientName calling Cryptauth is fido
06-07 09:46:12.463: I/Bugle(16032): GServicesValues:
06-07 09:46:12.463: I/Bugle(16032): bugle_enable_primes_crash_metrics: true
06-07 09:46:12.463: I/Bugle(16032): bugle_max_telemetry_upload_retries: 10
06-07 09:46:12.463: I/Bugle(16032): bugle_sticker_set_list_version: 3
06-07 09:46:12.467: I/CryptauthV2(12088): [EnrollKeyName] ClientName calling Cryptauth is fido
06-07 09:46:12.488: I/Auth(11190): [AuthManaged,PasswordComplexityHelperImpl] Updating password complexity components state.
06-07 09:46:12.488: I/Auth(11190): [AuthManaged,PasswordComplexityHelperImpl] Disabling com.google.android.gms.auth.managed.admin.DeviceAdminReceiver
06-07 09:46:12.489: I/Auth(11190): [AuthManaged,PasswordComplexityHelperImpl] Disabling com.google.android.gms.auth.managed.ui.SetNewPasswordActivity
06-07 09:46:12.501: I/Auth(11190): [AuthManaged,PasswordComplexityHelperImpl] Updating password complexity components state.
06-07 09:46:12.501: I/Auth(11190): [AuthManaged,PasswordComplexityHelperImpl] Disabling com.google.android.gms.auth.managed.admin.DeviceAdminReceiver
06-07 09:46:12.501: I/Auth(11190): [AuthManaged,PasswordComplexityHelperImpl] Disabling com.google.android.gms.auth.managed.ui.SetNewPasswordActivity
06-07 09:46:12.514: I/Auth(11190): [AuthManaged,PasswordComplexityHelperImpl] Updating password complexity components state.
06-07 09:46:12.514: I/Auth(11190): [AuthManaged,PasswordComplexityHelperImpl] Disabling com.google.android.gms.auth.managed.admin.DeviceAdminReceiver
06-07 09:46:12.515: I/Auth(11190): [AuthManaged,PasswordComplexityHelperImpl] Disabling com.google.android.gms.auth.managed.ui.SetNewPasswordActivity
06-07 09:46:12.529: I/Auth(11190): [AuthManaged,PasswordComplexityHelperImpl] Updating password complexity components state.
06-07 09:46:12.529: I/Auth(11190): [AuthManaged,PasswordComplexityHelperImpl] Disabling com.google.android.gms.auth.managed.admin.DeviceAdminReceiver
06-07 09:46:12.530: I/Auth(11190): [AuthManaged,PasswordComplexityHelperImpl] Disabling com.google.android.gms.auth.managed.ui.SetNewPasswordActivity
06-07 09:46:12.554: I/Auth(11190): [AuthManaged,PasswordComplexityHelperImpl] Updating password complexity components state.
06-07 09:46:12.554: I/Auth(11190): [AuthManaged,PasswordComplexityHelperImpl] Disabling com.google.android.gms.auth.managed.admin.DeviceAdminReceiver
06-07 09:46:12.555: I/Auth(11190): [AuthManaged,PasswordComplexityHelperImpl] Disabling com.google.android.gms.auth.managed.ui.SetNewPasswordActivity
06-07 09:46:12.558: I/tmp(16010): SslGuard completed installation.
06-07 09:46:12.566: I/Auth(11190): [AuthManaged,PasswordComplexityHelperImpl] Updating password complexity components state.
06-07 09:46:12.566: I/Auth(11190): [AuthManaged,PasswordComplexityHelperImpl] Disabling com.google.android.gms.auth.managed.admin.DeviceAdminReceiver
06-07 09:46:12.567: I/Auth(11190): [AuthManaged,PasswordComplexityHelperImpl] Disabling com.google.android.gms.auth.managed.ui.SetNewPasswordActivity
06-07 09:46:12.578: I/Auth(11190): [AuthManaged,PasswordComplexityHelperImpl] Updating password complexity components state.
06-07 09:46:12.578: I/Auth(11190): [AuthManaged,PasswordComplexityHelperImpl] Disabling com.google.android.gms.auth.managed.admin.DeviceAdminReceiver
06-07 09:46:12.578: I/Auth(11190): [AuthManaged,PasswordComplexityHelperImpl] Disabling com.google.android.gms.auth.managed.ui.SetNewPasswordActivity
06-07 09:46:12.586: I/Auth(11190): [AuthManaged,PasswordComplexityHelperImpl] Updating password complexity components state.
06-07 09:46:12.586: I/Auth(11190): [AuthManaged,PasswordComplexityHelperImpl] Disabling com.google.android.gms.auth.managed.admin.DeviceAdminReceiver
06-07 09:46:12.586: I/Auth(11190): [AuthManaged,PasswordComplexityHelperImpl] Disabling com.google.android.gms.auth.managed.ui.SetNewPasswordActivity
06-07 09:46:12.596: I/Auth(11190): [AuthManaged,PasswordComplexityHelperImpl] Updating password complexity components state.
06-07 09:46:12.596: I/Auth(11190): [AuthManaged,PasswordComplexityHelperImpl] Disabling com.google.android.gms.auth.managed.admin.DeviceAdminReceiver
06-07 09:46:12.596: I/Auth(11190): [AuthManaged,PasswordComplexityHelperImpl] Disabling com.google.android.gms.auth.managed.ui.SetNewPasswordActivity
06-07 09:46:12.607: I/Auth(11190): [AuthManaged,PasswordComplexityHelperImpl] Updating password complexity components state.
06-07 09:46:12.607: I/Auth(11190): [AuthManaged,PasswordComplexityHelperImpl] Disabling com.google.android.gms.auth.managed.admin.DeviceAdminReceiver
06-07 09:46:12.607: I/Auth(11190): [AuthManaged,PasswordComplexityHelperImpl] Disabling com.google.android.gms.auth.managed.ui.SetNewPasswordActivity
06-07 09:46:12.622: I/Auth(11190): [AuthManaged,PasswordComplexityHelperImpl] Updating password complexity components state.
06-07 09:46:12.622: I/Auth(11190): [AuthManaged,PasswordComplexityHelperImpl] Disabling com.google.android.gms.auth.managed.admin.DeviceAdminReceiver
06-07 09:46:12.622: I/Auth(11190): [AuthManaged,PasswordComplexityHelperImpl] Disabling com.google.android.gms.auth.managed.ui.SetNewPasswordActivity
06-07 09:46:12.630: I/.android.gms.u(15705): Waiting for a blocking GC ProfileSaver
06-07 09:46:12.634: I/Auth(11190): [AuthManaged,PasswordComplexityHelperImpl] Updating password complexity components state.
06-07 09:46:12.634: I/Auth(11190): [AuthManaged,PasswordComplexityHelperImpl] Disabling com.google.android.gms.auth.managed.admin.DeviceAdminReceiver
06-07 09:46:12.634: I/Auth(11190): [AuthManaged,PasswordComplexityHelperImpl] Disabling com.google.android.gms.auth.managed.ui.SetNewPasswordActivity
06-07 09:46:12.653: W/BugleStartup(16010): StartupHandler: ContentProvider startup tasks did not execute before Application onCreate(), executed in onApplicationCreated().
06-07 09:46:12.661: I/Auth(11190): [AuthManaged,PasswordComplexityHelperImpl] Updating password complexity components state.
06-07 09:46:12.661: I/Auth(11190): [AuthManaged,PasswordComplexityHelperImpl] Disabling com.google.android.gms.auth.managed.admin.DeviceAdminReceiver
06-07 09:46:12.661: I/Auth(11190): [AuthManaged,PasswordComplexityHelperImpl] Disabling com.google.android.gms.auth.managed.ui.SetNewPasswordActivity
06-07 09:46:12.671: I/Bugle(16010): Initializing EmojiCompat
