06-07 09:44:39.247: I/chatty(7726): uid=10020(u0_a20) android.process.acore identical 2 lines
06-07 09:44:39.247: D/SemcConfiguration(7726): Calling getGroupVisible(), group_visible is false, read from overlay or local file.
06-07 09:44:39.249: I/ContactsProvider(7726): Accounts changed
06-07 09:44:39.249: I/ContactsProvider(7726): Accounts changed
06-07 09:44:39.256: I/Icing(11094): updateResources: need to parse acgz{com.google.android.gms}
06-07 09:44:39.271: I/ContactsProvider(7726): Accounts changed
06-07 09:44:39.321: I/MultiDex(12260): VM with version 2.1.0 has multidex support
06-07 09:44:39.321: I/MultiDex(12260): install
06-07 09:44:39.321: I/MultiDex(12260): VM has multidex support, MultiDex support library is disabled.
06-07 09:44:39.344: I/Icing(11094): updateResources: need to parse acgz{com.google.android.gms}
06-07 09:44:39.374: I/zygote64(11094): Compiler allocated 6MB to compile acgv acgy.a(java.lang.String)
06-07 09:44:39.451: W/Binder:10366_1(10366): type=1400 audit(0.0:2086): avc: denied { read } for name="/" dev="tmpfs" ino=20206 scontext=u:r:priv_app:s0:c512,c768 tcontext=u:object_r:device:s0 tclass=dir permissive=0 ppid=757 pcomm="main" pgid=10366 pgcomm="id.gms.unstable"
06-07 09:44:39.469: W/JobInfo(1597): Specified flex for 106954 is +57m36s0ms. Clamped to +1h12m0s0ms
06-07 09:44:39.471: E/SyncManager(1597): Couldn't find backoff values for LTF7ONYMDNJYX7GB4F4RTMVU4Q-01@cloudtestlabaccounts.com/com.android.contacts:u0
06-07 09:44:39.489: E/SyncManager(1597): Couldn't find backoff values for LTF7ONYMDNJYX7GB4F4RTMVU4Q-01@cloudtestlabaccounts.com/com.google.android.gms.auth.accountstate:u0
06-07 09:44:39.497: D/MusicLifecycle(12260): com.google.android.music.store.ConfigContentProvider generated event: Content provider created
06-07 09:44:39.501: I/ActivityManager(1597): Start proc 12281:com.google.process.gapps/u0a107 for content provider com.google.android.syncadapters.contacts/.ProxyGalProvider
06-07 09:44:39.505: D/CompatibilityInfo(1597): mCompatibilityFlags - 10
06-07 09:44:39.505: D/CompatibilityInfo(1597): applicationDensity - 320
06-07 09:44:39.505: D/CompatibilityInfo(1597): applicationScale - 1.0
06-07 09:44:39.513: D/MusicLifecycle(12260): com.google.android.music.api.MusicPublicContentProvider generated event: Content provider created
06-07 09:44:39.533: E/SyncManager(1597): Couldn't find backoff values for LTF7ONYMDNJYX7GB4F4RTMVU4Q-01@cloudtestlabaccounts.com/com.google.android.gms.appstate:u0
06-07 09:44:39.533: I/GoogleHttpClient(12281): GMS http client unavailable, use old client
06-07 09:44:39.543: I/Adreno(10366): QUALCOMM build                   : 3953ab1, Ib515ec08c2
06-07 09:44:39.543: I/Adreno(10366): Build Date                       : 09/27/17
06-07 09:44:39.543: I/Adreno(10366): OpenGL ES Shader Compiler Version: EV031.20.00.04
06-07 09:44:39.543: I/Adreno(10366): Local Branch                     : 
06-07 09:44:39.543: I/Adreno(10366): Remote Branch                    : refs/tags/AU_LINUX_ANDROID_LA.UM.6.4.R1.08.00.00.309.032
06-07 09:44:39.543: I/Adreno(10366): Remote Branch                    : NONE
06-07 09:44:39.543: I/Adreno(10366): Reconstruct Branch               : NOTHING
06-07 09:44:39.546: I/Adreno(10366): PFP: 0x005ff087, ME: 0x005ff063
06-07 09:44:39.560: I/Adreno(10366): QUALCOMM build                   : 3953ab1, Ib515ec08c2
06-07 09:44:39.560: I/Adreno(10366): Build Date                       : 09/27/17
06-07 09:44:39.560: I/Adreno(10366): OpenGL ES Shader Compiler Version: EV031.20.00.04
06-07 09:44:39.560: I/Adreno(10366): Local Branch                     : 
06-07 09:44:39.560: I/Adreno(10366): Remote Branch                    : refs/tags/AU_LINUX_ANDROID_LA.UM.6.4.R1.08.00.00.309.032
06-07 09:44:39.560: I/Adreno(10366): Remote Branch                    : NONE
06-07 09:44:39.560: I/Adreno(10366): Reconstruct Branch               : NOTHING
06-07 09:44:39.562: I/Adreno(10366): PFP: 0x005ff087, ME: 0x005ff063
06-07 09:44:39.565: I/ActivityManager(1597): Start proc 12299:com.sonymobile.android.dialer/u0a38 for content provider com.sonymobile.android.dialer/.sdncontacts.SdnDirectoryProvider
06-07 09:44:39.566: D/MusicLifecycle(12260): com.google.android.music.store.MusicContentProvider generated event: Content provider created
06-07 09:44:39.567: E/SyncManager(1597): Couldn't find backoff values for LTF7ONYMDNJYX7GB4F4RTMVU4Q-01@cloudtestlabaccounts.com/com.google.android.gms.people:u0
06-07 09:44:39.576: D/CompatibilityInfo(1597): mCompatibilityFlags - 0
06-07 09:44:39.576: D/CompatibilityInfo(1597): applicationDensity - 320
06-07 09:44:39.576: D/CompatibilityInfo(1597): applicationScale - 1.0
06-07 09:44:39.578: I/ActivityManager(1597): Killing 9136:com.sonyericsson.album/u0a79 (adj 906): empty #25
06-07 09:44:39.581: D/MusicLifecycle(12260): com.google.android.music.ui.PhoneMusicApplication generated event: Application created
06-07 09:44:39.601: E/SyncManager(1597): Couldn't find backoff values for LTF7ONYMDNJYX7GB4F4RTMVU4Q-01@cloudtestlabaccounts.com/com.google.android.gms.reminders:u0
06-07 09:44:39.616: I/Dialer(12299): NonUiTaskBuilder.newThread - creating parallel thread
06-07 09:44:39.618: I/Dialer(12299): CallLogFramework.registerContentObservers - enter
06-07 09:44:39.622: I/ContactDirectoryManager(7726): Directory provider com.sonymobile.android.dialer(com.sonymobile.android.dialer.servicedial.directory.provider) returned a NULL cursor.
06-07 09:44:39.622: D/MusicLifecycle(12260): com.google.android.music.store.ConfigContentProvider generated event: initializing
06-07 09:44:39.624: I/Dialer(12299): NonUiTaskBuilder.newThread - creating serial thread
06-07 09:44:39.624: I/ContactDirectoryManager(7726): Directory provider com.sonymobile.android.dialer(com.sonymobile.android.dialer.servicedial.directory.provider) returned a NULL cursor.
06-07 09:44:39.633: I/BaseStore(12260): ConfigStore database version: 1
06-07 09:44:39.644: I/ActivityManager(1597): Start proc 12326:com.sonymobile.exchange/u0a101 for content provider com.sonymobile.exchange/.provider.ExchangeDirectoryProvider
06-07 09:44:39.648: E/SyncManager(1597): Couldn't find backoff values for LTF7ONYMDNJYX7GB4F4RTMVU4Q-01@cloudtestlabaccounts.com/com.google.android.music.MusicContent:u0
06-07 09:44:39.649: D/CompatibilityInfo(1597): mCompatibilityFlags - 10
06-07 09:44:39.649: D/CompatibilityInfo(1597): applicationDensity - 320
06-07 09:44:39.649: D/CompatibilityInfo(1597): applicationScale - 1.0
06-07 09:44:39.650: I/ActivityManager(1597): Killing 7060:com.android.keychain/1000 (adj 906): empty #25
06-07 09:44:39.658: I/zygote64(10366): Do full code cache collection, code=72KB, data=31KB
06-07 09:44:39.658: I/zygote64(10366): After code cache collection, code=48KB, data=18KB
06-07 09:44:39.681: W/ProviderHelper(11094): Unknown dynamite feature providerinstaller
06-07 09:44:39.681: I/DynamiteModule(11094): Considering local module providerinstaller:0 and remote module providerinstaller:0
06-07 09:44:39.681: I/DynamiteModule(11094): Considering local module providerinstaller:0 and remote module providerinstaller:0
06-07 09:44:39.684: W/Conscrypt(11094): Could not set socket write timeout: java.net.SocketException: Socket closed
06-07 09:44:39.684: W/Conscrypt(11094): 	at com.google.android.gms.org.conscrypt.Platform.setSocketWriteTimeout(:com.google.android.gms@200914019@20.09.14 (040400-300565878):2)
06-07 09:44:39.684: W/Conscrypt(11094): 	at com.google.android.gms.org.conscrypt.ConscryptFileDescriptorSocket.setSoWriteTimeout(:com.google.android.gms@200914019@20.09.14 (040400-300565878):0)
06-07 09:44:39.694: W/Conscrypt(11094): Could not set socket write timeout: java.net.SocketException: Socket closed
06-07 09:44:39.694: W/Conscrypt(11094): 	at com.google.android.gms.org.conscrypt.Platform.setSocketWriteTimeout(:com.google.android.gms@200914019@20.09.14 (040400-300565878):2)
06-07 09:44:39.694: W/Conscrypt(11094): 	at com.google.android.gms.org.conscrypt.ConscryptFileDescriptorSocket.setSoWriteTimeout(:com.google.android.gms@200914019@20.09.14 (040400-300565878):0)
06-07 09:44:39.695: I/ActivityManager(1597): Start proc 12344:com.google.android.gm/u0a110 for content provider com.google.android.gm/com.android.exchange.provider.ExchangeDirectoryProvider
06-07 09:44:39.696: E/SyncManager(1597): Couldn't find backoff values for LTF7ONYMDNJYX7GB4F4RTMVU4Q-01@cloudtestlabaccounts.com/gmail-ls:u0
06-07 09:44:39.709: I/ActivityManager(1597): Start proc 12358:com.sonymobile.email/u0a127 for content provider com.sonymobile.email/.provider.EmailProvider
06-07 09:44:39.710: D/CompatibilityInfo(1597): mCompatibilityFlags - 10
06-07 09:44:39.710: D/CompatibilityInfo(1597): applicationDensity - 320
06-07 09:44:39.710: D/CompatibilityInfo(1597): applicationScale - 1.0
06-07 09:44:39.711: D/CompatibilityInfo(1597): mCompatibilityFlags - 0
06-07 09:44:39.711: D/CompatibilityInfo(1597): applicationDensity - 320
06-07 09:44:39.711: D/CompatibilityInfo(1597): applicationScale - 1.0
06-07 09:44:39.713: I/zygote64(11094): Deoptimizing blfa blga.a(blfz, blfa) due to JIT inline cache
06-07 09:44:39.714: D/CompatibilityInfo(1597): mCompatibilityFlags - 0
06-07 09:44:39.714: D/CompatibilityInfo(1597): applicationDensity - 320
06-07 09:44:39.714: D/CompatibilityInfo(1597): applicationScale - 1.0
06-07 09:44:39.733: E/SyncManager(1597): Couldn't find backoff values for LTF7ONYMDNJYX7GB4F4RTMVU4Q-01@cloudtestlabaccounts.com/com.google.android.location.reporting:u0
06-07 09:44:39.763: W/ActivityManager(1597): Background start not allowed: service Intent { act=com.google.firebase.INSTANCE_ID_EVENT pkg=com.google.android.gm cmp=com.google.android.gm/com.google.firebase.iid.FirebaseInstanceIdService (has extras) } to com.google.android.gm/com.google.firebase.iid.FirebaseInstanceIdService from pid=12344 uid=10110 pkg=com.google.android.gm
06-07 09:44:39.764: E/FirebaseInstanceId(12344): Failed to start service while in background: java.lang.IllegalStateException: Not allowed to start service Intent { act=com.google.firebase.INSTANCE_ID_EVENT pkg=com.google.android.gm cmp=com.google.android.gm/com.google.firebase.iid.FirebaseInstanceIdService (has extras) }: app is in background uid UidRecord{9b08b12 u0a110 CEM  idle procs:1 seq(0,0,0)}
06-07 09:44:39.765: W/SomcEmail(12358): Email.onCreate
06-07 09:44:39.778: D/CompatibilityInfo(1597): mCompatibilityFlags - 10
06-07 09:44:39.778: D/CompatibilityInfo(1597): applicationDensity - 320
06-07 09:44:39.778: D/CompatibilityInfo(1597): applicationScale - 1.0
06-07 09:44:39.783: W/Gmail(12344): EasBundling:in EasBundling.init, isBundlingEnabled=true
06-07 09:44:39.792: E/SyncManager(1597): Couldn't find backoff values for LTF7ONYMDNJYX7GB4F4RTMVU4Q-01@cloudtestlabaccounts.com/com.google.android.gms.auth.confirm:u0
06-07 09:44:39.831: E/SyncManager(1597): Couldn't find backoff values for LTF7ONYMDNJYX7GB4F4RTMVU4Q-01@cloudtestlabaccounts.com/com.android.chrome:u0
06-07 09:44:39.835: V/NativeCrypto(12260): Registering com/google/android/gms/org/conscrypt/NativeCrypto's 286 native methods...
06-07 09:44:39.865: E/SyncManager(1597): Couldn't find backoff values for LTF7ONYMDNJYX7GB4F4RTMVU4Q-01@cloudtestlabaccounts.com/com.google.android.gms.games:u0
06-07 09:44:39.872: D/NetworkSecurityConfig(12260): No Network Security Config specified, using platform default
06-07 09:44:39.875: I/ProviderInstaller(12260): Installed default security provider GmsCore_OpenSSL
06-07 09:44:39.876: D/AndroidMusic(12260): GMSCore installation verified
06-07 09:44:39.880: I/ContactDirectoryManager(7726): deleted 0 stale rows which don't have any relevant directory
06-07 09:44:39.887: I/ContactDirectoryManager(7726): Discovered 2 contact directories in 416ms
06-07 09:44:39.893: I/ContactDirectoryManager(7726): deleted 0 stale rows which don't have any relevant directory
06-07 09:44:39.897: D/CompatibilityInfo(1597): mCompatibilityFlags - 0
06-07 09:44:39.897: D/CompatibilityInfo(1597): applicationDensity - 320
06-07 09:44:39.897: D/CompatibilityInfo(1597): applicationScale - 1.0
06-07 09:44:39.902: I/ContactDirectoryManager(7726): Discovered 2 contact directories in 439ms
06-07 09:44:39.908: D/CompatibilityInfo(1597): mCompatibilityFlags - 0
06-07 09:44:39.908: D/CompatibilityInfo(1597): applicationDensity - 320
06-07 09:44:39.908: D/CompatibilityInfo(1597): applicationScale - 1.0
06-07 09:44:39.911: I/Auth(9891): [BroadcastManager] Broadcasting account services changed.
06-07 09:44:39.912: W/GAV2(12344): Thread[main,5,main]: Need to call initialize() and be in fallback mode to start dispatch.
06-07 09:44:39.941: D/CompatibilityInfo(1597): mCompatibilityFlags - 0
06-07 09:44:39.941: D/CompatibilityInfo(1597): applicationDensity - 320
06-07 09:44:39.941: D/CompatibilityInfo(1597): applicationScale - 1.0
06-07 09:44:39.945: D/CompatibilityInfo(1597): mCompatibilityFlags - 0
06-07 09:44:39.945: D/CompatibilityInfo(1597): applicationDensity - 320
06-07 09:44:39.945: D/CompatibilityInfo(1597): applicationScale - 1.0
06-07 09:44:39.947: W/ActivityManager(1597): Unable to start service Intent { cmp=com.google.android.gm.exchange/com.android.exchange.service.EasService } U=0: not found
06-07 09:44:39.947: W/ChimeraUtils(9891): Non Chimera context
06-07 09:44:39.947: W/ChimeraUtils(9891): Non Chimera context
06-07 09:44:39.948: D/CompatibilityInfo(1597): mCompatibilityFlags - 0
06-07 09:44:39.948: D/CompatibilityInfo(1597): applicationDensity - 320
06-07 09:44:39.948: D/CompatibilityInfo(1597): applicationScale - 1.0
06-07 09:44:39.965: D/CompatibilityInfo(1597): mCompatibilityFlags - 0
06-07 09:44:39.965: D/CompatibilityInfo(1597): applicationDensity - 320
06-07 09:44:39.965: D/CompatibilityInfo(1597): applicationScale - 1.0
06-07 09:44:39.968: W/ChimeraUtils(9891): Non Chimera context
06-07 09:44:39.970: E/SyncManager(1597): Couldn't find backoff values for LTF7ONYMDNJYX7GB4F4RTMVU4Q-01@cloudtestlabaccounts.com/com.google.android.gms.games.background:u0
06-07 09:44:39.968: W/ChimeraUtils(9891): Non Chimera context
06-07 09:44:39.971: I/anoa(9891): Scheduling Phenotype for a PhenotypeSyncImmediately(6, com.google.android.gm) one off with window [1, 2] in seconds [CONTEXT service_id=51 ]
06-07 09:44:39.973: I/CheckinUtil(9891): Classify the device as Phone.
06-07 09:44:39.982: D/CompatibilityInfo(1597): mCompatibilityFlags - 0
06-07 09:44:39.982: D/CompatibilityInfo(1597): applicationDensity - 320
06-07 09:44:39.982: D/CompatibilityInfo(1597): applicationScale - 1.0
06-07 09:44:39.984: W/ChimeraUtils(9891): Non Chimera context
06-07 09:44:39.984: W/ChimeraUtils(9891): Non Chimera context
06-07 09:44:39.986: E/ANDR-PERF-OPTSHANDLER(923): perf_lock_rel: updated /sys/class/scsi_host/host0/../../../clkscale_enable with 1
06-07 09:44:39.986: E/ANDR-PERF-OPTSHANDLER(923):  return value 2
06-07 09:44:39.986: D/CompatibilityInfo(1597): mCompatibilityFlags - 0
06-07 09:44:39.986: D/CompatibilityInfo(1597): applicationDensity - 320
06-07 09:44:39.986: D/CompatibilityInfo(1597): applicationScale - 1.0
06-07 09:44:40.005: W/Conscrypt(9891): Could not set socket write timeout: java.net.SocketException: Socket closed
06-07 09:44:40.005: W/Conscrypt(9891): 	at com.google.android.gms.org.conscrypt.Platform.setSocketWriteTimeout(:com.google.android.gms@200914019@20.09.14 (040400-300565878):2)
06-07 09:44:40.005: W/Conscrypt(9891): 	at com.google.android.gms.org.conscrypt.ConscryptFileDescriptorSocket.setSoWriteTimeout(:com.google.android.gms@200914019@20.09.14 (040400-300565878):0)
06-07 09:44:40.011: E/SyncManager(1597): Couldn't find backoff values for LTF7ONYMDNJYX7GB4F4RTMVU4Q-01@cloudtestlabaccounts.com/com.google.android.gms.fitness:u0
06-07 09:44:40.021: W/Conscrypt(9891): Could not set socket write timeout: java.net.SocketException: Socket closed
06-07 09:44:40.021: W/Conscrypt(9891): 	at com.google.android.gms.org.conscrypt.Platform.setSocketWriteTimeout(:com.google.android.gms@200914019@20.09.14 (040400-300565878):2)
06-07 09:44:40.021: W/Conscrypt(9891): 	at com.google.android.gms.org.conscrypt.ConscryptFileDescriptorSocket.setSoWriteTimeout(:com.google.android.gms@200914019@20.09.14 (040400-300565878):0)
06-07 09:44:40.045: I/MusicExperimentManager(12260): Received config change, experiments list is null
06-07 09:44:40.046: W/MusicExperimentManager(12260): Parsing error while updating analysis experiments
06-07 09:44:40.063: E/SyncManager(1597): Couldn't find backoff values for LTF7ONYMDNJYX7GB4F4RTMVU4Q-01@cloudtestlabaccounts.com/com.google.android.gms.subscribedfeeds:u0
06-07 09:44:40.075: I/ActivityManager(1597): Killing 9873:com.google.android.apps.docs/u0a104 (adj 906): empty #25
06-07 09:44:40.080: I/TopChartsIcing(12260): Starting 'com.google.android.music.sync.google.MusicGcmTaskService
06-07 09:44:40.092: I/BaseStore(12260): Store database version: 146
06-07 09:44:40.102: E/SyncManager(1597): Couldn't find backoff values for LTF7ONYMDNJYX7GB4F4RTMVU4Q-01@cloudtestlabaccounts.com/com.google.android.apps.docs:u0
06-07 09:44:40.148: I/Auth(9891): [GoogleAccountHistoryStore] creating database.
06-07 09:44:40.148: I/PlaybackClient(12260): init: Initializing
06-07 09:44:40.174: I/zygote64(1597): Background concurrent copying GC freed 207973(13MB) AllocSpace objects, 117(3MB) LOS objects, 42% free, 22MB/39MB, paused 724us total 115.222ms
06-07 09:44:40.184: E/SyncManager(1597): Couldn't find backoff values for LTF7ONYMDNJYX7GB4F4RTMVU4Q-01@cloudtestlabaccounts.com/com.android.calendar:u0
06-07 09:44:40.215: E/SyncManager(1597): Couldn't find backoff values for LTF7ONYMDNJYX7GB4F4RTMVU4Q-01@cloudtestlabaccounts.com/com.google.android.gms.drive.sync:u0
06-07 09:44:40.258: W/ActivityManager(1597): Unable to start service Intent { cmp=com.google.android.gm/com.android.email.service.AttachmentService } U=0: not found
06-07 09:44:40.268: D/CompatibilityInfo(1597): mCompatibilityFlags - 0
06-07 09:44:40.268: D/CompatibilityInfo(1597): applicationDensity - 320
06-07 09:44:40.268: D/CompatibilityInfo(1597): applicationScale - 1.0
06-07 09:44:40.269: W/ActivityManager(1597): Unable to start service Intent { cmp=com.google.android.gm.exchange/com.android.exchange.service.EasService } U=0: not found
06-07 09:44:40.271: E/PlayCommon(12260): [2] MetalogHelper.<init>: Failed to restore PlayMetalog
06-07 09:44:40.271: E/PlayCommon(12260): [2] MetalogHelper.<init>: Failed to restore LogsUploadAttempt
06-07 09:44:40.284: D/CompatibilityInfo(1597): mCompatibilityFlags - 0
06-07 09:44:40.284: D/CompatibilityInfo(1597): applicationDensity - 320
06-07 09:44:40.284: D/CompatibilityInfo(1597): applicationScale - 1.0
06-07 09:44:40.286: W/JobInfo(1597): Specified flex for 105124 is +57m36s0ms. Clamped to +1h12m0s0ms
06-07 09:44:40.289: D/CompatibilityInfo(1597): mCompatibilityFlags - 0
06-07 09:44:40.289: D/CompatibilityInfo(1597): applicationDensity - 320
06-07 09:44:40.289: D/CompatibilityInfo(1597): applicationScale - 1.0
06-07 09:44:40.291: W/JobInfo(1597): Specified flex for 108730 is +57m36s0ms. Clamped to +1h12m0s0ms
06-07 09:44:40.295: D/CompatibilityInfo(1597): mCompatibilityFlags - 0
06-07 09:44:40.295: D/CompatibilityInfo(1597): applicationDensity - 320
06-07 09:44:40.295: D/CompatibilityInfo(1597): applicationScale - 1.0
06-07 09:44:40.296: D/MusicLifecycle(12260): com.google.android.music.AccountsBroadcastReceiver generated event: Broadcast received with context android.app.ReceiverRestrictedContext@60d7f39 and intent Intent { act=android.accounts.LOGIN_ACCOUNTS_CHANGED flg=0x5000010 cmp=com.google.android.music/.AccountsBroadcastReceiver }
06-07 09:44:40.297: D/MusicLifecycle(12260): com.google.android.music.net.NetworkConnectivityMonitor$NetworkChangedReceiver generated event: Broadcast received with context com.google.android.music.ui.PhoneMusicApplication@422d595 and intent Intent { act=android.net.conn.CONNECTIVITY_CHANGE flg=0x4000010 (has extras) }
06-07 09:44:40.297: W/JobInfo(1597): Specified flex for 101781 is +57m36s0ms. Clamped to +1h12m0s0ms
06-07 09:44:40.298: I/NetworkConnectivity(12260): Network state changed: [type: WIFI[], state: CONNECTED/CONNECTED, reason: (unspecified), extra: "wl-ftl-mt69-1-5", failover: false, available: true, roaming: false, metered: false]
06-07 09:44:40.301: D/CompatibilityInfo(1597): mCompatibilityFlags - 0
06-07 09:44:40.301: D/CompatibilityInfo(1597): applicationDensity - 320
06-07 09:44:40.301: D/CompatibilityInfo(1597): applicationScale - 1.0
06-07 09:44:40.302: I/SignupStatusTask(12260): Starting 'com.google.android.music.sync.google.MusicGcmTaskService
06-07 09:44:40.303: W/JobInfo(1597): Specified flex for 103216 is +57m36s0ms. Clamped to +1h12m0s0ms
06-07 09:44:40.305: D/CompatibilityInfo(1597): mCompatibilityFlags - 0
06-07 09:44:40.305: D/CompatibilityInfo(1597): applicationDensity - 320
06-07 09:44:40.305: D/CompatibilityInfo(1597): applicationScale - 1.0
06-07 09:44:40.308: D/MusicLifecycle(12260): com.google.android.music.download.EncapsulatedBroadcastReceiver$1 generated event: Broadcast received with context com.google.android.music.ui.PhoneMusicApplication@422d595 and intent Intent { act=com.google.android.music.ResumeStorageMigration flg=0x10 (has extras) }
06-07 09:44:40.309: W/JobInfo(1597): Specified flex for 103009 is +57m36s0ms. Clamped to +1h12m0s0ms
06-07 09:44:40.311: D/MusicLifecycle(12260): com.google.android.music.download.artwork.ArtDownloadService generated event: Service created
06-07 09:44:40.311: D/CompatibilityInfo(1597): mCompatibilityFlags - 0
06-07 09:44:40.311: D/CompatibilityInfo(1597): applicationDensity - 320
06-07 09:44:40.311: D/CompatibilityInfo(1597): applicationScale - 1.0
06-07 09:44:40.313: W/JobInfo(1597): Specified flex for 108659 is +57m36s0ms. Clamped to +1h12m0s0ms
06-07 09:44:40.314: W/JobInfo(1597): Specified flex for 109906 is +57m36s0ms. Clamped to +1h12m0s0ms
06-07 09:44:40.315: W/JobInfo(1597): Specified flex for 101953 is +57m36s0ms. Clamped to +1h12m0s0ms
06-07 09:44:40.316: W/JobInfo(1597): Specified flex for 109417 is +57m36s0ms. Clamped to +1h12m0s0ms
06-07 09:44:40.317: W/JobInfo(1597): Specified flex for 101009 is +57m36s0ms. Clamped to +1h12m0s0ms
06-07 09:44:40.318: W/JobInfo(1597): Specified flex for 106744 is +57m36s0ms. Clamped to +1h12m0s0ms
06-07 09:44:40.319: W/JobInfo(1597): Specified flex for 108386 is +57m36s0ms. Clamped to +1h12m0s0ms
06-07 09:44:40.321: W/JobInfo(1597): Specified flex for 106857 is +57m36s0ms. Clamped to +1h12m0s0ms
06-07 09:44:40.330: D/CompatibilityInfo(1597): mCompatibilityFlags - 0
06-07 09:44:40.330: D/CompatibilityInfo(1597): applicationDensity - 320
06-07 09:44:40.330: D/CompatibilityInfo(1597): applicationScale - 1.0
06-07 09:44:40.335: I/NetworkPolicyMonitor(12260): Download-ability status changed to (true) unmetered wifi/eth: true mobileOrMetered: false
06-07 09:44:40.340: I/Finsky(10270): [2] iof.c(2): ApplicationRestrictions: {}
06-07 09:44:40.343: I/NetworkPolicyMonitor(12260): Stream-ability status changed to (true) unmetered wifi/eth: true mobileOrMetered: false
06-07 09:44:40.359: W/JobInfo(1597): Specified flex for 103774 is +57m36s0ms. Clamped to +1h12m0s0ms
06-07 09:44:40.362: W/JobInfo(1597): Specified flex for 109486 is +57m36s0ms. Clamped to +1h12m0s0ms
06-07 09:44:40.364: I/AuthService(12240): [AddAccountOperation] Succeeded.
06-07 09:44:40.365: W/JobInfo(1597): Specified flex for 108878 is +57m36s0ms. Clamped to +1h12m0s0ms
06-07 09:44:40.368: W/JobInfo(1597): Specified flex for 103045 is +57m36s0ms. Clamped to +1h12m0s0ms
06-07 09:44:40.369: D/MusicLifecycle(12260): com.google.android.music.download.EncapsulatedBroadcastReceiver$1 generated event: Broadcast received with context com.google.android.music.ui.PhoneMusicApplication@422d595 and intent Intent { act=com.google.android.music.download.keepon.KeeponSchedulingService.START_DOWNLOAD flg=0x10 }
06-07 09:44:40.384: I/Auth(9891): [AccountStateSyncher] performSync(account=<ELLIDED:-1238769241>)
06-07 09:44:40.387: I/FSA2_GmsContactsSyncAdapter(11094): @onPerformSync
06-07 09:44:40.396: W/AdvertisingIdClient(12260): Error while reading from SharedPreferences 
06-07 09:44:40.396: W/AdvertisingIdClient(12260): java.lang.SecurityException: MODE_WORLD_READABLE no longer supported
06-07 09:44:40.396: W/AdvertisingIdClient(12260): 	at android.app.ContextImpl.checkMode(ContextImpl.java:2392)
06-07 09:44:40.396: W/AdvertisingIdClient(12260): 	at android.app.ContextImpl.getSharedPreferences(ContextImpl.java:383)
06-07 09:44:40.396: W/AdvertisingIdClient(12260): 	at android.app.ContextImpl.getSharedPreferences(ContextImpl.java:370)
06-07 09:44:40.396: W/AdvertisingIdClient(12260): 	at com.google.android.gms.ads.identifier.AdvertisingIdClient.getAdvertisingIdInfo(Unknown Source:12)
06-07 09:44:40.396: W/AdvertisingIdClient(12260): 	at com.google.android.music.preferences.MusicPreferences.getAdvertisingIdInfo(MusicPreferences.java:2475)
06-07 09:44:40.396: W/AdvertisingIdClient(12260): 	at com.google.android.music.preferences.MusicPreferences.access$1000(MusicPreferences.java:81)
06-07 09:44:40.396: W/AdvertisingIdClient(12260): 	at com.google.android.music.preferences.MusicPreferences$7.run(MusicPreferences.java:2456)
06-07 09:44:40.396: W/AdvertisingIdClient(12260): 	at com.google.android.music.utils.async.TraceableRunnable.runLogged(TraceableRunnable.java:21)
06-07 09:44:40.396: W/AdvertisingIdClient(12260): 	at com.google.android.music.utils.async.LoggedRunnable.run(LoggedRunnable.java:30)
06-07 09:44:40.396: W/AdvertisingIdClient(12260): 	at android.os.Handler.handleCallback(Handler.java:789)
06-07 09:44:40.396: W/AdvertisingIdClient(12260): 	at android.os.Handler.dispatchMessage(Handler.java:98)
06-07 09:44:40.396: W/AdvertisingIdClient(12260): 	at com.google.android.music.utils.LoggableHandler.dispatchMessage(LoggableHandler.java:74)
06-07 09:44:40.396: W/AdvertisingIdClient(12260): 	at android.os.Looper.loop(Looper.java:251)
06-07 09:44:40.396: W/AdvertisingIdClient(12260): 	at android.os.HandlerThread.run(HandlerThread.java:65)
06-07 09:44:40.401: D/CompatibilityInfo(1597): mCompatibilityFlags - 0
06-07 09:44:40.401: D/CompatibilityInfo(1597): applicationDensity - 320
06-07 09:44:40.401: D/CompatibilityInfo(1597): applicationScale - 1.0
06-07 09:44:40.425: W/FSA2_ContactsSyncAdapter(11094): @onPerformSync Sync started
06-07 09:44:40.438: D/AwarenessRouter(12260): 0 new fences
06-07 09:44:40.445: D/AwarenessRouter(12260): 0 fences already registered
06-07 09:44:40.452: I/FSA2_GmsContactsSyncAdapter(11094): onSyncCanceled
06-07 09:44:40.456: D/AwarenessRouter(12260): Successfully removed 0 context fences
06-07 09:44:40.461: E/PlayCommon(10270): [158] akqt.<init>(10): Failed to restore PlayMetalog
06-07 09:44:40.462: E/PlayCommon(10270): [158] akqt.<init>(13): Failed to restore LogsUploadAttempt
06-07 09:44:40.472: I/Finsky(10270): [158] ina.a(18): Uploading FCM/GCM Registration Id because not registered yet, eppOzIwiSJ6nd5_c7cIfyp:APA91bE-LWxXTl75XtC6cs5RIj4L5Xy6aoN3OOKEONmDtLG8blUcGPNzcvTpp6NdNDEwo_MyY4sQm8nusSJWV2eWYM8pxONYebkAgFQ6rqyvFt_gTnTmg7N7g6GB1NFw9IYaw3-oEkGV
06-07 09:44:40.474: W/ChimeraUtils(11094): Non Chimera context
06-07 09:44:40.475: W/ChimeraUtils(11094): Non Chimera context
06-07 09:44:40.479: D/CompatibilityInfo(1597): mCompatibilityFlags - 0
06-07 09:44:40.480: D/CompatibilityInfo(1597): applicationDensity - 320
06-07 09:44:40.480: D/CompatibilityInfo(1597): applicationScale - 1.0
06-07 09:44:40.485: W/ChimeraUtils(9891): Non Chimera context
06-07 09:44:40.485: W/ChimeraUtils(9891): Non Chimera context
06-07 09:44:40.605: E/Backup(9891): [BackupTransportMigratorChimeraService] Could not migrate transport!
06-07 09:44:40.608: I/Backup(9891): [BackupTransportMigratorChimeraService] Starting migration...
06-07 09:44:40.744: D/SyncManager(1597): handleSyncHandlerMessage: dropping since the sync is no longer active: startTime 412682, mTimeoutStartTime 412682, mHistoryRowId 5, syncOperation JobId: 101159, LTF7ONYMDNJYX7GB4F4RTMVU4Q-01@cloudtestlabaccounts.com u0 (com.google), com.google.android.gms.appstate, POLL, reason: AccountsUpdated
06-07 09:44:40.930: D/SyncManager(1597): handleSyncHandlerMessage: dropping since the sync is no longer active: startTime 412666, mTimeoutStartTime 412666, mHistoryRowId 2, syncOperation JobId: 101549, LTF7ONYMDNJYX7GB4F4RTMVU4Q-01@cloudtestlabaccounts.com u0 (com.google), subscribedfeeds, SERVER, reason: AutoSync
06-07 09:44:40.984: D/SyncManager(1597): handleSyncHandlerMessage: dropping since the sync is no longer active: startTime 412688, mTimeoutStartTime 412688, mHistoryRowId 6, syncOperation JobId: 101369, LTF7ONYMDNJYX7GB4F4RTMVU4Q-01@cloudtestlabaccounts.com u0 (com.google), com.google.android.gms.people, POLL, reason: AccountsUpdated
06-07 09:44:40.986: I/PeopleDatabaseHelper(11094): cleanUpNonGplusAccounts done.
06-07 09:44:41.041: W/memtrack@1.0-se(911): type=1400 audit(0.0:2091): avc: denied { search } for name="proc" dev="debugfs" ino=18014 scontext=u:r:hal_memtrack_default:s0 tcontext=u:object_r:qti_debugfs:s0 tclass=dir permissive=0 ppid=1 pcomm="init" pgid=1 pgcomm="init"
06-07 09:44:41.090: W/Auth(9891): [AccountStateSyncher] Unable to look up account state from server.
06-07 09:44:41.090: W/Auth(9891): java.io.IOException: Unable to query account state
06-07 09:44:41.090: W/Auth(9891): 	at gzb.a(:com.google.android.gms@200914019@20.09.14 (040400-300565878):9)
06-07 09:44:41.090: W/Auth(9891): 	at gzc.a(:com.google.android.gms@200914019@20.09.14 (040400-300565878):1)
06-07 09:44:41.090: W/Auth(9891): 	at gza.a(:com.google.android.gms@200914019@20.09.14 (040400-300565878):14)
06-07 09:44:41.090: W/Auth(9891): 	at syz.onPerformSync(:com.google.android.gms@200914019@20.09.14 (040400-300565878):9)
06-07 09:44:41.090: W/Auth(9891): 	at android.content.AbstractThreadedSyncAdapter$SyncThread.run(AbstractThreadedSyncAdapter.java:272)
06-07 09:44:41.090: W/Auth(9891): Caused by: java.lang.InterruptedException
06-07 09:44:41.090: W/Auth(9891): 	at bpwz.get(:com.google.android.gms@200914019@20.09.14 (040400-300565878):12)
06-07 09:44:41.090: W/Auth(9891): 	at gzb.a(:com.google.android.gms@200914019@20.09.14 (040400-300565878):8)
06-07 09:44:41.090: W/Auth(9891): 	... 4 more
06-07 09:44:41.108: W/Conscrypt(9891): Could not set socket write timeout: java.net.SocketException: Socket closed
06-07 09:44:41.108: W/Conscrypt(9891): 	at com.google.android.gms.org.conscrypt.Platform.setSocketWriteTimeout(:com.google.android.gms@200914019@20.09.14 (040400-300565878):2)
06-07 09:44:41.108: W/Conscrypt(9891): 	at com.google.android.gms.org.conscrypt.ConscryptFileDescriptorSocket.setSoWriteTimeout(:com.google.android.gms@200914019@20.09.14 (040400-300565878):0)
06-07 09:44:41.123: W/Conscrypt(9891): Could not set socket write timeout: java.net.SocketException: Socket closed
06-07 09:44:41.123: W/Conscrypt(9891): 	at com.google.android.gms.org.conscrypt.Platform.setSocketWriteTimeout(:com.google.android.gms@200914019@20.09.14 (040400-300565878):2)
06-07 09:44:41.123: W/Conscrypt(9891): 	at com.google.android.gms.org.conscrypt.ConscryptFileDescriptorSocket.setSoWriteTimeout(:com.google.android.gms@200914019@20.09.14 (040400-300565878):0)
06-07 09:44:41.147: D/SyncManager(1597): handleSyncHandlerMessage: dropping since the sync is no longer active: startTime 412678, mTimeoutStartTime 412678, mHistoryRowId 4, syncOperation JobId: 106603, LTF7ONYMDNJYX7GB4F4RTMVU4Q-01@cloudtestlabaccounts.com u0 (com.google), com.google.android.gms.auth.accountstate, POLL, reason: AccountsUpdated
06-07 09:44:41.218: D/CompatibilityInfo(1597): mCompatibilityFlags - 10
06-07 09:44:41.218: D/CompatibilityInfo(1597): applicationDensity - 320
06-07 09:44:41.218: D/CompatibilityInfo(1597): applicationScale - 1.0
06-07 09:44:41.298: D/CompatibilityInfo(1597): mCompatibilityFlags - 0
06-07 09:44:41.298: D/CompatibilityInfo(1597): applicationDensity - 320
06-07 09:44:41.298: D/CompatibilityInfo(1597): applicationScale - 1.0
06-07 09:44:41.357: I/Auth(9891): [AccountStateSyncher] performSync(account=<ELLIDED:-1238769241>)
06-07 09:44:41.430: W/FSA2_ContactsSyncAdapter(11094): Done initializing new account, sync neither attempted nor performed
06-07 09:44:41.510: D/CompatibilityInfo(1597): mCompatibilityFlags - 0
06-07 09:44:41.510: D/CompatibilityInfo(1597): applicationDensity - 320
06-07 09:44:41.510: D/CompatibilityInfo(1597): applicationScale - 1.0
06-07 09:44:41.510: I/AuthService(12240): [AccountService] Execution time for add account with authorization code, options: Bundle[{}] is 2696 ms.
06-07 09:44:41.519: D/SyncManager(1597): failed sync operation JobId: 106089, LTF7ONYMDNJYX7GB4F4RTMVU4Q-01@cloudtestlabaccounts.com u0 (com.google), com.android.contacts, USER, EXPEDITED, reason: 10040, SyncResult: syncAlreadyInProgress: true stats []
06-07 09:44:41.561: W/FSA2_ContactsSyncAdapter(11094): @onPerformSync Sync is not required and hence skipped.
06-07 09:44:41.562: I/Auth(9891): [BroadcastManager] Broadcasting account services changed.
06-07 09:44:41.567: D/LoginUtil(12222): Instrumentation completed successfully
06-07 09:44:41.568: I/ActivityManager(1597): Force stopping com.google.android.apps.mtaas.loginutil appid=10184 user=0: finished inst
06-07 09:44:41.568: W/Binder(1597): Outgoing transactions from this process must be FLAG_ONEWAY
06-07 09:44:41.568: W/Binder(1597): java.lang.Throwable
06-07 09:44:41.568: W/Binder(1597): 	at android.os.BinderProxy.transact(Binder.java:736)
06-07 09:44:41.568: W/Binder(1597): 	at android.app.IInstrumentationWatcher$Stub$Proxy.instrumentationFinished(IInstrumentationWatcher.java:160)
06-07 09:44:41.568: W/Binder(1597): 	at com.android.server.am.InstrumentationReporter$MyThread.run(InstrumentationReporter.java:86)
06-07 09:44:41.568: I/ActivityManager(1597): Killing 12222:com.google.android.apps.mtaas.loginutil/u0a184 (adj 0): stop com.google.android.apps.mtaas.loginutil
06-07 09:44:41.571: D/AndroidRuntime(12209): Shutting down VM
06-07 09:44:41.624: E/Auth(9891): [AccountStateSyncher] Something bad went wrong. Don't unset all the services in this case.
06-07 09:44:41.624: I/Auth(9891): [AccountStateSyncher] Skipping rename because the lookup contains the same email.
06-07 09:44:41.642: I/zygote64(1597): Background concurrent copying GC freed 159074(11MB) AllocSpace objects, 210(7MB) LOS objects, 42% free, 21MB/37MB, paused 1.622ms total 119.152ms
06-07 09:44:41.769: I/Auth(9891): [AccountStatusChecker] OnDataChanged check: <ELLIDED:-1238769241>
06-07 09:44:41.772: I/Auth(9891): [AccountStatusChecker] Canceling for <ELLIDED:-1238769241>
06-07 09:44:41.818: D/SyncManager(1597): handleSyncHandlerMessage: dropping since the sync is no longer active: startTime 412672, mTimeoutStartTime 412672, mHistoryRowId 3, syncOperation JobId: 107133, LTF7ONYMDNJYX7GB4F4RTMVU4Q-01@cloudtestlabaccounts.com u0 (com.google), com.android.contacts, POLL, reason: AccountsUpdated
06-07 09:44:41.885: D/CompatibilityInfo(1597): mCompatibilityFlags - 0
06-07 09:44:41.885: D/CompatibilityInfo(1597): applicationDensity - 320
06-07 09:44:41.885: D/CompatibilityInfo(1597): applicationScale - 1.0
06-07 09:44:41.894: D/CompatibilityInfo(1597): mCompatibilityFlags - 0
06-07 09:44:41.894: D/CompatibilityInfo(1597): applicationDensity - 320
06-07 09:44:41.894: D/CompatibilityInfo(1597): applicationScale - 1.0
06-07 09:44:42.053: I/Finsky(10270): [2] xvx.a(14): Server requests device config token
06-07 09:44:42.498: I/Finsky(10270): [194] imq.h(31): GameSdkDeviceInfo experiment not enabled.
06-07 09:44:42.519: D/CompatibilityInfo(1597): mCompatibilityFlags - 0
06-07 09:44:42.519: D/CompatibilityInfo(1597): applicationDensity - 320
06-07 09:44:42.519: D/CompatibilityInfo(1597): applicationScale - 1.0
06-07 09:44:42.707: W/ADebug(12476): Failed to get property persist.sys.media.traces
06-07 09:44:42.718: D/AndroidRuntime(12476): >>>>>> START com.android.internal.os.RuntimeInit uid 2000 <<<<<<
06-07 09:44:42.825: D/AndroidRuntime(12476): Calling main entry com.android.commands.pm.Pm
06-07 09:44:42.843: I/app_process(12476): System.exit called, status: 0
06-07 09:44:42.843: I/AndroidRuntime(12476): VM exiting with result code 0.
06-07 09:44:43.026: I/Finsky(10270): [2] imd.a(9): Received device config token CisaKQoTMzY2MzA2NzQ5MTAyODUwNzkwNhISChAxNTkxNTQ4MjgyODIwNzAz
06-07 09:44:43.031: D/Volley(10270): [81] abgm.b: Could not delete cache entry for key=[YjA2CyqBzD5RUAjdDPfmvJ0mWwUpsxQEqGa2dDvq0vE], filename=z2ANjE0cUi6FqrZjOoBuRRQGOco
06-07 09:44:43.031: I/Finsky(10270): [2] xvu.a(1): Request device config token was successful in toc.
06-07 09:44:43.048: D/CompatibilityInfo(1597): mCompatibilityFlags - 0
06-07 09:44:43.048: D/CompatibilityInfo(1597): applicationDensity - 320
06-07 09:44:43.048: D/CompatibilityInfo(1597): applicationScale - 1.0
06-07 09:44:43.130: W/ADebug(12487): Failed to get property persist.sys.media.traces
06-07 09:44:43.137: I/EventLogSendingHelper(2871): Sending log events.
06-07 09:44:43.141: D/AndroidRuntime(12487): >>>>>> START com.android.internal.os.RuntimeInit uid 2000 <<<<<<
06-07 09:44:43.217: I/Finsky(10270): [96] kes.a(24): Process stable target turned on mid-process: 12609472
06-07 09:44:43.218: I/Finsky(10270): [96] kes.a(24): Process stable target turned on mid-process: 12609703
06-07 09:44:43.224: I/Finsky(10270): [2] zme.a(36): Refreshing user settings: account=[9BTrKXzkHj9Rywk-7838kBGaUEX0VgvO6yNSmZTyDX0]
06-07 09:44:43.232: D/AndroidRuntime(12487): Calling main entry com.android.commands.pm.Pm
06-07 09:44:43.245: D/Volley(10270): [86] abgm.b: Cache cleared.
06-07 09:44:43.254: D/Volley(10270): [123] abgm.b: Cache cleared.
06-07 09:44:43.315: D/Volley(10270): [2] abgl.b: Cache cleared.
06-07 09:44:43.382: I/app_process(12487): System.exit called, status: 0
06-07 09:44:43.382: I/AndroidRuntime(12487): VM exiting with result code 0.
06-07 09:44:43.435: I/MusicPreferences(12260): Setting store availability: true
06-07 09:44:43.451: D/CompatibilityInfo(1597): mCompatibilityFlags - 0
06-07 09:44:43.451: D/CompatibilityInfo(1597): applicationDensity - 320
06-07 09:44:43.451: D/CompatibilityInfo(1597): applicationScale - 1.0
06-07 09:44:43.474: I/ActivityManager(1597): Killing 5638:com.sonyericsson.crashmonitor/1000 (adj 906): empty #25
06-07 09:44:43.479: I/MusicPreferences(12260): Account auto-selected
06-07 09:44:43.522: I/ActivityManager(1597): Start proc 12507:com.android.chrome/u0a98 for broadcast com.android.chrome/org.chromium.chrome.browser.services.AccountsChangedReceiver
06-07 09:44:43.523: I/ActivityManager(1597): Killing 10960:com.android.vending:download_service/u0a53 (adj 906): empty #25
06-07 09:44:43.531: W/zygote(12507): Using default instruction set features for ARM CPU variant (cortex-a9) using conservative defaults
06-07 09:44:43.544: D/CompatibilityInfo(1597): mCompatibilityFlags - 0
06-07 09:44:43.544: D/CompatibilityInfo(1597): applicationDensity - 320
06-07 09:44:43.544: D/CompatibilityInfo(1597): applicationScale - 1.0
06-07 09:44:43.545: D/ConnectivityService(1597): ConnectivityService NetworkRequestInfo binderDied(NetworkRequest [ TRACK_DEFAULT id=28, [ Capabilities: INTERNET&NOT_RESTRICTED&TRUSTED&NOT_VPN] ], android.os.BinderProxy@30c86b2)
06-07 09:44:43.545: D/ConnectivityService(1597): releasing NetworkRequest [ TRACK_DEFAULT id=28, [ Capabilities: INTERNET&NOT_RESTRICTED&TRUSTED&NOT_VPN] ] (CALLBACK_RELEASED)
06-07 09:44:43.547: E/ConnectivityService(1597): RemoteException caught trying to send a callback msg for NetworkRequest [ TRACK_DEFAULT id=28, [ Capabilities: INTERNET&NOT_RESTRICTED&TRUSTED&NOT_VPN] ]
06-07 09:44:43.548: E/QtiRilInterface(2113): instance = com.qualcomm.qti.internal.telephony.QtiRilInterface@a73eeb2
06-07 09:44:43.550: D/CompatibilityInfo(1597): mCompatibilityFlags - 0
06-07 09:44:43.550: D/CompatibilityInfo(1597): applicationDensity - 320
06-07 09:44:43.550: D/CompatibilityInfo(1597): applicationScale - 1.0
06-07 09:44:43.555: D/ActivityManager(1597): New dropbox entry: com.android.phone, system_app_wtf, 74ed9ed7-c979-4fb0-97f6-6ba159aad35c
06-07 09:44:43.557: D/QC_RIL_OEM_HOOK(2113): dds phoneId: -1
06-07 09:44:43.558: D/QcrilMsgTunnelIfaceManager(2396): handleMessage what = 1
06-07 09:44:43.560: I/QcrilOemhookMsgTunnel(2396): [0]invokeOemRilRequestRaw: serial=1024 length=20
06-07 09:44:43.561: I/QcrilOemhookMsgTunnel(2396): [0]processOemHookResponse serial no: 1024 error: 0length=0
06-07 09:44:43.564: I/QcrilOemhookMsgTunnel(2396): [0]processOemHookIndication length=28
06-07 09:44:43.566: D/QcrilMsgTunnelIfaceManager(2396): handleMessage what = 2
06-07 09:44:43.566: D/QcrilMsgTunnelIfaceManager(2396): handleMessage what = 0
06-07 09:44:43.566: D/QC_RIL_OEM_HOOK(2113): sendOemRilRequestRaw returns value = 0
06-07 09:44:43.568: D/QC_RIL_OEM_HOOK(2102): Received Broadcast Intent ACTION_UNSOL_RESPONSE_OEM_HOOK_RAW
06-07 09:44:43.569: D/QC_RIL_OEM_HOOK(2113): Received Broadcast Intent ACTION_UNSOL_RESPONSE_OEM_HOOK_RAW
06-07 09:44:43.569: D/QC_RIL_OEM_HOOK(2113): Oem ID in QCRILHOOK UNSOL RESP is QOEMHOOK
06-07 09:44:43.569: D/QC_RIL_OEM_HOOK(2113): Received Broadcast Intent ACTION_UNSOL_RESPONSE_OEM_HOOK_RAW
06-07 09:44:43.570: D/QC_RIL_OEM_HOOK(2113): Oem ID in QCRILHOOK UNSOL RESP is QOEMHOOK
06-07 09:44:43.570: D/QC_RIL_OEM_HOOK(2102): Oem ID in QCRILHOOK UNSOL RESP is QOEMHOOK
06-07 09:44:43.570: D/QC_RIL_OEM_HOOK(2113): Received Broadcast Intent ACTION_UNSOL_RESPONSE_OEM_HOOK_RAW
06-07 09:44:43.570: D/QC_RIL_OEM_HOOK(2113): Oem ID in QCRILHOOK UNSOL RESP is QOEMHOOK
06-07 09:44:43.583: D/CompatibilityInfo(1597): mCompatibilityFlags - 0
06-07 09:44:43.583: D/CompatibilityInfo(1597): applicationDensity - 320
06-07 09:44:43.583: D/CompatibilityInfo(1597): applicationScale - 1.0
06-07 09:44:43.583: I/zygote64(11094): Do full code cache collection, code=1013KB, data=639KB
06-07 09:44:43.584: I/zygote64(11094): After code cache collection, code=951KB, data=551KB
06-07 09:44:43.587: D/MusicLifecycle(12260): com.google.android.music.store.MusicContentProvider generated event: initializing
06-07 09:44:43.590: D/CompatibilityInfo(1597): mCompatibilityFlags - 0
06-07 09:44:43.590: D/CompatibilityInfo(1597): applicationDensity - 320
06-07 09:44:43.590: D/CompatibilityInfo(1597): applicationScale - 1.0
06-07 09:44:43.600: D/CompatibilityInfo(1597): mCompatibilityFlags - 0
06-07 09:44:43.600: D/CompatibilityInfo(1597): applicationDensity - 320
06-07 09:44:43.600: D/CompatibilityInfo(1597): applicationScale - 1.0
06-07 09:44:43.627: W/ADebug(12503): Failed to get property persist.sys.media.traces
06-07 09:44:43.636: D/AndroidRuntime(12503): >>>>>> START com.android.internal.os.RuntimeInit uid 2000 <<<<<<
06-07 09:44:43.666: I/ActivityManager(1597): Start proc 12530:com.google.android.calendar/u0a96 for broadcast com.google.android.calendar/.timely.settings.RecentAndDefaultNotificationsFactory$AccountRemovedBroadcastReceiver
06-07 09:44:43.667: I/ActivityManager(1597): Killing 11154:com.sonyericsson.lockscreen.uxpnxt/u0a118 (adj 906): empty #25
06-07 09:44:43.679: D/PlaybackClient(12260): clearQueue
06-07 09:44:43.680: D/PlaybackClient(12260): Sending intent to service intent=Intent { act=com.google.android.music.clearqueue cmp=com.google.android.music/.playback2.MusicPlaybackService } extras=NULL
06-07 09:44:43.682: D/CompatibilityInfo(1597): mCompatibilityFlags - 0
06-07 09:44:43.682: D/CompatibilityInfo(1597): applicationDensity - 320
06-07 09:44:43.682: D/CompatibilityInfo(1597): applicationScale - 1.0
06-07 09:44:43.690: D/CompatibilityInfo(1597): mCompatibilityFlags - 0
06-07 09:44:43.690: D/CompatibilityInfo(1597): applicationDensity - 320
06-07 09:44:43.690: D/CompatibilityInfo(1597): applicationScale - 1.0
06-07 09:44:43.692: D/MusicLifecycle(12260): com.google.android.music.playback2.MusicPlaybackService generated event: Service created
06-07 09:44:43.692: I/MusicPlaybackService(12260): v2 onCreate
06-07 09:44:43.694: D/CompatibilityInfo(1597): mCompatibilityFlags - 0
06-07 09:44:43.695: D/CompatibilityInfo(1597): applicationDensity - 320
06-07 09:44:43.695: D/CompatibilityInfo(1597): applicationScale - 1.0
06-07 09:44:43.704: V/MediaRouter(12260): Adding route: RouteInfo{ name=Phone, description=null, status=null, category=RouteCategory{ name=System types=ROUTE_TYPE_LIVE_AUDIO ROUTE_TYPE_LIVE_VIDEO  groupable=false }, supportedTypes=ROUTE_TYPE_LIVE_AUDIO ROUTE_TYPE_LIVE_VIDEO , presentationDisplay=null }
06-07 09:44:43.710: V/MediaRouter(12260): Selecting route: RouteInfo{ name=Phone, description=null, status=null, category=RouteCategory{ name=System types=ROUTE_TYPE_LIVE_AUDIO ROUTE_TYPE_LIVE_VIDEO  groupable=false }, supportedTypes=ROUTE_TYPE_LIVE_AUDIO ROUTE_TYPE_LIVE_VIDEO , presentationDisplay=null }
06-07 09:44:43.714: I/MediaRouter(12260): Found default route: MediaRouter.RouteInfo{ uniqueId=android/.support.v7.media.SystemMediaRouteProvider:DEFAULT_ROUTE, name=Phone, description=null, iconUri=null, enabled=true, connecting=false, connectionState=0, canDisconnect=false, playbackType=0, playbackStream=3, deviceType=0, volumeHandling=1, volume=0, volumeMax=15, presentationDisplayId=-1, extras=null, settingsIntent=null, providerPackageName=android }
06-07 09:44:43.714: I/MediaRouter(12260): Unselecting the current route because it is no longer selectable: null
06-07 09:44:43.722: D/AndroidRuntime(12503): Calling main entry com.android.commands.pm.Pm
06-07 09:44:43.730: V/MediaRouterClient(12260): setCallback
06-07 09:44:43.771: I/app_process(12503): System.exit called, status: 0
06-07 09:44:43.772: I/AndroidRuntime(12503): VM exiting with result code 0.
06-07 09:44:43.799: D/CompatibilityInfo(1597): mCompatibilityFlags - 0
06-07 09:44:43.799: D/CompatibilityInfo(1597): applicationDensity - 320
06-07 09:44:43.799: D/CompatibilityInfo(1597): applicationScale - 1.0
06-07 09:44:43.813: D/CompatibilityInfo(1597): mCompatibilityFlags - 0
06-07 09:44:43.813: D/CompatibilityInfo(1597): applicationDensity - 320
06-07 09:44:43.813: D/CompatibilityInfo(1597): applicationScale - 1.0
06-07 09:44:43.819: W/ChimeraUtils(9891): Non Chimera context
06-07 09:44:43.819: W/ChimeraUtils(9891): Non Chimera context
06-07 09:44:43.854: W/avdz(9891): Empty content. Thus might mean that the settings are not synced down.
06-07 09:44:43.856: I/ActivityManager(1597): Start proc 12575:com.android.providers.calendar/u0a23 for content provider com.android.providers.calendar/.CalendarProvider2
06-07 09:44:43.875: D/CompatibilityInfo(1597): mCompatibilityFlags - 10
06-07 09:44:43.875: D/CompatibilityInfo(1597): applicationDensity - 320
06-07 09:44:43.875: D/CompatibilityInfo(1597): applicationScale - 1.0
06-07 09:44:43.875: I/MediaSessionManager(12260): MediaSessionManager created
06-07 09:44:43.884: V/MediaSessionManager(12260): MediaSessionManager being initialized
06-07 09:44:43.912: D/MusicServiceTask(12260): ReloadStateTask ReloadStateTask
06-07 09:44:43.912: D/CompatibilityInfo(1597): mCompatibilityFlags - 0
06-07 09:44:43.912: D/CompatibilityInfo(1597): applicationDensity - 320
06-07 09:44:43.912: D/CompatibilityInfo(1597): applicationScale - 1.0
06-07 09:44:43.912: I/MusicPlaybackService(12260): v2 onBind received with intent Intent { cmp=com.google.android.music/.playback2.MusicPlaybackService }
06-07 09:44:43.912: D/CompatibilityInfo(1597): applicationScale - 1.0
06-07 09:44:43.915: W/ChimeraUtils(9891): Non Chimera context
06-07 09:44:43.915: W/ChimeraUtils(9891): Non Chimera context
06-07 09:44:43.915: V/MediaRouter(12260): Selecting route: RouteInfo{ name=Phone, description=null, status=null, category=RouteCategory{ name=System types=ROUTE_TYPE_LIVE_AUDIO ROUTE_TYPE_LIVE_VIDEO  groupable=false }, supportedTypes=ROUTE_TYPE_LIVE_AUDIO ROUTE_TYPE_LIVE_VIDEO , presentationDisplay=null }
06-07 09:44:43.917: V/MediaRouterClient(12260): MAIN: synchronize
06-07 09:44:43.917: I/CalendarProvider2(12575): Created com.android.providers.calendar.CalendarAlarmManager@b0c3cbc(com.android.providers.calendar.CalendarProvider2@41f5445)
06-07 09:44:43.918: I/TaskManagerImpl(12260): onStartNextTask current task: null
06-07 09:44:43.918: I/TaskManagerImpl(12260): starting next task: com.google.android.music.playback2.tasks.ReloadStateTask@c6af2d1 at time 416303
06-07 09:44:43.919: D/MusicServiceTask(12260): ReloadStateTask submitToBackground: callable=com.google.android.music.playback2.callables.ReloadStateCallable@e2b4136
06-07 09:44:43.922: I/MusicPlaybackService(12260): v2 handle message with intent Intent { act=com.google.android.music.clearqueue cmp=com.google.android.music/.playback2.MusicPlaybackService }
06-07 09:44:43.922: I/MusicPlaybackService(12260): v2 Queuing intent Intent { act=com.google.android.music.clearqueue cmp=com.google.android.music/.playback2.MusicPlaybackService }
06-07 09:44:43.926: D/CallableWrapper(12260): Calling callable=com.google.android.music.playback2.callables.ReloadStateCallable@e2b4136
06-07 09:44:43.947: W/PlaybackServiceState(12260): reload: Can't reload mix descriptor. No valid ID found.
06-07 09:44:43.948: D/PlaybackServiceState(12260): reload: no mix descriptor found
06-07 09:44:43.952: D/CallableWrapper(12260): Finished callable=com.google.android.music.playback2.callables.ReloadStateCallable@e2b4136
06-07 09:44:43.955: D/MusicProfiler(12260): callable: duration=0031ms name=ReloadStateCallable
06-07 09:44:43.956: D/MusicServiceTask(12260): ReloadStateTask Deliver message: taskMessage=[STATE_RELOADED, com.google.android.music.store.LocalPlayQueue@90051a4]
06-07 09:44:43.956: D/MusicServiceTask(12260): ReloadStateTask submitToMainThread: message=[STATE_RELOADED, com.google.android.music.store.LocalPlayQueue@90051a4]
06-07 09:44:43.956: D/MusicServiceTask(12260): ReloadStateTask submitToMainThread: message=[FINISHED, null]
