06-07 09:44:43.957: I/MusicPlaybackService(12260): v2 State reloaded PlaybackServiceState {mQueuePosition=0, mQueueLength=0, mQueueItem=null, mPlayerState=0, mElapsedPlayPosition=0, mMix=null, mRepeatMode=0, mShuffleMode=0, mAdReason=0, mAudioSessionId=-1, mRouteType=0, mIsCurrentTrackFullyBuffered=false, mCastNotificationState=[INACTIVE, Optional.absent(), false], mTrackDownloadProgress=null, mIsSystemGaplessEnabled=true}
06-07 09:44:43.958: D/NowPlayingArt(12260): loadArt called for null
06-07 09:44:43.964: I/MusicPlaybackService(12260): v2 processing queued intent Intent { act=com.google.android.music.clearqueue cmp=com.google.android.music/.playback2.MusicPlaybackService }
06-07 09:44:43.964: I/MusicPlaybackService(12260): v2 onStartCommand: intent=Intent { act=com.google.android.music.clearqueue cmp=com.google.android.music/.playback2.MusicPlaybackService } extras=NULL
06-07 09:44:43.964: I/PlaybackManager(12260): v2 clearQueue
06-07 09:44:43.964: I/PlaybackManager(12260): v2 clearMixDescriptor
06-07 09:44:43.965: D/PlayPositionManager(12260): performing playposition (BEFORE_CLEAR_QUEUE)
06-07 09:44:43.966: I/MusicPlaybackService(12260): v2 onPlayStateChanged: IDLE
06-07 09:44:43.966: I/MusicPlaybackService(12260): v2 handlePlayerStateChanged to IDLE with context null
06-07 09:44:43.967: I/TaskManagerImpl(12260): Task finished: com.google.android.music.playback2.tasks.ReloadStateTask@c6af2d1
06-07 09:44:43.967: D/MusicProfiler(12260): TaskManagerImpl duration=0049ms task=com.google.android.music.playback2.tasks.ReloadStateTask@c6af2d1
06-07 09:44:43.967: I/TaskManagerImpl(12260): onStartNextTask current task: null
06-07 09:44:43.967: I/TaskManagerImpl(12260): starting next task: com.google.android.music.playback2.tasks.ClearQueueTask@9c2e410 at time 416352
06-07 09:44:43.967: D/MusicServiceTask(12260): ClearQueueTask submitToBackground: callable=com.google.android.music.playback2.callables.ClearQueueCallable@dd82b09
06-07 09:44:43.968: D/CallableWrapper(12260): Calling callable=com.google.android.music.playback2.callables.ClearQueueCallable@dd82b09
06-07 09:44:43.969: D/MusicLifecycle(12260): com.google.android.music.playback.NowPlayingHomeWidgetProvider generated event: Broadcast received with context com.google.android.music.ui.PhoneMusicApplication@422d595 and intent Intent { act=com.google.android.music.playback.FORCE_WIDGET_PROVIDER_REFRESH flg=0x10 }
06-07 09:44:43.970: D/MusicPlaybackService(12260): v2 notifyPlayStateChanged
06-07 09:44:43.970: V/BroadcastManager(12260): v2 com.android.music.playstatechanged
06-07 09:44:43.973: D/NowPlayingArt(12260): loadArt called for null
06-07 09:44:43.974: I/TaskManagerImpl(12260): onStartNextTask current task: com.google.android.music.playback2.tasks.ClearQueueTask@9c2e410
06-07 09:44:43.974: D/MusicLifecycle(12260): com.google.android.music.playback2.MusicPlaybackService$4 generated event: Broadcast received with context com.google.android.music.playback2.MusicPlaybackService@47e4f3a and intent Intent { act=com.android.music.playstatechanged flg=0x10000010 (has extras) }
06-07 09:44:43.976: D/MusicLifecycle(12260): com.google.android.music.playback.NowPlayingHomeWidgetProvider generated event: Broadcast received with context com.google.android.music.ui.PhoneMusicApplication@422d595 and intent Intent { act=com.google.android.music.playback.FORCE_WIDGET_PROVIDER_REFRESH flg=0x10 }
06-07 09:44:43.992: I/anoa(9891): Scheduling Phenotype for a PhenotypeSyncImmediately(6, com.google.android.calendar) one off with window [1, 2] in seconds [CONTEXT service_id=51 ]
06-07 09:44:44.006: D/CallableWrapper(12260): Finished callable=com.google.android.music.playback2.callables.ClearQueueCallable@dd82b09
06-07 09:44:44.006: D/MusicProfiler(12260): callable: duration=0039ms name=ClearQueueCallable
06-07 09:44:44.007: W/ADebug(12566): Failed to get property persist.sys.media.traces
06-07 09:44:44.007: I/MusicPlaybackService(12260): v2 handleUpdateQueueState: with state [PlayQueueState: position=-1, length=0, currentItem=null, shuffleMode=0]
06-07 09:44:44.007: D/PlaybackManager(12260): v2 attempt feedQueueIfNeeded queueLength=0 isInCloudQueueMode()=false mIsEndOfFeed=false isRadio()=false
06-07 09:44:44.007: D/MusicPlaybackService(12260): v2 notifyQueueChanged
06-07 09:44:44.007: V/BroadcastManager(12260): v2 com.android.music.queuechanged
06-07 09:44:44.008: W/BroadcastManager(12260): setQueueItemExtras with a null queue item PlaybackServiceState {mQueuePosition=-1, mQueueLength=0, mQueueItem=null, mPlayerState=0, mElapsedPlayPosition=0, mMix=null, mRepeatMode=0, mShuffleMode=0, mAdReason=0, mAudioSessionId=-1, mRouteType=0, mIsCurrentTrackFullyBuffered=false, mCastNotificationState=[INACTIVE, Optional.absent(), false], mTrackDownloadProgress=null, mIsSystemGaplessEnabled=true}
06-07 09:44:44.008: I/PlayCommon(12260): [784] PlayEventLogger.uploadEventsImpl: Preparing logs for uploading
06-07 09:44:44.008: I/PlayCommon(12260): [784] PlayEventLogger.uploadEventsImpl: No file ready to send
06-07 09:44:44.012: D/CompatibilityInfo(1597): mCompatibilityFlags - 0
06-07 09:44:44.012: D/CompatibilityInfo(1597): applicationDensity - 320
06-07 09:44:44.012: D/CompatibilityInfo(1597): applicationScale - 1.0
06-07 09:44:44.014: D/CompatibilityInfo(1597): mCompatibilityFlags - 0
06-07 09:44:44.014: D/CompatibilityInfo(1597): applicationDensity - 320
06-07 09:44:44.014: D/CompatibilityInfo(1597): applicationScale - 1.0
06-07 09:44:44.016: D/AndroidRuntime(12566): >>>>>> START com.android.internal.os.RuntimeInit uid 2000 <<<<<<
06-07 09:44:44.018: D/CompatibilityInfo(1597): mCompatibilityFlags - 0
06-07 09:44:44.018: D/CompatibilityInfo(1597): applicationDensity - 320
06-07 09:44:44.018: D/CompatibilityInfo(1597): applicationScale - 1.0
06-07 09:44:44.019: I/PlaybackManager(12260): v2 prepareNextTrack for position 0
06-07 09:44:44.019: I/PlaybackManager(12260): v2 prepareNextTrack - end of songlist
06-07 09:44:44.019: D/MediaPlayerController(12260): prepareNext null
06-07 09:44:44.019: D/MusicServiceTask(12260): ClearQueueTask Deliver message: taskMessage=[UPDATED_QUEUE_RESULT, null]
06-07 09:44:44.019: D/MusicServiceTask(12260): ClearQueueTask submitToMainThread: message=[UPDATED_QUEUE_RESULT, null]
06-07 09:44:44.020: D/MusicServiceTask(12260): ClearQueueTask submitToMainThread: message=[FINISHED, null]
06-07 09:44:44.021: I/PlaybackManager(12260): v2 onTaskMessage taskMessage=[UPDATED_QUEUE_RESULT, null]
06-07 09:44:44.021: I/MusicPlaybackService(12260): v2 onPlayStateChanged: IDLE
06-07 09:44:44.021: I/MusicPlaybackService(12260): v2 handlePlayerStateChanged to IDLE with context null
06-07 09:44:44.021: I/PlaybackManager(12260): v2 clearMixDescriptor
06-07 09:44:44.021: I/TaskManagerImpl(12260): Task finished: com.google.android.music.playback2.tasks.ClearQueueTask@9c2e410
06-07 09:44:44.021: D/MusicProfiler(12260): TaskManagerImpl duration=0054ms task=com.google.android.music.playback2.tasks.ClearQueueTask@9c2e410
06-07 09:44:44.021: I/TaskManagerImpl(12260): onStartNextTask current task: null
06-07 09:44:44.022: D/MusicPlaybackService(12260): v2 notifyPlayStateChanged
06-07 09:44:44.022: V/BroadcastManager(12260): v2 com.android.music.playstatechanged
06-07 09:44:44.024: D/NowPlayingArt(12260): loadArt called for null
06-07 09:44:44.026: D/MusicLifecycle(12260): com.google.android.music.playback2.MusicPlaybackService$4 generated event: Broadcast received with context com.google.android.music.playback2.MusicPlaybackService@47e4f3a and intent Intent { act=com.android.music.playstatechanged flg=0x10000010 (has extras) }
06-07 09:44:44.028: D/CompatibilityInfo(1597): mCompatibilityFlags - 0
06-07 09:44:44.028: D/CompatibilityInfo(1597): applicationDensity - 320
06-07 09:44:44.028: D/CompatibilityInfo(1597): applicationScale - 1.0
06-07 09:44:44.028: D/MusicLifecycle(12260): com.google.android.music.playback.NowPlayingHomeWidgetProvider generated event: Broadcast received with context com.google.android.music.ui.PhoneMusicApplication@422d595 and intent Intent { act=com.google.android.music.playback.FORCE_WIDGET_PROVIDER_REFRESH flg=0x10 }
06-07 09:44:44.033: D/CompatibilityInfo(1597): mCompatibilityFlags - 0
06-07 09:44:44.033: D/CompatibilityInfo(1597): applicationDensity - 320
06-07 09:44:44.033: D/CompatibilityInfo(1597): applicationScale - 1.0
06-07 09:44:44.081: D/CompatibilityInfo(1597): mCompatibilityFlags - 0
06-07 09:44:44.081: D/CompatibilityInfo(1597): applicationDensity - 320
06-07 09:44:44.081: D/CompatibilityInfo(1597): applicationScale - 1.0
06-07 09:44:44.086: D/CompatibilityInfo(1597): mCompatibilityFlags - 0
06-07 09:44:44.086: D/CompatibilityInfo(1597): applicationDensity - 320
06-07 09:44:44.086: D/CompatibilityInfo(1597): applicationScale - 1.0
06-07 09:44:44.088: W/ActivityManager(1597): Unable to start service Intent { cmp=com.google.android.gm.exchange/com.android.exchange.service.EasService } U=0: not found
06-07 09:44:44.091: D/CompatibilityInfo(1597): mCompatibilityFlags - 0
06-07 09:44:44.091: D/CompatibilityInfo(1597): applicationDensity - 320
06-07 09:44:44.091: D/CompatibilityInfo(1597): applicationScale - 1.0
06-07 09:44:44.103: D/CompatibilityInfo(1597): mCompatibilityFlags - 0
06-07 09:44:44.103: D/CompatibilityInfo(1597): applicationDensity - 320
06-07 09:44:44.103: D/CompatibilityInfo(1597): applicationScale - 1.0
06-07 09:44:44.104: D/AndroidRuntime(12566): Calling main entry com.android.commands.pm.Pm
06-07 09:44:44.107: D/CompatibilityInfo(1597): mCompatibilityFlags - 0
06-07 09:44:44.107: D/CompatibilityInfo(1597): applicationDensity - 320
06-07 09:44:44.107: D/CompatibilityInfo(1597): applicationScale - 1.0
06-07 09:44:44.109: D/CompatibilityInfo(1597): mCompatibilityFlags - 0
06-07 09:44:44.109: D/CompatibilityInfo(1597): applicationDensity - 320
06-07 09:44:44.110: D/CompatibilityInfo(1597): applicationScale - 1.0
06-07 09:44:44.111: W/ChimeraUtils(9891): Non Chimera context
06-07 09:44:44.112: W/ChimeraUtils(9891): Non Chimera context
06-07 09:44:44.116: D/CompatibilityInfo(1597): mCompatibilityFlags - 0
06-07 09:44:44.116: D/CompatibilityInfo(1597): applicationDensity - 320
06-07 09:44:44.116: D/CompatibilityInfo(1597): applicationScale - 1.0
06-07 09:44:44.118: D/CompatibilityInfo(1597): mCompatibilityFlags - 0
06-07 09:44:44.118: D/CompatibilityInfo(1597): applicationDensity - 320
06-07 09:44:44.118: D/CompatibilityInfo(1597): applicationScale - 1.0
06-07 09:44:44.125: D/CompatibilityInfo(1597): mCompatibilityFlags - 0
06-07 09:44:44.125: D/CompatibilityInfo(1597): applicationDensity - 320
06-07 09:44:44.126: D/CompatibilityInfo(1597): applicationScale - 1.0
06-07 09:44:44.144: D/CompatibilityInfo(1597): mCompatibilityFlags - 0
06-07 09:44:44.144: D/CompatibilityInfo(1597): applicationDensity - 320
06-07 09:44:44.144: D/CompatibilityInfo(1597): applicationScale - 1.0
06-07 09:44:44.146: I/BgTaskExecutorImpl(2871): Starting EXCLUSIVE background task process_account_change.
06-07 09:44:44.147: D/CompatibilityInfo(1597): mCompatibilityFlags - 10
06-07 09:44:44.147: D/CompatibilityInfo(1597): applicationDensity - 320
06-07 09:44:44.147: D/CompatibilityInfo(1597): applicationScale - 1.0
06-07 09:44:44.149: I/anoa(9891): Scheduling Phenotype for a PhenotypeSyncImmediately(5, null) one off with window [1, 2] in seconds [CONTEXT service_id=51 ]
06-07 09:44:44.151: D/CompatibilityInfo(1597): mCompatibilityFlags - 10
06-07 09:44:44.151: D/CompatibilityInfo(1597): applicationDensity - 320
06-07 09:44:44.151: D/CompatibilityInfo(1597): applicationScale - 1.0
06-07 09:44:44.162: I/PmtsSwAccountIntentOp(11094): Processing intent action=android.accounts.LOGIN_ACCOUNTS_CHANGED
06-07 09:44:44.169: I/ActivityManager(1597): Start proc 12634:com.google.android.youtube/u0a150 for broadcast com.google.android.youtube/com.google.android.libraries.youtube.account.AccountsChangedReceiver
06-07 09:44:44.172: I/Auth(9891): [AccountStatusChecker] OnDataChanged check: <ELLIDED:-1238769241>
06-07 09:44:44.172: W/SearchService(2871): Abort, client detached.
06-07 09:44:44.177: I/Auth(9891): [AccountStatusChecker] Canceling for <ELLIDED:-1238769241>
06-07 09:44:44.180: I/Auth(9891): [BroadcastManager] Broadcasting account change.
06-07 09:44:44.183: W/WakefulBroadcastReceiv.(9891): No active wake lock id #1
06-07 09:44:44.187: I/PmtsSwAccountIntentOp(11094): Sw accountsLength=1
06-07 09:44:44.205: I/MicroDetectionWorker(2871): Initializing MicroDataManager InitializeType-2, isForced-true, isActivePhoneEnrollment-false isActiveGoogleHomeEnrollment-false
06-07 09:44:44.209: D/CompatibilityInfo(1597): mCompatibilityFlags - 0
06-07 09:44:44.209: D/CompatibilityInfo(1597): applicationDensity - 320
06-07 09:44:44.209: D/CompatibilityInfo(1597): applicationScale - 1.0
06-07 09:44:44.212: D/CompatibilityInfo(1597): mCompatibilityFlags - 0
06-07 09:44:44.212: D/CompatibilityInfo(1597): applicationDensity - 320
06-07 09:44:44.212: D/CompatibilityInfo(1597): applicationScale - 1.0
06-07 09:44:44.248: I/NowOptInSettings(2871): onAccountChanged() : [REDACTED-54]
06-07 09:44:44.257: I/BgTaskExecutorImpl(2871): Starting EXCLUSIVE background task send_gsa_home_request.
06-07 09:44:44.257: D/CompatibilityInfo(1597): mCompatibilityFlags - 0
06-07 09:44:44.257: D/CompatibilityInfo(1597): applicationDensity - 320
06-07 09:44:44.257: D/CompatibilityInfo(1597): applicationScale - 1.0
06-07 09:44:44.260: W/ChimeraUtils(9891): Non Chimera context
06-07 09:44:44.260: W/ChimeraUtils(9891): Non Chimera context
06-07 09:44:44.273: W/NotificationHelper(2871): Received notification with invalid category [null]
06-07 09:44:44.273: W/NotificationHelper(2871): com.google.android.apps.gsa.shared.util.common.f: NotificationHelper: Received notification with invalid category [null]
06-07 09:44:44.273: W/NotificationHelper(2871): 	at com.google.android.apps.gsa.shared.util.common.e.a(SourceFile:58)
06-07 09:44:44.273: W/NotificationHelper(2871): 	at com.google.android.apps.gsa.shared.util.common.e.f(SourceFile:11)
06-07 09:44:44.273: W/NotificationHelper(2871): 	at com.google.android.apps.gsa.shared.o.a.p(SourceFile:6)
06-07 09:44:44.273: W/NotificationHelper(2871): 	at com.google.android.apps.gsa.staticplugins.backgroundretry.a.eT(SourceFile:14)
06-07 09:44:44.273: W/NotificationHelper(2871): 	at com.google.android.apps.gsa.staticplugins.backgroundretry.a.j.onChanged(SourceFile:2)
06-07 09:44:44.273: W/NotificationHelper(2871): 	at com.google.android.apps.gsa.search.core.preferences.d.atv(SourceFile:198)
06-07 09:44:44.273: W/NotificationHelper(2871): 	at com.google.android.apps.gsa.staticplugins.backgroundretry.e.aCt(SourceFile:93)
06-07 09:44:44.273: W/NotificationHelper(2871): 	at com.google.android.apps.gsa.search.core.work.backgroundretry.a.d.doWorkInternal(SourceFile:3)
06-07 09:44:44.273: W/NotificationHelper(2871): 	at com.google.android.apps.gsa.search.core.service.workcontroller.WorkProxy.aL(SourceFile:20)
06-07 09:44:44.273: W/NotificationHelper(2871): 	at com.google.android.apps.gsa.search.core.service.workcontroller.WorkProxy.doWork(SourceFile:10)
06-07 09:44:44.273: W/NotificationHelper(2871): 	at com.google.android.apps.gsa.search.core.service.workcontroller.a.c.a(SourceFile:73)
06-07 09:44:44.273: W/NotificationHelper(2871): 	at com.google.android.apps.gsa.search.core.service.workcontroller.a.e.run(Unknown Source:11)
06-07 09:44:44.273: W/NotificationHelper(2871): 	at com.google.android.apps.gsa.search.core.service.workcontroller.a.c.c(SourceFile:102)
06-07 09:44:44.273: W/NotificationHelper(2871): 	at com.google.android.apps.gsa.search.core.service.workcontroller.a.h.onSuccess(SourceFile:33)
06-07 09:44:44.273: W/NotificationHelper(2871): 	at com.google.common.util.concurrent.ba.run(SourceFile:13)
06-07 09:44:44.273: W/NotificationHelper(2871): 	at com.google.common.util.concurrent.bt.execute(SourceFile:3)
06-07 09:44:44.273: W/NotificationHelper(2871): 	at com.google.common.util.concurrent.d.b(SourceFile:275)
06-07 09:44:44.273: W/NotificationHelper(2871): 	at com.google.common.util.concurrent.d.a(SourceFile:229)
06-07 09:44:44.273: W/NotificationHelper(2871): 	at com.google.common.util.concurrent.d.u(SourceFile:153)
06-07 09:44:44.273: W/NotificationHelper(2871): 	at com.google.common.util.concurrent.q.bP(SourceFile:4)
06-07 09:44:44.273: W/NotificationHelper(2871): 	at com.google.common.util.concurrent.p.run(SourceFile:44)
06-07 09:44:44.273: W/NotificationHelper(2871): 	at com.google.common.util.concurrent.bs.run(SourceFile:3)
06-07 09:44:44.273: W/NotificationHelper(2871): 	at com.google.android.apps.gsa.shared.util.concurrent.au.run(SourceFile:5)
06-07 09:44:44.273: W/NotificationHelper(2871): 	at android.os.Handler.handleCallback(Handler.java:789)
06-07 09:44:44.273: W/NotificationHelper(2871): 	at android.os.Handler.dispatchMessage(Handler.java:98)
06-07 09:44:44.273: W/NotificationHelper(2871): 	at android.os.Looper.loop(Looper.java:251)
06-07 09:44:44.273: W/NotificationHelper(2871): 	at android.app.ActivityThread.main(ActivityThread.java:6572)
06-07 09:44:44.273: W/NotificationHelper(2871): 	at java.lang.reflect.Method.invoke(Native Method)
06-07 09:44:44.273: W/NotificationHelper(2871): 	at com.android.internal.os.Zygote$MethodAndArgsCaller.run(Zygote.java:240)
06-07 09:44:44.273: W/NotificationHelper(2871): 	at com.android.internal.os.ZygoteInit.main(ZygoteInit.java:767)
06-07 09:44:44.273: I/WebViewFactory(2871): Loading com.android.chrome version 65.0.3325.109 (code 332510952)
06-07 09:44:44.292: I/GamesDatabaseHelper(11094): Bootstrapping database version: 2302
06-07 09:44:44.303: E/PhoneInterfaceManager(2113): [PhoneIntfMgr] getIccId: ICC ID is null or empty.
06-07 09:44:44.310: D/TelephonyProvider(2113): subIdString = 2147483643 subId = 2147483643
06-07 09:44:44.310: D/TelephonyProvider(2113): getPreferredApnIdFromApn: for subId 2147483643
06-07 09:44:44.316: W/YouTube(12634): Fetching the Gservices key 'failsafe_clear_cache_release_13_02' before the end of the bulk initialization
06-07 09:44:44.326: D/CompatibilityInfo(1597): mCompatibilityFlags - 0
06-07 09:44:44.326: D/CompatibilityInfo(1597): applicationDensity - 320
06-07 09:44:44.326: D/CompatibilityInfo(1597): applicationScale - 1.0
06-07 09:44:44.329: W/SystemServiceRegistry(11094): No service published for: fingerprint
06-07 09:44:44.330: I/Icing(11094): IndexChimeraService.getServiceInterface callingPackage=com.google.android.googlequicksearchbox componentName=null serviceId=36
06-07 09:44:44.365: W/YouTube(12634): Fetching the Gservices key 'disable_binder_callback_flush' before the end of the bulk initialization
06-07 09:44:44.366: W/YouTube(12634): Fetching the Gservices key 'disable_native_cronet' before the end of the bulk initialization
06-07 09:44:44.396: I/Icing(11094): updateResources: need to parse acgz{com.google.android.googlequicksearchbox}
06-07 09:44:44.420: W/Icing(11094): Package com.google.android.googlequicksearchbox Corpus suggest_query Version 0 failed appdatasearch-corpus-whitelist
06-07 09:44:44.435: W/NotificationHelper(2871): Received notification with invalid category [null]
06-07 09:44:44.435: W/NotificationHelper(2871): com.google.android.apps.gsa.shared.util.common.f: NotificationHelper: Received notification with invalid category [null]
06-07 09:44:44.435: W/NotificationHelper(2871): 	at com.google.android.apps.gsa.shared.util.common.e.a(SourceFile:58)
06-07 09:44:44.435: W/NotificationHelper(2871): 	at com.google.android.apps.gsa.shared.util.common.e.f(SourceFile:11)
06-07 09:44:44.435: W/NotificationHelper(2871): 	at com.google.android.apps.gsa.shared.o.a.p(SourceFile:6)
06-07 09:44:44.435: W/NotificationHelper(2871): 	at com.google.android.apps.gsa.staticplugins.backgroundretry.a.eT(SourceFile:14)
06-07 09:44:44.435: W/NotificationHelper(2871): 	at com.google.android.apps.gsa.staticplugins.backgroundretry.a.j.onChanged(SourceFile:2)
06-07 09:44:44.435: W/NotificationHelper(2871): 	at com.google.android.apps.gsa.search.core.preferences.d.atv(SourceFile:198)
06-07 09:44:44.435: W/NotificationHelper(2871): 	at com.google.android.apps.gsa.staticplugins.backgroundretry.b.a.by(SourceFile:196)
06-07 09:44:44.435: W/NotificationHelper(2871): 	at com.google.android.apps.gsa.staticplugins.backgroundretry.b.a.delete(SourceFile:87)
06-07 09:44:44.435: W/NotificationHelper(2871): 	at com.google.android.apps.gsa.contentprovider.b.f.call(Unknown Source:12)
06-07 09:44:44.435: W/NotificationHelper(2871): 	at com.google.android.apps.gsa.contentprovider.b.i.call(Unknown Source:2)
06-07 09:44:44.435: W/NotificationHelper(2871): 	at com.google.android.libraries.gsa.runner.a.a.d(SourceFile:27)
06-07 09:44:44.435: W/NotificationHelper(2871): 	at com.google.android.libraries.gsa.runner.a.d.call(Unknown Source:4)
06-07 09:44:44.435: W/NotificationHelper(2871): 	at java.util.concurrent.FutureTask.run(FutureTask.java:266)
06-07 09:44:44.435: W/NotificationHelper(2871): 	at java.util.concurrent.Executors$RunnableAdapter.call(Executors.java:457)
06-07 09:44:44.435: W/NotificationHelper(2871): 	at java.util.concurrent.FutureTask.run(FutureTask.java:266)
06-07 09:44:44.435: W/NotificationHelper(2871): 	at com.google.android.apps.gsa.shared.util.concurrent.b.g.run(Unknown Source:4)
06-07 09:44:44.435: W/NotificationHelper(2871): 	at com.google.android.apps.gsa.shared.util.concurrent.b.au.run(SourceFile:4)
06-07 09:44:44.435: W/NotificationHelper(2871): 	at com.google.android.apps.gsa.shared.util.concurrent.b.au.run(SourceFile:4)
06-07 09:44:44.435: W/NotificationHelper(2871): 	at java.util.concurrent.ThreadPoolExecutor.runWorker(ThreadPoolExecutor.java:1162)
06-07 09:44:44.435: W/NotificationHelper(2871): 	at java.util.concurrent.ThreadPoolExecutor$Worker.run(ThreadPoolExecutor.java:636)
06-07 09:44:44.435: W/NotificationHelper(2871): 	at java.lang.Thread.run(Thread.java:764)
06-07 09:44:44.435: W/NotificationHelper(2871): 	at com.google.android.apps.gsa.shared.util.concurrent.b.i.run(SourceFile:6)
06-07 09:44:44.439: W/OptInChecker(2871): Missing cached UDC setting for AUDIO_HISTORY
06-07 09:44:44.439: W/OptInChecker(2871): Missing cached UDC setting for DEVICE_STATE_AND_CONTENT
06-07 09:44:44.439: W/OptInChecker(2871): Missing cached UDC setting for LOCATION_HISTORY_AND_REPORTING
06-07 09:44:44.440: W/OptInChecker(2871): Missing cached UDC setting for NOW_CARDS
06-07 09:44:44.440: W/OptInChecker(2871): Missing cached UDC setting for NOW_NOTIFICATIONS
06-07 09:44:44.440: W/OptInChecker(2871): Missing cached UDC setting for WEB_HISTORY
06-07 09:44:44.440: W/OptInChecker(2871): Missing cached UDC setting for WEB_AND_APP_HISTORY
06-07 09:44:44.440: W/OptInChecker(2871): Missing cached UDC setting for CHROME_HISTORY_SYNC
06-07 09:44:44.445: I/BgTaskExecutorImpl(2871): Starting EXCLUSIVE background task clear_training_data.
06-07 09:44:44.451: D/CompatibilityInfo(1597): mCompatibilityFlags - 0
06-07 09:44:44.451: D/CompatibilityInfo(1597): applicationDensity - 320
06-07 09:44:44.451: D/CompatibilityInfo(1597): applicationScale - 1.0
06-07 09:44:44.480: W/OptInChecker(2871): Missing cached UDC setting for AUDIO_HISTORY
06-07 09:44:44.480: W/OptInChecker(2871): Missing cached UDC setting for DEVICE_STATE_AND_CONTENT
06-07 09:44:44.480: W/OptInChecker(2871): Missing cached UDC setting for LOCATION_HISTORY_AND_REPORTING
06-07 09:44:44.480: W/OptInChecker(2871): Missing cached UDC setting for NOW_CARDS
06-07 09:44:44.481: W/OptInChecker(2871): Missing cached UDC setting for NOW_NOTIFICATIONS
06-07 09:44:44.481: W/OptInChecker(2871): Missing cached UDC setting for WEB_HISTORY
06-07 09:44:44.481: W/ResourceType(1597): ResTable_typeSpec entry count inconsistent: given 186, previously 189
06-07 09:44:44.481: W/ResourceType(1597): ResTable_typeSpec entry count inconsistent: given 180, previously 740
06-07 09:44:44.481: W/OptInChecker(2871): Missing cached UDC setting for WEB_AND_APP_HISTORY
06-07 09:44:44.481: W/SearchService(2871): Abort, client detached.
06-07 09:44:44.481: I/chatty(2871): uid=10081(u0_a81) com.google.android.googlequicksearchbox:search identical 1 line
06-07 09:44:44.481: W/SearchService(2871): Abort, client detached.
06-07 09:44:44.482: W/OptInChecker(2871): Missing cached UDC setting for CHROME_HISTORY_SYNC
06-07 09:44:44.486: W/PackageParser(1597): Unknown element under <manifest>: module at /data/app/vmdl1218236794.tmp/base.apk Binary XML file line #14
06-07 09:44:44.487: W/ResourceType(1597): For resource 0x7f100110, entry index(272) is beyond type entryCount(180)
06-07 09:44:44.488: I/chatty(1597): uid=1000(system) PackageManager identical 2 lines
06-07 09:44:44.488: W/ResourceType(1597): For resource 0x7f100110, entry index(272) is beyond type entryCount(180)
06-07 09:44:44.488: W/ResourceType(1597): For resource 0x7f1001fc, entry index(508) is beyond type entryCount(180)
06-07 09:44:44.496: W/OptInChecker(2871): Missing cached UDC setting for WEB_HISTORY
06-07 09:44:44.497: W/YouTube(12634): ECatcher disabled: level: ERROR, category: logging, message: Failed delayed event dispatch, no dispatchers.
06-07 09:44:44.497: W/YouTube(12634): java.lang.Exception
06-07 09:44:44.497: W/YouTube(12634): 	at aarc.a(SourceFile:3)
06-07 09:44:44.497: W/YouTube(12634): 	at aapc.c(SourceFile:97)
06-07 09:44:44.497: W/YouTube(12634): 	at aapk.run(Unknown Source:2)
06-07 09:44:44.497: W/YouTube(12634): 	at java.util.concurrent.Executors$RunnableAdapter.call(Executors.java:457)
06-07 09:44:44.497: W/YouTube(12634): 	at java.util.concurrent.FutureTask.run(FutureTask.java:266)
06-07 09:44:44.497: W/YouTube(12634): 	at java.util.concurrent.ScheduledThreadPoolExecutor$ScheduledFutureTask.run(ScheduledThreadPoolExecutor.java:301)
06-07 09:44:44.497: W/YouTube(12634): 	at java.util.concurrent.ThreadPoolExecutor.runWorker(ThreadPoolExecutor.java:1162)
06-07 09:44:44.497: W/YouTube(12634): 	at java.util.concurrent.ThreadPoolExecutor$Worker.run(ThreadPoolExecutor.java:636)
06-07 09:44:44.497: W/YouTube(12634): 	at tke.run(SourceFile:24)
06-07 09:44:44.497: W/YouTube(12634): 	at java.lang.Thread.run(Thread.java:764)
06-07 09:44:44.497: I/PackageManager.DexOptimizer(1597): Running dexopt (dexoptNeeded=1) on: /data/app/vmdl1218236794.tmp/base.apk pkg=com.antarticstudio.catify isa=arm64 dexoptFlags=boot_complete,public target-filter=quicken oatDir=/data/app/vmdl1218236794.tmp/oat sharedLibraries=null
06-07 09:44:44.516: D/MusicProfiler(12260): http: duration=0268ms uri=https://mclients.googleapis.com/sj/v2.5/config?hl=en_US&tier=none&dv=67731&client-build-type=PROD&alt=json&max-results=0
06-07 09:44:44.518: I/zygote64(2871): Do partial code cache collection, code=92KB, data=68KB
06-07 09:44:44.519: I/zygote64(2871): After code cache collection, code=92KB, data=68KB
06-07 09:44:44.519: I/zygote64(2871): Increasing code cache capacity to 512KB
06-07 09:44:44.543: I/cr_LibraryLoader(2871): Time to load native libraries: 23 ms (timestamps 6904-6927)
06-07 09:44:44.550: W/ActivityManager(1597): Background start not allowed: service Intent { act=com.google.firebase.INSTANCE_ID_EVENT pkg=com.google.android.youtube cmp=com.google.android.youtube/com.google.firebase.iid.FirebaseInstanceIdService (has extras) } to com.google.android.youtube/com.google.firebase.iid.FirebaseInstanceIdService from pid=12634 uid=10150 pkg=com.google.android.youtube
06-07 09:44:44.550: E/FirebaseInstanceId(12634): Failed to start service while in background: java.lang.IllegalStateException: Not allowed to start service Intent { act=com.google.firebase.INSTANCE_ID_EVENT pkg=com.google.android.youtube cmp=com.google.android.youtube/com.google.firebase.iid.FirebaseInstanceIdService (has extras) }: app is in background uid UidRecord{e1892ea u0a150 RCVR idle procs:1 seq(0,0,0)}
06-07 09:44:44.552: I/dex2oat(12720): /system/bin/dex2oat --input-vdex-fd=-1 --output-vdex-fd=16 --compiler-filter=quicken --classpath-dir=/data/app/vmdl1218236794.tmp
06-07 09:44:44.592: I/chromium(2871): [INFO:library_loader_hooks.cc(36)] Chromium logging enabled: level = 0, default verbosity = 0
06-07 09:44:44.593: I/cr_LibraryLoader(2871): Expected native library version number "65.0.3325.109", actual native library version number "65.0.3325.109"
06-07 09:44:44.657: I/GmsCoreXrpcWrapper(11094): Returning a channel provider with trafficStatsTag=12803
06-07 09:44:44.680: D/CompatibilityInfo(1597): mCompatibilityFlags - 0
06-07 09:44:44.680: D/CompatibilityInfo(1597): applicationDensity - 320
06-07 09:44:44.680: D/CompatibilityInfo(1597): applicationScale - 1.0
06-07 09:44:44.727: V/NativeCrypto(12634): Registering com/google/android/gms/org/conscrypt/NativeCrypto's 286 native methods...
06-07 09:44:44.734: W/zygote64(12634): Skipping duplicate class check due to unrecognized classloader
06-07 09:44:44.737: I/DynamiteModule(12634): Considering local module com.google.android.gms.ads.dynamite:0 and remote module com.google.android.gms.ads.dynamite:21600
06-07 09:44:44.737: I/DynamiteModule(12634): Selected remote version of com.google.android.gms.ads.dynamite, version >= 21600
06-07 09:44:44.738: D/NetworkSecurityConfig(12634): No Network Security Config specified, using platform default
06-07 09:44:44.760: I/DynamiteLoaderV2(12634): [71] AdsFdrDynamite.integ
06-07 09:44:44.830: W/zygote64(12634): Skipping duplicate class check due to unrecognized classloader
06-07 09:44:44.842: I/ConfigSyncHelper(12260): User gained Woodstock.
06-07 09:44:44.843: I/ConfigSyncHelper(12260): Nautilus trial became available.
06-07 09:44:44.843: I/ConfigSyncHelper(12260): Nautilus purchase became available.
06-07 09:44:44.854: I/MusicExperimentManager(12260): Received config change, experiments list is 12600335,12600357,12600390,12600394,12600397,12600426,12600428,12600430,12600444,12600465,12600466,12600467,12600506,12600526,12600530,12600536,12602068,12604244,12604245,12604246,12611729,12612165,12612247,12616614,12616615,12617467,12619023,12619033,12619127,12620830,12625361,12625500,12625941,12626008,12626945,12627281,12627951,12628654,12629142,12629667,12630065,12630209,12631091,12632064,12632720,12633320,12634000,12635028,12635213,12636020,12641074,12641836,12641837,12642809,12643537,12648818,12649047,12650284,12650285,12652170,12653224,12653393,12653567,12655808,12656567,12657925,12658555,12658847,12660587,12664007,12664178,12664317,12664580,12667660,12669086,12669482,12671098,12671859,12672324,12672325,12672782,12673278,12673485,12673574,20350003,20350004,20350006
06-07 09:44:44.884: I/ProviderInstaller(12634): Installed default security provider GmsCore_OpenSSL
06-07 09:44:44.887: D/DynamitePackage(12634): Instantiated singleton DynamitePackage.
06-07 09:44:44.887: D/DynamitePackage(12634): Instantiating com.google.android.gms.ads.adshield.ChimeraAdShieldCreatorImpl
06-07 09:44:44.904: I/zygote64(12260): Deoptimizing int com.google.common.collect.Hashing.smearedHash(java.lang.Object) due to JIT inline cache
06-07 09:44:44.906: D/CompatibilityInfo(1597): mCompatibilityFlags - 0
06-07 09:44:44.906: D/CompatibilityInfo(1597): applicationDensity - 320
06-07 09:44:44.906: D/CompatibilityInfo(1597): applicationScale - 1.0
06-07 09:44:44.939: D/CompatibilityInfo(1597): mCompatibilityFlags - 0
06-07 09:44:44.940: D/CompatibilityInfo(1597): applicationDensity - 320
06-07 09:44:44.940: D/CompatibilityInfo(1597): applicationScale - 1.0
06-07 09:44:44.961: I/dex2oat(12763): /system/bin/dex2oat --dex-file=/data/data/com.google.android.youtube/cache/1584479576572.jar --output-vdex-fd=75 --oat-fd=76 --oat-location=/data/data/com.google.android.youtube/cache/oat/arm64/1584479576572.odex --compiler-filter=quicken
06-07 09:44:45.029: D/AwarenessRouter(12260): 0 new fences
06-07 09:44:45.031: I/Auth(9891): [AccountStatusChecker] OnDataChanged check: <ELLIDED:-1238769241>
06-07 09:44:45.037: D/AwarenessRouter(12260): 0 fences already registered
06-07 09:44:45.042: D/AwarenessRouter(12260): Successfully removed 0 context fences
06-07 09:44:45.148: D/CompatibilityInfo(1597): mCompatibilityFlags - 0
06-07 09:44:45.148: D/CompatibilityInfo(1597): applicationDensity - 320
06-07 09:44:45.148: D/CompatibilityInfo(1597): applicationScale - 1.0
06-07 09:44:45.165: D/CompatibilityInfo(1597): mCompatibilityFlags - 0
06-07 09:44:45.165: D/CompatibilityInfo(1597): applicationDensity - 320
06-07 09:44:45.165: D/CompatibilityInfo(1597): applicationScale - 1.0
06-07 09:44:45.176: I/zygote64(11094): Deoptimizing java.lang.Object xl.put(java.lang.Object, java.lang.Object) due to JIT inline cache
06-07 09:44:45.176: I/zygote64(11094): Deoptimizing android.os.IBinder qww.onBind(android.content.Intent) due to JIT inline cache
06-07 09:44:45.197: I/ActivityManager(1597): Start proc 12784:com.google.android.play.games.ui/u0a40 for content provider com.google.android.gms/.games.provider.NotificationStubContentProvider
06-07 09:44:45.203: I/Auth(9891): [AccountStatusChecker] Canceling for <ELLIDED:-1238769241>
06-07 09:44:45.218: D/CompatibilityInfo(1597): mCompatibilityFlags - 0
06-07 09:44:45.218: D/CompatibilityInfo(1597): applicationDensity - 320
06-07 09:44:45.218: D/CompatibilityInfo(1597): applicationScale - 1.0
06-07 09:44:45.220: D/CompatibilityInfo(1597): mCompatibilityFlags - 0
06-07 09:44:45.220: D/CompatibilityInfo(1597): applicationDensity - 320
06-07 09:44:45.220: D/CompatibilityInfo(1597): applicationScale - 1.0
06-07 09:44:45.222: W/DynamiteModule(11094): Local module descriptor class for com.google.android.gms.googlecertificates not found.
06-07 09:44:45.222: D/MusicContentProvider(12260): Enabling sync for Account {name=LTF7ONYMDNJYX7GB4F4RTMVU4Q-01@cloudtestlabaccounts.com, type=com.google}
06-07 09:44:45.224: E/GCoreUlr(9891): Create new device tag of 1705049319 without device reboot
06-07 09:44:45.224: I/DynamiteModule(11094): Considering local module com.google.android.gms.googlecertificates:0 and remote module com.google.android.gms.googlecertificates:4
06-07 09:44:45.224: I/DynamiteModule(11094): Selected remote version of com.google.android.gms.googlecertificates, version >= 4
06-07 09:44:45.309: W/DynamiteModule(12784): Local module descriptor class for providerinstaller not found.
06-07 09:44:45.317: D/MusicLifecycle(12260): com.google.android.music.download.EncapsulatedBroadcastReceiver$1 generated event: Broadcast received with context com.google.android.music.ui.PhoneMusicApplication@422d595 and intent Intent { act=com.google.android.music.accountchanged flg=0x10 (has extras) }
06-07 09:44:45.318: D/MusicLifecycle(12260): com.google.android.music.download.EncapsulatedBroadcastReceiver$1 generated event: Broadcast received with context com.google.android.music.ui.PhoneMusicApplication@422d595 and intent Intent { act=com.google.android.music.accountchanged flg=0x10 (has extras) }
06-07 09:44:45.318: I/GcmRegistrationTask(12260): Starting 'com.google.android.music.sync.google.MusicGcmTaskService
06-07 09:44:45.320: W/ProviderHelper(12784): Unknown dynamite feature providerinstaller
06-07 09:44:45.322: D/MusicLifecycle(12260): com.google.android.music.awareness.AwarenessRouter$2 generated event: Broadcast received with context com.google.android.music.ui.PhoneMusicApplication@422d595 and intent Intent { act=com.google.android.music.accountchanged flg=0x10 (has extras) }
06-07 09:44:45.323: D/MusicLifecycle(12260): com.google.android.music.eventlog.MusicEventLogger$1 generated event: Broadcast received with context com.google.android.music.ui.PhoneMusicApplication@422d595 and intent Intent { act=com.google.android.music.accountchanged flg=0x10 (has extras) }
06-07 09:44:45.323: D/MusicLifecycle(12260): com.google.android.music.cast.CastTokenClientImpl$1 generated event: Broadcast received with context com.google.android.music.playback2.MusicPlaybackService@47e4f3a and intent Intent { act=com.google.android.music.accountchanged flg=0x10 (has extras) }
06-07 09:44:45.325: I/DynamiteModule(12784): Considering local module providerinstaller:0 and remote module providerinstaller:0
06-07 09:44:45.325: W/ProviderInstaller(12784): Failed to load providerinstaller module: No acceptable module found. Local version is 0 and remote version is 0.
06-07 09:44:45.329: V/NativeCrypto(12784): Registering com/google/android/gms/org/conscrypt/NativeCrypto's 286 native methods...
06-07 09:44:45.329: I/dex2oat(12763): dex2oat took 369.445ms (113.587ms cpu) (threads: 8) arena alloc=14KB (15208B) java alloc=48KB (49168B) native alloc=1058KB (1083704B) free=2MB (2586312B)
06-07 09:44:45.334: D/AwarenessRouter(12260): 0 new fences
06-07 09:44:45.339: D/AwarenessRouter(12260): 0 fences already registered
06-07 09:44:45.346: W/zygote64(12634): Skipping duplicate class check due to unrecognized classloader
06-07 09:44:45.348: D/AwarenessRouter(12260): Successfully removed 0 context fences
06-07 09:44:45.350: D/NetworkSecurityConfig(12784): Using Network Security Config from resource network_security_config debugBuild: false
06-07 09:44:45.352: I/ProviderInstaller(12784): Installed default security provider GmsCore_OpenSSL
06-07 09:44:45.363: I/Safeboot(12784): Checking safeboot...
06-07 09:44:45.364: I/Safeboot(12784): Not entering safeboot; wrong process.
06-07 09:44:45.402: W/bdkd(12784): Primes not initialized, returning default (no-op) Primes instance which will ignore all calls. Please call Primes.initialize(...) before using any Primes API.
06-07 09:44:45.428: I/zygote64(12784): Do partial code cache collection, code=25KB, data=23KB
06-07 09:44:45.428: I/zygote64(12784): After code cache collection, code=25KB, data=23KB
06-07 09:44:45.428: I/zygote64(12784): Increasing code cache capacity to 128KB
06-07 09:44:45.428: I/zygote64(12784): Compiler allocated 4MB to compile void tel.d(android.content.Context)
06-07 09:44:45.463: D/CompatibilityInfo(1597): mCompatibilityFlags - 0
06-07 09:44:45.464: D/CompatibilityInfo(1597): applicationDensity - 320
06-07 09:44:45.464: D/CompatibilityInfo(1597): applicationScale - 1.0
06-07 09:44:45.469: I/MediaStoreImportHelper(12260): Skipping media store import due to missing read permission
06-07 09:44:45.479: I/Icing(11094): IndexChimeraService.getServiceInterface callingPackage=com.google.android.gms componentName=null serviceId=30
06-07 09:44:45.517: I/Icing(11094): Usage reports ok 1, Failed Usage reports 0, indexed 0, rejected 0
06-07 09:44:45.520: I/Auth(9891): [AccountStatusChecker] OnDataChanged check: <ELLIDED:-1238769241>
06-07 09:44:45.534: I/GmsCoreXrpcWrapper(11094): Returning a channel provider with trafficStatsTag=12803
06-07 09:44:45.549: I/zygote64(12784): Compiler allocated 4MB to compile void tel.d(android.content.Context)
06-07 09:44:45.551: I/Icing(11094): Usage reports ok 0, Failed Usage reports 0, indexed 0, rejected 0
06-07 09:44:45.611: E/Backup(9891): [BackupTransportMigratorChimeraService] Could not migrate transport!
06-07 09:44:45.612: I/Backup(9891): [BackupTransportMigratorChimeraService] Starting migration...
06-07 09:44:45.664: I/Auth(9891): [AccountStatusChecker] Canceling for <ELLIDED:-1238769241>
06-07 09:44:45.757: I/ActivityManager(1597): Start proc 12832:com.sonyericsson.album/u0a79 for broadcast com.sonyericsson.album/.online.accounts.AccountReceiver
06-07 09:44:45.758: I/ActivityManager(1597): Killing 2052:com.sonymobile.themes.xperialoops2/u0a177 (adj 906): empty #25
06-07 09:44:45.763: D/CompatibilityInfo(1597): mCompatibilityFlags - 0
06-07 09:44:45.764: D/CompatibilityInfo(1597): applicationDensity - 320
06-07 09:44:45.764: D/CompatibilityInfo(1597): applicationScale - 1.0
06-07 09:44:45.766: D/MusicLifecycle(12260): com.google.android.music.sync.SyncAdapterService generated event: Service created
06-07 09:44:45.771: E/SyncManager(1597): Job params not found for 108710
06-07 09:44:45.778: D/CompatibilityInfo(1597): mCompatibilityFlags - 0
06-07 09:44:45.778: D/CompatibilityInfo(1597): applicationDensity - 320
06-07 09:44:45.778: D/CompatibilityInfo(1597): applicationScale - 1.0
06-07 09:44:45.779: D/MusicLifecycle(12260): com.google.android.music.sync.SyncAdapterService generated event: Service destroyed
06-07 09:44:45.788: D/NetworkSecurityConfig(2871): Using Network Security Config from resource network_security_config debugBuild: false
06-07 09:44:45.792: W/ActivityManager(1597): setHasOverlayUi called on unknown pid: 2052
06-07 09:44:45.798: D/CompatibilityInfo(1597): mCompatibilityFlags - 0
06-07 09:44:45.798: D/CompatibilityInfo(1597): applicationDensity - 320
06-07 09:44:45.798: D/CompatibilityInfo(1597): applicationScale - 1.0
06-07 09:44:45.799: D/MusicLifecycle(12260): com.google.android.music.sync.SyncAdapterService generated event: Service created
06-07 09:44:45.810: D/CompatibilityInfo(1597): mCompatibilityFlags - 10
06-07 09:44:45.811: D/CompatibilityInfo(1597): applicationDensity - 320
06-07 09:44:45.811: D/CompatibilityInfo(1597): applicationScale - 1.0
06-07 09:44:45.816: D/CompatibilityInfo(1597): mCompatibilityFlags - 10
06-07 09:44:45.816: D/CompatibilityInfo(1597): applicationDensity - 320
06-07 09:44:45.816: D/CompatibilityInfo(1597): applicationScale - 1.0
06-07 09:44:45.823: D/MusicLifecycle(12260): com.google.android.music.sync.google.MusicSyncAdapter generated event: Sync started
06-07 09:44:45.836: W/System(12832): ClassLoader referenced unknown path: /system/framework/com.sonymobile.photoanalyzer_impl.jar
06-07 09:44:45.838: W/System(12832): ClassLoader referenced unknown path: /system/framework/com.sonymobile.drmstream_impl.jar
06-07 09:44:45.878: I/MultiDex(12832): VM with version 2.1.0 has multidex support
06-07 09:44:45.878: I/MultiDex(12832): install
06-07 09:44:45.878: I/MultiDex(12832): VM has multidex support, MultiDex support library is disabled.
06-07 09:44:45.878: I/MultiDex(12832): install
06-07 09:44:45.878: I/MultiDex(12832): VM has multidex support, MultiDex support library is disabled.
06-07 09:44:45.881: W/Conscrypt(11094): Could not set socket write timeout: java.net.SocketException: Socket closed
06-07 09:44:45.881: W/Conscrypt(11094): 	at com.google.android.gms.org.conscrypt.Platform.setSocketWriteTimeout(:com.google.android.gms@200914019@20.09.14 (040400-300565878):2)
06-07 09:44:45.881: W/Conscrypt(11094): 	at com.google.android.gms.org.conscrypt.ConscryptFileDescriptorSocket.setSoWriteTimeout(:com.google.android.gms@200914019@20.09.14 (040400-300565878):0)
06-07 09:44:45.896: I/anol(9891): Removed 0 invalid users [CONTEXT service_id=51 ]
06-07 09:44:45.899: W/Conscrypt(11094): Could not set socket write timeout: java.net.SocketException: Socket closed
06-07 09:44:45.900: W/Conscrypt(11094): 	at com.google.android.gms.org.conscrypt.Platform.setSocketWriteTimeout(:com.google.android.gms@200914019@20.09.14 (040400-300565878):2)
06-07 09:44:45.900: W/Conscrypt(11094): 	at com.google.android.gms.org.conscrypt.ConscryptFileDescriptorSocket.setSoWriteTimeout(:com.google.android.gms@200914019@20.09.14 (040400-300565878):0)
06-07 09:44:45.900: D/CompatibilityInfo(1597): mCompatibilityFlags - 0
06-07 09:44:45.900: D/CompatibilityInfo(1597): applicationDensity - 320
06-07 09:44:45.900: D/CompatibilityInfo(1597): applicationScale - 1.0
06-07 09:44:45.932: I/VoiceUnlockApiWrapper(2871): Settings voice unlock to : false
06-07 09:44:45.940: D/CompatibilityInfo(1597): mCompatibilityFlags - 0
06-07 09:44:45.940: D/CompatibilityInfo(1597): applicationDensity - 320
06-07 09:44:45.940: D/CompatibilityInfo(1597): applicationScale - 1.0
06-07 09:44:45.948: D/CompatibilityInfo(1597): mCompatibilityFlags - 10
06-07 09:44:45.948: D/CompatibilityInfo(1597): applicationDensity - 320
06-07 09:44:45.948: D/CompatibilityInfo(1597): applicationScale - 1.0
06-07 09:44:45.950: D/CompatibilityInfo(1597): mCompatibilityFlags - 10
06-07 09:44:45.950: D/CompatibilityInfo(1597): applicationDensity - 320
06-07 09:44:45.950: D/CompatibilityInfo(1597): applicationScale - 1.0
06-07 09:44:45.952: I/Phonebook(5447): PresetContactsReceiver: Log.java:74:i: action = android.accounts.LOGIN_ACCOUNTS_CHANGED
06-07 09:44:45.952: I/Phonebook(5447): PresetContactsReceiver: Log.java:74:i: isDocomo = false
06-07 09:44:45.953: I/Phonebook(5447): PresetContactsReceiver: Log.java:74:i: isSetupwizardCompleted = true
06-07 09:44:45.954: I/Phonebook(5447): PresetContactsReceiver: Log.java:74:i: beforeState = 1 afterState = 1
06-07 09:44:45.957: W/GoogleTagManager(12832): Failed to extract the container from the resource file. Resource is a UTF-8 encoded string but doesn't contain a JSON container
06-07 09:44:45.958: W/Conscrypt(9891): Could not set socket write timeout: java.net.SocketException: Socket closed
06-07 09:44:45.958: W/Conscrypt(9891): 	at com.google.android.gms.org.conscrypt.Platform.setSocketWriteTimeout(:com.google.android.gms@200914019@20.09.14 (040400-300565878):2)
06-07 09:44:45.958: W/Conscrypt(9891): 	at com.google.android.gms.org.conscrypt.ConscryptFileDescriptorSocket.setSoWriteTimeout(:com.google.android.gms@200914019@20.09.14 (040400-300565878):0)
06-07 09:44:45.960: I/zygote64(12832): Looking for service vendor.semc.system.idd.fallback@1.0::IIddFallback/default
06-07 09:44:45.961: I/zygote64(12832): Starting thread pool.
06-07 09:44:45.963: I/Phonebook(5447): PresetContactsReceiver: Log.java:74:i: If SIM is not ready, don't try to preset contacts.
06-07 09:44:45.963: D/CompatibilityInfo(1597): mCompatibilityFlags - 10
06-07 09:44:45.963: D/CompatibilityInfo(1597): applicationDensity - 320
06-07 09:44:45.964: D/CompatibilityInfo(1597): applicationScale - 1.0
06-07 09:44:45.966: D/CompatibilityInfo(1597): mCompatibilityFlags - 10
06-07 09:44:45.966: D/CompatibilityInfo(1597): applicationDensity - 320
06-07 09:44:45.966: D/CompatibilityInfo(1597): applicationScale - 1.0
06-07 09:44:45.969: W/Conscrypt(9891): Could not set socket write timeout: java.net.SocketException: Socket closed
06-07 09:44:45.969: W/Conscrypt(9891): 	at com.google.android.gms.org.conscrypt.Platform.setSocketWriteTimeout(:com.google.android.gms@200914019@20.09.14 (040400-300565878):2)
06-07 09:44:45.969: W/Conscrypt(9891): 	at com.google.android.gms.org.conscrypt.ConscryptFileDescriptorSocket.setSoWriteTimeout(:com.google.android.gms@200914019@20.09.14 (040400-300565878):0)
06-07 09:44:45.970: D/CompatibilityInfo(1597): mCompatibilityFlags - 10
06-07 09:44:45.970: D/CompatibilityInfo(1597): applicationDensity - 320
06-07 09:44:45.970: D/CompatibilityInfo(1597): applicationScale - 1.0
06-07 09:44:45.971: I/zygote64(12832): IncrementDisableThreadFlip blocked for 7.492ms
06-07 09:44:45.974: D/CompatibilityInfo(1597): mCompatibilityFlags - 0
06-07 09:44:45.974: D/CompatibilityInfo(1597): applicationDensity - 320
06-07 09:44:45.974: D/CompatibilityInfo(1597): applicationScale - 1.0
06-07 09:44:45.976: D/MusicLifecycle(12260): com.google.android.music.AccountsBroadcastReceiver generated event: Broadcast received with context android.app.ReceiverRestrictedContext@60d7f39 and intent Intent { act=android.accounts.LOGIN_ACCOUNTS_CHANGED flg=0x5000010 cmp=com.google.android.music/.AccountsBroadcastReceiver }
06-07 09:44:45.977: I/SignupStatusTask(12260): Starting 'com.google.android.music.sync.google.MusicGcmTaskService
06-07 09:44:46.001: E/GoogleTagManager(12832): Invalid macro: _gtm.loadEventEnabled
06-07 09:44:46.023: D/CompatibilityInfo(1597): mCompatibilityFlags - 0
06-07 09:44:46.023: D/CompatibilityInfo(1597): applicationDensity - 320
06-07 09:44:46.023: D/CompatibilityInfo(1597): applicationScale - 1.0
06-07 09:44:46.023: I/Auth(9891): [AccountStatusChecker] OnDataChanged check: <ELLIDED:-1238769241>
06-07 09:44:46.024: I/Auth(9891): [AccountStatusChecker] Canceling for <ELLIDED:-1238769241>
06-07 09:44:46.025: D/CompatibilityInfo(1597): mCompatibilityFlags - 0
06-07 09:44:46.025: D/CompatibilityInfo(1597): applicationDensity - 320
06-07 09:44:46.025: D/CompatibilityInfo(1597): applicationScale - 1.0
06-07 09:44:46.039: E/GoogleTagManager(12832): Invalid macro: _gtm.loadEventEnabled
06-07 09:44:46.045: D/CompatibilityInfo(1597): mCompatibilityFlags - 0
06-07 09:44:46.045: D/CompatibilityInfo(1597): applicationDensity - 320
06-07 09:44:46.045: D/CompatibilityInfo(1597): applicationScale - 1.0
06-07 09:44:46.049: I/GAv4(12832): Google Analytics 8.1.15 is starting up. To enable debug logging on a device run:
06-07 09:44:46.049: I/GAv4(12832):   adb shell setprop log.tag.GAv4 DEBUG
06-07 09:44:46.049: I/GAv4(12832):   adb logcat -s GAv4
06-07 09:44:46.052: D/NetworkSecurityConfig(12832): No Network Security Config specified, using platform default
06-07 09:44:46.067: I/GamesSyncAdapter(11094): Starting sync for b7e36eb5
06-07 09:44:46.068: I/GamesSyncAdapter(11094): Starting sync for b7e36eb5
06-07 09:44:46.071: I/GamesSyncAdapter(11094): Sync duration for b7e36eb5: 3
06-07 09:44:46.087: D/CompatibilityInfo(1597): mCompatibilityFlags - 0
06-07 09:44:46.087: D/CompatibilityInfo(1597): applicationDensity - 320
06-07 09:44:46.087: D/CompatibilityInfo(1597): applicationScale - 1.0
06-07 09:44:46.091: D/CompatibilityInfo(1597): mCompatibilityFlags - 0
06-07 09:44:46.091: D/CompatibilityInfo(1597): applicationDensity - 320
06-07 09:44:46.091: D/CompatibilityInfo(1597): applicationScale - 1.0
06-07 09:44:46.091: W/GAv4(12832): AnalyticsReceiver is not registered or is disabled. Register the receiver for reliable dispatching on non-Google Play devices. See http://goo.gl/8Rd3yj for instructions.
06-07 09:44:46.094: W/GAv4(12832): CampaignTrackingReceiver is not registered, not exported or is disabled. Installation campaign tracking is not possible. See http://goo.gl/8Rd3yj for instructions.
06-07 09:44:46.094: D/CompatibilityInfo(1597): mCompatibilityFlags - 0
06-07 09:44:46.094: D/CompatibilityInfo(1597): applicationDensity - 320
06-07 09:44:46.094: D/CompatibilityInfo(1597): applicationScale - 1.0
06-07 09:44:46.102: D/CompatibilityInfo(1597): mCompatibilityFlags - 0
06-07 09:44:46.102: D/CompatibilityInfo(1597): applicationDensity - 320
06-07 09:44:46.102: D/CompatibilityInfo(1597): applicationScale - 1.0
06-07 09:44:46.108: D/CompatibilityInfo(1597): mCompatibilityFlags - 0
06-07 09:44:46.108: D/CompatibilityInfo(1597): applicationDensity - 320
06-07 09:44:46.108: D/CompatibilityInfo(1597): applicationScale - 1.0
