06-07 09:44:47.815: E/AsyncOperation(9891): 	at java.util.concurrent.ThreadPoolExecutor$Worker.run(ThreadPoolExecutor.java:636)
06-07 09:44:47.815: E/AsyncOperation(9891): 	at tgd.run(:com.google.android.gms@200914019@20.09.14 (040400-300565878):0)
06-07 09:44:47.815: E/AsyncOperation(9891): 	at java.lang.Thread.run(Thread.java:764)
06-07 09:44:47.816: W/SearchService(2871): Abort, client detached.
06-07 09:44:47.817: I/chatty(2871): uid=10081(u0_a81) com.google.android.googlequicksearchbox:search identical 7 lines
06-07 09:44:47.817: W/SearchService(2871): Abort, client detached.
06-07 09:44:47.824: D/CompatibilityInfo(1597): mCompatibilityFlags - 0
06-07 09:44:47.824: D/CompatibilityInfo(1597): applicationDensity - 320
06-07 09:44:47.824: D/CompatibilityInfo(1597): applicationScale - 1.0
06-07 09:44:47.887: I/GAv4(12958): Google Analytics 11.9.10 is starting up. To enable debug logging on a device run:
06-07 09:44:47.887: I/GAv4(12958):   adb shell setprop log.tag.GAv4 DEBUG
06-07 09:44:47.887: I/GAv4(12958):   adb logcat -s GAv4
06-07 09:44:47.897: D/CompatibilityInfo(1597): mCompatibilityFlags - 0
06-07 09:44:47.897: D/CompatibilityInfo(1597): applicationDensity - 320
06-07 09:44:47.897: D/CompatibilityInfo(1597): applicationScale - 1.0
06-07 09:44:47.907: I/CryptauthV2(11094): [EnrollKeyName] ClientName calling Cryptauth is ForceRegistration
06-07 09:44:47.915: W/CoreComponentFactoryImpl(12958): RetainedComponent will not be retained if  edv does not inherit FragmentActivity and fulfill kls contract.
06-07 09:44:47.927: W/GAv4(12958): CampaignTrackingReceiver is not registered, not exported or is disabled. Installation campaign tracking is not possible. See http://goo.gl/8Rd3yj for instructions.
06-07 09:44:47.930: W/FieldDefinition(12958): Ignoring isIndexed constraint as field also has uniqueness constraint (on just this field, and therefore SQLite will have to create an index on that. For field: com.google.android.apps.docs.database.common.FieldDefinition$a@ebd2f69
06-07 09:44:47.937: I/anoa(9891): Scheduling Phenotype for a PhenotypeSyncImmediately(12, com.google.android.googlequicksearchbox) one off with window [1, 2] in seconds [CONTEXT service_id=51 ]
06-07 09:44:47.975: I/GCoreUlr(9891): Unbound from all signal providers.
06-07 09:44:47.975: I/GCoreUlr(9891): Stopping handler for UlrDispSvcFast
06-07 09:44:47.977: I/ModelDownloadController(2871): Handle the downloaded hotword model
06-07 09:44:47.977: I/ModelDownloadController(2871): the model is already used
06-07 09:44:47.979: I/AssistantStateReceiver(1953): Received Intent { act=com.google.android.systemui.OPA_ENABLED flg=0x10000010 (has extras) } with enabled = true userId=0
06-07 09:44:47.980: I/OpaLayout(1953): Setting opa enabled to true
06-07 09:44:47.980: I/OpaLayout(1953): Setting opa enabled to true
06-07 09:44:47.982: I/OpaEligibilityChecker(2871): send OpaEligibilityChange broadcast to CommonBroadcastReceiver
06-07 09:44:47.987: D/CompatibilityInfo(1597): mCompatibilityFlags - 0
06-07 09:44:47.987: D/CompatibilityInfo(1597): applicationDensity - 320
06-07 09:44:47.987: D/CompatibilityInfo(1597): applicationScale - 1.0
06-07 09:44:47.999: D/CompatibilityInfo(1597): mCompatibilityFlags - 0
06-07 09:44:47.999: D/CompatibilityInfo(1597): applicationDensity - 320
06-07 09:44:47.999: D/CompatibilityInfo(1597): applicationScale - 1.0
06-07 09:44:48.006: I/GCoreUlr(9891): Grpc compression enabled: gzip
06-07 09:44:48.091: D/CompatibilityInfo(1597): mCompatibilityFlags - 0
06-07 09:44:48.091: D/CompatibilityInfo(1597): applicationDensity - 320
06-07 09:44:48.091: D/CompatibilityInfo(1597): applicationScale - 1.0
06-07 09:44:48.097: D/CompatibilityInfo(1597): mCompatibilityFlags - 0
06-07 09:44:48.097: D/CompatibilityInfo(1597): applicationDensity - 320
06-07 09:44:48.097: D/CompatibilityInfo(1597): applicationScale - 1.0
06-07 09:44:48.186: D/CompatibilityInfo(1597): mCompatibilityFlags - 0
06-07 09:44:48.186: D/CompatibilityInfo(1597): applicationDensity - 320
06-07 09:44:48.186: D/CompatibilityInfo(1597): applicationScale - 1.0
06-07 09:44:48.193: D/CompatibilityInfo(1597): mCompatibilityFlags - 0
06-07 09:44:48.193: D/CompatibilityInfo(1597): applicationDensity - 320
06-07 09:44:48.193: D/CompatibilityInfo(1597): applicationScale - 1.0
06-07 09:44:48.218: D/CompatibilityInfo(1597): mCompatibilityFlags - 0
06-07 09:44:48.218: D/CompatibilityInfo(1597): applicationDensity - 320
06-07 09:44:48.218: D/CompatibilityInfo(1597): applicationScale - 1.0
06-07 09:44:48.238: W/SearchService(2871): Abort, client detached.
06-07 09:44:48.250: E/SyncManager(1597): Job params not found for 105788
06-07 09:44:48.256: D/CompatibilityInfo(1597): mCompatibilityFlags - 0
06-07 09:44:48.256: D/CompatibilityInfo(1597): applicationDensity - 320
06-07 09:44:48.256: D/CompatibilityInfo(1597): applicationScale - 1.0
06-07 09:44:48.264: D/CompatibilityInfo(1597): mCompatibilityFlags - 0
06-07 09:44:48.264: D/CompatibilityInfo(1597): applicationDensity - 320
06-07 09:44:48.264: D/CompatibilityInfo(1597): applicationScale - 1.0
06-07 09:44:48.264: D/MusicLifecycle(12260): com.google.android.music.sync.SyncAdapterService generated event: Service created
06-07 09:44:48.272: D/MusicLifecycle(12260): com.google.android.music.sync.google.MusicSyncAdapter generated event: Sync started
06-07 09:44:48.274: D/SyncManager(1597): failed sync operation JobId: 102288, LTF7ONYMDNJYX7GB4F4RTMVU4Q-01@cloudtestlabaccounts.com u0 (com.google), com.google.android.gms.chromesync, USER, EXPEDITED, reason: 10040, SyncResult: syncAlreadyInProgress: true stats []
06-07 09:44:48.281: W/Conscrypt(9891): Could not set socket write timeout: java.net.SocketException: Socket closed
06-07 09:44:48.281: W/Conscrypt(9891): 	at com.google.android.gms.org.conscrypt.Platform.setSocketWriteTimeout(:com.google.android.gms@200914019@20.09.14 (040400-300565878):2)
06-07 09:44:48.281: W/Conscrypt(9891): 	at com.google.android.gms.org.conscrypt.ConscryptFileDescriptorSocket.setSoWriteTimeout(:com.google.android.gms@200914019@20.09.14 (040400-300565878):0)
06-07 09:44:48.296: W/Conscrypt(9891): Could not set socket write timeout: java.net.SocketException: Socket closed
06-07 09:44:48.296: W/Conscrypt(9891): 	at com.google.android.gms.org.conscrypt.Platform.setSocketWriteTimeout(:com.google.android.gms@200914019@20.09.14 (040400-300565878):2)
06-07 09:44:48.296: W/Conscrypt(9891): 	at com.google.android.gms.org.conscrypt.ConscryptFileDescriptorSocket.setSoWriteTimeout(:com.google.android.gms@200914019@20.09.14 (040400-300565878):0)
06-07 09:44:48.323: I/dex2oat(12720): dex2oat took 3.779s (6.450s cpu) (threads: 8) arena alloc=12KB (13216B) java alloc=11MB (12443416B) native alloc=19MB (20575880B) free=3MB (3803512B)
06-07 09:44:48.549: I/zygote64(9891): Compiler allocated 11MB to compile com.google.android.gms.auth.firstparty.dataservice.TokenResponse gzv.a(com.google.android.gms.auth.firstparty.shared.AppDescription, com.google.android.gms.auth.firstparty.dataservice.TokenRequest)
06-07 09:44:48.593: I/Auth(9891): [AccountStatusChecker] OnDataChanged check: <ELLIDED:-1238769241>
06-07 09:44:48.696: W/ActivityManager(1597): Slow operation: 57ms so far, now at getContentProviderImpl: incProviderCountLocked
06-07 09:44:48.696: W/ActivityManager(1597): Slow operation: 57ms so far, now at getContentProviderImpl: before updateLruProcess
06-07 09:44:48.696: W/ActivityManager(1597): Slow operation: 57ms so far, now at getContentProviderImpl: after updateLruProcess
06-07 09:44:48.697: W/ActivityManager(1597): Slow operation: 57ms so far, now at getContentProviderImpl: before updateOomAdj
06-07 09:44:48.697: W/ActivityManager(1597): Slow operation: 58ms so far, now at getContentProviderImpl: after updateOomAdj
06-07 09:44:48.697: W/ActivityManager(1597): Slow operation: 58ms so far, now at getContentProviderImpl: done!
06-07 09:44:48.710: D/CompatibilityInfo(1597): mCompatibilityFlags - 0
06-07 09:44:48.710: D/CompatibilityInfo(1597): applicationDensity - 320
06-07 09:44:48.710: D/CompatibilityInfo(1597): applicationScale - 1.0
06-07 09:44:48.720: D/CompatibilityInfo(1597): mCompatibilityFlags - 0
06-07 09:44:48.720: D/CompatibilityInfo(1597): applicationDensity - 320
06-07 09:44:48.720: D/CompatibilityInfo(1597): applicationScale - 1.0
06-07 09:44:48.721: W/memtrack@1.0-se(911): type=1400 audit(0.0:2095): avc: denied { search } for name="proc" dev="debugfs" ino=18014 scontext=u:r:hal_memtrack_default:s0 tcontext=u:object_r:qti_debugfs:s0 tclass=dir permissive=0 ppid=1 pcomm="init" pgid=1 pgcomm="init"
06-07 09:44:48.727: D/DownloadManager(3170): [36] Starting
06-07 09:44:48.730: W/Conscrypt(9891): Could not set socket write timeout: java.net.SocketException: Socket closed
06-07 09:44:48.731: W/Conscrypt(9891): 	at com.google.android.gms.org.conscrypt.Platform.setSocketWriteTimeout(:com.google.android.gms@200914019@20.09.14 (040400-300565878):2)
06-07 09:44:48.731: W/Conscrypt(9891): 	at com.google.android.gms.org.conscrypt.ConscryptFileDescriptorSocket.setSoWriteTimeout(:com.google.android.gms@200914019@20.09.14 (040400-300565878):0)
06-07 09:44:48.731: W/Conscrypt(9891): [ 06-07 09:44:48.731  1103: 1831 E/         ]
06-07 09:44:48.731: W/Conscrypt(9891): Couldn't opendir /data/app/vmdl1218236794.tmp: No such file or directory
06-07 09:44:48.731: E/installd(1103): Failed to delete /data/app/vmdl1218236794.tmp: No such file or directory
06-07 09:44:48.734: W/Conscrypt(9891): Could not set socket write timeout: java.net.SocketException: Socket closed
06-07 09:44:48.735: W/Conscrypt(9891): 	at com.google.android.gms.org.conscrypt.Platform.setSocketWriteTimeout(:com.google.android.gms@200914019@20.09.14 (040400-300565878):2)
06-07 09:44:48.735: W/Conscrypt(9891): 	at com.google.android.gms.org.conscrypt.ConscryptFileDescriptorSocket.setSoWriteTimeout(:com.google.android.gms@200914019@20.09.14 (040400-300565878):0)
06-07 09:44:48.735: I/app_process(12566): System.exit called, status: 0
06-07 09:44:48.735: I/AndroidRuntime(12566): VM exiting with result code 0.
06-07 09:44:48.737: D/CompatibilityInfo(1597): mCompatibilityFlags - 0
06-07 09:44:48.737: D/CompatibilityInfo(1597): applicationDensity - 320
06-07 09:44:48.737: D/CompatibilityInfo(1597): applicationScale - 1.0
06-07 09:44:48.745: I/zygote64(12530): Waiting for a blocking GC ProfileSaver
06-07 09:44:48.747: I/CarrierServices(10025): [2] RcsAutoStartReceiver.b: carrierServicesJibeServiceEnabled changed from true to true
06-07 09:44:48.747: I/Finsky(10270): [2] qvg.a(21): PackageMonitor - Received: android.intent.action.PACKAGE_ADDED, [aTRxLygjtvf_QlkoMnwofHeLLatA_vtlJbc-xYRROLE]
06-07 09:44:48.747: I/Finsky(10270): [2] qwj.d(11): Invalidating cached PackageState for com.antarticstudio.catify
06-07 09:44:48.747: I/CarrierServices(10025): [2] RcsAutoStartReceiver.b: enableRcs changed from true to true
06-07 09:44:48.748: I/CarrierServices(10025): [2] RcsAutoStartReceiver.b: RcsAutoStartReceiver triggered. Fetching RCS State. Action: android.intent.action.PACKAGE_ADDED
06-07 09:44:48.749: I/CarrierServices(10025): [2] g.a: Migration binding to RcsMigrationService
06-07 09:44:48.753: W/Conscrypt(9891): Could not set socket write timeout: java.net.SocketException: Socket closed
06-07 09:44:48.753: W/Conscrypt(9891): 	at com.google.android.gms.org.conscrypt.Platform.setSocketWriteTimeout(:com.google.android.gms@200914019@20.09.14 (040400-300565878):2)
06-07 09:44:48.753: W/Conscrypt(9891): 	at com.google.android.gms.org.conscrypt.ConscryptFileDescriptorSocket.setSoWriteTimeout(:com.google.android.gms@200914019@20.09.14 (040400-300565878):0)
06-07 09:44:48.754: W/Conscrypt(9891): Could not set socket write timeout: java.net.SocketException: Socket closed
06-07 09:44:48.755: W/Conscrypt(9891): 	at com.google.android.gms.org.conscrypt.Platform.setSocketWriteTimeout(:com.google.android.gms@200914019@20.09.14 (040400-300565878):2)
06-07 09:44:48.755: W/Conscrypt(9891): 	at com.google.android.gms.org.conscrypt.ConscryptFileDescriptorSocket.setSoWriteTimeout(:com.google.android.gms@200914019@20.09.14 (040400-300565878):0)
06-07 09:44:48.756: I/zygote64(12530): WaitForGcToComplete blocked for 11.194ms for cause ProfileSaver
06-07 09:44:48.760: I/InputReader(1597): Reconfiguring input devices.  changes=0x00000010
06-07 09:44:48.765: I/Finsky(10270): [2] abny.a(10): Do not start WearSupportService due to Wear service optimization
06-07 09:44:48.771: E/PacketFilter(1597): combine fail
06-07 09:44:48.779: I/Finsky(10270): [2] abny.a(10): Do not start WearSupportService due to Wear service optimization
06-07 09:44:48.782: I/CarrierServices(3796): [244] g.a: Sim state is not ready. Returning last known operation mode.
06-07 09:44:48.783: I/Finsky(10270): [187] epm.a(12): Asset module storage cleared for package com.antarticstudio.catify.
06-07 09:44:48.783: I/CarrierServices(10025): [716] bq.a: Saving RCS State
06-07 09:44:48.786: I/Finsky(10270): [2] kzs.c(2): Frosting ID looked up on UI thread. Caller should move to a background thread.
06-07 09:44:48.789: I/CarrierServices(10025): [716] bq.a: Old operation mode: 0
06-07 09:44:48.791: W/GCM(9891): Unexpected forwarded intent: Intent { act=android.intent.action.PACKAGE_ADDED dat=package:com.antarticstudio.catify flg=0x4000010 cmp=com.google.android.gms/.chimera.PersistentIntentOperationService (has extras) }
06-07 09:44:48.795: I/CarrierServices(10025): [716] bq.a: New operation mode: 0
06-07 09:44:48.802: D/CarrierSvcBindHelper(2113): No carrier app for: 0
06-07 09:44:48.802: D/ImsResolver(2113): maybeAddedImsService, packageName: com.antarticstudio.catify
06-07 09:44:48.805: I/Finsky(10270): [2] keu.run(7): Package state data is missing for com.antarticstudio.catify
06-07 09:44:48.806: D/CompatibilityInfo(1597): mCompatibilityFlags - 0
06-07 09:44:48.806: D/CompatibilityInfo(1597): applicationDensity - 320
06-07 09:44:48.806: D/CompatibilityInfo(1597): applicationScale - 1.0
06-07 09:44:48.808: W/GCM(9891): Unexpected forwarded intent: Intent { act=android.intent.action.PACKAGE_ADDED dat=package:com.antarticstudio.catify flg=0x4000010 cmp=com.google.android.gms/.chimera.PersistentIntentOperationService (has extras) }
06-07 09:44:48.808: I/Auth(11094): [SupervisedAccountIntentOperation] onHandleIntent(): android.intent.action.PACKAGE_ADDED
06-07 09:44:48.808: I/ChromeSync(11094): [Sync,SyncIntentOperation] Handling the intent: Intent { act=android.intent.action.PACKAGE_ADDED dat=package:com.antarticstudio.catify flg=0x4000010 cmp=com.google.android.gms/.chimera.GmsIntentOperationService (has extras) }.
06-07 09:44:48.811: D/CompatibilityInfo(1597): mCompatibilityFlags - 0
06-07 09:44:48.811: D/CompatibilityInfo(1597): applicationDensity - 320
06-07 09:44:48.811: D/CompatibilityInfo(1597): applicationScale - 1.0
06-07 09:44:48.818: E/VvmPkgInstalledRcvr(2113): cannot create TelephonyManager from ComponentInfo{com.android.phone/com.android.services.telephony.TelephonyConnectionService}, [****], UserHandle{0}
06-07 09:44:48.833: D/CarrierConfigLoader(2113): mHandler: 9 phoneId: 0
06-07 09:44:48.834: I/zygote64(1597): Background concurrent copying GC freed 127582(5MB) AllocSpace objects, 26(1156KB) LOS objects, 42% free, 22MB/40MB, paused 763us total 105.234ms
06-07 09:44:48.836: I/Telecom(1597): DefaultDialerCache: Refreshing default dialer for user 0: now com.sonymobile.android.dialer: DDC.oR@AJ4
06-07 09:44:48.837: D/CompatibilityInfo(1597): mCompatibilityFlags - 0
06-07 09:44:48.837: D/CompatibilityInfo(1597): applicationDensity - 320
06-07 09:44:48.837: D/CompatibilityInfo(1597): applicationScale - 1.0
06-07 09:44:48.846: I/Finsky(10270): [2] xvx.a(14): Server requests device config token
06-07 09:44:48.858: I/Finsky(10270): [194] imq.h(31): GameSdkDeviceInfo experiment not enabled.
06-07 09:44:48.864: D/RegisteredServicesCache(2615):  Reading service state data always from file
06-07 09:44:48.865: D/RegisteredServicesCache(2615): ServiceStateFileVersion=1.0
06-07 09:44:48.865: E/RegisteredServicesCache(2615): Next Tag=services
06-07 09:44:48.865: E/RegisteredServicesCache(2615): 1invalidateCache:WriteServiceStateToFile
06-07 09:44:48.865: E/RegisteredServicesCache(2615):  Writing service state Data Always
06-07 09:44:48.886: W/SystemServiceRegistry(11094): No service published for: fingerprint
06-07 09:44:48.907: D/CompatibilityInfo(1597): mCompatibilityFlags - 0
06-07 09:44:48.907: D/CompatibilityInfo(1597): applicationDensity - 320
06-07 09:44:48.907: D/CompatibilityInfo(1597): applicationScale - 1.0
06-07 09:44:48.912: W/ResourceType(2676): ResTable_typeSpec entry count inconsistent: given 186, previously 189
06-07 09:44:48.912: W/ResourceType(2676): ResTable_typeSpec entry count inconsistent: given 180, previously 740
06-07 09:44:48.913: D/RegisteredNfcFServicesCache(2615): Service unchanged, not updating
06-07 09:44:48.917: I/NetworkScheduler(9891): ignoring stale queue check message
06-07 09:44:48.922: I/zygote64(12575): WaitForGcToComplete blocked for 5.880ms for cause CollectorTransition
06-07 09:44:48.927: W/ResourceType(11094): ResTable_typeSpec entry count inconsistent: given 186, previously 189
06-07 09:44:48.935: W/ResourceType(11094): ResTable_typeSpec entry count inconsistent: given 180, previously 740
06-07 09:44:48.944: D/NetworkSecurityConfig(3170): Using Network Security Config from resource network_security_config debugBuild: false
06-07 09:44:48.946: I/zygote64(11094): Do partial code cache collection, code=987KB, data=585KB
06-07 09:44:48.950: I/zygote64(11094): After code cache collection, code=968KB, data=578KB
06-07 09:44:48.950: I/zygote64(11094): Increasing code cache capacity to 3MB
06-07 09:44:48.957: D/CompatibilityInfo(1597): mCompatibilityFlags - 0
06-07 09:44:48.957: D/CompatibilityInfo(1597): applicationDensity - 320
06-07 09:44:48.957: D/CompatibilityInfo(1597): applicationScale - 1.0
06-07 09:44:48.993: D/CompatibilityInfo(1597): mCompatibilityFlags - 0
06-07 09:44:48.993: D/CompatibilityInfo(1597): applicationDensity - 320
06-07 09:44:48.993: D/CompatibilityInfo(1597): applicationScale - 1.0
06-07 09:44:48.997: I/ChromeSync(11094): [Persistence,AffiliationManager] One of affiliation or grouping data for android://N50vJU0zrJ8WOzDt6r3GDtfqrkROFOSiqHcmppwn3vxaRC4hFpNn4UsL7XlvjtlfcWuDAQhmck0qjQPwsrpMNg==@com.antarticstudio.catify/ was not found. Marking affiliation data as stale...
06-07 09:44:49.004: W/CryptauthV2(11094): [ClientDataOperation] No keyMetadata found for keyName=PublicKey
06-07 09:44:49.006: W/CryptauthV2(11094): [ClientDataOperation] No keyMetadata found for keyName=authzen
06-07 09:44:49.006: I/CryptauthV2(11094): [EnrollCryptauthFramework] Performing SyncKeysRequest with 2 keys.
06-07 09:44:49.010: D/CompatibilityInfo(1597): mCompatibilityFlags - 0
06-07 09:44:49.010: D/CompatibilityInfo(1597): applicationDensity - 320
06-07 09:44:49.010: D/CompatibilityInfo(1597): applicationScale - 1.0
06-07 09:44:49.012: I/Finsky(10270): [190] kzo.run(16): Wrote row to frosting DB: 288
06-07 09:44:49.029: I/Icing(11094): IndexChimeraService.getServiceInterface callingPackage=com.google.android.gms componentName=AppsCorpus serviceId=36
06-07 09:44:49.034: W/ADebug(13012): Failed to get property persist.sys.media.traces
06-07 09:44:49.046: D/AndroidRuntime(13012): >>>>>> START com.android.internal.os.RuntimeInit uid 2000 <<<<<<
06-07 09:44:49.048: I/GmsCoreXrpcWrapper(11094): Returning a channel provider with trafficStatsTag=12803
06-07 09:44:49.135: I/Icing(11094): Usage reports ok 0, Failed Usage reports 0, indexed 0, rejected 0
06-07 09:44:49.137: D/AndroidRuntime(13012): Calling main entry com.android.commands.pm.Pm
06-07 09:44:49.139: I/Icing(11094): Indexing com.google.android.gms-internal.3p:MobileApplication from com.google.android.gms using seqno 65
06-07 09:44:49.142: E/asset(13048): setgid: Operation not permitted
06-07 09:44:49.142: I/ActivityManager(1597): Start proc 13043:com.android.vending:instant_app_installer/u0a53 for broadcast com.android.vending/com.google.android.finsky.instantapps.PhenotypeUpdateReceiver
06-07 09:44:49.147: W/zygote(13043): Using default instruction set features for ARM CPU variant (cortex-a9) using conservative defaults
06-07 09:44:49.159: D/CompatibilityInfo(1597): mCompatibilityFlags - 0
06-07 09:44:49.159: D/CompatibilityInfo(1597): applicationDensity - 320
06-07 09:44:49.159: D/CompatibilityInfo(1597): applicationScale - 1.0
06-07 09:44:49.162: D/CompatibilityInfo(1597): mCompatibilityFlags - 0
06-07 09:44:49.162: D/CompatibilityInfo(1597): applicationDensity - 320
06-07 09:44:49.162: D/CompatibilityInfo(1597): applicationScale - 1.0
06-07 09:44:49.177: W/DownloadManager(3170): [36] Stop requested with status 404: Unhandled HTTP response: 404 Not Found
06-07 09:44:49.177: D/DownloadManager(3170): [36] Finished with status 404
06-07 09:44:49.199: I/Finsky:instant_app_inst(13043): [2] ecg.bj(7): Process created at version: 18.9.11-all [0] [PR] 295870256
06-07 09:44:49.264: I/Auth(9891): [AccountStatusChecker] Canceling for <ELLIDED:-1238769241>
06-07 09:44:49.332: I/ActivityManager(1597): Killing 6792:com.android.printspooler/u0a125 (adj 906): empty #25
06-07 09:44:49.333: D/CompatibilityInfo(1597): mCompatibilityFlags - 0
06-07 09:44:49.333: D/CompatibilityInfo(1597): applicationDensity - 320
06-07 09:44:49.333: D/CompatibilityInfo(1597): applicationScale - 1.0
06-07 09:44:49.350: D/CompatibilityInfo(1597): mCompatibilityFlags - 0
06-07 09:44:49.350: D/CompatibilityInfo(1597): applicationDensity - 320
06-07 09:44:49.350: D/CompatibilityInfo(1597): applicationScale - 1.0
06-07 09:44:49.356: I/Auth(9891): [AuthManaged,PasswordComplexityHelperImpl] Updating password complexity components state.
06-07 09:44:49.356: I/Auth(9891): [AuthManaged,PasswordComplexityHelperImpl] Disabling com.google.android.gms.auth.managed.admin.DeviceAdminReceiver
06-07 09:44:49.356: I/Auth(9891): [AuthManaged,PasswordComplexityHelperImpl] Disabling com.google.android.gms.auth.managed.ui.SetNewPasswordActivity
06-07 09:44:49.356: D/CompatibilityInfo(1597): mCompatibilityFlags - 0
06-07 09:44:49.356: D/CompatibilityInfo(1597): applicationDensity - 320
06-07 09:44:49.356: D/CompatibilityInfo(1597): applicationScale - 1.0
06-07 09:44:49.365: I/PackageManager.DexOptimizer(1597): Running dexopt (dexoptNeeded=1) on: /data/app/vmdl1871079473.tmp/base.apk pkg=androidx.test.tools.crawler isa=arm64 dexoptFlags=boot_complete,public target-filter=quicken oatDir=/data/app/vmdl1871079473.tmp/oat sharedLibraries=/system/framework/android.test.runner.jar
06-07 09:44:49.368: D/CompatibilityInfo(1597): mCompatibilityFlags - 0
06-07 09:44:49.368: D/CompatibilityInfo(1597): applicationDensity - 320
06-07 09:44:49.368: D/CompatibilityInfo(1597): applicationScale - 1.0
06-07 09:44:49.373: I/Auth(9891): [AuthManaged,PasswordComplexityHelperImpl] Updating password complexity components state.
06-07 09:44:49.373: I/Auth(9891): [AuthManaged,PasswordComplexityHelperImpl] Disabling com.google.android.gms.auth.managed.admin.DeviceAdminReceiver
06-07 09:44:49.373: D/CompatibilityInfo(1597): mCompatibilityFlags - 0
06-07 09:44:49.373: D/CompatibilityInfo(1597): applicationDensity - 320
06-07 09:44:49.373: D/CompatibilityInfo(1597): applicationScale - 1.0
06-07 09:44:49.373: I/Auth(9891): [AuthManaged,PasswordComplexityHelperImpl] Disabling com.google.android.gms.auth.managed.ui.SetNewPasswordActivity
06-07 09:44:49.378: D/CompatibilityInfo(1597): mCompatibilityFlags - 0
06-07 09:44:49.378: D/CompatibilityInfo(1597): applicationDensity - 320
06-07 09:44:49.378: D/CompatibilityInfo(1597): applicationScale - 1.0
06-07 09:44:49.379: I/Auth(9891): [AuthManaged,PasswordComplexityHelperImpl] Updating password complexity components state.
06-07 09:44:49.379: I/Auth(9891): [AuthManaged,PasswordComplexityHelperImpl] Disabling com.google.android.gms.auth.managed.admin.DeviceAdminReceiver
06-07 09:44:49.381: I/Auth(9891): [AuthManaged,PasswordComplexityHelperImpl] Disabling com.google.android.gms.auth.managed.ui.SetNewPasswordActivity
06-07 09:44:49.390: I/Auth(9891): [AuthManaged,PasswordComplexityHelperImpl] Updating password complexity components state.
06-07 09:44:49.390: I/Auth(9891): [AuthManaged,PasswordComplexityHelperImpl] Disabling com.google.android.gms.auth.managed.admin.DeviceAdminReceiver
06-07 09:44:49.390: I/Auth(9891): [AuthManaged,PasswordComplexityHelperImpl] Disabling com.google.android.gms.auth.managed.ui.SetNewPasswordActivity
06-07 09:44:49.394: D/CompatibilityInfo(1597): mCompatibilityFlags - 0
06-07 09:44:49.394: D/CompatibilityInfo(1597): applicationDensity - 320
06-07 09:44:49.394: D/CompatibilityInfo(1597): applicationScale - 1.0
06-07 09:44:49.404: D/CompatibilityInfo(1597): mCompatibilityFlags - 0
06-07 09:44:49.404: D/CompatibilityInfo(1597): applicationDensity - 320
06-07 09:44:49.404: D/CompatibilityInfo(1597): applicationScale - 1.0
06-07 09:44:49.419: D/CompatibilityInfo(1597): mCompatibilityFlags - 0
06-07 09:44:49.419: D/CompatibilityInfo(1597): applicationDensity - 320
06-07 09:44:49.419: D/CompatibilityInfo(1597): applicationScale - 1.0
06-07 09:44:49.424: I/Auth(9891): [AuthManaged,PasswordComplexityHelperImpl] Updating password complexity components state.
06-07 09:44:49.424: I/Auth(9891): [AuthManaged,PasswordComplexityHelperImpl] Disabling com.google.android.gms.auth.managed.admin.DeviceAdminReceiver
06-07 09:44:49.426: I/Auth(9891): [AuthManaged,PasswordComplexityHelperImpl] Disabling com.google.android.gms.auth.managed.ui.SetNewPasswordActivity
06-07 09:44:49.427: I/dex2oat(13076): /system/bin/dex2oat --input-vdex-fd=-1 --output-vdex-fd=16 --compiler-filter=quicken --classpath-dir=/data/app/vmdl1871079473.tmp
06-07 09:44:49.429: D/CompatibilityInfo(1597): mCompatibilityFlags - 0
06-07 09:44:49.429: D/CompatibilityInfo(1597): applicationDensity - 320
06-07 09:44:49.429: D/CompatibilityInfo(1597): applicationScale - 1.0
06-07 09:44:49.447: D/CompatibilityInfo(1597): mCompatibilityFlags - 0
06-07 09:44:49.447: D/CompatibilityInfo(1597): applicationDensity - 320
06-07 09:44:49.447: D/CompatibilityInfo(1597): applicationScale - 1.0
06-07 09:44:49.451: W/BroadcastQueue(1597): Background execution not allowed: receiving Intent { act=com.google.android.music.NEW_SHOULDKEEPON flg=0x10 (has extras) } to com.google.android.music/.wear.WearBroadcastReceiver
06-07 09:44:49.451: W/BroadcastQueue(1597): Background execution not allowed: receiving Intent { act=com.google.android.music.SYNC_COMPLETE flg=0x10 } to com.google.android.music/.autocache.AutoCacheSchedulingService$EnablingReceiver
06-07 09:44:49.452: D/CompatibilityInfo(1597): mCompatibilityFlags - 0
06-07 09:44:49.452: D/CompatibilityInfo(1597): applicationDensity - 320
06-07 09:44:49.452: D/CompatibilityInfo(1597): applicationScale - 1.0
06-07 09:44:49.459: D/CompatibilityInfo(1597): mCompatibilityFlags - 0
06-07 09:44:49.459: D/CompatibilityInfo(1597): applicationDensity - 320
06-07 09:44:49.459: D/CompatibilityInfo(1597): applicationScale - 1.0
06-07 09:44:49.464: D/CompatibilityInfo(1597): mCompatibilityFlags - 0
06-07 09:44:49.465: D/CompatibilityInfo(1597): applicationDensity - 320
06-07 09:44:49.465: D/CompatibilityInfo(1597): applicationScale - 1.0
06-07 09:44:49.475: I/Auth(9891): [AuthManaged,PasswordComplexityHelperImpl] Updating password complexity components state.
06-07 09:44:49.475: I/Auth(9891): [AuthManaged,PasswordComplexityHelperImpl] Disabling com.google.android.gms.auth.managed.admin.DeviceAdminReceiver
06-07 09:44:49.476: I/Auth(9891): [AuthManaged,PasswordComplexityHelperImpl] Disabling com.google.android.gms.auth.managed.ui.SetNewPasswordActivity
06-07 09:44:49.482: D/CompatibilityInfo(1597): mCompatibilityFlags - 0
06-07 09:44:49.482: D/CompatibilityInfo(1597): applicationDensity - 320
06-07 09:44:49.482: D/CompatibilityInfo(1597): applicationScale - 1.0
06-07 09:44:49.485: I/Auth(9891): [AccountStatusChecker] OnDataChanged check: <ELLIDED:-1238769241>
06-07 09:44:49.491: D/CompatibilityInfo(1597): mCompatibilityFlags - 0
06-07 09:44:49.491: D/CompatibilityInfo(1597): applicationDensity - 320
06-07 09:44:49.491: D/CompatibilityInfo(1597): applicationScale - 1.0
06-07 09:44:49.499: I/Auth(9891): [AuthManaged,PasswordComplexityHelperImpl] Updating password complexity components state.
06-07 09:44:49.499: I/Auth(9891): [AuthManaged,PasswordComplexityHelperImpl] Disabling com.google.android.gms.auth.managed.admin.DeviceAdminReceiver
06-07 09:44:49.500: I/Auth(9891): [AuthManaged,PasswordComplexityHelperImpl] Disabling com.google.android.gms.auth.managed.ui.SetNewPasswordActivity
06-07 09:44:49.502: D/CompatibilityInfo(1597): mCompatibilityFlags - 0
06-07 09:44:49.502: D/CompatibilityInfo(1597): applicationDensity - 320
06-07 09:44:49.502: D/CompatibilityInfo(1597): applicationScale - 1.0
06-07 09:44:49.519: D/CompatibilityInfo(1597): mCompatibilityFlags - 0
06-07 09:44:49.519: D/CompatibilityInfo(1597): applicationDensity - 320
06-07 09:44:49.519: D/CompatibilityInfo(1597): applicationScale - 1.0
06-07 09:44:49.527: D/CompatibilityInfo(1597): mCompatibilityFlags - 0
06-07 09:44:49.527: D/CompatibilityInfo(1597): applicationDensity - 320
06-07 09:44:49.527: D/CompatibilityInfo(1597): applicationScale - 1.0
06-07 09:44:49.532: D/CompatibilityInfo(1597): mCompatibilityFlags - 0
06-07 09:44:49.532: D/CompatibilityInfo(1597): applicationDensity - 320
06-07 09:44:49.532: D/CompatibilityInfo(1597): applicationScale - 1.0
06-07 09:44:49.536: I/Auth(9891): [AuthManaged,PasswordComplexityHelperImpl] Updating password complexity components state.
06-07 09:44:49.536: I/Auth(9891): [AuthManaged,PasswordComplexityHelperImpl] Disabling com.google.android.gms.auth.managed.admin.DeviceAdminReceiver
06-07 09:44:49.536: I/Auth(9891): [AuthManaged,PasswordComplexityHelperImpl] Disabling com.google.android.gms.auth.managed.ui.SetNewPasswordActivity
06-07 09:44:49.544: D/CompatibilityInfo(1597): mCompatibilityFlags - 0
06-07 09:44:49.544: D/CompatibilityInfo(1597): applicationDensity - 320
06-07 09:44:49.544: D/CompatibilityInfo(1597): applicationScale - 1.0
06-07 09:44:49.549: D/CompatibilityInfo(1597): mCompatibilityFlags - 0
06-07 09:44:49.549: D/CompatibilityInfo(1597): applicationDensity - 320
06-07 09:44:49.549: D/CompatibilityInfo(1597): applicationScale - 1.0
06-07 09:44:49.552: D/CompatibilityInfo(1597): mCompatibilityFlags - 0
06-07 09:44:49.552: D/CompatibilityInfo(1597): applicationDensity - 320
06-07 09:44:49.552: D/CompatibilityInfo(1597): applicationScale - 1.0
06-07 09:44:49.563: I/Auth(9891): [AuthManaged,PasswordComplexityHelperImpl] Updating password complexity components state.
06-07 09:44:49.563: I/Auth(9891): [AuthManaged,PasswordComplexityHelperImpl] Disabling com.google.android.gms.auth.managed.admin.DeviceAdminReceiver
06-07 09:44:49.564: I/Auth(9891): [AuthManaged,PasswordComplexityHelperImpl] Disabling com.google.android.gms.auth.managed.ui.SetNewPasswordActivity
06-07 09:44:49.565: D/CompatibilityInfo(1597): mCompatibilityFlags - 0
06-07 09:44:49.565: D/CompatibilityInfo(1597): applicationDensity - 320
06-07 09:44:49.565: D/CompatibilityInfo(1597): applicationScale - 1.0
06-07 09:44:49.572: D/CompatibilityInfo(1597): mCompatibilityFlags - 0
06-07 09:44:49.572: D/CompatibilityInfo(1597): applicationDensity - 320
06-07 09:44:49.572: D/CompatibilityInfo(1597): applicationScale - 1.0
06-07 09:44:49.578: D/CompatibilityInfo(1597): mCompatibilityFlags - 0
06-07 09:44:49.578: D/CompatibilityInfo(1597): applicationDensity - 320
06-07 09:44:49.579: D/CompatibilityInfo(1597): applicationScale - 1.0
06-07 09:44:49.582: D/CompatibilityInfo(1597): mCompatibilityFlags - 0
06-07 09:44:49.582: D/CompatibilityInfo(1597): applicationDensity - 320
06-07 09:44:49.582: D/CompatibilityInfo(1597): applicationScale - 1.0
06-07 09:44:49.587: D/CompatibilityInfo(1597): mCompatibilityFlags - 0
06-07 09:44:49.587: D/CompatibilityInfo(1597): applicationDensity - 320
06-07 09:44:49.587: D/CompatibilityInfo(1597): applicationScale - 1.0
06-07 09:44:49.594: D/CompatibilityInfo(1597): mCompatibilityFlags - 0
06-07 09:44:49.595: D/CompatibilityInfo(1597): applicationDensity - 320
06-07 09:44:49.595: D/CompatibilityInfo(1597): applicationScale - 1.0
06-07 09:44:49.603: D/CompatibilityInfo(1597): mCompatibilityFlags - 0
06-07 09:44:49.603: D/CompatibilityInfo(1597): applicationDensity - 320
06-07 09:44:49.603: D/CompatibilityInfo(1597): applicationScale - 1.0
06-07 09:44:49.612: D/CompatibilityInfo(1597): mCompatibilityFlags - 0
06-07 09:44:49.612: D/CompatibilityInfo(1597): applicationDensity - 320
06-07 09:44:49.612: D/CompatibilityInfo(1597): applicationScale - 1.0
06-07 09:44:49.623: D/CompatibilityInfo(1597): mCompatibilityFlags - 0
06-07 09:44:49.623: D/CompatibilityInfo(1597): applicationDensity - 320
06-07 09:44:49.623: D/CompatibilityInfo(1597): applicationScale - 1.0
06-07 09:44:49.628: I/Auth(9891): [AuthManaged,PasswordComplexityHelperImpl] Updating password complexity components state.
06-07 09:44:49.628: I/Auth(9891): [AuthManaged,PasswordComplexityHelperImpl] Disabling com.google.android.gms.auth.managed.admin.DeviceAdminReceiver
06-07 09:44:49.628: I/Auth(9891): [AuthManaged,PasswordComplexityHelperImpl] Disabling com.google.android.gms.auth.managed.ui.SetNewPasswordActivity
06-07 09:44:49.628: D/DownloadManager(3170): [37] Starting
06-07 09:44:49.633: D/CompatibilityInfo(1597): mCompatibilityFlags - 0
06-07 09:44:49.633: D/CompatibilityInfo(1597): applicationDensity - 320
06-07 09:44:49.633: D/CompatibilityInfo(1597): applicationScale - 1.0
06-07 09:44:49.640: D/CompatibilityInfo(1597): mCompatibilityFlags - 0
06-07 09:44:49.640: D/CompatibilityInfo(1597): applicationDensity - 320
06-07 09:44:49.640: D/CompatibilityInfo(1597): applicationScale - 1.0
06-07 09:44:49.647: D/CompatibilityInfo(1597): mCompatibilityFlags - 0
06-07 09:44:49.647: D/CompatibilityInfo(1597): applicationDensity - 320
06-07 09:44:49.647: D/CompatibilityInfo(1597): applicationScale - 1.0
06-07 09:44:49.650: D/CompatibilityInfo(1597): mCompatibilityFlags - 0
06-07 09:44:49.650: D/CompatibilityInfo(1597): applicationDensity - 320
06-07 09:44:49.650: D/CompatibilityInfo(1597): applicationScale - 1.0
06-07 09:44:49.656: D/CompatibilityInfo(1597): mCompatibilityFlags - 0
06-07 09:44:49.656: D/CompatibilityInfo(1597): applicationDensity - 320
06-07 09:44:49.656: D/CompatibilityInfo(1597): applicationScale - 1.0
06-07 09:44:49.662: D/CompatibilityInfo(1597): mCompatibilityFlags - 0
06-07 09:44:49.662: D/CompatibilityInfo(1597): applicationDensity - 320
06-07 09:44:49.662: D/CompatibilityInfo(1597): applicationScale - 1.0
06-07 09:44:49.669: D/CompatibilityInfo(1597): mCompatibilityFlags - 0
06-07 09:44:49.669: D/CompatibilityInfo(1597): applicationDensity - 320
06-07 09:44:49.669: D/CompatibilityInfo(1597): applicationScale - 1.0
06-07 09:44:49.675: D/CompatibilityInfo(1597): mCompatibilityFlags - 0
06-07 09:44:49.675: D/CompatibilityInfo(1597): applicationDensity - 320
06-07 09:44:49.675: D/CompatibilityInfo(1597): applicationScale - 1.0
06-07 09:44:49.683: D/CompatibilityInfo(1597): mCompatibilityFlags - 0
06-07 09:44:49.683: D/CompatibilityInfo(1597): applicationDensity - 320
06-07 09:44:49.683: D/CompatibilityInfo(1597): applicationScale - 1.0
06-07 09:44:49.687: D/CompatibilityInfo(1597): mCompatibilityFlags - 0
06-07 09:44:49.687: D/CompatibilityInfo(1597): applicationDensity - 320
06-07 09:44:49.687: D/CompatibilityInfo(1597): applicationScale - 1.0
06-07 09:44:49.689: I/Auth(9891): [AuthManaged,PasswordComplexityHelperImpl] Updating password complexity components state.
06-07 09:44:49.690: I/Auth(9891): [AuthManaged,PasswordComplexityHelperImpl] Disabling com.google.android.gms.auth.managed.admin.DeviceAdminReceiver
06-07 09:44:49.692: D/CompatibilityInfo(1597): mCompatibilityFlags - 0
06-07 09:44:49.692: D/CompatibilityInfo(1597): applicationDensity - 320
06-07 09:44:49.692: D/CompatibilityInfo(1597): applicationScale - 1.0
06-07 09:44:49.693: I/Auth(9891): [AuthManaged,PasswordComplexityHelperImpl] Disabling com.google.android.gms.auth.managed.ui.SetNewPasswordActivity
06-07 09:44:49.699: D/NetworkSecurityConfig(3170): Using Network Security Config from resource network_security_config debugBuild: false
06-07 09:44:49.704: D/CompatibilityInfo(1597): mCompatibilityFlags - 0
06-07 09:44:49.704: D/CompatibilityInfo(1597): applicationDensity - 320
06-07 09:44:49.704: D/CompatibilityInfo(1597): applicationScale - 1.0
06-07 09:44:49.711: D/CompatibilityInfo(1597): mCompatibilityFlags - 0
06-07 09:44:49.712: D/CompatibilityInfo(1597): applicationDensity - 320
06-07 09:44:49.712: D/CompatibilityInfo(1597): applicationScale - 1.0
06-07 09:44:49.715: D/CompatibilityInfo(1597): mCompatibilityFlags - 0
06-07 09:44:49.715: D/CompatibilityInfo(1597): applicationDensity - 320
06-07 09:44:49.715: D/CompatibilityInfo(1597): applicationScale - 1.0
06-07 09:44:49.719: I/Auth(9891): [AuthManaged,PasswordComplexityHelperImpl] Updating password complexity components state.
06-07 09:44:49.719: I/Auth(9891): [AuthManaged,PasswordComplexityHelperImpl] Disabling com.google.android.gms.auth.managed.admin.DeviceAdminReceiver
06-07 09:44:49.721: I/Auth(9891): [AuthManaged,PasswordComplexityHelperImpl] Disabling com.google.android.gms.auth.managed.ui.SetNewPasswordActivity
06-07 09:44:49.722: D/CompatibilityInfo(1597): mCompatibilityFlags - 0
06-07 09:44:49.722: D/CompatibilityInfo(1597): applicationDensity - 320
06-07 09:44:49.722: D/CompatibilityInfo(1597): applicationScale - 1.0
06-07 09:44:49.728: D/CompatibilityInfo(1597): mCompatibilityFlags - 0
06-07 09:44:49.728: D/CompatibilityInfo(1597): applicationDensity - 320
06-07 09:44:49.728: D/CompatibilityInfo(1597): applicationScale - 1.0
06-07 09:44:49.739: D/CompatibilityInfo(1597): mCompatibilityFlags - 0
06-07 09:44:49.739: D/CompatibilityInfo(1597): applicationDensity - 320
06-07 09:44:49.739: D/CompatibilityInfo(1597): applicationScale - 1.0
06-07 09:44:49.745: D/CompatibilityInfo(1597): mCompatibilityFlags - 0
06-07 09:44:49.745: D/CompatibilityInfo(1597): applicationDensity - 320
06-07 09:44:49.745: D/CompatibilityInfo(1597): applicationScale - 1.0
06-07 09:44:49.750: I/Auth(9891): [AuthManaged,PasswordComplexityHelperImpl] Updating password complexity components state.
06-07 09:44:49.750: I/Auth(9891): [AuthManaged,PasswordComplexityHelperImpl] Disabling com.google.android.gms.auth.managed.admin.DeviceAdminReceiver
06-07 09:44:49.751: I/Auth(9891): [AuthManaged,PasswordComplexityHelperImpl] Disabling com.google.android.gms.auth.managed.ui.SetNewPasswordActivity
06-07 09:44:49.770: I/Auth(9891): [AuthManaged,PasswordComplexityHelperImpl] Updating password complexity components state.
06-07 09:44:49.770: I/Auth(9891): [AuthManaged,PasswordComplexityHelperImpl] Disabling com.google.android.gms.auth.managed.admin.DeviceAdminReceiver
06-07 09:44:49.770: I/Auth(9891): [AuthManaged,PasswordComplexityHelperImpl] Disabling com.google.android.gms.auth.managed.ui.SetNewPasswordActivity
06-07 09:44:49.782: I/Auth(9891): [AccountStatusChecker] OnDataChanged check: <ELLIDED:-1238769241>
06-07 09:44:49.784: I/Auth(9891): [AccountStatusChecker] Canceling for <ELLIDED:-1238769241>
06-07 09:44:49.816: I/Auth(9891): [AuthManaged,PasswordComplexityHelperImpl] Updating password complexity components state.
06-07 09:44:49.816: I/Auth(9891): [AuthManaged,PasswordComplexityHelperImpl] Disabling com.google.android.gms.auth.managed.admin.DeviceAdminReceiver
06-07 09:44:49.816: I/Auth(9891): [AuthManaged,PasswordComplexityHelperImpl] Disabling com.google.android.gms.auth.managed.ui.SetNewPasswordActivity
06-07 09:44:49.834: I/Auth(9891): [AccountStatusChecker] Canceling for <ELLIDED:-1238769241>
06-07 09:44:49.870: W/DownloadManager(3170): [37] Stop requested with status 404: Unhandled HTTP response: 404 Not Found
06-07 09:44:49.870: D/DownloadManager(3170): [37] Finished with status 404
06-07 09:44:49.877: W/Conscrypt(11094): Could not set socket write timeout: java.net.SocketException: Socket closed
06-07 09:44:49.877: W/Conscrypt(11094): 	at com.google.android.gms.org.conscrypt.Platform.setSocketWriteTimeout(:com.google.android.gms@200914019@20.09.14 (040400-300565878):2)
06-07 09:44:49.877: W/Conscrypt(11094): 	at com.google.android.gms.org.conscrypt.ConscryptFileDescriptorSocket.setSoWriteTimeout(:com.google.android.gms@200914019@20.09.14 (040400-300565878):0)
06-07 09:44:49.899: W/Conscrypt(11094): Could not set socket write timeout: java.net.SocketException: Socket closed
06-07 09:44:49.899: W/Conscrypt(11094): 	at com.google.android.gms.org.conscrypt.Platform.setSocketWriteTimeout(:com.google.android.gms@200914019@20.09.14 (040400-300565878):2)
06-07 09:44:49.899: W/Conscrypt(11094): 	at com.google.android.gms.org.conscrypt.ConscryptFileDescriptorSocket.setSoWriteTimeout(:com.google.android.gms@200914019@20.09.14 (040400-300565878):0)
06-07 09:44:49.905: I/Auth(9891): [AuthManaged,PasswordComplexityHelperImpl] Updating password complexity components state.
06-07 09:44:49.905: I/Auth(9891): [AuthManaged,PasswordComplexityHelperImpl] Disabling com.google.android.gms.auth.managed.admin.DeviceAdminReceiver
06-07 09:44:49.905: I/Auth(9891): [AuthManaged,PasswordComplexityHelperImpl] Disabling com.google.android.gms.auth.managed.ui.SetNewPasswordActivity
06-07 09:44:49.926: I/Auth(9891): [AuthManaged,PasswordComplexityHelperImpl] Updating password complexity components state.
06-07 09:44:49.926: I/Auth(9891): [AuthManaged,PasswordComplexityHelperImpl] Disabling com.google.android.gms.auth.managed.admin.DeviceAdminReceiver
06-07 09:44:49.926: I/Auth(9891): [AuthManaged,PasswordComplexityHelperImpl] Disabling com.google.android.gms.auth.managed.ui.SetNewPasswordActivity
06-07 09:44:49.958: I/MS_RegisterService(11094): Tachyon host: instantmessaging-pa.googleapis.com, Tachyon port: 443
06-07 09:44:49.961: I/MS_RegisterService(11094): checking registration with Lighter
06-07 09:44:49.963: I/MS_RegisterService(11094): Registering Lighter for email: LTF7ONYMDNJYX7GB4F4RTMVU4Q-01@cloudtestlabaccounts.com
06-07 09:44:49.964: D/CompatibilityInfo(1597): mCompatibilityFlags - 0
06-07 09:44:49.964: D/CompatibilityInfo(1597): applicationDensity - 320
06-07 09:44:49.964: D/CompatibilityInfo(1597): applicationScale - 1.0
06-07 09:44:49.976: I/Auth(9891): [AuthManaged,PasswordComplexityHelperImpl] Updating password complexity components state.
06-07 09:44:49.976: I/Auth(9891): [AuthManaged,PasswordComplexityHelperImpl] Disabling com.google.android.gms.auth.managed.admin.DeviceAdminReceiver
06-07 09:44:49.976: I/Auth(9891): [AuthManaged,PasswordComplexityHelperImpl] Disabling com.google.android.gms.auth.managed.ui.SetNewPasswordActivity
06-07 09:44:49.979: I/PeopleDatabaseHelper(11094): cleanUpNonGplusAccounts done.
06-07 09:44:50.000: D/CompatibilityInfo(1597): mCompatibilityFlags - 0
06-07 09:44:50.000: D/CompatibilityInfo(1597): applicationDensity - 320
06-07 09:44:50.000: D/CompatibilityInfo(1597): applicationScale - 1.0
06-07 09:44:50.003: D/SemcConfiguration(7726): Calling getGroupVisible(), group_visible is false, read from overlay or local file.
06-07 09:44:50.014: D/CompatibilityInfo(1597): mCompatibilityFlags - 0
06-07 09:44:50.014: D/CompatibilityInfo(1597): applicationDensity - 320
06-07 09:44:50.014: D/CompatibilityInfo(1597): applicationScale - 1.0
06-07 09:44:50.026: D/CompatibilityInfo(1597): mCompatibilityFlags - 0
06-07 09:44:50.026: D/CompatibilityInfo(1597): applicationDensity - 320
06-07 09:44:50.026: D/CompatibilityInfo(1597): applicationScale - 1.0
06-07 09:44:50.029: D/SemcConfiguration(7726): Calling getGroupVisible(), group_visible is false, read from overlay or local file.
06-07 09:44:50.036: D/CompatibilityInfo(1597): mCompatibilityFlags - 0
06-07 09:44:50.036: D/CompatibilityInfo(1597): applicationDensity - 320
06-07 09:44:50.036: D/CompatibilityInfo(1597): applicationScale - 1.0
06-07 09:44:50.049: I/zygote64(11094): Background concurrent copying GC freed 95411(6MB) AllocSpace objects, 29(688KB) LOS objects, 49% free, 8MB/17MB, paused 480us total 102.982ms
06-07 09:44:50.061: I/LT_StubFactory(11094): tachyonHostName = instantmessaging-pa.googleapis.com and tachyonPortNumber = 443
06-07 09:44:50.062: D/DownloadManager(3170): [38] Starting
06-07 09:44:50.063: D/LT_OkHttpChannelBuilder(11094): Using Spatula header keyless authentication.
06-07 09:44:50.071: D/CompatibilityInfo(1597): mCompatibilityFlags - 0
06-07 09:44:50.071: D/CompatibilityInfo(1597): applicationDensity - 320
06-07 09:44:50.071: D/CompatibilityInfo(1597): applicationScale - 1.0
06-07 09:44:50.084: I/Auth(9891): [AuthManaged,PasswordComplexityHelperImpl] Updating password complexity components state.
06-07 09:44:50.084: I/Auth(9891): [AuthManaged,PasswordComplexityHelperImpl] Disabling com.google.android.gms.auth.managed.admin.DeviceAdminReceiver
06-07 09:44:50.084: I/Auth(9891): [AuthManaged,PasswordComplexityHelperImpl] Disabling com.google.android.gms.auth.managed.ui.SetNewPasswordActivity
06-07 09:44:50.088: D/CompatibilityInfo(1597): mCompatibilityFlags - 0
06-07 09:44:50.088: D/CompatibilityInfo(1597): applicationDensity - 320
06-07 09:44:50.088: D/CompatibilityInfo(1597): applicationScale - 1.0
06-07 09:44:50.103: I/constellation(11094): [event_manager] Starting session. sessionId: 01c2d80e-56bc-41bd-a052-cf9c8ee19729 from trigger: 4
06-07 09:44:50.103: I/zygote64(11094): Deoptimizing void bnca.a(java.lang.Iterable) due to JIT inline cache
06-07 09:44:50.107: D/CompatibilityInfo(1597): mCompatibilityFlags - 0
06-07 09:44:50.107: D/CompatibilityInfo(1597): applicationDensity - 320
06-07 09:44:50.107: D/CompatibilityInfo(1597): applicationScale - 1.0
06-07 09:44:50.107: I/LT_PhenotypeApiImplV12(11094): Retrieve experiment configurations for: 
06-07 09:44:50.113: E/LogUtils(11094): Log tag LT_ClientInterceptorFactory is longer than 23 chars.
06-07 09:44:50.113: D/LT_ClientInterceptorFac(11094): Spatula header: CjYKFmNvbS5nb29nbGUuYW5kcm9pZC5nbXMaHE9KR0tSVDBIR1pOVStMR2E4RjdHVml6dFY0Zz0SIAEdUDOcjSHh6YQOjCc/vstuyKBaNQZpyl3OcCeU+bolGIK6pPiaj/XqMiDPxN3sn5+T66wBKkkAXmqAnAe0Oh2Lw6fW5KNXclsXb1TkIwT/IQfUEBUGssmgFxq7K/7sXAE5oydGCpyRiCSEWguUoLo0QR9VVTUndt5blvSOsi2i
06-07 09:44:50.117: D/NetworkSecurityConfig(3170): Using Network Security Config from resource network_security_config debugBuild: false
06-07 09:44:50.117: D/CompatibilityInfo(1597): mCompatibilityFlags - 0
06-07 09:44:50.118: D/CompatibilityInfo(1597): applicationDensity - 320
06-07 09:44:50.118: D/CompatibilityInfo(1597): applicationScale - 1.0
06-07 09:44:50.132: I/Auth(9891): [AuthManaged,PasswordComplexityHelperImpl] Updating password complexity components state.
06-07 09:44:50.132: I/Auth(9891): [AuthManaged,PasswordComplexityHelperImpl] Disabling com.google.android.gms.auth.managed.admin.DeviceAdminReceiver
06-07 09:44:50.133: I/Auth(9891): [AuthManaged,PasswordComplexityHelperImpl] Disabling com.google.android.gms.auth.managed.ui.SetNewPasswordActivity
06-07 09:44:50.137: D/MusicProfiler(12260): http: duration=0089ms uri=https://mclients.googleapis.com/sj/v2.5/config?hl=en_US&tier=fr&dv=67731&client-build-type=PROD&alt=json&max-results=0
06-07 09:44:50.144: I/Icing(11094): Indexing com.google.android.gms-apps from com.google.android.gms
06-07 09:44:50.155: D/CompatibilityInfo(1597): mCompatibilityFlags - 0
06-07 09:44:50.155: D/CompatibilityInfo(1597): applicationDensity - 320
06-07 09:44:50.155: D/CompatibilityInfo(1597): applicationScale - 1.0
06-07 09:44:50.159: I/LT_PhenotypeApiImplV12(11094): Phenotype registration succeeded
06-07 09:44:50.162: I/Finsky(10270): [2] imd.a(9): Received device config token CisaKQoTMzY2MzA2NzQ5MTAyODUwNzkwNhISChAxNTkxNTQ4MjkwMDQzMjc5
06-07 09:44:50.166: D/Volley(10270): [78] abgm.b: Could not delete cache entry for key=[YjA2CyqBzD5RUAjdDPfmvJ0mWwUpsxQEqGa2dDvq0vE], filename=z2ANjE0cUi6FqrZjOoBuRRQGOco
06-07 09:44:50.166: I/Finsky(10270): [2] xvu.a(1): Request device config token was successful in toc.
06-07 09:44:50.171: D/CompatibilityInfo(1597): mCompatibilityFlags - 0
06-07 09:44:50.171: D/CompatibilityInfo(1597): applicationDensity - 320
06-07 09:44:50.171: D/CompatibilityInfo(1597): applicationScale - 1.0
06-07 09:44:50.194: W/ResourceType(11094): ResTable_typeSpec entry count inconsistent: given 186, previously 189
06-07 09:44:50.195: W/ResourceType(11094): ResTable_typeSpec entry count inconsistent: given 180, previously 740
06-07 09:44:50.195: D/CompatibilityInfo(1597): mCompatibilityFlags - 0
06-07 09:44:50.195: D/CompatibilityInfo(1597): applicationDensity - 320
06-07 09:44:50.195: D/CompatibilityInfo(1597): applicationScale - 1.0
06-07 09:44:50.204: D/CompatibilityInfo(1597): mCompatibilityFlags - 0
06-07 09:44:50.204: D/CompatibilityInfo(1597): applicationDensity - 320
06-07 09:44:50.204: D/CompatibilityInfo(1597): applicationScale - 1.0
06-07 09:44:50.205: I/Icing(11094): Indexing done com.google.android.gms-apps
06-07 09:44:50.216: D/CompatibilityInfo(1597): mCompatibilityFlags - 0
06-07 09:44:50.216: D/CompatibilityInfo(1597): applicationDensity - 320
06-07 09:44:50.216: D/CompatibilityInfo(1597): applicationScale - 1.0
06-07 09:44:50.219: I/zygote64(12260): Do partial code cache collection, code=62KB, data=37KB
06-07 09:44:50.220: I/zygote64(12260): After code cache collection, code=62KB, data=37KB
06-07 09:44:50.220: I/zygote64(12260): Increasing code cache capacity to 256KB
06-07 09:44:50.249: I/Auth(9891): [AuthManaged,PasswordComplexityHelperImpl] Updating password complexity components state.
06-07 09:44:50.249: I/Auth(9891): [AuthManaged,PasswordComplexityHelperImpl] Disabling com.google.android.gms.auth.managed.admin.DeviceAdminReceiver
06-07 09:44:50.250: I/Auth(9891): [AuthManaged,PasswordComplexityHelperImpl] Disabling com.google.android.gms.auth.managed.ui.SetNewPasswordActivity
06-07 09:44:50.268: I/dex2oat(13076): dex2oat took 847.678ms (1.459s cpu) (threads: 8) arena alloc=27KB (28216B) java alloc=2MB (2749632B) native alloc=5MB (5338488B) free=2MB (3050120B)
06-07 09:44:50.289: I/NetRec(9891): [959] akpm.a: onConfigChanged()
