06-07 09:44:46.110: D/CompatibilityInfo(1597): mCompatibilityFlags - 0
06-07 09:44:46.110: D/CompatibilityInfo(1597): applicationDensity - 320
06-07 09:44:46.110: D/CompatibilityInfo(1597): applicationScale - 1.0
06-07 09:44:46.111: W/ChimeraUtils(9891): Non Chimera context
06-07 09:44:46.111: W/ChimeraUtils(9891): Non Chimera context
06-07 09:44:46.121: W/GAv4(12832): AnalyticsService not registered in the app manifest. Hits might not be delivered reliably. See http://goo.gl/8Rd3yj for instructions.
06-07 09:44:46.130: D/CompatibilityInfo(1597): mCompatibilityFlags - 0
06-07 09:44:46.130: D/CompatibilityInfo(1597): applicationDensity - 320
06-07 09:44:46.130: D/CompatibilityInfo(1597): applicationScale - 1.0
06-07 09:44:46.133: I/zygote64(11094): Deoptimizing blfa blga.a(blfz, blfa) due to JIT inline cache
06-07 09:44:46.136: D/CompatibilityInfo(1597): mCompatibilityFlags - 0
06-07 09:44:46.136: D/CompatibilityInfo(1597): applicationDensity - 320
06-07 09:44:46.136: D/CompatibilityInfo(1597): applicationScale - 1.0
06-07 09:44:46.142: D/CompatibilityInfo(1597): mCompatibilityFlags - 0
06-07 09:44:46.142: D/CompatibilityInfo(1597): applicationDensity - 320
06-07 09:44:46.142: D/CompatibilityInfo(1597): applicationScale - 1.0
06-07 09:44:46.143: W/ChimeraUtils(9891): Non Chimera context
06-07 09:44:46.143: W/ChimeraUtils(9891): Non Chimera context
06-07 09:44:46.145: D/MusicProfiler(12260): http: duration=0079ms uri=https://mclients.googleapis.com/sj/v2.5/config?hl=en_US&tier=fr&dv=67731&client-build-type=PROD&alt=json&max-results=0
06-07 09:44:46.157: D/CompatibilityInfo(1597): mCompatibilityFlags - 0
06-07 09:44:46.157: D/CompatibilityInfo(1597): applicationDensity - 320
06-07 09:44:46.157: D/CompatibilityInfo(1597): applicationScale - 1.0
06-07 09:44:46.159: D/CompatibilityInfo(1597): mCompatibilityFlags - 0
06-07 09:44:46.159: D/CompatibilityInfo(1597): applicationDensity - 320
06-07 09:44:46.159: D/CompatibilityInfo(1597): applicationScale - 1.0
06-07 09:44:46.160: W/ActivityManager(1597): Unable to start service Intent { cmp=com.google.android.gm.exchange/com.android.exchange.service.EasService } U=0: not found
06-07 09:44:46.161: D/CompatibilityInfo(1597): mCompatibilityFlags - 0
06-07 09:44:46.161: D/CompatibilityInfo(1597): applicationDensity - 320
06-07 09:44:46.161: D/CompatibilityInfo(1597): applicationScale - 1.0
06-07 09:44:46.164: D/CompatibilityInfo(1597): mCompatibilityFlags - 0
06-07 09:44:46.164: D/CompatibilityInfo(1597): applicationDensity - 320
06-07 09:44:46.164: D/CompatibilityInfo(1597): applicationScale - 1.0
06-07 09:44:46.165: D/CompatibilityInfo(1597): mCompatibilityFlags - 0
06-07 09:44:46.165: D/CompatibilityInfo(1597): applicationDensity - 320
06-07 09:44:46.165: D/CompatibilityInfo(1597): applicationScale - 1.0
06-07 09:44:46.174: I/zygote64(11094): Deoptimizing int poi.a(java.lang.Object, byte[], int, int, int, plc) due to JIT inline cache
06-07 09:44:46.183: W/GamesServiceBroker(11094): Client connected with SDK 15350000, Services 200914019, and Games 84500040
06-07 09:44:46.184: E/PlayCommonAgent(11094): Interrupted while trying to load experiments
06-07 09:44:46.184: E/PlayCommonAgent(11094): java.lang.InterruptedException
06-07 09:44:46.184: E/PlayCommonAgent(11094): 	at java.util.concurrent.locks.AbstractQueuedSynchronizer.doAcquireSharedInterruptibly(AbstractQueuedSynchronizer.java:1022)
06-07 09:44:46.184: E/PlayCommonAgent(11094): 	at java.util.concurrent.locks.AbstractQueuedSynchronizer.acquireSharedInterruptibly(AbstractQueuedSynchronizer.java:1328)
06-07 09:44:46.184: E/PlayCommonAgent(11094): 	at java.util.concurrent.CountDownLatch.await(CountDownLatch.java:232)
06-07 09:44:46.184: E/PlayCommonAgent(11094): 	at iit.a(:com.google.android.play.games@84500040@2019.01.8450 (231876743.231876743-000400):27)
06-07 09:44:46.184: E/PlayCommonAgent(11094): 	at jxk.a(:com.google.android.play.games@84500040@2019.01.8450 (231876743.231876743-000400):221)
06-07 09:44:46.184: E/PlayCommonAgent(11094): 	at jxk.a(:com.google.android.play.games@84500040@2019.01.8450 (231876743.231876743-000400):375)
06-07 09:44:46.184: E/PlayCommonAgent(11094): 	at jxk.a(:com.google.android.play.games@84500040@2019.01.8450 (231876743.231876743-000400):359)
06-07 09:44:46.184: E/PlayCommonAgent(11094): 	at hjp.onPerformSync(:com.google.android.play.games@84500040@2019.01.8450 (231876743.231876743-000400):14)
06-07 09:44:46.184: E/PlayCommonAgent(11094): 	at android.content.AbstractThreadedSyncAdapter$SyncThread.run(AbstractThreadedSyncAdapter.java:272)
06-07 09:44:46.186: W/ChimeraUtils(9891): Non Chimera context
06-07 09:44:46.186: W/ChimeraUtils(9891): Non Chimera context
06-07 09:44:46.194: I/zygote64(12260): Do partial code cache collection, code=26KB, data=21KB
06-07 09:44:46.199: D/CompatibilityInfo(1597): mCompatibilityFlags - 0
06-07 09:44:46.199: D/CompatibilityInfo(1597): applicationDensity - 320
06-07 09:44:46.199: D/CompatibilityInfo(1597): applicationScale - 1.0
06-07 09:44:46.200: I/zygote64(12260): After code cache collection, code=23KB, data=20KB
06-07 09:44:46.200: I/zygote64(12260): Increasing code cache capacity to 128KB
06-07 09:44:46.208: D/CompatibilityInfo(1597): mCompatibilityFlags - 0
06-07 09:44:46.208: D/CompatibilityInfo(1597): applicationDensity - 320
06-07 09:44:46.208: D/CompatibilityInfo(1597): applicationScale - 1.0
06-07 09:44:46.214: D/CompatibilityInfo(1597): mCompatibilityFlags - 10
06-07 09:44:46.214: D/CompatibilityInfo(1597): applicationDensity - 320
06-07 09:44:46.214: D/CompatibilityInfo(1597): applicationScale - 1.0
06-07 09:44:46.216: I/anoa(9891): Scheduling Phenotype for a PhenotypeSyncImmediately(5, null) one off with window [1, 2] in seconds [CONTEXT service_id=51 ]
06-07 09:44:46.217: W/WakefulBroadcastReceiv.(9891): No active wake lock id #2
06-07 09:44:46.220: D/CompatibilityInfo(1597): mCompatibilityFlags - 10
06-07 09:44:46.220: D/CompatibilityInfo(1597): applicationDensity - 320
06-07 09:44:46.220: D/CompatibilityInfo(1597): applicationScale - 1.0
06-07 09:44:46.223: D/CompatibilityInfo(1597): mCompatibilityFlags - 0
06-07 09:44:46.223: D/CompatibilityInfo(1597): applicationDensity - 320
06-07 09:44:46.223: D/CompatibilityInfo(1597): applicationScale - 1.0
06-07 09:44:46.254: D/CompatibilityInfo(1597): mCompatibilityFlags - 10
06-07 09:44:46.254: D/CompatibilityInfo(1597): applicationDensity - 320
06-07 09:44:46.254: D/CompatibilityInfo(1597): applicationScale - 1.0
06-07 09:44:46.277: W/ThreadPoolDumper(2871): Queue length for executor Cookies thread is now 11. Perhaps some tasks are too long, or the pool is too small.
06-07 09:44:46.300: D/CompatibilityInfo(1597): mCompatibilityFlags - 10
06-07 09:44:46.300: D/CompatibilityInfo(1597): applicationDensity - 320
06-07 09:44:46.300: D/CompatibilityInfo(1597): applicationScale - 1.0
06-07 09:44:46.302: D/CompatibilityInfo(1597): mCompatibilityFlags - 10
06-07 09:44:46.302: D/CompatibilityInfo(1597): applicationDensity - 320
06-07 09:44:46.302: D/CompatibilityInfo(1597): applicationScale - 1.0
06-07 09:44:46.303: I/Phonebook(5447): PresetContactsReceiver: Log.java:74:i: action = android.accounts.LOGIN_ACCOUNTS_CHANGED
06-07 09:44:46.304: I/Phonebook(5447): PresetContactsReceiver: Log.java:74:i: isDocomo = false
06-07 09:44:46.304: I/Phonebook(5447): PresetContactsReceiver: Log.java:74:i: isSetupwizardCompleted = true
06-07 09:44:46.305: I/Phonebook(5447): PresetContactsReceiver: Log.java:74:i: beforeState = 1 afterState = 1
06-07 09:44:46.309: I/Phonebook(5447): PresetContactsReceiver: Log.java:74:i: If SIM is not ready, don't try to preset contacts.
06-07 09:44:46.310: D/CompatibilityInfo(1597): mCompatibilityFlags - 10
06-07 09:44:46.310: D/CompatibilityInfo(1597): applicationDensity - 320
06-07 09:44:46.310: D/CompatibilityInfo(1597): applicationScale - 1.0
06-07 09:44:46.312: D/CompatibilityInfo(1597): mCompatibilityFlags - 10
06-07 09:44:46.312: D/CompatibilityInfo(1597): applicationDensity - 320
06-07 09:44:46.312: D/CompatibilityInfo(1597): applicationScale - 1.0
06-07 09:44:46.318: D/CompatibilityInfo(1597): mCompatibilityFlags - 0
06-07 09:44:46.318: D/CompatibilityInfo(1597): applicationDensity - 320
06-07 09:44:46.318: D/CompatibilityInfo(1597): applicationScale - 1.0
06-07 09:44:46.323: D/CompatibilityInfo(1597): mCompatibilityFlags - 10
06-07 09:44:46.323: D/CompatibilityInfo(1597): applicationDensity - 320
06-07 09:44:46.323: D/CompatibilityInfo(1597): applicationScale - 1.0
06-07 09:44:46.326: D/CompatibilityInfo(1597): mCompatibilityFlags - 0
06-07 09:44:46.326: D/CompatibilityInfo(1597): applicationDensity - 320
06-07 09:44:46.326: D/CompatibilityInfo(1597): applicationScale - 1.0
06-07 09:44:46.331: D/CompatibilityInfo(1597): mCompatibilityFlags - 0
06-07 09:44:46.332: D/CompatibilityInfo(1597): applicationDensity - 320
06-07 09:44:46.332: D/CompatibilityInfo(1597): applicationScale - 1.0
06-07 09:44:46.336: D/CompatibilityInfo(1597): mCompatibilityFlags - 0
06-07 09:44:46.336: D/CompatibilityInfo(1597): applicationDensity - 320
06-07 09:44:46.336: D/CompatibilityInfo(1597): applicationScale - 1.0
06-07 09:44:46.341: D/CompatibilityInfo(1597): mCompatibilityFlags - 0
06-07 09:44:46.341: D/CompatibilityInfo(1597): applicationDensity - 320
06-07 09:44:46.341: D/CompatibilityInfo(1597): applicationScale - 1.0
06-07 09:44:46.345: D/CompatibilityInfo(1597): mCompatibilityFlags - 0
06-07 09:44:46.345: D/CompatibilityInfo(1597): applicationDensity - 320
06-07 09:44:46.345: D/CompatibilityInfo(1597): applicationScale - 1.0
06-07 09:44:46.346: D/CompatibilityInfo(1597): mCompatibilityFlags - 0
06-07 09:44:46.346: D/CompatibilityInfo(1597): applicationDensity - 320
06-07 09:44:46.346: D/CompatibilityInfo(1597): applicationScale - 1.0
06-07 09:44:46.355: D/CompatibilityInfo(1597): mCompatibilityFlags - 0
06-07 09:44:46.355: D/CompatibilityInfo(1597): applicationDensity - 320
06-07 09:44:46.355: D/CompatibilityInfo(1597): applicationScale - 1.0
06-07 09:44:46.357: D/CompatibilityInfo(1597): mCompatibilityFlags - 10
06-07 09:44:46.357: D/CompatibilityInfo(1597): applicationDensity - 320
06-07 09:44:46.357: D/CompatibilityInfo(1597): applicationScale - 1.0
06-07 09:44:46.361: D/CompatibilityInfo(1597): mCompatibilityFlags - 10
06-07 09:44:46.361: D/CompatibilityInfo(1597): applicationDensity - 320
06-07 09:44:46.361: D/CompatibilityInfo(1597): applicationScale - 1.0
06-07 09:44:46.366: D/CompatibilityInfo(1597): mCompatibilityFlags - 10
06-07 09:44:46.366: D/CompatibilityInfo(1597): applicationDensity - 320
06-07 09:44:46.366: D/CompatibilityInfo(1597): applicationScale - 1.0
06-07 09:44:46.368: D/CompatibilityInfo(1597): mCompatibilityFlags - 10
06-07 09:44:46.368: D/CompatibilityInfo(1597): applicationDensity - 320
06-07 09:44:46.368: D/CompatibilityInfo(1597): applicationScale - 1.0
06-07 09:44:46.370: D/CompatibilityInfo(1597): mCompatibilityFlags - 10
06-07 09:44:46.370: D/CompatibilityInfo(1597): applicationDensity - 320
06-07 09:44:46.370: D/CompatibilityInfo(1597): applicationScale - 1.0
06-07 09:44:46.371: D/CompatibilityInfo(1597): mCompatibilityFlags - 10
06-07 09:44:46.372: D/CompatibilityInfo(1597): applicationDensity - 320
06-07 09:44:46.372: D/CompatibilityInfo(1597): applicationScale - 1.0
06-07 09:44:46.373: D/CompatibilityInfo(1597): mCompatibilityFlags - 10
06-07 09:44:46.373: D/CompatibilityInfo(1597): applicationDensity - 320
06-07 09:44:46.373: D/CompatibilityInfo(1597): applicationScale - 1.0
06-07 09:44:46.375: D/CompatibilityInfo(1597): mCompatibilityFlags - 10
06-07 09:44:46.375: D/CompatibilityInfo(1597): applicationDensity - 320
06-07 09:44:46.375: D/CompatibilityInfo(1597): applicationScale - 1.0
06-07 09:44:46.379: D/CompatibilityInfo(1597): mCompatibilityFlags - 10
06-07 09:44:46.379: D/CompatibilityInfo(1597): applicationDensity - 320
06-07 09:44:46.379: D/CompatibilityInfo(1597): applicationScale - 1.0
06-07 09:44:46.381: I/ServerResponse(11094): No proto class instance and unknown nano proto class name for responseType=42
06-07 09:44:46.382: D/CompatibilityInfo(1597): mCompatibilityFlags - 0
06-07 09:44:46.382: D/CompatibilityInfo(1597): applicationDensity - 320
06-07 09:44:46.382: D/CompatibilityInfo(1597): applicationScale - 1.0
06-07 09:44:46.384: I/Auth(11094): [SupervisedAccountIntentOperation] onHandleIntent(): com.google.android.gms.auth.ACCOUNT_SERVICES_CHANGED
06-07 09:44:46.385: D/CompatibilityInfo(1597): mCompatibilityFlags - 0
06-07 09:44:46.385: D/CompatibilityInfo(1597): applicationDensity - 320
06-07 09:44:46.385: D/CompatibilityInfo(1597): applicationScale - 1.0
06-07 09:44:46.388: W/BroadcastQueue(1597): Background execution not allowed: receiving Intent { act=android.intent.action.DROPBOX_ENTRY_ADDED flg=0x10 (has extras) } to com.google.android.gms/.stats.service.DropBoxEntryAddedReceiver
06-07 09:44:46.388: W/BroadcastQueue(1597): Background execution not allowed: receiving Intent { act=android.intent.action.DROPBOX_ENTRY_ADDED flg=0x10 (has extras) } to com.google.android.gms/.chimera.GmsIntentOperationService$PersistentTrustedReceiver
06-07 09:44:46.399: I/ActivityManager(1597): Start proc 12905:com.sonyericsson.crashmonitor/1000 for broadcast com.sonyericsson.crashmonitor/.receiver.CrashMonitorServiceBroadcastReceiver
06-07 09:44:46.403: D/CompatibilityInfo(1597): mCompatibilityFlags - 0
06-07 09:44:46.403: D/CompatibilityInfo(1597): applicationDensity - 320
06-07 09:44:46.403: D/CompatibilityInfo(1597): applicationScale - 1.0
06-07 09:44:46.405: I/PmtsSwAccountIntentOp(11094): Processing intent action=android.accounts.LOGIN_ACCOUNTS_CHANGED
06-07 09:44:46.405: I/PmtsSwAccountIntentOp(11094): Account added has already been processed
06-07 09:44:46.423: D/CompatibilityInfo(1597): mCompatibilityFlags - 10
06-07 09:44:46.423: D/CompatibilityInfo(1597): applicationDensity - 320
06-07 09:44:46.423: D/CompatibilityInfo(1597): applicationScale - 1.0
06-07 09:44:46.429: D/CompatibilityInfo(1597): mCompatibilityFlags - 10
06-07 09:44:46.429: D/CompatibilityInfo(1597): applicationDensity - 320
06-07 09:44:46.429: D/CompatibilityInfo(1597): applicationScale - 1.0
06-07 09:44:46.439: I/MusicExperimentManager(12260): Received config change, experiments list is 12600335,12600357,12600390,12600394,12600397,12600426,12600428,12600430,12600444,12600465,12600466,12600467,12600506,12600526,12600530,12600536,12602068,12604244,12604245,12604246,12611729,12612165,12612247,12616614,12616615,12617467,12619023,12619033,12619127,12620830,12625361,12625500,12625941,12626008,12626945,12627281,12627951,12628654,12629142,12629667,12630065,12630209,12631091,12632064,12632720,12633320,12634000,12635028,12635213,12636020,12641074,12641836,12641837,12642809,12643537,12648818,12649047,12650284,12650285,12652170,12653224,12653393,12653567,12655808,12656567,12657925,12658555,12658847,12660587,12664007,12664178,12664317,12664580,12667660,12669086,12669482,12671098,12671859,12672324,12672325,12672782,12673278,12673485,12673574,20350003,20350004,20350006
06-07 09:44:46.440: D/CompatibilityInfo(1597): mCompatibilityFlags - 0
06-07 09:44:46.440: D/CompatibilityInfo(1597): applicationDensity - 320
06-07 09:44:46.440: D/CompatibilityInfo(1597): applicationScale - 1.0
06-07 09:44:46.467: D/CompatibilityInfo(1597): mCompatibilityFlags - 0
06-07 09:44:46.467: D/CompatibilityInfo(1597): applicationDensity - 320
06-07 09:44:46.467: D/CompatibilityInfo(1597): applicationScale - 1.0
06-07 09:44:46.476: D/CompatibilityInfo(1597): mCompatibilityFlags - 0
06-07 09:44:46.476: D/CompatibilityInfo(1597): applicationDensity - 320
06-07 09:44:46.476: D/CompatibilityInfo(1597): applicationScale - 1.0
06-07 09:44:46.482: D/AwarenessRouter(12260): 0 new fences
06-07 09:44:46.484: E/PlayCommon(11094): [2] obg.c: Failed to restore PlayMetalog
06-07 09:44:46.485: E/PlayCommon(11094): [2] obg.c: Failed to restore LogsUploadAttempt
06-07 09:44:46.486: D/AwarenessRouter(12260): 0 fences already registered
06-07 09:44:46.489: D/AwarenessRouter(12260): Successfully removed 0 context fences
06-07 09:44:46.490: W/GrowthKit(12530): Failed to get phenotypeManager in PhenotypeBroadcastReceiver
06-07 09:44:46.490: W/GrowthKit(12530): java.lang.NullPointerException: Unable to get GrowthKit Component from host app.
06-07 09:44:46.490: W/GrowthKit(12530): 	at com.google.android.libraries.internal.growth.growthkit.inject.GrowthKit.get(GrowthKit.java:43)
06-07 09:44:46.490: W/GrowthKit(12530): 	at com.google.android.libraries.internal.growth.growthkit.internal.experiments.impl.PhenotypeBroadcastReceiver.onReceive(PhenotypeBroadcastReceiver.java:24)
06-07 09:44:46.490: W/GrowthKit(12530): 	at android.app.ActivityThread.handleReceiver(ActivityThread.java:3257)
06-07 09:44:46.490: W/GrowthKit(12530): 	at android.app.ActivityThread.-wrap17(Unknown Source:0)
06-07 09:44:46.490: W/GrowthKit(12530): 	at android.app.ActivityThread$H.handleMessage(ActivityThread.java:1682)
06-07 09:44:46.490: W/GrowthKit(12530): 	at android.os.Handler.dispatchMessage(Handler.java:105)
06-07 09:44:46.490: W/GrowthKit(12530): 	at android.os.Looper.loop(Looper.java:251)
06-07 09:44:46.490: W/GrowthKit(12530): 	at android.app.ActivityThread.main(ActivityThread.java:6572)
06-07 09:44:46.490: W/GrowthKit(12530): 	at java.lang.reflect.Method.invoke(Native Method)
06-07 09:44:46.490: W/GrowthKit(12530): 	at com.android.internal.os.Zygote$MethodAndArgsCaller.run(Zygote.java:240)
06-07 09:44:46.490: W/GrowthKit(12530): 	at com.android.internal.os.ZygoteInit.main(ZygoteInit.java:767)
06-07 09:44:46.491: D/CompatibilityInfo(1597): mCompatibilityFlags - 0
06-07 09:44:46.491: D/CompatibilityInfo(1597): applicationDensity - 320
06-07 09:44:46.491: D/CompatibilityInfo(1597): applicationScale - 1.0
06-07 09:44:46.493: D/CompatibilityInfo(1597): mCompatibilityFlags - 0
06-07 09:44:46.493: D/CompatibilityInfo(1597): applicationDensity - 320
06-07 09:44:46.493: D/CompatibilityInfo(1597): applicationScale - 1.0
06-07 09:44:46.496: D/CompatibilityInfo(1597): mCompatibilityFlags - 0
06-07 09:44:46.496: D/CompatibilityInfo(1597): applicationDensity - 320
06-07 09:44:46.496: D/CompatibilityInfo(1597): applicationScale - 1.0
06-07 09:44:46.496: E/PlayCommon(11094): [2] obg.c: Failed to restore PlayMetalog
06-07 09:44:46.496: E/PlayCommon(11094): [2] obg.c: Failed to restore LogsUploadAttempt
06-07 09:44:46.505: D/CompatibilityInfo(1597): mCompatibilityFlags - 0
06-07 09:44:46.505: D/CompatibilityInfo(1597): applicationDensity - 320
06-07 09:44:46.506: D/CompatibilityInfo(1597): applicationScale - 1.0
06-07 09:44:46.508: I/Finsky(10270): [2] AccountsChangedReceiver.a(11): [Accounts] Handling broadcast: com.google.android.gms.auth.GOOGLE_ACCOUNT_CHANGE
06-07 09:44:46.508: I/Finsky(10270): [2] AccountsChangedReceiver.a(4): Get accounts accountsRemoved
06-07 09:44:46.508: I/Finsky(10270): [2] AccountsChangedReceiver.a(4): Get accounts accountsAdded
06-07 09:44:46.509: I/GamesSyncAdapter(11094): Sync duration for b7e36eb5: 440
06-07 09:44:46.509: I/Finsky(10270): [2] AccountsChangedReceiver.a(6): Account [9BTrKXzkHj9Rywk-7838kBGaUEX0VgvO6yNSmZTyDX0]
06-07 09:44:46.510: I/Finsky(10270): [2] VpaService.a(5): Skipping additional VPA because disabled.
06-07 09:44:46.513: I/Finsky(10270): [2] zme.a(36): Refreshing user settings: account=[9BTrKXzkHj9Rywk-7838kBGaUEX0VgvO6yNSmZTyDX0]
06-07 09:44:46.514: D/SyncManager(1597): handleSyncHandlerMessage: dropping since the sync is no longer active: startTime 417524, mTimeoutStartTime 417524, mHistoryRowId 10, syncOperation JobId: 105113, LTF7ONYMDNJYX7GB4F4RTMVU4Q-01@cloudtestlabaccounts.com u0 (com.google), com.google.android.gms.games.background, SERVER, reason: AutoSync
06-07 09:44:46.517: D/Volley(10270): [86] abgm.b: Cache cleared.
06-07 09:44:46.522: W/GamesServiceBroker(11094): Client connected with SDK 15350000, Services 200914019, and Games 84500040
06-07 09:44:46.529: D/Volley(10270): [123] abgm.b: Cache cleared.
06-07 09:44:46.545: D/Volley(10270): [2] abgl.b: Cache cleared.
06-07 09:44:46.610: I/Auth(9891): [BroadcastManager] Broadcasting account services changed.
06-07 09:44:46.723: D/MusicProfiler(12260): http: duration=0117ms uri=https://mclients.googleapis.com/sj/v2.5/radio/station?hl=en_US&tier=fr&dv=6773&client-build-type=prod&alt=json
06-07 09:44:46.724: W/MusicApiClient(12260): No content in 'data' field in GET sync response for SyncableRadioStation
06-07 09:44:46.838: I/Auth(11094): [SupervisedAccountIntentOperation] onHandleIntent(): com.google.android.gms.auth.ACCOUNT_SERVICES_CHANGED
06-07 09:44:46.840: D/CompatibilityInfo(1597): mCompatibilityFlags - 0
06-07 09:44:46.840: D/CompatibilityInfo(1597): applicationDensity - 320
06-07 09:44:46.840: D/CompatibilityInfo(1597): applicationScale - 1.0
06-07 09:44:46.840: I/Finsky(10270): [2] ozs.c(4): Enqueuing libraries load for 2028971778
06-07 09:44:46.841: I/Finsky(10270): [2] AccountsChangedReceiver.a(53): Accounts changed, prefetching preloads for account [9BTrKXzkHj9Rywk-7838kBGaUEX0VgvO6yNSmZTyDX0] (previously null)
06-07 09:44:46.842: I/Finsky(10270): [194] uml.call(2): Prefetching preloads for account [9BTrKXzkHj9Rywk-7838kBGaUEX0VgvO6yNSmZTyDX0]
06-07 09:44:46.843: I/Finsky(10270): [81] ozs.a(25): Starting libraries load for 2028971778
06-07 09:44:46.845: W/ChimeraUtils(9891): Non Chimera context
06-07 09:44:46.845: W/ChimeraUtils(9891): Non Chimera context
06-07 09:44:46.848: I/Finsky(10270): [73] ulm.call(6): Found VPA stub android.autoinstalls.config.sony.xperia:1
06-07 09:44:46.849: I/Finsky(10270): [194] iml.a(19): Token already exists - returning!
06-07 09:44:46.849: I/Finsky(10270): [194] urs.a(1): Request device config token was successful when fetching preloads.
06-07 09:44:46.853: I/zygote(10270): Deoptimizing void apem.putAll(java.util.Map) due to JIT inline cache
06-07 09:44:46.853: I/Finsky(10270): [2] xud.a(2): Disable SystemUpdateActivity, because Android is lower than Q
06-07 09:44:46.856: I/Finsky(10270): [81] ozs.a(43): Loaded library for account: [9BTrKXzkHj9Rywk-7838kBGaUEX0VgvO6yNSmZTyDX0]
06-07 09:44:46.857: I/Finsky(10270): [81] ozs.a(47): Finished loading 1 libraries.
06-07 09:44:46.872: W/Conscrypt(11094): Could not set socket write timeout: java.net.SocketException: Socket closed
06-07 09:44:46.872: W/Conscrypt(11094): 	at com.google.android.gms.org.conscrypt.Platform.setSocketWriteTimeout(:com.google.android.gms@200914019@20.09.14 (040400-300565878):2)
06-07 09:44:46.872: W/Conscrypt(11094): 	at com.google.android.gms.org.conscrypt.ConscryptFileDescriptorSocket.setSoWriteTimeout(:com.google.android.gms@200914019@20.09.14 (040400-300565878):0)
06-07 09:44:46.874: I/Finsky(10270): [81] xuc.run(4): Set SystemUpdateActivity enabled state to 2
06-07 09:44:46.883: W/Conscrypt(11094): Could not set socket write timeout: java.net.SocketException: Socket closed
06-07 09:44:46.883: W/Conscrypt(11094): 	at com.google.android.gms.org.conscrypt.Platform.setSocketWriteTimeout(:com.google.android.gms@200914019@20.09.14 (040400-300565878):2)
06-07 09:44:46.883: W/Conscrypt(11094): 	at com.google.android.gms.org.conscrypt.ConscryptFileDescriptorSocket.setSoWriteTimeout(:com.google.android.gms@200914019@20.09.14 (040400-300565878):0)
06-07 09:44:46.886: D/CompatibilityInfo(1597): mCompatibilityFlags - 0
06-07 09:44:46.886: D/CompatibilityInfo(1597): applicationDensity - 320
06-07 09:44:46.886: D/CompatibilityInfo(1597): applicationScale - 1.0
06-07 09:44:46.923: D/CompatibilityInfo(1597): mCompatibilityFlags - 0
06-07 09:44:46.923: D/CompatibilityInfo(1597): applicationDensity - 320
06-07 09:44:46.923: D/CompatibilityInfo(1597): applicationScale - 1.0
06-07 09:44:46.947: D/CompatibilityInfo(1597): mCompatibilityFlags - 0
06-07 09:44:46.947: D/CompatibilityInfo(1597): applicationDensity - 320
06-07 09:44:46.947: D/CompatibilityInfo(1597): applicationScale - 1.0
06-07 09:44:46.949: D/CompatibilityInfo(1597): mCompatibilityFlags - 0
06-07 09:44:46.949: D/CompatibilityInfo(1597): applicationDensity - 320
06-07 09:44:46.949: D/CompatibilityInfo(1597): applicationScale - 1.0
06-07 09:44:46.951: D/CompatibilityInfo(1597): mCompatibilityFlags - 0
06-07 09:44:46.951: D/CompatibilityInfo(1597): applicationDensity - 320
06-07 09:44:46.951: D/CompatibilityInfo(1597): applicationScale - 1.0
06-07 09:44:46.979: D/CompatibilityInfo(1597): mCompatibilityFlags - 0
06-07 09:44:46.979: D/CompatibilityInfo(1597): applicationDensity - 320
06-07 09:44:46.979: D/CompatibilityInfo(1597): applicationScale - 1.0
06-07 09:44:46.999: D/CompatibilityInfo(1597): mCompatibilityFlags - 0
06-07 09:44:46.999: D/CompatibilityInfo(1597): applicationDensity - 320
06-07 09:44:46.999: D/CompatibilityInfo(1597): applicationScale - 1.0
06-07 09:44:46.999: D/MusicProfiler(12260): http: duration=0167ms uri=https://mclients.googleapis.com/sj/v2.5/listennow/get_dismissed_items?hl=en_US&tier=fr&dv=6773&client-build-type=prod&alt=json&max-results=250
06-07 09:44:47.004: D/BlacklistItem(12260): 0 blacklist items deleted.
06-07 09:44:47.004: I/Checkin(11094): [EventLogChimeraService] Opted in for usage reporting: false
06-07 09:44:47.011: D/CompatibilityInfo(1597): mCompatibilityFlags - 0
06-07 09:44:47.011: D/CompatibilityInfo(1597): applicationDensity - 320
06-07 09:44:47.011: D/CompatibilityInfo(1597): applicationScale - 1.0
06-07 09:44:47.015: I/Authzen(9891): [AccountChangeProcessingIntentOperation] Received onHandleIntent() call: Intent { act=com.google.android.gms.auth.GOOGLE_ACCOUNT_CHANGE cat=[com.google.android.gms.auth.category.ACCOUNT_ADDED] flg=0x10 cmp=com.google.android.gms/.chimera.GmsIntentOperationService$PersistentInternalReceiver (has extras) }
06-07 09:44:47.016: I/Authzen(9891): [AccountChangeProcessingIntentOperation] Handling added account: <ELLIDED:-1238769241>
06-07 09:44:47.016: I/Fido(9891): [AccountChangeIntentOperation] Received onHandleIntent() call: Intent { act=com.google.android.gms.auth.GOOGLE_ACCOUNT_CHANGE cat=[com.google.android.gms.auth.category.ACCOUNT_ADDED] flg=0x10 cmp=com.google.android.gms/.chimera.GmsIntentOperationService$PersistentInternalReceiver (has extras) }
06-07 09:44:47.017: D/CompatibilityInfo(1597): mCompatibilityFlags - 0
06-07 09:44:47.017: D/CompatibilityInfo(1597): applicationDensity - 320
06-07 09:44:47.017: D/CompatibilityInfo(1597): applicationScale - 1.0
06-07 09:44:47.023: D/CompatibilityInfo(1597): mCompatibilityFlags - 0
06-07 09:44:47.023: D/CompatibilityInfo(1597): applicationDensity - 320
06-07 09:44:47.023: D/CompatibilityInfo(1597): applicationScale - 1.0
06-07 09:44:47.024: I/Auth(11094): [FRP,FrpUpdateIntentOperation] No frp data present in app restriction, using current google accounts.
06-07 09:44:47.028: D/CompatibilityInfo(1597): mCompatibilityFlags - 0
06-07 09:44:47.028: D/CompatibilityInfo(1597): applicationDensity - 320
06-07 09:44:47.028: D/CompatibilityInfo(1597): applicationScale - 1.0
06-07 09:44:47.052: D/CompatibilityInfo(1597): mCompatibilityFlags - 0
06-07 09:44:47.052: D/CompatibilityInfo(1597): applicationDensity - 320
06-07 09:44:47.052: D/CompatibilityInfo(1597): applicationScale - 1.0
06-07 09:44:47.059: I/Auth(11094): [FactoryResetProtectionManager] Updating data block with 1 account ids. Lockscreen supported? true
06-07 09:44:47.060: D/CompatibilityInfo(1597): mCompatibilityFlags - 0
06-07 09:44:47.060: D/CompatibilityInfo(1597): applicationDensity - 320
06-07 09:44:47.060: D/CompatibilityInfo(1597): applicationScale - 1.0
06-07 09:44:47.062: I/PeriodicSyncTask(12260): Starting 'com.google.android.music.sync.google.MusicGcmTaskService
06-07 09:44:47.070: I/Finsky(10270): [194] urt.b(4): preloads returned with 0 documents
06-07 09:44:47.070: I/Finsky(10270): [194] uml.call(9): Preloads fetch: account=[9BTrKXzkHj9Rywk-7838kBGaUEX0VgvO6yNSmZTyDX0], preloads=[0|], preloadRros=[0|], preloadGroups=[]
06-07 09:44:47.070: I/Finsky(10270): [194] uml.call(12): PAI late SIM : don't store because provisioned
06-07 09:44:47.072: W/ActivityManager(1597): Unable to start service Intent { act=com.google.android.gms.auth.key.retrieval.service.START pkg=com.google.android.gms } U=0: not found
06-07 09:44:47.075: D/CompatibilityInfo(1597): mCompatibilityFlags - 0
06-07 09:44:47.075: D/CompatibilityInfo(1597): applicationDensity - 320
06-07 09:44:47.075: D/CompatibilityInfo(1597): applicationScale - 1.0
06-07 09:44:47.076: D/CompatibilityInfo(1597): mCompatibilityFlags - 0
06-07 09:44:47.076: D/CompatibilityInfo(1597): applicationDensity - 320
06-07 09:44:47.076: D/CompatibilityInfo(1597): applicationScale - 1.0
06-07 09:44:47.076: W/ActivityManager(1597): Unbind failed: could not find connection for android.os.BinderProxy@28b06af
06-07 09:44:47.077: E/GmsClient(11094): unable to connect to service: com.google.android.gms.auth.key.retrieval.service.START on com.google.android.gms
06-07 09:44:47.080: I/Finsky(10270): [2] trt.a(37): Cancelling existing jobscheduler jobs: 9002 9003 9000 
06-07 09:44:47.081: I/Finsky(10270): [2] trt.a(50): Scheduling immediate wakeup job with id: 9000
06-07 09:44:47.084: D/CompatibilityInfo(1597): mCompatibilityFlags - 0
06-07 09:44:47.084: D/CompatibilityInfo(1597): applicationDensity - 320
06-07 09:44:47.084: D/CompatibilityInfo(1597): applicationScale - 1.0
06-07 09:44:47.086: D/CompatibilityInfo(1597): mCompatibilityFlags - 0
06-07 09:44:47.086: D/CompatibilityInfo(1597): applicationDensity - 320
06-07 09:44:47.086: D/CompatibilityInfo(1597): applicationScale - 1.0
06-07 09:44:47.088: I/MusicSyncAdapter(12260): First periodic run for account: Account {name=LTF7ONYMDNJYX7GB4F4RTMVU4Q-01@cloudtestlabaccounts.com, type=com.google}
06-07 09:44:47.088: I/MusicSyncAdapter(12260): Periodic update
06-07 09:44:47.091: I/Auth(11094): [FactoryResetProtectionManager] Write complete, result: 102323.
06-07 09:44:47.092: W/BroadcastQueue(1597): Background execution not allowed: receiving Intent { act=com.google.android.music.accountchanged flg=0x10 (has extras) } to com.google.android.music/.autocache.AutoCacheSchedulingService$EnablingReceiver
06-07 09:44:47.093: I/Finsky(10270): [2] ums.a(8): VpaSelectionActivity will be disabled
06-07 09:44:47.093: I/Ads(11094): Accounts have changed: com.google.android.gms.auth.GOOGLE_ACCOUNT_CHANGE
06-07 09:44:47.094: D/CompatibilityInfo(1597): mCompatibilityFlags - 0
06-07 09:44:47.094: D/CompatibilityInfo(1597): applicationDensity - 320
06-07 09:44:47.094: D/CompatibilityInfo(1597): applicationScale - 1.0
06-07 09:44:47.106: I/Finsky(10270): [2] JobSchedulerEngine$PhoneskyJobSchedulerJobService.onStartJob(5): SCH: onJobSchedulerWakeup with jobId 9000
06-07 09:44:47.106: W/BroadcastQueue(1597): Background execution not allowed: receiving Intent { act=com.google.android.music.START_DOWNLOAD_SCHEDULING flg=0x10 } to com.google.android.music/.autocache.AutoCacheSchedulingService$EnablingReceiver
06-07 09:44:47.107: W/BroadcastQueue(1597): Background execution not allowed: receiving Intent { act=com.google.android.music.START_DOWNLOAD_SCHEDULING flg=0x10 } to com.google.android.music/.wear.WearBroadcastReceiver
06-07 09:44:47.108: D/CompatibilityInfo(1597): mCompatibilityFlags - 0
06-07 09:44:47.108: D/CompatibilityInfo(1597): applicationDensity - 320
06-07 09:44:47.108: D/CompatibilityInfo(1597): applicationScale - 1.0
06-07 09:44:47.114: I/Finsky(10270): [2] tqm.a(19): Scheduling fallback job with id: 9034, and delay: 43200000 ms
06-07 09:44:47.117: D/CompatibilityInfo(1597): mCompatibilityFlags - 0
06-07 09:44:47.117: D/CompatibilityInfo(1597): applicationDensity - 320
06-07 09:44:47.117: D/CompatibilityInfo(1597): applicationScale - 1.0
06-07 09:44:47.120: D/CompatibilityInfo(1597): mCompatibilityFlags - 0
06-07 09:44:47.120: D/CompatibilityInfo(1597): applicationDensity - 320
06-07 09:44:47.120: D/CompatibilityInfo(1597): applicationScale - 1.0
06-07 09:44:47.121: I/Finsky(10270): [2] tqm.a(5): Scheduling fallback in 64799994 (absolute: 65219500)
06-07 09:44:47.125: D/CompatibilityInfo(1597): mCompatibilityFlags - 0
06-07 09:44:47.125: D/CompatibilityInfo(1597): applicationDensity - 320
06-07 09:44:47.125: D/CompatibilityInfo(1597): applicationScale - 1.0
06-07 09:44:47.128: D/CompatibilityInfo(1597): mCompatibilityFlags - 0
06-07 09:44:47.128: D/CompatibilityInfo(1597): applicationDensity - 320
06-07 09:44:47.128: D/CompatibilityInfo(1597): applicationScale - 1.0
06-07 09:44:47.130: D/CompatibilityInfo(1597): mCompatibilityFlags - 0
06-07 09:44:47.130: D/CompatibilityInfo(1597): applicationDensity - 320
06-07 09:44:47.130: D/CompatibilityInfo(1597): applicationScale - 1.0
06-07 09:44:47.140: D/CompatibilityInfo(1597): mCompatibilityFlags - 0
06-07 09:44:47.140: D/CompatibilityInfo(1597): applicationDensity - 320
06-07 09:44:47.140: D/CompatibilityInfo(1597): applicationScale - 1.0
06-07 09:44:47.145: I/Authzen(9891): [SyncManager] Sync requested for event 100, account <ELLIDED:-1209831755>, and components 3, with reason 7
06-07 09:44:47.145: I/Authzen(9891): [SyncManager] Triggering AuthZen registration...
06-07 09:44:47.149: D/CompatibilityInfo(1597): mCompatibilityFlags - 0
06-07 09:44:47.149: D/CompatibilityInfo(1597): applicationDensity - 320
06-07 09:44:47.149: D/CompatibilityInfo(1597): applicationScale - 1.0
06-07 09:44:47.156: D/CompatibilityInfo(1597): mCompatibilityFlags - 0
06-07 09:44:47.156: D/CompatibilityInfo(1597): applicationDensity - 320
06-07 09:44:47.156: D/CompatibilityInfo(1597): applicationScale - 1.0
06-07 09:44:47.160: D/CompatibilityInfo(1597): mCompatibilityFlags - 0
06-07 09:44:47.160: D/CompatibilityInfo(1597): applicationDensity - 320
06-07 09:44:47.160: D/CompatibilityInfo(1597): applicationScale - 1.0
06-07 09:44:47.164: D/CompatibilityInfo(1597): mCompatibilityFlags - 0
06-07 09:44:47.164: D/CompatibilityInfo(1597): applicationDensity - 320
06-07 09:44:47.164: D/CompatibilityInfo(1597): applicationScale - 1.0
06-07 09:44:47.169: I/Checkin(11094): [CheckinOperation] Starting Checkin: Default Task Reason : 4 Force : true UserId : 0 Start time : 419553
06-07 09:44:47.169: W/ChromeSync(11094): rdi: Data of type 1 is not subscribed.
06-07 09:44:47.169: W/ChromeSync(11094): 	at rek.b(:com.google.android.gms@200914019@20.09.14 (040400-300565878):2)
06-07 09:44:47.169: W/ChromeSync(11094): 	at reb.a(:com.google.android.gms@200914019@20.09.14 (040400-300565878):5)
06-07 09:44:47.169: W/ChromeSync(11094): 	at aakp.run(:com.google.android.gms@200914019@20.09.14 (040400-300565878):8)
06-07 09:44:47.169: W/ChromeSync(11094): 	at blfm.run(:com.google.android.gms@200914019@20.09.14 (040400-300565878):2)
06-07 09:44:47.169: W/ChromeSync(11094): 	at tad.b(:com.google.android.gms@200914019@20.09.14 (040400-300565878):12)
06-07 09:44:47.169: W/ChromeSync(11094): 	at tad.run(:com.google.android.gms@200914019@20.09.14 (040400-300565878):7)
06-07 09:44:47.169: W/ChromeSync(11094): 	at java.util.concurrent.ThreadPoolExecutor.runWorker(ThreadPoolExecutor.java:1162)
06-07 09:44:47.169: W/ChromeSync(11094): 	at java.util.concurrent.ThreadPoolExecutor$Worker.run(ThreadPoolExecutor.java:636)
06-07 09:44:47.169: W/ChromeSync(11094): 	at tgd.run(:com.google.android.gms@200914019@20.09.14 (040400-300565878):0)
06-07 09:44:47.169: W/ChromeSync(11094): 	at java.lang.Thread.run(Thread.java:764)
06-07 09:44:47.170: E/AsyncOperation(11094): serviceID=80, operation=List
06-07 09:44:47.170: E/AsyncOperation(11094): OperationException[Status{statusCode=Data of type 1 is not subscribed., resolution=null}]
06-07 09:44:47.170: E/AsyncOperation(11094): 	at reb.a(:com.google.android.gms@200914019@20.09.14 (040400-300565878):8)
06-07 09:44:47.170: E/AsyncOperation(11094): 	at aakp.run(:com.google.android.gms@200914019@20.09.14 (040400-300565878):8)
06-07 09:44:47.170: E/AsyncOperation(11094): 	at blfm.run(:com.google.android.gms@200914019@20.09.14 (040400-300565878):2)
06-07 09:44:47.170: E/AsyncOperation(11094): 	at tad.b(:com.google.android.gms@200914019@20.09.14 (040400-300565878):12)
06-07 09:44:47.170: E/AsyncOperation(11094): 	at tad.run(:com.google.android.gms@200914019@20.09.14 (040400-300565878):7)
06-07 09:44:47.170: E/AsyncOperation(11094): 	at java.util.concurrent.ThreadPoolExecutor.runWorker(ThreadPoolExecutor.java:1162)
06-07 09:44:47.170: E/AsyncOperation(11094): 	at java.util.concurrent.ThreadPoolExecutor$Worker.run(ThreadPoolExecutor.java:636)
06-07 09:44:47.170: E/AsyncOperation(11094): 	at tgd.run(:com.google.android.gms@200914019@20.09.14 (040400-300565878):0)
06-07 09:44:47.170: E/AsyncOperation(11094): 	at java.lang.Thread.run(Thread.java:764)
06-07 09:44:47.170: E/AsyncOperation(11094): Caused by: rdi: Data of type 1 is not subscribed.
06-07 09:44:47.170: E/AsyncOperation(11094): 	at rek.b(:com.google.android.gms@200914019@20.09.14 (040400-300565878):2)
06-07 09:44:47.170: E/AsyncOperation(11094): 	at reb.a(:com.google.android.gms@200914019@20.09.14 (040400-300565878):5)
06-07 09:44:47.170: E/AsyncOperation(11094): 	... 8 more
06-07 09:44:47.174: I/Auth(11094): [SupervisedAccountIntentOperation] onHandleIntent(): com.google.android.gms.auth.ACCOUNT_SERVICES_CHANGED
06-07 09:44:47.175: D/CompatibilityInfo(1597): mCompatibilityFlags - 0
06-07 09:44:47.175: D/CompatibilityInfo(1597): applicationDensity - 320
06-07 09:44:47.175: D/CompatibilityInfo(1597): applicationScale - 1.0
06-07 09:44:47.175: D/CompatibilityInfo(1597): mCompatibilityFlags - 0
06-07 09:44:47.175: D/CompatibilityInfo(1597): applicationDensity - 320
06-07 09:44:47.175: D/CompatibilityInfo(1597): applicationScale - 1.0
06-07 09:44:47.177: I/Finsky(10270): [2] tqv.handleMessage(10): SCH: DeviceState: DeviceState{currentTime=1591548287170, isCharging=true, isIdle=false, netAny=true, netNotRoaming=true, netUnmetered=true, batteryPercent=100.0}
06-07 09:44:47.179: W/ChimeraUtils(9891): Non Chimera context
06-07 09:44:47.179: W/ChimeraUtils(9891): Non Chimera context
06-07 09:44:47.181: D/CompatibilityInfo(1597): mCompatibilityFlags - 0
06-07 09:44:47.181: D/CompatibilityInfo(1597): applicationDensity - 320
06-07 09:44:47.181: D/CompatibilityInfo(1597): applicationScale - 1.0
06-07 09:44:47.185: D/CompatibilityInfo(1597): mCompatibilityFlags - 0
06-07 09:44:47.186: D/CompatibilityInfo(1597): applicationDensity - 320
06-07 09:44:47.186: D/CompatibilityInfo(1597): applicationScale - 1.0
06-07 09:44:47.191: I/Finsky(10270): [186] ttj.a(7): SCH: Jobs in database: 1-1337 12-1 24-77777777 26-1414141414 
06-07 09:44:47.196: D/CompatibilityInfo(1597): mCompatibilityFlags - 0
06-07 09:44:47.196: D/CompatibilityInfo(1597): applicationDensity - 320
06-07 09:44:47.196: D/CompatibilityInfo(1597): applicationScale - 1.0
06-07 09:44:47.202: D/CompatibilityInfo(1597): mCompatibilityFlags - 0
06-07 09:44:47.202: D/CompatibilityInfo(1597): applicationDensity - 320
06-07 09:44:47.202: D/CompatibilityInfo(1597): applicationScale - 1.0
06-07 09:44:47.203: D/CompatibilityInfo(1597): mCompatibilityFlags - 0
06-07 09:44:47.203: D/CompatibilityInfo(1597): applicationDensity - 320
06-07 09:44:47.203: D/CompatibilityInfo(1597): applicationScale - 1.0
06-07 09:44:47.205: I/CheckinRequestBuilder(11094): Checkin reason type: 4 attempt count: 1
06-07 09:44:47.210: I/Finsky(10270): [2] tqw.a(20): SCH: Running job: 1-1337
06-07 09:44:47.214: I/Finsky(10270): [2] lmo.a(39): Starting Hygiene for reason 2
06-07 09:44:47.216: I/Finsky(10270): [2] lmo.a(43): Diff version or system, clear token
06-07 09:44:47.218: D/Volley(10270): [73] abgm.b: Could not delete cache entry for key=[YjA2CyqBzD5RUAjdDPfmvJ0mWwUpsxQEqGa2dDvq0vE], filename=z2ANjE0cUi6FqrZjOoBuRRQGOco
06-07 09:44:47.219: I/Finsky(10270): [2] lmo.a(45): Diff system, clear cache
06-07 09:44:47.221: D/Volley(10270): [86] abgm.b: Cache cleared.
06-07 09:44:47.233: D/MusicProfiler(12260): http: duration=0038ms uri=https://mclients.googleapis.com/sj/v2.5/ephemeral/top?hl=en_US&tier=fr&dv=6773&client-build-type=prod&alt=json&updated-min=0
06-07 09:44:47.235: W/MusicSyncAdapter(12260): No ephemeral top trcks
06-07 09:44:47.237: D/Volley(10270): [123] abgm.b: Cache cleared.
06-07 09:44:47.244: I/PlayCommon(12260): [784] PlayEventLogger.uploadEventsImpl: Preparing logs for uploading
06-07 09:44:47.244: I/PlayCommon(12260): [784] PlayEventLogger.uploadEventsImpl: No file ready to send
06-07 09:44:47.254: D/CompatibilityInfo(1597): mCompatibilityFlags - 0
06-07 09:44:47.254: D/CompatibilityInfo(1597): applicationDensity - 320
06-07 09:44:47.254: D/CompatibilityInfo(1597): applicationScale - 1.0
06-07 09:44:47.260: I/BgTaskExecutorImpl(2871): Starting EXCLUSIVE background task fetch_configs_from_phenotype.
06-07 09:44:47.266: D/CompatibilityInfo(1597): mCompatibilityFlags - 10
06-07 09:44:47.266: D/CompatibilityInfo(1597): applicationDensity - 320
06-07 09:44:47.266: D/CompatibilityInfo(1597): applicationScale - 1.0
06-07 09:44:47.266: D/Volley(10270): [2] abgl.b: Cache cleared.
06-07 09:44:47.266: D/CompatibilityInfo(1597): applicationScale - 1.0
06-07 09:44:47.318: W/MusicApiClient(12260): Activity events list is null or empty. Skip reporting.
06-07 09:44:47.318: I/MusicSyncAdapter(12260): Cleanup: false
06-07 09:44:47.328: I/CheckinRequestBuilder(11094): Unknown state of subscriptions on the device
06-07 09:44:47.329: I/GCoreUlr(9891): WorldUpdater received intent Intent { act=com.google.android.location.reporting.ACTION_UPDATE_WORLD cmp=com.google.android.gms/com.google.android.location.reporting.service.DispatchingService (has extras) } with receiverAction com.google.android.gms.auth.GOOGLE_ACCOUNT_CHANGE
06-07 09:44:47.345: D/MusicLifecycle(12260): com.google.android.music.download.EncapsulatedBroadcastReceiver$1 generated event: Broadcast received with context com.google.android.music.ui.PhoneMusicApplication@422d595 and intent Intent { act=com.google.android.music.NEW_SHOULDKEEPON flg=0x10 (has extras) }
06-07 09:44:47.351: D/MusicLifecycle(12260): com.google.android.music.download.EncapsulatedBroadcastReceiver$1 generated event: Broadcast received with context com.google.android.music.ui.PhoneMusicApplication@422d595 and intent Intent { act=com.google.android.music.download.keepon.KeeponSchedulingService.START_DOWNLOAD flg=0x10 (has extras) }
06-07 09:44:47.364: D/MusicLifecycle(12260): com.google.android.music.sync.google.MusicSyncAdapter generated event: Sync ended
06-07 09:44:47.368: D/MusicLifecycle(12260): com.google.android.music.sync.SyncAdapterService generated event: Service destroyed
06-07 09:44:47.374: I/ChromeSync(11094): [Sync,SyncIntentOperation] Handling the intent: Intent { act=com.google.android.gms.auth.GOOGLE_ACCOUNT_CHANGE cat=[com.google.android.gms.auth.category.ACCOUNT_ADDED] flg=0x10 cmp=com.google.android.gms/.chimera.GmsIntentOperationService$PersistentInternalReceiver (has extras) }.
06-07 09:44:47.389: D/CompatibilityInfo(1597): mCompatibilityFlags - 0
06-07 09:44:47.389: D/CompatibilityInfo(1597): applicationDensity - 320
06-07 09:44:47.389: D/CompatibilityInfo(1597): applicationScale - 1.0
06-07 09:44:47.392: W/ChimeraUtils(9891): Non Chimera context
06-07 09:44:47.392: W/ChimeraUtils(9891): Non Chimera context
06-07 09:44:47.393: D/CompatibilityInfo(1597): mCompatibilityFlags - 0
06-07 09:44:47.393: D/CompatibilityInfo(1597): applicationDensity - 320
06-07 09:44:47.393: D/CompatibilityInfo(1597): applicationScale - 1.0
06-07 09:44:47.499: I/ModelDownloadController(2871): Handle the downloaded hotword model
06-07 09:44:47.499: I/ModelDownloadController(2871): the model is already used
06-07 09:44:47.501: I/BlobLobber(2871): Canceling downloads: []
06-07 09:44:47.501: I/AssistantStateReceiver(1953): Received Intent { act=com.google.android.systemui.OPA_ENABLED flg=0x10000010 (has extras) } with enabled = true userId=0
06-07 09:44:47.503: I/OpaLayout(1953): Setting opa enabled to true
06-07 09:44:47.503: I/OpaLayout(1953): Setting opa enabled to true
06-07 09:44:47.504: I/VelourConfigListener(2871): Received new velour config
06-07 09:44:47.504: I/OpaEligibilityChecker(2871): send OpaEligibilityChange broadcast to CommonBroadcastReceiver
06-07 09:44:47.528: I/BgTaskExecutorImpl(2871): Starting EXCLUSIVE background task bloblobber_sync.
06-07 09:44:47.539: I/ActivityManager(1597): Killing 10392:com.android.vending:instant_app_installer/u0a53 (adj 906): empty #25
06-07 09:44:47.543: D/CompatibilityInfo(1597): mCompatibilityFlags - 0
06-07 09:44:47.543: D/CompatibilityInfo(1597): applicationDensity - 320
06-07 09:44:47.543: D/CompatibilityInfo(1597): applicationScale - 1.0
06-07 09:44:47.643: D/CompatibilityInfo(1597): mCompatibilityFlags - 0
06-07 09:44:47.643: D/CompatibilityInfo(1597): applicationDensity - 320
06-07 09:44:47.643: D/CompatibilityInfo(1597): applicationScale - 1.0
06-07 09:44:47.645: D/CompatibilityInfo(1597): mCompatibilityFlags - 0
06-07 09:44:47.645: D/CompatibilityInfo(1597): applicationDensity - 320
06-07 09:44:47.645: D/CompatibilityInfo(1597): applicationScale - 1.0
06-07 09:44:47.660: I/ActivityManager(1597): Start proc 12958:com.google.android.apps.docs/u0a104 for broadcast com.google.android.apps.docs/.mendel.MendelReceiver
06-07 09:44:47.664: D/CompatibilityInfo(1597): mCompatibilityFlags - 0
06-07 09:44:47.664: D/CompatibilityInfo(1597): applicationDensity - 320
06-07 09:44:47.664: D/CompatibilityInfo(1597): applicationScale - 1.0
06-07 09:44:47.680: D/CompatibilityInfo(1597): mCompatibilityFlags - 0
06-07 09:44:47.680: D/CompatibilityInfo(1597): applicationDensity - 320
06-07 09:44:47.680: D/CompatibilityInfo(1597): applicationScale - 1.0
06-07 09:44:47.683: D/CompatibilityInfo(1597): mCompatibilityFlags - 0
06-07 09:44:47.683: D/CompatibilityInfo(1597): applicationDensity - 320
06-07 09:44:47.683: D/CompatibilityInfo(1597): applicationScale - 1.0
06-07 09:44:47.710: I/Finsky(10270): [2] tqv.handleMessage(63): SCH: RunningQueue size: 1, PendingQueue size: 1
06-07 09:44:47.710: I/Finsky(10270): [2] tqv.handleMessage(66): SCH: Running queue: 1-1337 
06-07 09:44:47.713: I/Finsky(10270): [2] lmz.b(7): Probe [9BTrKXzkHj9Rywk-7838kBGaUEX0VgvO6yNSmZTyDX0] for hygiene pass
06-07 09:44:47.729: W/ClientMode(12958): Using default clientMode=RELEASE for version=2.18.092.01.44
06-07 09:44:47.773: I/GCoreUlr(9891): WorldUpdater:com.google.android.gms.auth.GOOGLE_ACCOUNT_CHANGE: Ensuring that reporting is stopped because of reasons: {account#-15#=[InactiveReason{mIdentifier=6, mName='ReportingNotEnabled'}, InactiveReason{mIdentifier=14, mName='HistoryNotEnabled'}]}
06-07 09:44:47.787: I/GCoreUlr(9891): Unbound from all signal providers.
06-07 09:44:47.796: D/CompatibilityInfo(1597): mCompatibilityFlags - 0
06-07 09:44:47.796: D/CompatibilityInfo(1597): applicationDensity - 320
06-07 09:44:47.796: D/CompatibilityInfo(1597): applicationScale - 1.0
06-07 09:44:47.796: D/MusicLifecycle(12260): com.google.android.music.sync.SyncAdapterService generated event: Service created
06-07 09:44:47.796: I/zygote64(9891): Deoptimizing void com.google.android.gms.common.api.internal.BasePendingResult.c(rwe) due to JIT inline cache
06-07 09:44:47.809: D/MusicLifecycle(12260): com.google.android.music.sync.SyncAdapterService generated event: Service destroyed
06-07 09:44:47.812: I/GCoreUlr(9891): DispatchingService ignoring Intent { act=android.net.wifi.WIFI_STATE_CHANGED flg=0x4000010 (has extras) } because ULR inactive
06-07 09:44:47.814: D/CompatibilityInfo(1597): mCompatibilityFlags - 0
06-07 09:44:47.814: D/CompatibilityInfo(1597): applicationDensity - 320
06-07 09:44:47.814: D/CompatibilityInfo(1597): applicationScale - 1.0
06-07 09:44:47.814: E/anml(9891): Phenotype API error. Event # caaz@d8cac0a3, EventCode: 7 [CONTEXT service_id=51 ]
06-07 09:44:47.814: E/anml(9891): anlo: 29505: No config packages for log source, or config package not registered
06-07 09:44:47.814: E/anml(9891): 	at anna.b(:com.google.android.gms@200914019@20.09.14 (040400-300565878):7)
06-07 09:44:47.814: E/anml(9891): 	at anmx.b(:com.google.android.gms@200914019@20.09.14 (040400-300565878):2)
06-07 09:44:47.814: E/anml(9891): 	at anml.a(:com.google.android.gms@200914019@20.09.14 (040400-300565878):90)
06-07 09:44:47.814: E/anml(9891): 	at anml.a(:com.google.android.gms@200914019@20.09.14 (040400-300565878):77)
06-07 09:44:47.814: E/anml(9891): 	at aakp.run(:com.google.android.gms@200914019@20.09.14 (040400-300565878):8)
06-07 09:44:47.814: E/anml(9891): 	at blfm.run(:com.google.android.gms@200914019@20.09.14 (040400-300565878):2)
06-07 09:44:47.814: E/anml(9891): 	at tad.b(:com.google.android.gms@200914019@20.09.14 (040400-300565878):12)
06-07 09:44:47.814: E/anml(9891): 	at tad.run(:com.google.android.gms@200914019@20.09.14 (040400-300565878):8)
06-07 09:44:47.814: E/anml(9891): 	at java.util.concurrent.ThreadPoolExecutor.runWorker(ThreadPoolExecutor.java:1162)
06-07 09:44:47.814: E/anml(9891): 	at java.util.concurrent.ThreadPoolExecutor$Worker.run(ThreadPoolExecutor.java:636)
06-07 09:44:47.814: E/anml(9891): 	at tgd.run(:com.google.android.gms@200914019@20.09.14 (040400-300565878):0)
06-07 09:44:47.814: E/anml(9891): 	at java.lang.Thread.run(Thread.java:764)
06-07 09:44:47.815: E/AsyncOperation(9891): serviceID=51, operation=GetExperimentTokensOperationCall
06-07 09:44:47.815: E/AsyncOperation(9891): OperationException[Status{statusCode=No config packages for log source, or config package not registered, resolution=null}]
06-07 09:44:47.815: E/AsyncOperation(9891): 	at anml.a(:com.google.android.gms@200914019@20.09.14 (040400-300565878):92)
06-07 09:44:47.815: E/AsyncOperation(9891): 	at anml.a(:com.google.android.gms@200914019@20.09.14 (040400-300565878):77)
06-07 09:44:47.815: E/AsyncOperation(9891): 	at aakp.run(:com.google.android.gms@200914019@20.09.14 (040400-300565878):8)
06-07 09:44:47.815: E/AsyncOperation(9891): 	at blfm.run(:com.google.android.gms@200914019@20.09.14 (040400-300565878):2)
06-07 09:44:47.815: E/AsyncOperation(9891): 	at tad.b(:com.google.android.gms@200914019@20.09.14 (040400-300565878):12)
06-07 09:44:47.815: E/AsyncOperation(9891): 	at tad.run(:com.google.android.gms@200914019@20.09.14 (040400-300565878):8)
06-07 09:44:47.815: E/AsyncOperation(9891): 	at java.util.concurrent.ThreadPoolExecutor.runWorker(ThreadPoolExecutor.java:1162)
