06-07 09:45:55.827: I/FsaEntryPointSwitcher(7523): setting component enabled=2 for com.google.android.syncadapters.contacts.ContactsSyncAdapterService
06-07 09:45:55.829: I/FsaEntryPointSwitcher(7523): Setting component enabled succeeds.
06-07 09:45:55.842: E/ExtendedServiceUtils(9566): Failed to load libdashplayer.so : dlopen failed: library "libdashplayer.so" not found
06-07 09:45:55.848: D/AndroidRuntime(9566): >>>>>> START com.android.internal.os.RuntimeInit uid 2000 <<<<<<
06-07 09:45:55.851: D/AndroidRuntime(9566): CheckJNI is OFF
06-07 09:45:55.869: I/Nonce(3989): getNonce
06-07 09:45:55.870: D/Checkin(3989): publish the event [tag = MOT_CCE event name = LOG]
06-07 09:45:55.870: I/Nonce(3989): Nonce Request
06-07 09:45:55.871: W/ProxyAndroidLoggerBackend(6935): Too many Flogger logs received before configuration. Dropping old logs.
06-07 09:45:55.872: D/Checkin(3989): publish the event [tag = MOT_CCE event name = LOG]
06-07 09:45:55.872: I/Nonce(3989): execute Request
06-07 09:45:55.873: D/Checkin(3989): publish the event [tag = MOT_CCE event name = LOG]
06-07 09:45:55.898: D/ICU(9566): No timezone override file found: /data/misc/zoneinfo/current/icu/icu_tzdata.dat
06-07 09:45:55.921: W/ProxyAndroidLoggerBackend(6935): Too many Flogger logs received before configuration. Dropping old logs.
06-07 09:45:55.921: I/Finsky(6935): [175] ljt.a(8): Sending Heterodyne sync request for package com.android.vending
06-07 09:45:55.925: I/Radio-JNI(9566): register_android_hardware_Radio DONE
06-07 09:45:55.928: W/ProxyAndroidLoggerBackend(6935): Too many Flogger logs received before configuration. Dropping old logs.
06-07 09:45:55.929: I/RequestAddCookies(6935): Cookie store not available in HTTP context
06-07 09:45:55.932: E/System(9566): Unable to open boot classpath entry: /system/framework/WfdCommon.jar
06-07 09:45:55.933: E/System(9566): java.util.zip.ZipException: File too short to be a zip file: 0
06-07 09:45:55.933: E/System(9566): 	at java.util.zip.ZipFile.<init>(ZipFile.java:208)
06-07 09:45:55.933: E/System(9566): 	at java.util.zip.ZipFile.<init>(ZipFile.java:147)
06-07 09:45:55.933: E/System(9566): 	at java.util.jar.JarFile.<init>(JarFile.java:161)
06-07 09:45:55.933: E/System(9566): 	at java.util.jar.JarFile.<init>(JarFile.java:98)
06-07 09:45:55.933: E/System(9566): 	at libcore.io.ClassPathURLStreamHandler.<init>(ClassPathURLStreamHandler.java:47)
06-07 09:45:55.933: E/System(9566): 	at java.lang.VMClassLoader.createBootClassPathUrlHandlers(VMClassLoader.java:49)
06-07 09:45:55.933: E/System(9566): 	at java.lang.VMClassLoader.<clinit>(VMClassLoader.java:31)
06-07 09:45:55.933: E/System(9566): 	at java.lang.ClassLoader.findLoadedClass(ClassLoader.java:742)
06-07 09:45:55.933: E/System(9566): 	at java.lang.ClassLoader.loadClass(ClassLoader.java:362)
06-07 09:45:55.933: E/System(9566): 	at java.lang.ClassLoader.loadClass(ClassLoader.java:312)
06-07 09:45:55.933: E/System(9566): 	at java.util.ResourceBundle$RBClassLoader.loadClass(ResourceBundle.java:452)
06-07 09:45:55.933: E/System(9566): 	at java.util.ResourceBundle$Control.newBundle(ResourceBundle.java:2569)
06-07 09:45:55.933: E/System(9566): 	at java.util.ResourceBundle.loadBundle(ResourceBundle.java:1438)
06-07 09:45:55.933: E/System(9566): 	at java.util.ResourceBundle.findBundle(ResourceBundle.java:1402)
06-07 09:45:55.933: E/System(9566): 	at java.util.ResourceBundle.findBundle(ResourceBundle.java:1356)
06-07 09:45:55.933: E/System(9566): 	at java.util.ResourceBundle.findBundle(ResourceBundle.java:1356)
06-07 09:45:55.933: E/System(9566): 	at java.util.ResourceBundle.getBundleImpl(ResourceBundle.java:1298)
06-07 09:45:55.933: E/System(9566): 	at java.util.ResourceBundle.getBundle(ResourceBundle.java:723)
06-07 09:45:55.933: E/System(9566): 	at java.util.logging.Level.<init>(Level.java:223)
06-07 09:45:55.933: E/System(9566): 	at java.util.logging.Level.<clinit>(Level.java:96)
06-07 09:45:55.933: E/System(9566): 	at java.util.logging.Logger.<clinit>(Logger.java:177)
06-07 09:45:55.933: E/System(9566): 	at java.util.logging.Logger.getLogger(Logger.java:393)
06-07 09:45:55.933: E/System(9566): 	at android.icu.util.TimeZone.<clinit>(TimeZone.java:92)
06-07 09:45:55.933: E/System(9566): 	at java.util.TimeZone.setDefault(TimeZone.java:712)
06-07 09:45:55.933: E/System(9566): 	at com.android.internal.os.RuntimeInit.commonInit(RuntimeInit.java:132)
06-07 09:45:55.933: E/System(9566): 	at com.android.internal.os.RuntimeInit.main(RuntimeInit.java:256)
06-07 09:45:55.937: I/PTCommittedOperation(6291): Receive new configuration for com.google.android.gms.people
06-07 09:45:55.940: D/AndroidRuntime(9566): Calling main entry com.android.commands.am.Am
06-07 09:45:55.947: I/ActivityManager(1282): Force stopping com.google.android.apps.mtaas.tools appid=10133 user=0: start instr
06-07 09:45:55.960: I/ActivityManager(1282): Start proc 9576:com.google.android.apps.mtaas.tools/u0a133 for added application com.google.android.apps.mtaas.tools
06-07 09:45:55.985: I/Auth(6291): [AuthManaged,PasswordComplexityHelperImpl] Updating password complexity components state.
06-07 09:45:55.985: I/Auth(6291): [AuthManaged,PasswordComplexityHelperImpl] Disabling com.google.android.gms.auth.managed.admin.DeviceAdminReceiver
06-07 09:45:55.987: I/Auth(6291): [AuthManaged,PasswordComplexityHelperImpl] Disabling com.google.android.gms.auth.managed.ui.SetNewPasswordActivity
06-07 09:45:55.989: I/MdiSyncModule(7523): flag handling is skipping irrelevant intent.
06-07 09:45:55.991: W/ModuleInitIntentOp(7523): Dropping unexpected action com.google.android.gms.phenotype.COMMITTED
06-07 09:45:56.008: I/ResponseProcessCookies(6935): Cookie store not available in HTTP context
06-07 09:45:56.009: W/System(9576): ClassLoader referenced unknown path: /data/app/com.google.android.apps.mtaas.tools-1/lib/arm64
06-07 09:45:56.025: I/Auth(6291): [AuthManaged,PasswordComplexityHelperImpl] Updating password complexity components state.
06-07 09:45:56.025: I/Auth(6291): [AuthManaged,PasswordComplexityHelperImpl] Disabling com.google.android.gms.auth.managed.admin.DeviceAdminReceiver
06-07 09:45:56.027: I/Auth(6291): [AuthManaged,PasswordComplexityHelperImpl] Disabling com.google.android.gms.auth.managed.ui.SetNewPasswordActivity
06-07 09:45:56.066: W/ProxyAndroidLoggerBackend(6935): Too many Flogger logs received before configuration. Dropping old logs.
06-07 09:45:56.066: I/Finsky(6935): [175] ljt.a(3): Received Heterodyne sync response. StatusCode=200
06-07 09:45:56.068: W/ProxyAndroidLoggerBackend(6935): Too many Flogger logs received before configuration. Dropping old logs.
06-07 09:45:56.096: D/DumpPackageStats(9576): Instrumentation completed successfully
06-07 09:45:56.097: I/ActivityManager(1282): Force stopping com.google.android.apps.mtaas.tools appid=10133 user=0: finished inst
06-07 09:45:56.098: I/ActivityManager(1282): Killing 9576:com.google.android.apps.mtaas.tools/u0a133 (adj 0): stop com.google.android.apps.mtaas.tools
06-07 09:45:56.098: D/ActivityManager(1282): cleanUpApplicationRecord -- 9576
06-07 09:45:56.099: D/AndroidRuntime(9566): Shutting down VM
06-07 09:45:56.116: D/RegisteredServicesCache(2792): Intent action: android.intent.action.PACKAGE_CHANGED
06-07 09:45:56.117: W/ActivityManager(1282): Permission Denial: Accessing service ComponentInfo{com.google.android.music/com.google.android.music.dial.DialMediaRouteProviderService} from pid=9023, uid=10128 that is not exported from uid 10116
06-07 09:45:56.120: I/InputReader(1282): Reconfiguring input devices.  changes=0x00000010
06-07 09:45:56.134: D/CarrierSvcBindHelper(2406): No carrier app for: 0
06-07 09:45:56.134: D/CarrierSvcBindHelper(2406): No carrier app for: 1
06-07 09:45:56.136: W/ProxyAndroidLoggerBackend(6935): Too many Flogger logs received before configuration. Dropping old logs.
06-07 09:45:56.137: W/ProxyAndroidLoggerBackend(6935): Too many Flogger logs received before configuration. Dropping old logs.
06-07 09:45:56.139: D/RegisteredServicesCache(2792): Adding service: ComponentInfo{com.google.android.gms/com.google.android.gms.tapandpay.hce.service.TpHceService} AIDs: [325041592E5359532E4444463031, A0000000041010, A0000000042203, A0000000043060, A0000000031010, A0000000980840, A0000000032010, A0000000032020, A00000000307010001, A0000003241010, A0000001523010, A0000001524010, A00000002501, A000000025011001, A000000025021001, A0000002771010, A00000038410, A00000038420, A0000004941010, A0000004942010]
06-07 09:45:56.139: D/RegisteredServicesCache(2792):  Reading service state data always from file
06-07 09:45:56.140: D/RegisteredServicesCache(2792): ServiceStateFileVersion=1.0
06-07 09:45:56.140: E/RegisteredServicesCache(2792): Next Tag=services
06-07 09:45:56.140: E/RegisteredServicesCache(2792):  Writing service state Data Always
06-07 09:45:56.148: D/CardEmulationManager(2792): Current default: ComponentInfo{com.google.android.gms/com.google.android.gms.tapandpay.hce.service.TpHceService}
06-07 09:45:56.148: W/ProxyAndroidLoggerBackend(6935): Too many Flogger logs received before configuration. Dropping old logs.
06-07 09:45:56.148: D/CardEmulationManager(2792): Default payment service still ok.
06-07 09:45:56.149: W/ProxyAndroidLoggerBackend(6935): Too many Flogger logs received before configuration. Dropping old logs.
06-07 09:45:56.149: W/ProxyAndroidLoggerBackend(6935): Too many Flogger logs received before configuration. Dropping old logs.
06-07 09:45:56.150: W/ProxyAndroidLoggerBackend(6935): Too many Flogger logs received before configuration. Dropping old logs.
06-07 09:45:56.152: D/RegisteredNfcid2Cache(2792): onServicesUpdated
06-07 09:45:56.152: D/RegisteredNfcid2Cache(2792): generateAidTree component: ComponentInfo{com.google.android.gms/com.google.android.gms.tapandpay.hce.service.TpHceService}
06-07 09:45:56.155: D/RegisteredNfcid2Cache(2792): generateAidCacheLocked: mNfcid2Cache size 0
06-07 09:45:56.155: D/RegisteredNfcid2Cache(2792): Not updating routing table because NFC is off.
06-07 09:45:56.155: D/RegisteredServicesCache(2792): ApduService: ComponentInfo{com.google.android.gms/com.google.android.gms.tapandpay.hce.service.TpHceService}, description: Google Pay, Static AID Groups: Category: payment, AIDs:325041592E5359532E4444463031, A0000000041010, A0000000042203, A0000000043060, A0000000031010, A0000000980840, A0000000032010, A0000000032020, A00000000307010001, A0000003241010, A0000001523010, A0000001524010, A00000002501, A000000025011001, A000000025021001, A0000002771010, A00000038410, A00000038420, A0000004941010, A0000004942010, , Dynamic AID Groups: 
06-07 09:45:56.162: I/PTCommittedOperation(6291): Receive new configuration for com.google.android.gms.auth_api_phone
06-07 09:45:56.168: I/Auth(6291): [AuthManaged,PasswordComplexityHelperImpl] Updating password complexity components state.
06-07 09:45:56.168: I/Auth(6291): [AuthManaged,PasswordComplexityHelperImpl] Disabling com.google.android.gms.auth.managed.admin.DeviceAdminReceiver
06-07 09:45:56.169: I/Auth(6291): [AuthManaged,PasswordComplexityHelperImpl] Disabling com.google.android.gms.auth.managed.ui.SetNewPasswordActivity
06-07 09:45:56.173: W/ProxyAndroidLoggerBackend(6935): Too many Flogger logs received before configuration. Dropping old logs.
06-07 09:45:56.179: W/ProxyAndroidLoggerBackend(6935): Too many Flogger logs received before configuration. Dropping old logs.
06-07 09:45:56.180: W/ProxyAndroidLoggerBackend(6935): Too many Flogger logs received before configuration. Dropping old logs.
06-07 09:45:56.180: W/ProxyAndroidLoggerBackend(6935): Too many Flogger logs received before configuration. Dropping old logs.
06-07 09:45:56.181: W/ProxyAndroidLoggerBackend(6935): Too many Flogger logs received before configuration. Dropping old logs.
06-07 09:45:56.181: W/ProxyAndroidLoggerBackend(6935): Too many Flogger logs received before configuration. Dropping old logs.
06-07 09:45:56.182: W/ProxyAndroidLoggerBackend(6935): Too many Flogger logs received before configuration. Dropping old logs.
06-07 09:45:56.182: W/ProxyAndroidLoggerBackend(6935): Too many Flogger logs received before configuration. Dropping old logs.
06-07 09:45:56.183: W/ProxyAndroidLoggerBackend(6935): Too many Flogger logs received before configuration. Dropping old logs.
06-07 09:45:56.183: W/ProxyAndroidLoggerBackend(6935): Too many Flogger logs received before configuration. Dropping old logs.
06-07 09:45:56.184: W/ProxyAndroidLoggerBackend(6935): Too many Flogger logs received before configuration. Dropping old logs.
06-07 09:45:56.184: W/ProxyAndroidLoggerBackend(6935): Too many Flogger logs received before configuration. Dropping old logs.
06-07 09:45:56.187: I/MMApiWSBase(3989): doRequest(): url: https://argo.svcmot.com:443/v1/gdi/nonce.json/ZY223PX28W?appid=6R1TANEX3ZMQ6EU1UH43P34C8B868KTE (oauth:a+d+)
06-07 09:45:56.188: D/Checkin(3989): publish the event [tag = MOT_CCE event name = LOG]
06-07 09:45:56.189: W/ProxyAndroidLoggerBackend(6935): Too many Flogger logs received before configuration. Dropping old logs.
06-07 09:45:56.189: W/ProxyAndroidLoggerBackend(6935): Too many Flogger logs received before configuration. Dropping old logs.
06-07 09:45:56.190: W/ProxyAndroidLoggerBackend(6935): Too many Flogger logs received before configuration. Dropping old logs.
06-07 09:45:56.190: W/ProxyAndroidLoggerBackend(6935): Too many Flogger logs received before configuration. Dropping old logs.
06-07 09:45:56.191: W/ProxyAndroidLoggerBackend(6935): Too many Flogger logs received before configuration. Dropping old logs.
06-07 09:45:56.191: W/ProxyAndroidLoggerBackend(6935): Too many Flogger logs received before configuration. Dropping old logs.
06-07 09:45:56.192: W/ProxyAndroidLoggerBackend(6935): Too many Flogger logs received before configuration. Dropping old logs.
06-07 09:45:56.192: W/ProxyAndroidLoggerBackend(6935): Too many Flogger logs received before configuration. Dropping old logs.
06-07 09:45:56.193: W/ProxyAndroidLoggerBackend(6935): Too many Flogger logs received before configuration. Dropping old logs.
06-07 09:45:56.193: W/ProxyAndroidLoggerBackend(6935): Too many Flogger logs received before configuration. Dropping old logs.
06-07 09:45:56.194: W/ProxyAndroidLoggerBackend(6935): Too many Flogger logs received before configuration. Dropping old logs.
06-07 09:45:56.194: W/ProxyAndroidLoggerBackend(6935): Too many Flogger logs received before configuration. Dropping old logs.
06-07 09:45:56.194: W/ProxyAndroidLoggerBackend(6935): Too many Flogger logs received before configuration. Dropping old logs.
06-07 09:45:56.195: W/ProxyAndroidLoggerBackend(6935): Too many Flogger logs received before configuration. Dropping old logs.
06-07 09:45:56.196: W/ProxyAndroidLoggerBackend(6935): Too many Flogger logs received before configuration. Dropping old logs.
06-07 09:45:56.196: W/ProxyAndroidLoggerBackend(6935): Too many Flogger logs received before configuration. Dropping old logs.
06-07 09:45:56.197: W/ProxyAndroidLoggerBackend(6935): Too many Flogger logs received before configuration. Dropping old logs.
06-07 09:45:56.197: W/ProxyAndroidLoggerBackend(6935): Too many Flogger logs received before configuration. Dropping old logs.
06-07 09:45:56.198: W/ProxyAndroidLoggerBackend(6935): Too many Flogger logs received before configuration. Dropping old logs.
06-07 09:45:56.198: W/ProxyAndroidLoggerBackend(6935): Too many Flogger logs received before configuration. Dropping old logs.
06-07 09:45:56.198: W/ProxyAndroidLoggerBackend(6935): Too many Flogger logs received before configuration. Dropping old logs.
06-07 09:45:56.199: W/ProxyAndroidLoggerBackend(6935): Too many Flogger logs received before configuration. Dropping old logs.
06-07 09:45:56.200: W/ProxyAndroidLoggerBackend(6935): Too many Flogger logs received before configuration. Dropping old logs.
06-07 09:45:56.200: W/ProxyAndroidLoggerBackend(6935): Too many Flogger logs received before configuration. Dropping old logs.
06-07 09:45:56.201: W/ProxyAndroidLoggerBackend(6935): Too many Flogger logs received before configuration. Dropping old logs.
06-07 09:45:56.201: W/ProxyAndroidLoggerBackend(6935): Too many Flogger logs received before configuration. Dropping old logs.
06-07 09:45:56.201: W/ProxyAndroidLoggerBackend(6935): Too many Flogger logs received before configuration. Dropping old logs.
06-07 09:45:56.202: W/ProxyAndroidLoggerBackend(6935): Too many Flogger logs received before configuration. Dropping old logs.
06-07 09:45:56.203: W/ProxyAndroidLoggerBackend(6935): Too many Flogger logs received before configuration. Dropping old logs.
06-07 09:45:56.203: W/ProxyAndroidLoggerBackend(6935): Too many Flogger logs received before configuration. Dropping old logs.
06-07 09:45:56.203: W/ProxyAndroidLoggerBackend(6935): Too many Flogger logs received before configuration. Dropping old logs.
06-07 09:45:56.204: W/ProxyAndroidLoggerBackend(6935): Too many Flogger logs received before configuration. Dropping old logs.
06-07 09:45:56.205: W/ProxyAndroidLoggerBackend(6935): Too many Flogger logs received before configuration. Dropping old logs.
06-07 09:45:56.206: W/ProxyAndroidLoggerBackend(6935): Too many Flogger logs received before configuration. Dropping old logs.
06-07 09:45:56.210: W/ProxyAndroidLoggerBackend(6935): Too many Flogger logs received before configuration. Dropping old logs.
06-07 09:45:56.210: W/ProxyAndroidLoggerBackend(6935): Too many Flogger logs received before configuration. Dropping old logs.
06-07 09:45:56.211: W/ProxyAndroidLoggerBackend(6935): Too many Flogger logs received before configuration. Dropping old logs.
06-07 09:45:56.212: W/ProxyAndroidLoggerBackend(6935): Too many Flogger logs received before configuration. Dropping old logs.
06-07 09:45:56.212: W/ProxyAndroidLoggerBackend(6935): Too many Flogger logs received before configuration. Dropping old logs.
06-07 09:45:56.219: W/ProxyAndroidLoggerBackend(6935): Too many Flogger logs received before configuration. Dropping old logs.
06-07 09:45:56.220: W/ProxyAndroidLoggerBackend(6935): Too many Flogger logs received before configuration. Dropping old logs.
06-07 09:45:56.220: W/ProxyAndroidLoggerBackend(6935): Too many Flogger logs received before configuration. Dropping old logs.
06-07 09:45:56.222: W/ProxyAndroidLoggerBackend(6935): Too many Flogger logs received before configuration. Dropping old logs.
06-07 09:45:56.222: W/ProxyAndroidLoggerBackend(6935): Too many Flogger logs received before configuration. Dropping old logs.
06-07 09:45:56.227: W/ProxyAndroidLoggerBackend(6935): Too many Flogger logs received before configuration. Dropping old logs.
06-07 09:45:56.227: W/ProxyAndroidLoggerBackend(6935): Too many Flogger logs received before configuration. Dropping old logs.
06-07 09:45:56.228: W/ProxyAndroidLoggerBackend(6935): Too many Flogger logs received before configuration. Dropping old logs.
06-07 09:45:56.228: W/ProxyAndroidLoggerBackend(6935): Too many Flogger logs received before configuration. Dropping old logs.
06-07 09:45:56.232: I/ActivityManager(1282): Start proc 9601:com.android.printspooler/u0a121 for service com.android.printspooler/.model.PrintSpoolerService
06-07 09:45:56.233: W/ProxyAndroidLoggerBackend(6935): Too many Flogger logs received before configuration. Dropping old logs.
06-07 09:45:56.235: W/ProxyAndroidLoggerBackend(6935): Too many Flogger logs received before configuration. Dropping old logs.
06-07 09:45:56.235: W/ProxyAndroidLoggerBackend(6935): Too many Flogger logs received before configuration. Dropping old logs.
06-07 09:45:56.236: W/ProxyAndroidLoggerBackend(6935): Too many Flogger logs received before configuration. Dropping old logs.
06-07 09:45:56.236: W/ProxyAndroidLoggerBackend(6935): Too many Flogger logs received before configuration. Dropping old logs.
06-07 09:45:56.237: W/ProxyAndroidLoggerBackend(6935): Too many Flogger logs received before configuration. Dropping old logs.
06-07 09:45:56.237: W/ProxyAndroidLoggerBackend(6935): Too many Flogger logs received before configuration. Dropping old logs.
06-07 09:45:56.238: W/ProxyAndroidLoggerBackend(6935): Too many Flogger logs received before configuration. Dropping old logs.
06-07 09:45:56.238: W/ProxyAndroidLoggerBackend(6935): Too many Flogger logs received before configuration. Dropping old logs.
06-07 09:45:56.239: W/ProxyAndroidLoggerBackend(6935): Too many Flogger logs received before configuration. Dropping old logs.
06-07 09:45:56.240: W/ProxyAndroidLoggerBackend(6935): Too many Flogger logs received before configuration. Dropping old logs.
06-07 09:45:56.240: W/ProxyAndroidLoggerBackend(6935): Too many Flogger logs received before configuration. Dropping old logs.
06-07 09:45:56.240: W/ProxyAndroidLoggerBackend(6935): Too many Flogger logs received before configuration. Dropping old logs.
06-07 09:45:56.241: W/ProxyAndroidLoggerBackend(6935): Too many Flogger logs received before configuration. Dropping old logs.
06-07 09:45:56.241: W/ProxyAndroidLoggerBackend(6935): Too many Flogger logs received before configuration. Dropping old logs.
06-07 09:45:56.242: W/ProxyAndroidLoggerBackend(6935): Too many Flogger logs received before configuration. Dropping old logs.
06-07 09:45:56.243: W/ProxyAndroidLoggerBackend(6935): Too many Flogger logs received before configuration. Dropping old logs.
06-07 09:45:56.244: W/ProxyAndroidLoggerBackend(6935): Too many Flogger logs received before configuration. Dropping old logs.
06-07 09:45:56.245: W/ProxyAndroidLoggerBackend(6935): Too many Flogger logs received before configuration. Dropping old logs.
06-07 09:45:56.246: W/ProxyAndroidLoggerBackend(6935): Too many Flogger logs received before configuration. Dropping old logs.
06-07 09:45:56.246: W/ProxyAndroidLoggerBackend(6935): Too many Flogger logs received before configuration. Dropping old logs.
06-07 09:45:56.247: W/ProxyAndroidLoggerBackend(6935): Too many Flogger logs received before configuration. Dropping old logs.
06-07 09:45:56.247: W/ProxyAndroidLoggerBackend(6935): Too many Flogger logs received before configuration. Dropping old logs.
06-07 09:45:56.248: W/ProxyAndroidLoggerBackend(6935): Too many Flogger logs received before configuration. Dropping old logs.
06-07 09:45:56.248: W/ProxyAndroidLoggerBackend(6935): Too many Flogger logs received before configuration. Dropping old logs.
06-07 09:45:56.249: W/ProxyAndroidLoggerBackend(6935): Too many Flogger logs received before configuration. Dropping old logs.
06-07 09:45:56.249: W/ProxyAndroidLoggerBackend(6935): Too many Flogger logs received before configuration. Dropping old logs.
06-07 09:45:56.250: W/ProxyAndroidLoggerBackend(6935): Too many Flogger logs received before configuration. Dropping old logs.
06-07 09:45:56.250: W/ProxyAndroidLoggerBackend(6935): Too many Flogger logs received before configuration. Dropping old logs.
06-07 09:45:56.251: W/ProxyAndroidLoggerBackend(6935): Too many Flogger logs received before configuration. Dropping old logs.
06-07 09:45:56.251: W/ProxyAndroidLoggerBackend(6935): Too many Flogger logs received before configuration. Dropping old logs.
06-07 09:45:56.253: W/ProxyAndroidLoggerBackend(6935): Too many Flogger logs received before configuration. Dropping old logs.
06-07 09:45:56.255: W/ProxyAndroidLoggerBackend(6935): Too many Flogger logs received before configuration. Dropping old logs.
06-07 09:45:56.255: W/ProxyAndroidLoggerBackend(6935): Too many Flogger logs received before configuration. Dropping old logs.
06-07 09:45:56.256: W/ProxyAndroidLoggerBackend(6935): Too many Flogger logs received before configuration. Dropping old logs.
06-07 09:45:56.256: W/ProxyAndroidLoggerBackend(6935): Too many Flogger logs received before configuration. Dropping old logs.
06-07 09:45:56.256: W/ProxyAndroidLoggerBackend(6935): Too many Flogger logs received before configuration. Dropping old logs.
06-07 09:45:56.257: W/ProxyAndroidLoggerBackend(6935): Too many Flogger logs received before configuration. Dropping old logs.
06-07 09:45:56.257: W/ProxyAndroidLoggerBackend(6935): Too many Flogger logs received before configuration. Dropping old logs.
06-07 09:45:56.258: W/ProxyAndroidLoggerBackend(6935): Too many Flogger logs received before configuration. Dropping old logs.
06-07 09:45:56.258: W/ProxyAndroidLoggerBackend(6935): Too many Flogger logs received before configuration. Dropping old logs.
06-07 09:45:56.262: W/ProxyAndroidLoggerBackend(6935): Too many Flogger logs received before configuration. Dropping old logs.
06-07 09:45:56.263: W/ProxyAndroidLoggerBackend(6935): Too many Flogger logs received before configuration. Dropping old logs.
06-07 09:45:56.263: W/ProxyAndroidLoggerBackend(6935): Too many Flogger logs received before configuration. Dropping old logs.
06-07 09:45:56.264: W/ProxyAndroidLoggerBackend(6935): Too many Flogger logs received before configuration. Dropping old logs.
06-07 09:45:56.264: W/ProxyAndroidLoggerBackend(6935): Too many Flogger logs received before configuration. Dropping old logs.
06-07 09:45:56.264: W/ProxyAndroidLoggerBackend(6935): Too many Flogger logs received before configuration. Dropping old logs.
06-07 09:45:56.265: W/ProxyAndroidLoggerBackend(6935): Too many Flogger logs received before configuration. Dropping old logs.
06-07 09:45:56.265: W/ProxyAndroidLoggerBackend(6935): Too many Flogger logs received before configuration. Dropping old logs.
06-07 09:45:56.266: W/ProxyAndroidLoggerBackend(6935): Too many Flogger logs received before configuration. Dropping old logs.
06-07 09:45:56.266: W/ProxyAndroidLoggerBackend(6935): Too many Flogger logs received before configuration. Dropping old logs.
06-07 09:45:56.267: W/ProxyAndroidLoggerBackend(6935): Too many Flogger logs received before configuration. Dropping old logs.
06-07 09:45:56.267: W/ProxyAndroidLoggerBackend(6935): Too many Flogger logs received before configuration. Dropping old logs.
06-07 09:45:56.267: W/ProxyAndroidLoggerBackend(6935): Too many Flogger logs received before configuration. Dropping old logs.
06-07 09:45:56.268: W/ProxyAndroidLoggerBackend(6935): Too many Flogger logs received before configuration. Dropping old logs.
06-07 09:45:56.268: W/ProxyAndroidLoggerBackend(6935): Too many Flogger logs received before configuration. Dropping old logs.
06-07 09:45:56.269: W/ProxyAndroidLoggerBackend(6935): Too many Flogger logs received before configuration. Dropping old logs.
06-07 09:45:56.269: W/ProxyAndroidLoggerBackend(6935): Too many Flogger logs received before configuration. Dropping old logs.
06-07 09:45:56.270: W/ProxyAndroidLoggerBackend(6935): Too many Flogger logs received before configuration. Dropping old logs.
06-07 09:45:56.270: W/ProxyAndroidLoggerBackend(6935): Too many Flogger logs received before configuration. Dropping old logs.
06-07 09:45:56.271: W/ProxyAndroidLoggerBackend(6935): Too many Flogger logs received before configuration. Dropping old logs.
06-07 09:45:56.271: W/ProxyAndroidLoggerBackend(6935): Too many Flogger logs received before configuration. Dropping old logs.
06-07 09:45:56.272: W/ProxyAndroidLoggerBackend(6935): Too many Flogger logs received before configuration. Dropping old logs.
06-07 09:45:56.272: W/ProxyAndroidLoggerBackend(6935): Too many Flogger logs received before configuration. Dropping old logs.
06-07 09:45:56.273: W/ProxyAndroidLoggerBackend(6935): Too many Flogger logs received before configuration. Dropping old logs.
06-07 09:45:56.273: W/ProxyAndroidLoggerBackend(6935): Too many Flogger logs received before configuration. Dropping old logs.
06-07 09:45:56.274: W/ProxyAndroidLoggerBackend(6935): Too many Flogger logs received before configuration. Dropping old logs.
06-07 09:45:56.275: W/ProxyAndroidLoggerBackend(6935): Too many Flogger logs received before configuration. Dropping old logs.
06-07 09:45:56.275: W/ProxyAndroidLoggerBackend(6935): Too many Flogger logs received before configuration. Dropping old logs.
06-07 09:45:56.279: W/ProxyAndroidLoggerBackend(6935): Too many Flogger logs received before configuration. Dropping old logs.
06-07 09:45:56.280: W/ProxyAndroidLoggerBackend(6935): Too many Flogger logs received before configuration. Dropping old logs.
06-07 09:45:56.280: W/ProxyAndroidLoggerBackend(6935): Too many Flogger logs received before configuration. Dropping old logs.
06-07 09:45:56.281: W/ProxyAndroidLoggerBackend(6935): Too many Flogger logs received before configuration. Dropping old logs.
06-07 09:45:56.281: W/ProxyAndroidLoggerBackend(6935): Too many Flogger logs received before configuration. Dropping old logs.
06-07 09:45:56.282: W/ProxyAndroidLoggerBackend(6935): Too many Flogger logs received before configuration. Dropping old logs.
06-07 09:45:56.283: W/ProxyAndroidLoggerBackend(6935): Too many Flogger logs received before configuration. Dropping old logs.
06-07 09:45:56.283: W/ProxyAndroidLoggerBackend(6935): Too many Flogger logs received before configuration. Dropping old logs.
06-07 09:45:56.284: W/ProxyAndroidLoggerBackend(6935): Too many Flogger logs received before configuration. Dropping old logs.
06-07 09:45:56.284: W/ProxyAndroidLoggerBackend(6935): Too many Flogger logs received before configuration. Dropping old logs.
06-07 09:45:56.285: W/ProxyAndroidLoggerBackend(6935): Too many Flogger logs received before configuration. Dropping old logs.
06-07 09:45:56.285: W/ProxyAndroidLoggerBackend(6935): Too many Flogger logs received before configuration. Dropping old logs.
06-07 09:45:56.286: W/ProxyAndroidLoggerBackend(6935): Too many Flogger logs received before configuration. Dropping old logs.
06-07 09:45:56.286: W/ProxyAndroidLoggerBackend(6935): Too many Flogger logs received before configuration. Dropping old logs.
06-07 09:45:56.287: W/ProxyAndroidLoggerBackend(6935): Too many Flogger logs received before configuration. Dropping old logs.
06-07 09:45:56.288: W/ProxyAndroidLoggerBackend(6935): Too many Flogger logs received before configuration. Dropping old logs.
06-07 09:45:56.288: W/ProxyAndroidLoggerBackend(6935): Too many Flogger logs received before configuration. Dropping old logs.
06-07 09:45:56.289: W/ProxyAndroidLoggerBackend(6935): Too many Flogger logs received before configuration. Dropping old logs.
06-07 09:45:56.289: W/ProxyAndroidLoggerBackend(6935): Too many Flogger logs received before configuration. Dropping old logs.
06-07 09:45:56.290: W/ProxyAndroidLoggerBackend(6935): Too many Flogger logs received before configuration. Dropping old logs.
06-07 09:45:56.291: W/ProxyAndroidLoggerBackend(6935): Too many Flogger logs received before configuration. Dropping old logs.
06-07 09:45:56.291: W/ProxyAndroidLoggerBackend(6935): Too many Flogger logs received before configuration. Dropping old logs.
06-07 09:45:56.291: W/ProxyAndroidLoggerBackend(6935): Too many Flogger logs received before configuration. Dropping old logs.
06-07 09:45:56.292: W/ProxyAndroidLoggerBackend(6935): Too many Flogger logs received before configuration. Dropping old logs.
06-07 09:45:56.292: W/ProxyAndroidLoggerBackend(6935): Too many Flogger logs received before configuration. Dropping old logs.
06-07 09:45:56.293: W/ProxyAndroidLoggerBackend(6935): Too many Flogger logs received before configuration. Dropping old logs.
06-07 09:45:56.293: W/ProxyAndroidLoggerBackend(6935): Too many Flogger logs received before configuration. Dropping old logs.
06-07 09:45:56.294: W/ProxyAndroidLoggerBackend(6935): Too many Flogger logs received before configuration. Dropping old logs.
06-07 09:45:56.294: W/ProxyAndroidLoggerBackend(6935): Too many Flogger logs received before configuration. Dropping old logs.
06-07 09:45:56.294: W/ProxyAndroidLoggerBackend(6935): Too many Flogger logs received before configuration. Dropping old logs.
06-07 09:45:56.295: W/ProxyAndroidLoggerBackend(6935): Too many Flogger logs received before configuration. Dropping old logs.
06-07 09:45:56.296: W/ProxyAndroidLoggerBackend(6935): Too many Flogger logs received before configuration. Dropping old logs.
06-07 09:45:56.298: W/ProxyAndroidLoggerBackend(6935): Too many Flogger logs received before configuration. Dropping old logs.
06-07 09:45:56.298: W/ProxyAndroidLoggerBackend(6935): Too many Flogger logs received before configuration. Dropping old logs.
06-07 09:45:56.299: W/ProxyAndroidLoggerBackend(6935): Too many Flogger logs received before configuration. Dropping old logs.
06-07 09:45:56.300: W/ProxyAndroidLoggerBackend(6935): Too many Flogger logs received before configuration. Dropping old logs.
06-07 09:45:56.301: W/ProxyAndroidLoggerBackend(6935): Too many Flogger logs received before configuration. Dropping old logs.
06-07 09:45:56.301: W/ProxyAndroidLoggerBackend(6935): Too many Flogger logs received before configuration. Dropping old logs.
06-07 09:45:56.302: W/ProxyAndroidLoggerBackend(6935): Too many Flogger logs received before configuration. Dropping old logs.
06-07 09:45:56.306: W/ProxyAndroidLoggerBackend(6935): Too many Flogger logs received before configuration. Dropping old logs.
06-07 09:45:56.306: W/ProxyAndroidLoggerBackend(6935): Too many Flogger logs received before configuration. Dropping old logs.
06-07 09:45:56.307: W/ProxyAndroidLoggerBackend(6935): Too many Flogger logs received before configuration. Dropping old logs.
06-07 09:45:56.307: W/ProxyAndroidLoggerBackend(6935): Too many Flogger logs received before configuration. Dropping old logs.
06-07 09:45:56.308: W/ProxyAndroidLoggerBackend(6935): Too many Flogger logs received before configuration. Dropping old logs.
06-07 09:45:56.308: W/ProxyAndroidLoggerBackend(6935): Too many Flogger logs received before configuration. Dropping old logs.
06-07 09:45:56.309: W/ProxyAndroidLoggerBackend(6935): Too many Flogger logs received before configuration. Dropping old logs.
06-07 09:45:56.309: W/ProxyAndroidLoggerBackend(6935): Too many Flogger logs received before configuration. Dropping old logs.
06-07 09:45:56.310: W/ProxyAndroidLoggerBackend(6935): Too many Flogger logs received before configuration. Dropping old logs.
06-07 09:45:56.310: W/ProxyAndroidLoggerBackend(6935): Too many Flogger logs received before configuration. Dropping old logs.
06-07 09:45:56.311: W/ProxyAndroidLoggerBackend(6935): Too many Flogger logs received before configuration. Dropping old logs.
06-07 09:45:56.311: W/ProxyAndroidLoggerBackend(6935): Too many Flogger logs received before configuration. Dropping old logs.
06-07 09:45:56.311: W/ProxyAndroidLoggerBackend(6935): Too many Flogger logs received before configuration. Dropping old logs.
06-07 09:45:56.312: W/ProxyAndroidLoggerBackend(6935): Too many Flogger logs received before configuration. Dropping old logs.
06-07 09:45:56.312: W/ProxyAndroidLoggerBackend(6935): Too many Flogger logs received before configuration. Dropping old logs.
06-07 09:45:56.316: W/ProxyAndroidLoggerBackend(6935): Too many Flogger logs received before configuration. Dropping old logs.
06-07 09:45:56.318: W/ProxyAndroidLoggerBackend(6935): Too many Flogger logs received before configuration. Dropping old logs.
06-07 09:45:56.318: W/ProxyAndroidLoggerBackend(6935): Too many Flogger logs received before configuration. Dropping old logs.
06-07 09:45:56.319: W/ProxyAndroidLoggerBackend(6935): Too many Flogger logs received before configuration. Dropping old logs.
06-07 09:45:56.319: W/ProxyAndroidLoggerBackend(6935): Too many Flogger logs received before configuration. Dropping old logs.
06-07 09:45:56.320: W/ProxyAndroidLoggerBackend(6935): Too many Flogger logs received before configuration. Dropping old logs.
06-07 09:45:56.320: W/ProxyAndroidLoggerBackend(6935): Too many Flogger logs received before configuration. Dropping old logs.
06-07 09:45:56.321: W/ProxyAndroidLoggerBackend(6935): Too many Flogger logs received before configuration. Dropping old logs.
06-07 09:45:56.321: W/ProxyAndroidLoggerBackend(6935): Too many Flogger logs received before configuration. Dropping old logs.
06-07 09:45:56.323: W/ProxyAndroidLoggerBackend(6935): Too many Flogger logs received before configuration. Dropping old logs.
06-07 09:45:56.324: W/ProxyAndroidLoggerBackend(6935): Too many Flogger logs received before configuration. Dropping old logs.
06-07 09:45:56.325: W/ProxyAndroidLoggerBackend(6935): Too many Flogger logs received before configuration. Dropping old logs.
06-07 09:45:56.325: W/ProxyAndroidLoggerBackend(6935): Too many Flogger logs received before configuration. Dropping old logs.
06-07 09:45:56.326: W/ProxyAndroidLoggerBackend(6935): Too many Flogger logs received before configuration. Dropping old logs.
06-07 09:45:56.326: W/ProxyAndroidLoggerBackend(6935): Too many Flogger logs received before configuration. Dropping old logs.
06-07 09:45:56.327: W/ProxyAndroidLoggerBackend(6935): Too many Flogger logs received before configuration. Dropping old logs.
06-07 09:45:56.331: W/ProxyAndroidLoggerBackend(6935): Too many Flogger logs received before configuration. Dropping old logs.
06-07 09:45:56.336: W/ProxyAndroidLoggerBackend(6935): Too many Flogger logs received before configuration. Dropping old logs.
06-07 09:45:56.342: I/Auth(6291): [AuthManaged,PasswordComplexityHelperImpl] Updating password complexity components state.
06-07 09:45:56.342: I/Auth(6291): [AuthManaged,PasswordComplexityHelperImpl] Disabling com.google.android.gms.auth.managed.admin.DeviceAdminReceiver
06-07 09:45:56.342: I/Auth(6291): [AuthManaged,PasswordComplexityHelperImpl] Disabling com.google.android.gms.auth.managed.ui.SetNewPasswordActivity
06-07 09:45:56.337: W/ProxyAndroidLoggerBackend(6935): Too many Flogger logs received before configuration. Dropping old logs.
06-07 09:45:56.346: W/ProxyAndroidLoggerBackend(6935): Too many Flogger logs received before configuration. Dropping old logs.
06-07 09:45:56.346: W/ProxyAndroidLoggerBackend(6935): Too many Flogger logs received before configuration. Dropping old logs.
06-07 09:45:56.347: W/ProxyAndroidLoggerBackend(6935): Too many Flogger logs received before configuration. Dropping old logs.
06-07 09:45:56.347: W/ProxyAndroidLoggerBackend(6935): Too many Flogger logs received before configuration. Dropping old logs.
06-07 09:45:56.348: W/ProxyAndroidLoggerBackend(6935): Too many Flogger logs received before configuration. Dropping old logs.
06-07 09:45:56.348: W/ProxyAndroidLoggerBackend(6935): Too many Flogger logs received before configuration. Dropping old logs.
06-07 09:45:56.349: W/ProxyAndroidLoggerBackend(6935): Too many Flogger logs received before configuration. Dropping old logs.
06-07 09:45:56.349: W/ProxyAndroidLoggerBackend(6935): Too many Flogger logs received before configuration. Dropping old logs.
06-07 09:45:56.349: W/ProxyAndroidLoggerBackend(6935): Too many Flogger logs received before configuration. Dropping old logs.
06-07 09:45:56.350: W/ProxyAndroidLoggerBackend(6935): Too many Flogger logs received before configuration. Dropping old logs.
06-07 09:45:56.350: W/ProxyAndroidLoggerBackend(6935): Too many Flogger logs received before configuration. Dropping old logs.
06-07 09:45:56.351: W/ProxyAndroidLoggerBackend(6935): Too many Flogger logs received before configuration. Dropping old logs.
06-07 09:45:56.351: W/ProxyAndroidLoggerBackend(6935): Too many Flogger logs received before configuration. Dropping old logs.
06-07 09:45:56.351: W/ProxyAndroidLoggerBackend(6935): Too many Flogger logs received before configuration. Dropping old logs.
06-07 09:45:56.352: W/ProxyAndroidLoggerBackend(6935): Too many Flogger logs received before configuration. Dropping old logs.
06-07 09:45:56.358: W/ProxyAndroidLoggerBackend(6935): Too many Flogger logs received before configuration. Dropping old logs.
06-07 09:45:56.359: W/ProxyAndroidLoggerBackend(6935): Too many Flogger logs received before configuration. Dropping old logs.
06-07 09:45:56.363: W/ProxyAndroidLoggerBackend(6935): Too many Flogger logs received before configuration. Dropping old logs.
06-07 09:45:56.363: W/ProxyAndroidLoggerBackend(6935): Too many Flogger logs received before configuration. Dropping old logs.
06-07 09:45:56.364: W/ProxyAndroidLoggerBackend(6935): Too many Flogger logs received before configuration. Dropping old logs.
06-07 09:45:56.364: W/ProxyAndroidLoggerBackend(6935): Too many Flogger logs received before configuration. Dropping old logs.
06-07 09:45:56.365: W/ProxyAndroidLoggerBackend(6935): Too many Flogger logs received before configuration. Dropping old logs.
06-07 09:45:56.365: W/ProxyAndroidLoggerBackend(6935): Too many Flogger logs received before configuration. Dropping old logs.
06-07 09:45:56.366: W/ProxyAndroidLoggerBackend(6935): Too many Flogger logs received before configuration. Dropping old logs.
06-07 09:45:56.366: W/ProxyAndroidLoggerBackend(6935): Too many Flogger logs received before configuration. Dropping old logs.
06-07 09:45:56.367: W/ProxyAndroidLoggerBackend(6935): Too many Flogger logs received before configuration. Dropping old logs.
06-07 09:45:56.367: W/ProxyAndroidLoggerBackend(6935): Too many Flogger logs received before configuration. Dropping old logs.
06-07 09:45:56.368: W/ProxyAndroidLoggerBackend(6935): Too many Flogger logs received before configuration. Dropping old logs.
06-07 09:45:56.368: W/ProxyAndroidLoggerBackend(6935): Too many Flogger logs received before configuration. Dropping old logs.
06-07 09:45:56.368: W/ProxyAndroidLoggerBackend(6935): Too many Flogger logs received before configuration. Dropping old logs.
06-07 09:45:56.378: W/ProxyAndroidLoggerBackend(6935): Too many Flogger logs received before configuration. Dropping old logs.
06-07 09:45:56.378: W/ProxyAndroidLoggerBackend(6935): Too many Flogger logs received before configuration. Dropping old logs.
06-07 09:45:56.379: W/ProxyAndroidLoggerBackend(6935): Too many Flogger logs received before configuration. Dropping old logs.
06-07 09:45:56.379: W/ProxyAndroidLoggerBackend(6935): Too many Flogger logs received before configuration. Dropping old logs.
06-07 09:45:56.380: W/ProxyAndroidLoggerBackend(6935): Too many Flogger logs received before configuration. Dropping old logs.
06-07 09:45:56.380: W/ProxyAndroidLoggerBackend(6935): Too many Flogger logs received before configuration. Dropping old logs.
06-07 09:45:56.381: W/ProxyAndroidLoggerBackend(6935): Too many Flogger logs received before configuration. Dropping old logs.
06-07 09:45:56.381: W/ProxyAndroidLoggerBackend(6935): Too many Flogger logs received before configuration. Dropping old logs.
06-07 09:45:56.382: W/ProxyAndroidLoggerBackend(6935): Too many Flogger logs received before configuration. Dropping old logs.
06-07 09:45:56.382: I/Auth(6291): [AuthManaged,PasswordComplexityHelperImpl] Updating password complexity components state.
06-07 09:45:56.382: W/ProxyAndroidLoggerBackend(6935): Too many Flogger logs received before configuration. Dropping old logs.
06-07 09:45:56.382: I/Auth(6291): [AuthManaged,PasswordComplexityHelperImpl] Disabling com.google.android.gms.auth.managed.admin.DeviceAdminReceiver
06-07 09:45:56.383: I/Auth(6291): [AuthManaged,PasswordComplexityHelperImpl] Disabling com.google.android.gms.auth.managed.ui.SetNewPasswordActivity
06-07 09:45:56.383: W/ProxyAndroidLoggerBackend(6935): Too many Flogger logs received before configuration. Dropping old logs.
06-07 09:45:56.383: W/ProxyAndroidLoggerBackend(6935): Too many Flogger logs received before configuration. Dropping old logs.
06-07 09:45:56.384: W/ProxyAndroidLoggerBackend(6935): Too many Flogger logs received before configuration. Dropping old logs.
06-07 09:45:56.384: W/ProxyAndroidLoggerBackend(6935): Too many Flogger logs received before configuration. Dropping old logs.
06-07 09:45:56.385: W/ProxyAndroidLoggerBackend(6935): Too many Flogger logs received before configuration. Dropping old logs.
06-07 09:45:56.385: W/ProxyAndroidLoggerBackend(6935): Too many Flogger logs received before configuration. Dropping old logs.
06-07 09:45:56.386: W/ProxyAndroidLoggerBackend(6935): Too many Flogger logs received before configuration. Dropping old logs.
06-07 09:45:56.389: W/ProxyAndroidLoggerBackend(6935): Too many Flogger logs received before configuration. Dropping old logs.
06-07 09:45:56.391: W/ProxyAndroidLoggerBackend(6935): Too many Flogger logs received before configuration. Dropping old logs.
06-07 09:45:56.392: W/ProxyAndroidLoggerBackend(6935): Too many Flogger logs received before configuration. Dropping old logs.
06-07 09:45:56.392: W/ProxyAndroidLoggerBackend(6935): Too many Flogger logs received before configuration. Dropping old logs.
06-07 09:45:56.400: I/MdiSyncModule(7523): flag handling is skipping irrelevant intent.
06-07 09:45:56.404: W/ModuleInitIntentOp(7523): Dropping unexpected action com.google.android.gms.phenotype.COMMITTED
06-07 09:45:56.411: I/PTCommittedOperation(6291): Receive new configuration for com.google.android.gms.auth_api_proxy
06-07 09:45:56.412: W/ProxyAndroidLoggerBackend(6935): Too many Flogger logs received before configuration. Dropping old logs.
06-07 09:45:56.412: W/ProxyAndroidLoggerBackend(6935): Too many Flogger logs received before configuration. Dropping old logs.
06-07 09:45:56.413: W/ProxyAndroidLoggerBackend(6935): Too many Flogger logs received before configuration. Dropping old logs.
06-07 09:45:56.413: W/ProxyAndroidLoggerBackend(6935): Too many Flogger logs received before configuration. Dropping old logs.
06-07 09:45:56.413: W/ProxyAndroidLoggerBackend(6935): Too many Flogger logs received before configuration. Dropping old logs.
06-07 09:45:56.414: W/ProxyAndroidLoggerBackend(6935): Too many Flogger logs received before configuration. Dropping old logs.
06-07 09:45:56.414: W/ProxyAndroidLoggerBackend(6935): Too many Flogger logs received before configuration. Dropping old logs.
06-07 09:45:56.415: W/ProxyAndroidLoggerBackend(6935): Too many Flogger logs received before configuration. Dropping old logs.
06-07 09:45:56.415: W/ProxyAndroidLoggerBackend(6935): Too many Flogger logs received before configuration. Dropping old logs.
06-07 09:45:56.416: W/ProxyAndroidLoggerBackend(6935): Too many Flogger logs received before configuration. Dropping old logs.
06-07 09:45:56.417: W/ProxyAndroidLoggerBackend(6935): Too many Flogger logs received before configuration. Dropping old logs.
06-07 09:45:56.417: W/ProxyAndroidLoggerBackend(6935): Too many Flogger logs received before configuration. Dropping old logs.
06-07 09:45:56.417: W/ProxyAndroidLoggerBackend(6935): Too many Flogger logs received before configuration. Dropping old logs.
06-07 09:45:56.419: W/ProxyAndroidLoggerBackend(6935): Too many Flogger logs received before configuration. Dropping old logs.
06-07 09:45:56.420: W/ProxyAndroidLoggerBackend(6935): Too many Flogger logs received before configuration. Dropping old logs.
06-07 09:45:56.421: W/ProxyAndroidLoggerBackend(6935): Too many Flogger logs received before configuration. Dropping old logs.
06-07 09:45:56.421: W/ProxyAndroidLoggerBackend(6935): Too many Flogger logs received before configuration. Dropping old logs.
06-07 09:45:56.422: W/ProxyAndroidLoggerBackend(6935): Too many Flogger logs received before configuration. Dropping old logs.
06-07 09:45:56.422: W/ProxyAndroidLoggerBackend(6935): Too many Flogger logs received before configuration. Dropping old logs.
06-07 09:45:56.422: W/ProxyAndroidLoggerBackend(6935): Too many Flogger logs received before configuration. Dropping old logs.
06-07 09:45:56.423: W/ProxyAndroidLoggerBackend(6935): Too many Flogger logs received before configuration. Dropping old logs.
06-07 09:45:56.423: W/ProxyAndroidLoggerBackend(6935): Too many Flogger logs received before configuration. Dropping old logs.
06-07 09:45:56.424: W/ProxyAndroidLoggerBackend(6935): Too many Flogger logs received before configuration. Dropping old logs.
06-07 09:45:56.424: W/ProxyAndroidLoggerBackend(6935): Too many Flogger logs received before configuration. Dropping old logs.
06-07 09:45:56.424: W/ProxyAndroidLoggerBackend(6935): Too many Flogger logs received before configuration. Dropping old logs.
06-07 09:45:56.425: W/ProxyAndroidLoggerBackend(6935): Too many Flogger logs received before configuration. Dropping old logs.
06-07 09:45:56.425: W/ProxyAndroidLoggerBackend(6935): Too many Flogger logs received before configuration. Dropping old logs.
06-07 09:45:56.437: W/ProxyAndroidLoggerBackend(6935): Too many Flogger logs received before configuration. Dropping old logs.
06-07 09:45:56.437: W/ProxyAndroidLoggerBackend(6935): Too many Flogger logs received before configuration. Dropping old logs.
06-07 09:45:56.438: W/ProxyAndroidLoggerBackend(6935): Too many Flogger logs received before configuration. Dropping old logs.
06-07 09:45:56.441: D/Babel(8971): RefCountedService(com.google.android.apps.hangouts.requestwriter.RequestWriter) onDestroy (count=0, startId=7 stopped=true)
06-07 09:45:56.448: W/ProxyAndroidLoggerBackend(6935): Too many Flogger logs received before configuration. Dropping old logs.
06-07 09:45:56.450: W/ProxyAndroidLoggerBackend(6935): Too many Flogger logs received before configuration. Dropping old logs.
06-07 09:45:56.453: I/Nonce(3989): Nonce Response
06-07 09:45:56.458: D/Checkin(3989): publish the event [tag = MOT_CCE event name = LOG]
06-07 09:45:56.459: W/ProxyAndroidLoggerBackend(6935): Too many Flogger logs received before configuration. Dropping old logs.
06-07 09:45:56.460: W/ProxyAndroidLoggerBackend(6935): Too many Flogger logs received before configuration. Dropping old logs.
06-07 09:45:56.461: W/ProxyAndroidLoggerBackend(6935): Too many Flogger logs received before configuration. Dropping old logs.
06-07 09:45:56.461: E/ActivityThread(3989): Failed to find provider info for com.motorola.ccc.cce.datausage
06-07 09:45:56.461: W/ProxyAndroidLoggerBackend(6935): Too many Flogger logs received before configuration. Dropping old logs.
06-07 09:45:56.461: I/Nonce(3989): Handle Response
06-07 09:45:56.462: W/ProxyAndroidLoggerBackend(6935): Too many Flogger logs received before configuration. Dropping old logs.
