06-07 09:45:34.962: E/System(8515): 	at java.util.TimeZone.setDefault(TimeZone.java:712)
06-07 09:45:34.962: E/System(8515): 	at com.android.internal.os.RuntimeInit.commonInit(RuntimeInit.java:132)
06-07 09:45:34.962: E/System(8515): 	at com.android.internal.os.RuntimeInit.main(RuntimeInit.java:256)
06-07 09:45:34.972: D/AndroidRuntime(8515): Calling main entry com.android.commands.pm.Pm
06-07 09:45:34.978: I/art(8515): System.exit called, status: 0
06-07 09:45:34.978: I/AndroidRuntime(8515): VM exiting with result code 0.
06-07 09:45:35.164: E/Backup(6291): [BackupTransportMigratorChimeraService] Could not migrate transport!
06-07 09:45:35.178: I/Backup(6291): [BackupTransportMigratorChimeraService] Starting migration...
06-07 09:45:35.364: E/ExtendedServiceUtils(8529): Failed to load libdashplayer.so : dlopen failed: library "libdashplayer.so" not found
06-07 09:45:35.372: D/AndroidRuntime(8529): >>>>>> START com.android.internal.os.RuntimeInit uid 2000 <<<<<<
06-07 09:45:35.376: D/AndroidRuntime(8529): CheckJNI is OFF
06-07 09:45:35.430: D/ICU(8529): No timezone override file found: /data/misc/zoneinfo/current/icu/icu_tzdata.dat
06-07 09:45:35.453: I/Radio-JNI(8529): register_android_hardware_Radio DONE
06-07 09:45:35.462: E/System(8529): Unable to open boot classpath entry: /system/framework/WfdCommon.jar
06-07 09:45:35.463: E/System(8529): java.util.zip.ZipException: File too short to be a zip file: 0
06-07 09:45:35.463: E/System(8529): 	at java.util.zip.ZipFile.<init>(ZipFile.java:208)
06-07 09:45:35.463: E/System(8529): 	at java.util.zip.ZipFile.<init>(ZipFile.java:147)
06-07 09:45:35.463: E/System(8529): 	at java.util.jar.JarFile.<init>(JarFile.java:161)
06-07 09:45:35.463: E/System(8529): 	at java.util.jar.JarFile.<init>(JarFile.java:98)
06-07 09:45:35.463: E/System(8529): 	at libcore.io.ClassPathURLStreamHandler.<init>(ClassPathURLStreamHandler.java:47)
06-07 09:45:35.463: E/System(8529): 	at java.lang.VMClassLoader.createBootClassPathUrlHandlers(VMClassLoader.java:49)
06-07 09:45:35.463: E/System(8529): 	at java.lang.VMClassLoader.<clinit>(VMClassLoader.java:31)
06-07 09:45:35.463: E/System(8529): 	at java.lang.ClassLoader.findLoadedClass(ClassLoader.java:742)
06-07 09:45:35.463: E/System(8529): 	at java.lang.ClassLoader.loadClass(ClassLoader.java:362)
06-07 09:45:35.463: E/System(8529): 	at java.lang.ClassLoader.loadClass(ClassLoader.java:312)
06-07 09:45:35.463: E/System(8529): 	at java.util.ResourceBundle$RBClassLoader.loadClass(ResourceBundle.java:452)
06-07 09:45:35.463: E/System(8529): 	at java.util.ResourceBundle$Control.newBundle(ResourceBundle.java:2569)
06-07 09:45:35.463: E/System(8529): 	at java.util.ResourceBundle.loadBundle(ResourceBundle.java:1438)
06-07 09:45:35.463: E/System(8529): 	at java.util.ResourceBundle.findBundle(ResourceBundle.java:1402)
06-07 09:45:35.463: E/System(8529): 	at java.util.ResourceBundle.findBundle(ResourceBundle.java:1356)
06-07 09:45:35.463: E/System(8529): 	at java.util.ResourceBundle.findBundle(ResourceBundle.java:1356)
06-07 09:45:35.463: E/System(8529): 	at java.util.ResourceBundle.getBundleImpl(ResourceBundle.java:1298)
06-07 09:45:35.463: E/System(8529): 	at java.util.ResourceBundle.getBundle(ResourceBundle.java:723)
06-07 09:45:35.463: E/System(8529): 	at java.util.logging.Level.<init>(Level.java:223)
06-07 09:45:35.463: E/System(8529): 	at java.util.logging.Level.<clinit>(Level.java:96)
06-07 09:45:35.463: E/System(8529): 	at java.util.logging.Logger.<clinit>(Logger.java:177)
06-07 09:45:35.463: E/System(8529): 	at java.util.logging.Logger.getLogger(Logger.java:393)
06-07 09:45:35.463: E/System(8529): 	at android.icu.util.TimeZone.<clinit>(TimeZone.java:92)
06-07 09:45:35.463: E/System(8529): 	at java.util.TimeZone.setDefault(TimeZone.java:712)
06-07 09:45:35.463: E/System(8529): 	at com.android.internal.os.RuntimeInit.commonInit(RuntimeInit.java:132)
06-07 09:45:35.463: E/System(8529): 	at com.android.internal.os.RuntimeInit.main(RuntimeInit.java:256)
06-07 09:45:35.472: D/AndroidRuntime(8529): Calling main entry com.android.commands.am.Am
06-07 09:45:35.480: I/ActivityManager(1282): Force stopping com.google.android.apps.mtaas.tools appid=10133 user=0: start instr
06-07 09:45:35.500: I/ActivityManager(1282): Start proc 8538:com.google.android.apps.mtaas.tools/u0a133 for added application com.google.android.apps.mtaas.tools
06-07 09:45:35.528: W/System(8538): ClassLoader referenced unknown path: /data/app/com.google.android.apps.mtaas.tools-1/lib/arm64
06-07 09:45:35.541: D/ChangeLocale(8538): Instrumentation completed successfully
06-07 09:45:35.542: I/ActivityManager(1282): Force stopping com.google.android.apps.mtaas.tools appid=10133 user=0: finished inst
06-07 09:45:35.542: I/ActivityManager(1282): Killing 8538:com.google.android.apps.mtaas.tools/u0a133 (adj 0): stop com.google.android.apps.mtaas.tools
06-07 09:45:35.542: D/ActivityManager(1282): cleanUpApplicationRecord -- 8538
06-07 09:45:35.545: D/AndroidRuntime(8529): Shutting down VM
06-07 09:45:35.930: E/ExtendedServiceUtils(8558): Failed to load libdashplayer.so : dlopen failed: library "libdashplayer.so" not found
06-07 09:45:35.937: D/AndroidRuntime(8558): >>>>>> START com.android.internal.os.RuntimeInit uid 2000 <<<<<<
06-07 09:45:35.942: D/AndroidRuntime(8558): CheckJNI is OFF
06-07 09:45:35.995: D/ICU(8558): No timezone override file found: /data/misc/zoneinfo/current/icu/icu_tzdata.dat
06-07 09:45:36.019: I/Radio-JNI(8558): register_android_hardware_Radio DONE
06-07 09:45:36.028: E/System(8558): Unable to open boot classpath entry: /system/framework/WfdCommon.jar
06-07 09:45:36.029: E/System(8558): java.util.zip.ZipException: File too short to be a zip file: 0
06-07 09:45:36.029: E/System(8558): 	at java.util.zip.ZipFile.<init>(ZipFile.java:208)
06-07 09:45:36.029: E/System(8558): 	at java.util.zip.ZipFile.<init>(ZipFile.java:147)
06-07 09:45:36.029: E/System(8558): 	at java.util.jar.JarFile.<init>(JarFile.java:161)
06-07 09:45:36.029: E/System(8558): 	at java.util.jar.JarFile.<init>(JarFile.java:98)
06-07 09:45:36.029: E/System(8558): 	at libcore.io.ClassPathURLStreamHandler.<init>(ClassPathURLStreamHandler.java:47)
06-07 09:45:36.029: E/System(8558): 	at java.lang.VMClassLoader.createBootClassPathUrlHandlers(VMClassLoader.java:49)
06-07 09:45:36.029: E/System(8558): 	at java.lang.VMClassLoader.<clinit>(VMClassLoader.java:31)
06-07 09:45:36.029: E/System(8558): 	at java.lang.ClassLoader.findLoadedClass(ClassLoader.java:742)
06-07 09:45:36.029: E/System(8558): 	at java.lang.ClassLoader.loadClass(ClassLoader.java:362)
06-07 09:45:36.029: E/System(8558): 	at java.lang.ClassLoader.loadClass(ClassLoader.java:312)
06-07 09:45:36.029: E/System(8558): 	at java.util.ResourceBundle$RBClassLoader.loadClass(ResourceBundle.java:452)
06-07 09:45:36.029: E/System(8558): 	at java.util.ResourceBundle$Control.newBundle(ResourceBundle.java:2569)
06-07 09:45:36.029: E/System(8558): 	at java.util.ResourceBundle.loadBundle(ResourceBundle.java:1438)
06-07 09:45:36.029: E/System(8558): 	at java.util.ResourceBundle.findBundle(ResourceBundle.java:1402)
06-07 09:45:36.029: E/System(8558): 	at java.util.ResourceBundle.findBundle(ResourceBundle.java:1356)
06-07 09:45:36.029: E/System(8558): 	at java.util.ResourceBundle.findBundle(ResourceBundle.java:1356)
06-07 09:45:36.029: E/System(8558): 	at java.util.ResourceBundle.getBundleImpl(ResourceBundle.java:1298)
06-07 09:45:36.029: E/System(8558): 	at java.util.ResourceBundle.getBundle(ResourceBundle.java:723)
06-07 09:45:36.029: E/System(8558): 	at java.util.logging.Level.<init>(Level.java:223)
06-07 09:45:36.029: E/System(8558): 	at java.util.logging.Level.<clinit>(Level.java:96)
06-07 09:45:36.029: E/System(8558): 	at java.util.logging.Logger.<clinit>(Logger.java:177)
06-07 09:45:36.029: E/System(8558): 	at java.util.logging.Logger.getLogger(Logger.java:393)
06-07 09:45:36.029: E/System(8558): 	at android.icu.util.TimeZone.<clinit>(TimeZone.java:92)
06-07 09:45:36.029: E/System(8558): 	at java.util.TimeZone.setDefault(TimeZone.java:712)
06-07 09:45:36.029: E/System(8558): 	at com.android.internal.os.RuntimeInit.commonInit(RuntimeInit.java:132)
06-07 09:45:36.029: E/System(8558): 	at com.android.internal.os.RuntimeInit.main(RuntimeInit.java:256)
06-07 09:45:36.039: D/AndroidRuntime(8558): Calling main entry com.android.commands.settings.SettingsCmd
06-07 09:45:36.046: D/AndroidRuntime(8558): Shutting down VM
06-07 09:45:36.438: E/ExtendedServiceUtils(8571): Failed to load libdashplayer.so : dlopen failed: library "libdashplayer.so" not found
06-07 09:45:36.445: D/AndroidRuntime(8571): >>>>>> START com.android.internal.os.RuntimeInit uid 2000 <<<<<<
06-07 09:45:36.448: D/AndroidRuntime(8571): CheckJNI is OFF
06-07 09:45:36.496: D/ICU(8571): No timezone override file found: /data/misc/zoneinfo/current/icu/icu_tzdata.dat
06-07 09:45:36.521: I/Radio-JNI(8571): register_android_hardware_Radio DONE
06-07 09:45:36.529: E/System(8571): Unable to open boot classpath entry: /system/framework/WfdCommon.jar
06-07 09:45:36.530: E/System(8571): java.util.zip.ZipException: File too short to be a zip file: 0
06-07 09:45:36.530: E/System(8571): 	at java.util.zip.ZipFile.<init>(ZipFile.java:208)
06-07 09:45:36.530: E/System(8571): 	at java.util.zip.ZipFile.<init>(ZipFile.java:147)
06-07 09:45:36.530: E/System(8571): 	at java.util.jar.JarFile.<init>(JarFile.java:161)
06-07 09:45:36.530: E/System(8571): 	at java.util.jar.JarFile.<init>(JarFile.java:98)
06-07 09:45:36.530: E/System(8571): 	at libcore.io.ClassPathURLStreamHandler.<init>(ClassPathURLStreamHandler.java:47)
06-07 09:45:36.530: E/System(8571): 	at java.lang.VMClassLoader.createBootClassPathUrlHandlers(VMClassLoader.java:49)
06-07 09:45:36.530: E/System(8571): 	at java.lang.VMClassLoader.<clinit>(VMClassLoader.java:31)
06-07 09:45:36.530: E/System(8571): 	at java.lang.ClassLoader.findLoadedClass(ClassLoader.java:742)
06-07 09:45:36.530: E/System(8571): 	at java.lang.ClassLoader.loadClass(ClassLoader.java:362)
06-07 09:45:36.530: E/System(8571): 	at java.lang.ClassLoader.loadClass(ClassLoader.java:312)
06-07 09:45:36.530: E/System(8571): 	at java.util.ResourceBundle$RBClassLoader.loadClass(ResourceBundle.java:452)
06-07 09:45:36.530: E/System(8571): 	at java.util.ResourceBundle$Control.newBundle(ResourceBundle.java:2569)
06-07 09:45:36.530: E/System(8571): 	at java.util.ResourceBundle.loadBundle(ResourceBundle.java:1438)
06-07 09:45:36.530: E/System(8571): 	at java.util.ResourceBundle.findBundle(ResourceBundle.java:1402)
06-07 09:45:36.530: E/System(8571): 	at java.util.ResourceBundle.findBundle(ResourceBundle.java:1356)
06-07 09:45:36.530: E/System(8571): 	at java.util.ResourceBundle.findBundle(ResourceBundle.java:1356)
06-07 09:45:36.530: E/System(8571): 	at java.util.ResourceBundle.getBundleImpl(ResourceBundle.java:1298)
06-07 09:45:36.530: E/System(8571): 	at java.util.ResourceBundle.getBundle(ResourceBundle.java:723)
06-07 09:45:36.530: E/System(8571): 	at java.util.logging.Level.<init>(Level.java:223)
06-07 09:45:36.530: E/System(8571): 	at java.util.logging.Level.<clinit>(Level.java:96)
06-07 09:45:36.530: E/System(8571): 	at java.util.logging.Logger.<clinit>(Logger.java:177)
06-07 09:45:36.530: E/System(8571): 	at java.util.logging.Logger.getLogger(Logger.java:393)
06-07 09:45:36.530: E/System(8571): 	at android.icu.util.TimeZone.<clinit>(TimeZone.java:92)
06-07 09:45:36.530: E/System(8571): 	at java.util.TimeZone.setDefault(TimeZone.java:712)
06-07 09:45:36.530: E/System(8571): 	at com.android.internal.os.RuntimeInit.commonInit(RuntimeInit.java:132)
06-07 09:45:36.530: E/System(8571): 	at com.android.internal.os.RuntimeInit.main(RuntimeInit.java:256)
06-07 09:45:36.540: D/AndroidRuntime(8571): Calling main entry com.android.commands.settings.SettingsCmd
06-07 09:45:36.547: D/AndroidRuntime(8571): Shutting down VM
06-07 09:45:36.941: E/ExtendedServiceUtils(8584): Failed to load libdashplayer.so : dlopen failed: library "libdashplayer.so" not found
06-07 09:45:36.948: D/AndroidRuntime(8584): >>>>>> START com.android.internal.os.RuntimeInit uid 2000 <<<<<<
06-07 09:45:36.953: D/AndroidRuntime(8584): CheckJNI is OFF
06-07 09:45:37.013: D/ICU(8584): No timezone override file found: /data/misc/zoneinfo/current/icu/icu_tzdata.dat
06-07 09:45:37.043: I/Radio-JNI(8584): register_android_hardware_Radio DONE
06-07 09:45:37.054: E/System(8584): Unable to open boot classpath entry: /system/framework/WfdCommon.jar
06-07 09:45:37.055: E/System(8584): java.util.zip.ZipException: File too short to be a zip file: 0
06-07 09:45:37.055: E/System(8584): 	at java.util.zip.ZipFile.<init>(ZipFile.java:208)
06-07 09:45:37.055: E/System(8584): 	at java.util.zip.ZipFile.<init>(ZipFile.java:147)
06-07 09:45:37.055: E/System(8584): 	at java.util.jar.JarFile.<init>(JarFile.java:161)
06-07 09:45:37.055: E/System(8584): 	at java.util.jar.JarFile.<init>(JarFile.java:98)
06-07 09:45:37.055: E/System(8584): 	at libcore.io.ClassPathURLStreamHandler.<init>(ClassPathURLStreamHandler.java:47)
06-07 09:45:37.055: E/System(8584): 	at java.lang.VMClassLoader.createBootClassPathUrlHandlers(VMClassLoader.java:49)
06-07 09:45:37.055: E/System(8584): 	at java.lang.VMClassLoader.<clinit>(VMClassLoader.java:31)
06-07 09:45:37.055: E/System(8584): 	at java.lang.ClassLoader.findLoadedClass(ClassLoader.java:742)
06-07 09:45:37.055: E/System(8584): 	at java.lang.ClassLoader.loadClass(ClassLoader.java:362)
06-07 09:45:37.055: E/System(8584): 	at java.lang.ClassLoader.loadClass(ClassLoader.java:312)
06-07 09:45:37.055: E/System(8584): 	at java.util.ResourceBundle$RBClassLoader.loadClass(ResourceBundle.java:452)
06-07 09:45:37.055: E/System(8584): 	at java.util.ResourceBundle$Control.newBundle(ResourceBundle.java:2569)
06-07 09:45:37.055: E/System(8584): 	at java.util.ResourceBundle.loadBundle(ResourceBundle.java:1438)
06-07 09:45:37.055: E/System(8584): 	at java.util.ResourceBundle.findBundle(ResourceBundle.java:1402)
06-07 09:45:37.055: E/System(8584): 	at java.util.ResourceBundle.findBundle(ResourceBundle.java:1356)
06-07 09:45:37.055: E/System(8584): 	at java.util.ResourceBundle.findBundle(ResourceBundle.java:1356)
06-07 09:45:37.055: E/System(8584): 	at java.util.ResourceBundle.getBundleImpl(ResourceBundle.java:1298)
06-07 09:45:37.055: E/System(8584): 	at java.util.ResourceBundle.getBundle(ResourceBundle.java:723)
06-07 09:45:37.055: E/System(8584): 	at java.util.logging.Level.<init>(Level.java:223)
06-07 09:45:37.055: E/System(8584): 	at java.util.logging.Level.<clinit>(Level.java:96)
06-07 09:45:37.055: E/System(8584): 	at java.util.logging.Logger.<clinit>(Logger.java:177)
06-07 09:45:37.055: E/System(8584): 	at java.util.logging.Logger.getLogger(Logger.java:393)
06-07 09:45:37.055: E/System(8584): 	at android.icu.util.TimeZone.<clinit>(TimeZone.java:92)
06-07 09:45:37.055: E/System(8584): 	at java.util.TimeZone.setDefault(TimeZone.java:712)
06-07 09:45:37.055: E/System(8584): 	at com.android.internal.os.RuntimeInit.commonInit(RuntimeInit.java:132)
06-07 09:45:37.055: E/System(8584): 	at com.android.internal.os.RuntimeInit.main(RuntimeInit.java:256)
06-07 09:45:37.065: D/AndroidRuntime(8584): Calling main entry com.android.commands.settings.SettingsCmd
06-07 09:45:37.072: D/AndroidRuntime(8584): Shutting down VM
06-07 09:45:37.520: E/ExtendedServiceUtils(8599): Failed to load libdashplayer.so : dlopen failed: library "libdashplayer.so" not found
06-07 09:45:37.527: D/AndroidRuntime(8599): >>>>>> START com.android.internal.os.RuntimeInit uid 2000 <<<<<<
06-07 09:45:37.532: D/AndroidRuntime(8599): CheckJNI is OFF
06-07 09:45:37.584: D/ICU(8599): No timezone override file found: /data/misc/zoneinfo/current/icu/icu_tzdata.dat
06-07 09:45:37.607: I/Radio-JNI(8599): register_android_hardware_Radio DONE
06-07 09:45:37.617: E/System(8599): Unable to open boot classpath entry: /system/framework/WfdCommon.jar
06-07 09:45:37.618: E/System(8599): java.util.zip.ZipException: File too short to be a zip file: 0
06-07 09:45:37.618: E/System(8599): 	at java.util.zip.ZipFile.<init>(ZipFile.java:208)
06-07 09:45:37.618: E/System(8599): 	at java.util.zip.ZipFile.<init>(ZipFile.java:147)
06-07 09:45:37.618: E/System(8599): 	at java.util.jar.JarFile.<init>(JarFile.java:161)
06-07 09:45:37.618: E/System(8599): 	at java.util.jar.JarFile.<init>(JarFile.java:98)
06-07 09:45:37.618: E/System(8599): 	at libcore.io.ClassPathURLStreamHandler.<init>(ClassPathURLStreamHandler.java:47)
06-07 09:45:37.618: E/System(8599): 	at java.lang.VMClassLoader.createBootClassPathUrlHandlers(VMClassLoader.java:49)
06-07 09:45:37.618: E/System(8599): 	at java.lang.VMClassLoader.<clinit>(VMClassLoader.java:31)
06-07 09:45:37.618: E/System(8599): 	at java.lang.ClassLoader.findLoadedClass(ClassLoader.java:742)
06-07 09:45:37.618: E/System(8599): 	at java.lang.ClassLoader.loadClass(ClassLoader.java:362)
06-07 09:45:37.618: E/System(8599): 	at java.lang.ClassLoader.loadClass(ClassLoader.java:312)
06-07 09:45:37.618: E/System(8599): 	at java.util.ResourceBundle$RBClassLoader.loadClass(ResourceBundle.java:452)
06-07 09:45:37.618: E/System(8599): 	at java.util.ResourceBundle$Control.newBundle(ResourceBundle.java:2569)
06-07 09:45:37.618: E/System(8599): 	at java.util.ResourceBundle.loadBundle(ResourceBundle.java:1438)
06-07 09:45:37.618: E/System(8599): 	at java.util.ResourceBundle.findBundle(ResourceBundle.java:1402)
06-07 09:45:37.618: E/System(8599): 	at java.util.ResourceBundle.findBundle(ResourceBundle.java:1356)
06-07 09:45:37.618: E/System(8599): 	at java.util.ResourceBundle.findBundle(ResourceBundle.java:1356)
06-07 09:45:37.618: E/System(8599): 	at java.util.ResourceBundle.getBundleImpl(ResourceBundle.java:1298)
06-07 09:45:37.618: E/System(8599): 	at java.util.ResourceBundle.getBundle(ResourceBundle.java:723)
06-07 09:45:37.618: E/System(8599): 	at java.util.logging.Level.<init>(Level.java:223)
06-07 09:45:37.618: E/System(8599): 	at java.util.logging.Level.<clinit>(Level.java:96)
06-07 09:45:37.618: E/System(8599): 	at java.util.logging.Logger.<clinit>(Logger.java:177)
06-07 09:45:37.618: E/System(8599): 	at java.util.logging.Logger.getLogger(Logger.java:393)
06-07 09:45:37.618: E/System(8599): 	at android.icu.util.TimeZone.<clinit>(TimeZone.java:92)
06-07 09:45:37.618: E/System(8599): 	at java.util.TimeZone.setDefault(TimeZone.java:712)
06-07 09:45:37.618: E/System(8599): 	at com.android.internal.os.RuntimeInit.commonInit(RuntimeInit.java:132)
06-07 09:45:37.618: E/System(8599): 	at com.android.internal.os.RuntimeInit.main(RuntimeInit.java:256)
06-07 09:45:37.625: D/AndroidRuntime(8599): Calling main entry com.android.commands.settings.SettingsCmd
06-07 09:45:37.631: W/Settings(3989): Setting data_roaming has moved from android.provider.Settings.Secure to android.provider.Settings.Global.
06-07 09:45:37.631: W/Settings(3151): Setting data_roaming has moved from android.provider.Settings.Secure to android.provider.Settings.Global.
06-07 09:45:37.632: W/Settings(2387): Setting data_roaming has moved from android.provider.Settings.Secure to android.provider.Settings.Global.
06-07 09:45:37.632: W/Settings(3989): Setting data_roaming has moved from android.provider.Settings.Secure to android.provider.Settings.Global.
06-07 09:45:37.632: W/Settings(3989): Setting data_roaming has moved from android.provider.Settings.Secure to android.provider.Settings.Global.
06-07 09:45:37.633: D/AndroidRuntime(8599): Shutting down VM
06-07 09:45:38.018: E/ExtendedServiceUtils(8612): Failed to load libdashplayer.so : dlopen failed: library "libdashplayer.so" not found
06-07 09:45:38.025: D/AndroidRuntime(8612): >>>>>> START com.android.internal.os.RuntimeInit uid 2000 <<<<<<
06-07 09:45:38.029: D/AndroidRuntime(8612): CheckJNI is OFF
06-07 09:45:38.083: D/ICU(8612): No timezone override file found: /data/misc/zoneinfo/current/icu/icu_tzdata.dat
06-07 09:45:38.110: I/Radio-JNI(8612): register_android_hardware_Radio DONE
06-07 09:45:38.118: E/System(8612): Unable to open boot classpath entry: /system/framework/WfdCommon.jar
06-07 09:45:38.119: E/System(8612): java.util.zip.ZipException: File too short to be a zip file: 0
06-07 09:45:38.119: E/System(8612): 	at java.util.zip.ZipFile.<init>(ZipFile.java:208)
06-07 09:45:38.119: E/System(8612): 	at java.util.zip.ZipFile.<init>(ZipFile.java:147)
06-07 09:45:38.119: E/System(8612): 	at java.util.jar.JarFile.<init>(JarFile.java:161)
06-07 09:45:38.119: E/System(8612): 	at java.util.jar.JarFile.<init>(JarFile.java:98)
06-07 09:45:38.119: E/System(8612): 	at libcore.io.ClassPathURLStreamHandler.<init>(ClassPathURLStreamHandler.java:47)
06-07 09:45:38.119: E/System(8612): 	at java.lang.VMClassLoader.createBootClassPathUrlHandlers(VMClassLoader.java:49)
06-07 09:45:38.119: E/System(8612): 	at java.lang.VMClassLoader.<clinit>(VMClassLoader.java:31)
06-07 09:45:38.119: E/System(8612): 	at java.lang.ClassLoader.findLoadedClass(ClassLoader.java:742)
06-07 09:45:38.119: E/System(8612): 	at java.lang.ClassLoader.loadClass(ClassLoader.java:362)
06-07 09:45:38.119: E/System(8612): 	at java.lang.ClassLoader.loadClass(ClassLoader.java:312)
06-07 09:45:38.119: E/System(8612): 	at java.util.ResourceBundle$RBClassLoader.loadClass(ResourceBundle.java:452)
06-07 09:45:38.119: E/System(8612): 	at java.util.ResourceBundle$Control.newBundle(ResourceBundle.java:2569)
06-07 09:45:38.119: E/System(8612): 	at java.util.ResourceBundle.loadBundle(ResourceBundle.java:1438)
06-07 09:45:38.119: E/System(8612): 	at java.util.ResourceBundle.findBundle(ResourceBundle.java:1402)
06-07 09:45:38.119: E/System(8612): 	at java.util.ResourceBundle.findBundle(ResourceBundle.java:1356)
06-07 09:45:38.119: E/System(8612): 	at java.util.ResourceBundle.findBundle(ResourceBundle.java:1356)
06-07 09:45:38.119: E/System(8612): 	at java.util.ResourceBundle.getBundleImpl(ResourceBundle.java:1298)
06-07 09:45:38.119: E/System(8612): 	at java.util.ResourceBundle.getBundle(ResourceBundle.java:723)
06-07 09:45:38.119: E/System(8612): 	at java.util.logging.Level.<init>(Level.java:223)
06-07 09:45:38.119: E/System(8612): 	at java.util.logging.Level.<clinit>(Level.java:96)
06-07 09:45:38.119: E/System(8612): 	at java.util.logging.Logger.<clinit>(Logger.java:177)
06-07 09:45:38.119: E/System(8612): 	at java.util.logging.Logger.getLogger(Logger.java:393)
06-07 09:45:38.119: E/System(8612): 	at android.icu.util.TimeZone.<clinit>(TimeZone.java:92)
06-07 09:45:38.119: E/System(8612): 	at java.util.TimeZone.setDefault(TimeZone.java:712)
06-07 09:45:38.119: E/System(8612): 	at com.android.internal.os.RuntimeInit.commonInit(RuntimeInit.java:132)
06-07 09:45:38.119: E/System(8612): 	at com.android.internal.os.RuntimeInit.main(RuntimeInit.java:256)
06-07 09:45:38.127: D/AndroidRuntime(8612): Calling main entry com.android.commands.input.Input
06-07 09:45:38.128: I/Input(8612): injectKeyEvent: KeyEvent { action=ACTION_DOWN, keyCode=KEYCODE_HOME, scanCode=0, metaState=0, flags=0x0, repeatCount=0, eventTime=400005, downTime=400005, deviceId=-1, source=0x101 }
06-07 09:45:38.140: I/Input(8612): injectKeyEvent: KeyEvent { action=ACTION_UP, keyCode=KEYCODE_HOME, scanCode=0, metaState=0, flags=0x0, repeatCount=0, eventTime=400005, downTime=400005, deviceId=-1, source=0x101 }
06-07 09:45:38.157: I/ActivityManager(1282): START u0 {act=android.intent.action.MAIN cat=[android.intent.category.HOME] flg=0x10200000 cmp=com.google.android.googlequicksearchbox/com.google.android.launcher.GEL (has extras)} from uid 1000 on display 0
06-07 09:45:38.159: I/ThermalEngine(705): Thermal-Server: Thermal received msg from  override
06-07 09:45:38.160: I/Thermal-Lib(504): Thermal-Lib-Client: Client request sent
06-07 09:45:38.169: D/AndroidRuntime(8612): Shutting down VM
06-07 09:45:38.177: I/GEL(2882): handleIntent(Intent { act=android.intent.action.MAIN cat=[android.intent.category.HOME] flg=0x10200000 cmp=com.google.android.googlequicksearchbox/com.google.android.launcher.GEL (has extras) })
06-07 09:45:38.181: I/MMApiWSBase(3989): doRequest(): error in response: 403
06-07 09:45:38.183: D/Checkin(3989): publish the event [tag = MOT_CCE event name = LOG]
06-07 09:45:38.184: I/MMApiWSBase(3989): doRequest(): error in response: {"error":"INTERNAL_ERROR","error_text":"Server side error. Retry later"}
06-07 09:45:38.188: D/Checkin(3989): publish the event [tag = MOT_CCE event name = LOG]
06-07 09:45:38.188: E/MMApiProvisionService(3989): ProvisionWS.Response.setError: error ForbiddenError
06-07 09:45:38.190: D/Checkin(3989): publish the event [tag = MOT_CCE event name = LOG]
06-07 09:45:38.191: E/ActivityThread(3989): Failed to find provider info for com.motorola.ccc.cce.datausage
06-07 09:45:38.191: I/MMApiWebService(3989): inspectMMApiResponse(): found an error from a web service response: ForbiddenError msg: INTERNAL_ERROR req: devices.json
06-07 09:45:38.192: D/Checkin(3989): publish the event [tag = MOT_CCE event name = LOG]
06-07 09:45:38.192: E/MMApiWebService(3989): inspectMMApiResponse(): server had an error, try request again if allowed by request
06-07 09:45:38.193: D/Checkin(3989): publish the event [tag = MOT_CCE event name = LOG]
06-07 09:45:38.194: I/MMApiBackOffService(3989): connectStatus(): app: MMAPIWebServiceRequest backing off: 15000 ms until next web service attempt
06-07 09:45:38.194: D/Checkin(3989): publish the event [tag = MOT_CCE event name = LOG]
06-07 09:45:38.195: I/MMApiWebService(3989): request will be re-tried again later: devices.json
06-07 09:45:38.196: D/Checkin(3989): publish the event [tag = MOT_CCE event name = LOG]
06-07 09:45:38.537: E/ExtendedServiceUtils(8630): Failed to load libdashplayer.so : dlopen failed: library "libdashplayer.so" not found
06-07 09:45:38.543: D/AndroidRuntime(8630): >>>>>> START com.android.internal.os.RuntimeInit uid 2000 <<<<<<
06-07 09:45:38.547: D/AndroidRuntime(8630): CheckJNI is OFF
06-07 09:45:38.597: D/ICU(8630): No timezone override file found: /data/misc/zoneinfo/current/icu/icu_tzdata.dat
06-07 09:45:38.622: I/Radio-JNI(8630): register_android_hardware_Radio DONE
06-07 09:45:38.631: E/System(8630): Unable to open boot classpath entry: /system/framework/WfdCommon.jar
06-07 09:45:38.632: E/System(8630): java.util.zip.ZipException: File too short to be a zip file: 0
06-07 09:45:38.632: E/System(8630): 	at java.util.zip.ZipFile.<init>(ZipFile.java:208)
06-07 09:45:38.632: E/System(8630): 	at java.util.zip.ZipFile.<init>(ZipFile.java:147)
06-07 09:45:38.632: E/System(8630): 	at java.util.jar.JarFile.<init>(JarFile.java:161)
06-07 09:45:38.632: E/System(8630): 	at java.util.jar.JarFile.<init>(JarFile.java:98)
06-07 09:45:38.632: E/System(8630): 	at libcore.io.ClassPathURLStreamHandler.<init>(ClassPathURLStreamHandler.java:47)
06-07 09:45:38.632: E/System(8630): 	at java.lang.VMClassLoader.createBootClassPathUrlHandlers(VMClassLoader.java:49)
06-07 09:45:38.632: E/System(8630): 	at java.lang.VMClassLoader.<clinit>(VMClassLoader.java:31)
06-07 09:45:38.632: E/System(8630): 	at java.lang.ClassLoader.findLoadedClass(ClassLoader.java:742)
06-07 09:45:38.632: E/System(8630): 	at java.lang.ClassLoader.loadClass(ClassLoader.java:362)
06-07 09:45:38.632: E/System(8630): 	at java.lang.ClassLoader.loadClass(ClassLoader.java:312)
06-07 09:45:38.632: E/System(8630): 	at java.util.ResourceBundle$RBClassLoader.loadClass(ResourceBundle.java:452)
06-07 09:45:38.632: E/System(8630): 	at java.util.ResourceBundle$Control.newBundle(ResourceBundle.java:2569)
06-07 09:45:38.632: E/System(8630): 	at java.util.ResourceBundle.loadBundle(ResourceBundle.java:1438)
06-07 09:45:38.632: E/System(8630): 	at java.util.ResourceBundle.findBundle(ResourceBundle.java:1402)
06-07 09:45:38.632: E/System(8630): 	at java.util.ResourceBundle.findBundle(ResourceBundle.java:1356)
06-07 09:45:38.632: E/System(8630): 	at java.util.ResourceBundle.findBundle(ResourceBundle.java:1356)
06-07 09:45:38.632: E/System(8630): 	at java.util.ResourceBundle.getBundleImpl(ResourceBundle.java:1298)
06-07 09:45:38.632: E/System(8630): 	at java.util.ResourceBundle.getBundle(ResourceBundle.java:723)
06-07 09:45:38.632: E/System(8630): 	at java.util.logging.Level.<init>(Level.java:223)
06-07 09:45:38.632: E/System(8630): 	at java.util.logging.Level.<clinit>(Level.java:96)
06-07 09:45:38.632: E/System(8630): 	at java.util.logging.Logger.<clinit>(Logger.java:177)
06-07 09:45:38.632: E/System(8630): 	at java.util.logging.Logger.getLogger(Logger.java:393)
06-07 09:45:38.632: E/System(8630): 	at android.icu.util.TimeZone.<clinit>(TimeZone.java:92)
06-07 09:45:38.632: E/System(8630): 	at java.util.TimeZone.setDefault(TimeZone.java:712)
06-07 09:45:38.632: E/System(8630): 	at com.android.internal.os.RuntimeInit.commonInit(RuntimeInit.java:132)
06-07 09:45:38.632: E/System(8630): 	at com.android.internal.os.RuntimeInit.main(RuntimeInit.java:256)
06-07 09:45:38.640: D/AndroidRuntime(8630): Calling main entry com.android.commands.am.Am
06-07 09:45:38.648: I/ActivityManager(1282): START u0 {flg=0x10000000 cmp=com.google.android.apps.mtaas.backdrop/.BackdropActivity} from uid 2000 on display 0
06-07 09:45:38.674: I/ActivityManager(1282): Start proc 8639:com.google.android.apps.mtaas.backdrop/u0a140 for activity com.google.android.apps.mtaas.backdrop/.BackdropActivity
06-07 09:45:38.707: W/System(8639): ClassLoader referenced unknown path: /data/app/com.google.android.apps.mtaas.backdrop-1/lib/arm64
06-07 09:45:38.718: I/MultiDex(8639): VM with version 2.1.0 has multidex support
06-07 09:45:38.718: I/MultiDex(8639): install
06-07 09:45:38.718: I/MultiDex(8639): VM has multidex support, MultiDex support library is disabled.
06-07 09:45:38.738: I/BackdropActivity(8639): onCreate()
06-07 09:45:38.743: W/art(8639): Before Android 4.1, method android.graphics.PorterDuffColorFilter androidx.vectordrawable.graphics.drawable.VectorDrawableCompat.updateTintFilter(android.graphics.PorterDuffColorFilter, android.content.res.ColorStateList, android.graphics.PorterDuff$Mode) would have incorrectly overridden the package-private method in android.graphics.drawable.Drawable
06-07 09:45:38.747: I/WindowManager(1282): Destroying surface Surface(name=com.google.android.googlequicksearchbox/com.google.android.launcher.GEL) called by com.android.server.wm.WindowStateAnimator.destroySurface:2067 com.android.server.wm.WindowStateAnimator.destroySurfaceLocked:896 com.android.server.wm.WindowState.destroyOrSaveSurface:2094 com.android.server.wm.WindowManagerService.tryStartExitingAnimation:3078 com.android.server.wm.WindowManagerService.relayoutWindow:2958 com.android.server.wm.Session.relayout:215 android.view.IWindowSession$Stub.onTransact:286 com.android.server.wm.Session.onTransact:136 
06-07 09:45:38.810: I/BackdropActivity(8639): android_id: 4258867627847425040
06-07 09:45:38.818: I/BackdropActivity(8639): onResume()
06-07 09:45:38.849: I/FTLNetworkMonitor(8639): NetworkMonitoringService was created
06-07 09:45:38.878: I/Adreno(8639): QUALCOMM build                   : 7daed58, I7ece6fe30d
06-07 09:45:38.878: I/Adreno(8639): Build Date                       : 10/19/16
06-07 09:45:38.878: I/Adreno(8639): OpenGL ES Shader Compiler Version: XE031.09.00.03
06-07 09:45:38.878: I/Adreno(8639): Local Branch                     : missing_changes
06-07 09:45:38.878: I/Adreno(8639): Remote Branch                    : 
06-07 09:45:38.878: I/Adreno(8639): Remote Branch                    : 
06-07 09:45:38.878: I/Adreno(8639): Reconstruct Branch               : 
06-07 09:45:38.881: I/OpenGLRenderer(8639): Initialized EGL, version 1.4
06-07 09:45:38.881: D/OpenGLRenderer(8639): Swap behavior 1
06-07 09:45:38.923: I/FTLNetworkMonitor(8639): Network Info: [type: WIFI[], state: CONNECTED/CONNECTED, reason: (unspecified), extra: "wl-ftl-mt72-1-5", failover: false, available: true, roaming: false, metered: false]
06-07 09:45:38.924: I/FTLNetworkMonitor(8639): Network Info: [type: WIFI[], state: CONNECTED/CONNECTED, reason: (unspecified), extra: "wl-ftl-mt72-1-5", failover: false, available: true, roaming: false, metered: false]
06-07 09:45:38.928: I/FontsSharedState(7523): Updating from directory version 0 to 17 from disk
06-07 09:45:38.928: I/FontsContentProvider(7523): Received query Google Sans, URI content://com.google.android.gms.fonts
06-07 09:45:38.931: I/art(1282): Background partial concurrent mark sweep GC freed 35963(2MB) AllocSpace objects, 1(20KB) LOS objects, 33% free, 24MB/36MB, paused 999us total 104.639ms
06-07 09:45:38.936: I/FontsContentProvider(7523): Query [Google Sans] resolved to {Google Sans, wdth 100.0, wght 400, ital 0.0, bestEffort false}
06-07 09:45:38.939: I/FontsContentProvider(7523): Fetch {Google Sans, wdth 100.0, wght 400, ital 0.0, bestEffort false} end status Status{statusCode=SUCCESS, resolution=null}
06-07 09:45:38.944: I/FontsContentProvider(7523): Pulling font file for id = 1, cache size = 1
06-07 09:45:39.011: I/LaunchCheckinHandler(1282): Displayed com.google.android.apps.mtaas.backdrop/.BackdropActivity,cp,ca,348
06-07 09:45:39.011: I/ActivityManager(1282): Displayed com.google.android.apps.mtaas.backdrop/.BackdropActivity: +348ms
06-07 09:45:39.013: D/AndroidRuntime(8630): Shutting down VM
06-07 09:45:39.044: I/WindowManager(1282): Destroying surface Surface(name=Starting com.google.android.apps.mtaas.backdrop) called by com.android.server.wm.WindowStateAnimator.destroySurface:2067 com.android.server.wm.WindowStateAnimator.destroySurfaceLocked:896 com.android.server.wm.WindowState.destroyOrSaveSurface:2094 com.android.server.wm.AppWindowToken.destroySurfaces:363 com.android.server.wm.WindowStateAnimator.finishExit:575 com.android.server.wm.WindowStateAnimator.stepAnimationLocked:501 com.android.server.wm.WindowAnimator.updateWindowsLocked:303 com.android.server.wm.WindowAnimator.animateLocked:704 
06-07 09:45:39.476: E/ExtendedServiceUtils(8670): Failed to load libdashplayer.so : dlopen failed: library "libdashplayer.so" not found
06-07 09:45:39.483: D/AndroidRuntime(8670): >>>>>> START com.android.internal.os.RuntimeInit uid 2000 <<<<<<
06-07 09:45:39.488: D/AndroidRuntime(8670): CheckJNI is OFF
06-07 09:45:39.541: D/ICU(8670): No timezone override file found: /data/misc/zoneinfo/current/icu/icu_tzdata.dat
06-07 09:45:39.564: I/Radio-JNI(8670): register_android_hardware_Radio DONE
06-07 09:45:39.574: E/System(8670): Unable to open boot classpath entry: /system/framework/WfdCommon.jar
06-07 09:45:39.575: E/System(8670): java.util.zip.ZipException: File too short to be a zip file: 0
06-07 09:45:39.575: E/System(8670): 	at java.util.zip.ZipFile.<init>(ZipFile.java:208)
06-07 09:45:39.575: E/System(8670): 	at java.util.zip.ZipFile.<init>(ZipFile.java:147)
06-07 09:45:39.575: E/System(8670): 	at java.util.jar.JarFile.<init>(JarFile.java:161)
06-07 09:45:39.575: E/System(8670): 	at java.util.jar.JarFile.<init>(JarFile.java:98)
06-07 09:45:39.575: E/System(8670): 	at libcore.io.ClassPathURLStreamHandler.<init>(ClassPathURLStreamHandler.java:47)
06-07 09:45:39.575: E/System(8670): 	at java.lang.VMClassLoader.createBootClassPathUrlHandlers(VMClassLoader.java:49)
06-07 09:45:39.575: E/System(8670): 	at java.lang.VMClassLoader.<clinit>(VMClassLoader.java:31)
06-07 09:45:39.575: E/System(8670): 	at java.lang.ClassLoader.findLoadedClass(ClassLoader.java:742)
06-07 09:45:39.575: E/System(8670): 	at java.lang.ClassLoader.loadClass(ClassLoader.java:362)
06-07 09:45:39.575: E/System(8670): 	at java.lang.ClassLoader.loadClass(ClassLoader.java:312)
06-07 09:45:39.575: E/System(8670): 	at java.util.ResourceBundle$RBClassLoader.loadClass(ResourceBundle.java:452)
06-07 09:45:39.575: E/System(8670): 	at java.util.ResourceBundle$Control.newBundle(ResourceBundle.java:2569)
06-07 09:45:39.575: E/System(8670): 	at java.util.ResourceBundle.loadBundle(ResourceBundle.java:1438)
06-07 09:45:39.575: E/System(8670): 	at java.util.ResourceBundle.findBundle(ResourceBundle.java:1402)
06-07 09:45:39.575: E/System(8670): 	at java.util.ResourceBundle.findBundle(ResourceBundle.java:1356)
06-07 09:45:39.575: E/System(8670): 	at java.util.ResourceBundle.findBundle(ResourceBundle.java:1356)
06-07 09:45:39.575: E/System(8670): 	at java.util.ResourceBundle.getBundleImpl(ResourceBundle.java:1298)
06-07 09:45:39.575: E/System(8670): 	at java.util.ResourceBundle.getBundle(ResourceBundle.java:723)
06-07 09:45:39.575: E/System(8670): 	at java.util.logging.Level.<init>(Level.java:223)
06-07 09:45:39.575: E/System(8670): 	at java.util.logging.Level.<clinit>(Level.java:96)
06-07 09:45:39.575: E/System(8670): 	at java.util.logging.Logger.<clinit>(Logger.java:177)
06-07 09:45:39.575: E/System(8670): 	at java.util.logging.Logger.getLogger(Logger.java:393)
06-07 09:45:39.575: E/System(8670): 	at android.icu.util.TimeZone.<clinit>(TimeZone.java:92)
06-07 09:45:39.575: E/System(8670): 	at java.util.TimeZone.setDefault(TimeZone.java:712)
06-07 09:45:39.575: E/System(8670): 	at com.android.internal.os.RuntimeInit.commonInit(RuntimeInit.java:132)
06-07 09:45:39.575: E/System(8670): 	at com.android.internal.os.RuntimeInit.main(RuntimeInit.java:256)
06-07 09:45:39.585: D/AndroidRuntime(8670): Calling main entry com.android.commands.am.Am
06-07 09:45:39.592: I/ActivityManager(1282): Force stopping com.google.android.apps.mtaas.loginutil appid=10132 user=0: start instr
06-07 09:45:39.619: I/ActivityManager(1282): Start proc 8679:com.google.android.apps.mtaas.loginutil/u0a132 for added application com.google.android.apps.mtaas.loginutil
06-07 09:45:39.645: W/System(8679): ClassLoader referenced unknown path: /data/app/com.google.android.apps.mtaas.loginutil-1/lib/arm64
06-07 09:45:39.658: D/NetworkSecurityConfig(8679): No Network Security Config specified, using platform default
06-07 09:45:39.678: D/LoginUtil(8679): Connected to Internet
06-07 09:45:39.692: D/LoginUtil(8679): Adding Account {name=LTF7ONYMDNJYX7GB4F4RTMVU4Q-03@cloudtestlabaccounts.com, type=com.google}
06-07 09:45:39.707: I/ActivityManager(1282): Start proc 8695:com.google.android.apps.auth.test.support/u0a134 for service com.google.android.apps.auth.test.support/.services.AccountService
06-07 09:45:39.733: W/System(8695): ClassLoader referenced unknown path: /data/app/com.google.android.apps.auth.test.support-1/lib/arm64
06-07 09:45:39.745: E/ActivityThread(8695): Failed to find provider info for com.google.android.apps.common.testing.services.storage.testargs
06-07 09:45:39.746: W/AuthService(8695): [TestArgsHelper] Error when calling AndroidTestUtil.getTestArgs(). Note that this behavior might be expected.
06-07 09:45:39.761: I/AuthService(8695): [AddAccountOperation] Call GmsCore API.
06-07 09:45:39.770: W/ChimeraUtils(6291): Non Chimera context
06-07 09:45:39.963: I/Auth(6291): [ReflectiveChannelBinder] Successfully bound channel!
06-07 09:45:39.992: W/Conscrypt(6291): Could not set socket write timeout: java.net.SocketException: Socket closed
06-07 09:45:39.992: W/Conscrypt(6291): 	at com.google.android.gms.org.conscrypt.Platform.setSocketWriteTimeout(:com.google.android.gms@200914019@20.09.14 (040400-300565878):2)
06-07 09:45:39.992: W/Conscrypt(6291): 	at com.google.android.gms.org.conscrypt.ConscryptFileDescriptorSocket.setSoWriteTimeout(:com.google.android.gms@200914019@20.09.14 (040400-300565878):0)
06-07 09:45:40.016: W/Conscrypt(6291): Could not set socket write timeout: java.net.SocketException: Socket closed
06-07 09:45:40.016: W/Conscrypt(6291): 	at com.google.android.gms.org.conscrypt.Platform.setSocketWriteTimeout(:com.google.android.gms@200914019@20.09.14 (040400-300565878):2)
06-07 09:45:40.016: W/Conscrypt(6291): 	at com.google.android.gms.org.conscrypt.ConscryptFileDescriptorSocket.setSoWriteTimeout(:com.google.android.gms@200914019@20.09.14 (040400-300565878):0)
06-07 09:45:40.182: E/Backup(6291): [BackupTransportMigratorChimeraService] Could not migrate transport!
06-07 09:45:40.185: I/Backup(6291): [BackupTransportMigratorChimeraService] Starting migration...
06-07 09:45:40.253: I/AccountManagerService(1282): the accounts changed, sending broadcast of android.accounts.LOGIN_ACCOUNTS_CHANGED
06-07 09:45:40.263: D/MusicLifecycle(7942): com.google.android.music.eventlog.MusicEventLogger$1 generated event: Broadcast received with context com.google.android.music.MusicApplication@25141bb and intent Intent { act=android.accounts.LOGIN_ACCOUNTS_CHANGED flg=0x4000010 }
06-07 09:45:40.281: I/Backup(6291): [GmsBackupAccountManager] Backup account not found in gmscore.
06-07 09:45:40.290: D/MusicLifecycle(7942): com.google.android.music.AccountsBroadcastReceiver generated event: Broadcast received with context android.app.ReceiverRestrictedContext@b2bda5d and intent Intent { act=android.accounts.LOGIN_ACCOUNTS_CHANGED flg=0x4000010 cmp=com.google.android.music/.AccountsBroadcastReceiver }
06-07 09:45:40.291: I/AccountManagerService(1282): the accounts changed, sending broadcast of android.accounts.LOGIN_ACCOUNTS_CHANGED
06-07 09:45:40.293: I/Auth(6291): [AccountStatusChecker] OnDataChanged check: <ELLIDED:1006810213>
06-07 09:45:40.298: D/MusicLifecycle(7942): com.google.android.music.eventlog.MusicEventLogger$1 generated event: Broadcast received with context com.google.android.music.MusicApplication@25141bb and intent Intent { act=android.accounts.LOGIN_ACCOUNTS_CHANGED flg=0x4000010 }
06-07 09:45:40.299: I/Auth(6291): [AccountStatusChecker] Canceling for <ELLIDED:1006810213>
06-07 09:45:40.302: I/Backup(6291): [GmsBackupAccountManager] Backup account not found in gmscore.
06-07 09:45:40.302: W/ChimeraUtils(6291): Non Chimera context
06-07 09:45:40.314: I/Icing(7523): updateResources: need to parse acgz{com.google.android.gm}
06-07 09:45:40.314: W/InstanceID/Rpc(7942): Found 10030
06-07 09:45:40.319: E/PlayCommon(7898): [1] MetalogHelper.<init>: Failed to restore PlayMetalog
06-07 09:45:40.320: E/PlayCommon(7898): [1] MetalogHelper.<init>: Failed to restore LogsUploadAttempt
06-07 09:45:40.356: I/ContactsProvider(3307): Accounts changed
06-07 09:45:40.357: W/ChimeraUtils(6291): Non Chimera context
06-07 09:45:40.374: I/Finsky(6935): [1] iof.c(2): ApplicationRestrictions: {}
06-07 09:45:40.390: W/JobInfo(1282): Specified flex for 102527 is +57m36s0ms. Clamped to +1h12m0s0ms
06-07 09:45:40.400: I/Icing(7523): updateResources: need to parse acgz{com.google.android.gms}
06-07 09:45:40.442: I/Auth(6291): [BroadcastManager] Broadcasting account services changed.
06-07 09:45:40.444: E/PlayCommon(6935): [174] akqt.<init>(10): Failed to restore PlayMetalog
06-07 09:45:40.444: E/PlayCommon(6935): [174] akqt.<init>(13): Failed to restore LogsUploadAttempt
06-07 09:45:40.456: I/ContactsProvider(3307): Accounts changed
06-07 09:45:40.471: E/SyncManager(1282): Couldn't find backoff values for LTF7ONYMDNJYX7GB4F4RTMVU4Q-03@cloudtestlabaccounts.com/com.google.android.gms.reminders:u0
06-07 09:45:40.478: E/SyncManager(1282): Couldn't find backoff values for LTF7ONYMDNJYX7GB4F4RTMVU4Q-03@cloudtestlabaccounts.com/com.google.android.gms.people:u0
06-07 09:45:40.478: I/art(7523): Compiler allocated 4MB to compile acaz acaf.a(achc, acgz, boolean, achv)
06-07 09:45:40.485: I/AuthService(8695): [AddAccountOperation] Succeeded.
06-07 09:45:40.486: E/SyncManager(1282): Couldn't find backoff values for LTF7ONYMDNJYX7GB4F4RTMVU4Q-03@cloudtestlabaccounts.com/com.google.android.gms.auth.accountstate:u0
06-07 09:45:40.495: E/SyncManager(1282): Couldn't find backoff values for LTF7ONYMDNJYX7GB4F4RTMVU4Q-03@cloudtestlabaccounts.com/com.google.android.apps.docs:u0
06-07 09:45:40.510: I/Finsky(6935): [174] ina.a(18): Uploading FCM/GCM Registration Id because not registered yet, c_3cTw8gRoyeagDNKF43BV:APA91bEs_TLEtexsZmmndSs1ujeLK_UtqsCjgJUo4QNLb6WXCYdQOwN-blAygiGD3bSlPuxI-pCNm5kHzYuZZTfYhYG-5viGV_VIcx_lGgWuKk1LHwyThnReI3YINfVt5b48kbJ5eeC9
06-07 09:45:40.518: E/SyncManager(1282): Couldn't find backoff values for LTF7ONYMDNJYX7GB4F4RTMVU4Q-03@cloudtestlabaccounts.com/com.android.calendar:u0
06-07 09:45:40.531: E/SyncManager(1282): Couldn't find backoff values for LTF7ONYMDNJYX7GB4F4RTMVU4Q-03@cloudtestlabaccounts.com/com.google.android.location.reporting:u0
06-07 09:45:40.537: W/ChimeraUtils(6291): Non Chimera context
06-07 09:45:40.604: I/Icing(7523): updateResources: need to parse acgz{com.google.android.gms}
06-07 09:45:40.630: I/AuthService(8695): [AccountService] Execution time for add account with authorization code, options: Bundle[{}] is 879 ms.
06-07 09:45:40.633: D/LoginUtil(8679): Instrumentation completed successfully
06-07 09:45:40.633: I/ActivityManager(1282): Force stopping com.google.android.apps.mtaas.loginutil appid=10132 user=0: finished inst
06-07 09:45:40.634: I/ActivityManager(1282): Killing 8679:com.google.android.apps.mtaas.loginutil/u0a132 (adj 0): stop com.google.android.apps.mtaas.loginutil
06-07 09:45:40.634: D/ActivityManager(1282): cleanUpApplicationRecord -- 8679
06-07 09:45:40.637: D/AndroidRuntime(8670): Shutting down VM
06-07 09:45:40.702: D/ContactDirectoryManager(3307): Found com.google.android.gm.exchange.bundled.directory.provider
06-07 09:45:40.702: D/ContactDirectoryManager(3307): Found com.google.contacts.gal.provider
06-07 09:45:40.721: I/ActivityManager(1282): Start proc 8721:com.google.android.gm/u0a94 for content provider com.google.android.gm/com.android.exchange.provider.ExchangeDirectoryProvider
06-07 09:45:40.728: W/JobInfo(1282): Specified flex for 106028 is +57m36s0ms. Clamped to +1h12m0s0ms
06-07 09:45:40.779: W/System(8721): ClassLoader referenced unknown path: /system/app/Gmail2/lib/arm64
06-07 09:45:40.792: I/Icing(7523): Not indexing corpus from package com.google.android.gm as it has never connected
06-07 09:45:40.793: E/Icing(7523): Aborting indexing of corpus messages/com.google/LTF7ONYMDNJYX7GB4F4RTMVU4Q-03%40cloudtestlabaccounts.com
06-07 09:45:40.834: W/EasBundling(8721): in EasBundling.init, isBundlingEnabled=true
06-07 09:45:40.851: I/Gmail(8721): getAccountsCursor
06-07 09:45:40.857: D/ActivityThread(8721): Loading provider com.google.android.gmail.provider;com.android.mail.notifier;com.google.android.gm.email.provider;com.google.android.gm.email.notifier: com.android.email.provider.EmailProvider
06-07 09:45:40.876: W/JobInfo(1282): Specified flex for 102362 is +57m36s0ms. Clamped to +1h12m0s0ms
06-07 09:45:40.934: I/Auth(6291): [BroadcastManager] Broadcasting account services changed.
06-07 09:45:40.937: W/GAV2(8721): Thread[main,5,main]: Need to call initialize() and be in fallback mode to start dispatch.
06-07 09:45:40.948: I/ActivityManager(1282): Start proc 8747:com.google.process.gapps/u0a95 for content provider com.google.android.syncadapters.contacts/.ProxyGalProvider
06-07 09:45:40.961: I/Auth(6291): [AccountStatusChecker] OnDataChanged check: <ELLIDED:1006810213>
06-07 09:45:40.965: I/Auth(6291): [AccountStatusChecker] Canceling for <ELLIDED:1006810213>
06-07 09:45:40.982: I/Gmail(8721): GmailApplication: Disabled account setup suggestion (7 days)
06-07 09:45:40.989: W/System(8747): ClassLoader referenced unknown path: /system/app/GoogleContactsSyncAdapter/lib/arm64
06-07 09:45:41.001: I/Gmail(8721): Initiated Service map for: [gPop3, gLegacyImap, gEas, gmail]
06-07 09:45:41.013: I/Exchange(8721): EasService.onCreate
06-07 09:45:41.013: W/ActivityManager(1282): Unable to start service Intent { cmp=com.google.android.gm.exchange/com.android.exchange.service.EasService } U=0: not found
06-07 09:45:41.014: I/Exchange(8721): EasService.onCreate stoppedOldService=false
06-07 09:45:41.019: I/Exchange(8721): needResyncCalendar: false, hasCalendarPermission: false, needResyncContacts: false, hasContactsPermission: true
06-07 09:45:41.022: I/Exchange(8721): RestartPingTask
06-07 09:45:41.023: I/SFPerfTracer(651):      triggers: (rate: 0:0) (0 sw vsyncs) (0 skipped) (15:763 vsyncs) (17:997)
06-07 09:45:41.038: I/Gmail(8721): getAccountsCursor
06-07 09:45:41.042: I/GoogleHttpClient(8747): GMS http client unavailable, use old client
06-07 09:45:41.054: W/ChimeraUtils(6291): Non Chimera context
06-07 09:45:41.115: I/Gmail(8721): getAccountsCursor
06-07 09:45:41.118: W/ChimeraUtils(6291): Non Chimera context
06-07 09:45:41.150: W/ActivityManager(1282): Unable to start service Intent { cmp=com.google.android.gm/com.android.email.service.AttachmentService } U=0: not found
06-07 09:45:41.162: I/Exchange(8721): RestartPingsTask did not start any pings.
06-07 09:45:41.167: I/Exchange(8721): onDestroy
06-07 09:45:41.168: I/Gmail(8721): Observing account changes for notifications
06-07 09:45:41.171: I/ContactDirectoryManager(3307): deleted 0 stale rows which don't have any relevant directory
06-07 09:45:41.173: I/ContactDirectoryManager(3307): Discovered 1 contact directories in 628ms
06-07 09:45:41.179: V/ConnectivityManager(6291): isActiveNetworkMetered() returns:false
06-07 09:45:41.222: I/Finsky(6935): [1] xvx.a(14): Server requests device config token
06-07 09:45:41.500: W/JobInfo(1282): Specified flex for 100940 is +57m36s0ms. Clamped to +1h12m0s0ms
06-07 09:45:41.524: W/JobInfo(1282): Specified flex for 103089 is +57m36s0ms. Clamped to +1h12m0s0ms
06-07 09:45:41.570: W/JobInfo(1282): Specified flex for 103398 is +57m36s0ms. Clamped to +1h12m0s0ms
06-07 09:45:41.581: I/Finsky(6935): [175] imq.h(31): GameSdkDeviceInfo experiment not enabled.
06-07 09:45:41.600: W/JobInfo(1282): Specified flex for 102637 is +57m36s0ms. Clamped to +1h12m0s0ms
06-07 09:45:41.627: W/JobInfo(1282): Specified flex for 108676 is +57m36s0ms. Clamped to +1h12m0s0ms
06-07 09:45:41.649: I/ThermalEngine(705): Thermal-Server: Thermal received msg from  override
06-07 09:45:41.649: I/Thermal-Lib(504): Thermal-Lib-Client: Client request sent
06-07 09:45:41.652: W/JobInfo(1282): Specified flex for 109494 is +57m36s0ms. Clamped to +1h12m0s0ms
06-07 09:45:41.693: W/JobInfo(1282): Specified flex for 102145 is +57m36s0ms. Clamped to +1h12m0s0ms
06-07 09:45:41.720: E/ExtendedServiceUtils(8786): Failed to load libdashplayer.so : dlopen failed: library "libdashplayer.so" not found
06-07 09:45:41.726: D/AndroidRuntime(8786): >>>>>> START com.android.internal.os.RuntimeInit uid 2000 <<<<<<
06-07 09:45:41.729: D/AndroidRuntime(8786): CheckJNI is OFF
