06-07 09:45:52.299: D/MusicLifecycle(7942): com.google.android.music.autocache.AutoCacheSchedulingService generated event: Service destroyed
06-07 09:45:52.300: V/ConnectivityManager(6291): isActiveNetworkMetered() returns:false
06-07 09:45:52.303: I/Authzen(6291): [ProximitySyncManager] Generating new permitaccess {"publicKey":"CAESRQohAO2wak15iGeJpf-qGLpsguwExbVjMoYNFqABuEqGWz3OEiA-WiLecuyv4G7pQSwZB7XRncGsDhOcyoOh8ufzor5ePA==","pixelPhone":false,"beaconSeeds":[{"endTimeMillis":1591833600000,"startTimeMillis":1590624000000,"data":"-_FEjFNj541zp64uk53WM0KlILwtOypslxDCnWEbvJA="},{"endTimeMillis":1593043200000,"startTimeMillis":1591833600000,"data":"NDJ_1klsMIPYOoKMYeDDgTSXDsUpnU7-ejKiOjUZql8="},{"endTimeMillis":1594252800000,"startTimeMillis":1593043200000,"data":"jBgBaToWLpX1jN95Fam20r4ss6JhXrMtLbt0yiQTk0s="},{"endTimeMillis":1595462400000,"startTimeMillis":1594252800000,"data":"mL7tOPzRf4dqZN-CJfZbXLLdCqc8RaYpV94q1C2ZEqY="}],"deviceType":"android","supportedSoftwareFeatures":["smsConnectHost","betterTogetherHost"],"unlockable":false,"mobileHotspotSupported":false,"unlockKey":false,"arcPlusPlus":false,"friendlyDeviceName":"Huawei MHA-L29","lastUpdateTimeMillis":1591548318820,"noPiiDeviceName":""}.
06-07 09:45:52.310: D/DevicePlayback(7942): Current route null, CQ mode: false
06-07 09:45:52.313: I/Authzen(6291): [isy] Upgrading from version 4 to version 6...
06-07 09:45:52.319: I/Authzen(6291): [isy] Opening database auth.proximity.permit_store...
06-07 09:45:52.320: I/Authzen(6291): [PermitStore] Removing permit with permitId: <ELLIDED:-236493694>...
06-07 09:45:52.378: V/ConnectivityManager(6291): isActiveNetworkMetered() returns:false
06-07 09:45:52.378: V/MusicPlaybackService(7942): notifyChange: com.android.music.queuechanged
06-07 09:45:52.379: I/Icing(7523): Indexing com.google.android.gms-apps from com.google.android.gms
06-07 09:45:52.381: I/Icing(7523): Indexing done com.google.android.gms-apps
06-07 09:45:52.394: D/MusicLifecycle(7942): com.android.music.MediaAppWidgetProvider generated event: Broadcast received with context android.app.ReceiverRestrictedContext@b2bda5d and intent Intent { act=com.google.android.music.playback.FORCE_WIDGET_PROVIDER_REFRESH flg=0x10 cmp=com.google.android.music/com.android.music.MediaAppWidgetProvider (has extras) }
06-07 09:45:52.395: I/MusicPlaybackService(7942): Sending out broadcast: com.android.music.queuechanged Extras: Bundle[{hasValidPlaylist=false, woodstock=false, isPodcast=false, queueLoading=false, isDoubleclickAd=false, ListSize=0, isSoundAd=false, isSkipLimitReached=false}]
06-07 09:45:52.397: D/DevicePlayback(7942): onSongChanged: isFromUserAction=false
06-07 09:45:52.397: V/MusicPlaybackService(7942): notifyChange: com.android.music.metachanged
06-07 09:45:52.397: W/MusicPlaybackService(7942): Song is not loaded. Ignoring.
06-07 09:45:52.406: V/ConnectivityManager(6291): isActiveNetworkMetered() returns:false
06-07 09:45:52.410: D/MusicPlaybackService(7942): cancelNotification id=1
06-07 09:45:52.410: V/MusicPlaybackService(7942): setting should show notification to true
06-07 09:45:52.410: I/DevicePlayback(7942): stop: willPlay=false, currentPos=-1
06-07 09:45:52.411: D/DevicePlayback(7942): cancelTryNext
06-07 09:45:52.414: V/MusicPlaybackService(7942): notifyChange: com.android.music.playstatechanged
06-07 09:45:52.414: W/MusicPlaybackService(7942): Song is not loaded. Ignoring.
06-07 09:45:52.416: D/LocalAsyncMediaPlayer(7942): resetBuffering
06-07 09:45:52.418: D/MusicPlaybackService(7942): cancelNotification id=1
06-07 09:45:52.418: V/MusicPlaybackService(7942): setting should show notification to true
06-07 09:45:52.420: D/DevicePlayback(7942): Current route null, CQ mode: false
06-07 09:45:52.428: I/CryptauthV2(7523): [EnrollCryptauthFramework] SyncKeysRequest successfully completed
06-07 09:45:52.441: I/FacsCacheGmsModule(6291): Received 'readDeviceLevelSettings' request from package 'com.google.android.gms'...
06-07 09:45:52.441: I/FacsCacheGmsModule(6291): Operation 'readDeviceLevelSettings' dispatched!
06-07 09:45:52.442: I/FacsCacheGmsModule(6291): Executing operation 'ReadDeviceLevelSettingsOperation'...
06-07 09:45:52.443: I/FacsCacheGmsModule(6291): Operation 'ReadDeviceLevelSettingsOperation' successful!
06-07 09:45:52.444: I/GmsCoreXrpcWrapper(7523): Returning a channel provider with trafficStatsTag=4097
06-07 09:45:52.450: V/ConnectivityManager(7942): isActiveNetworkMetered() returns:false
06-07 09:45:52.459: V/ConnectivityManager(7942): isActiveNetworkMetered() returns:false
06-07 09:45:52.470: I/CryptauthV2(7523): [EnrollCryptauthFramework] Performing EnrollKeysRequest for 3 keys.
06-07 09:45:52.470: V/ConnectivityManager(7942): isActiveNetworkMetered() returns:false
06-07 09:45:52.476: V/ConnectivityManager(6291): isActiveNetworkMetered() returns:false
06-07 09:45:52.486: V/ConnectivityManager(7942): isActiveNetworkMetered() returns:false
06-07 09:45:52.510: D/DevicePlayback(7942): Current route null, CQ mode: false
06-07 09:45:52.511: D/DevicePlayback(7942): Current route null, CQ mode: false
06-07 09:45:52.517: I/cr_CronetUrlRequestContext(7523): destroyNativeStreamLocked org.chromium.net.impl.CronetBidirectionalStream@5581644
06-07 09:45:52.517: W/MusicGcmRegistration(7942): Could not find device group in preferences; re-associating.
06-07 09:45:52.521: I/FacsCacheGmsModule(6291): Received 'writeDeviceLevelSettings' request from package 'com.google.android.gms'...
06-07 09:45:52.521: I/FacsCacheGmsModule(6291): Operation 'writeDeviceLevelSettings' dispatched!
06-07 09:45:52.521: V/MusicPlaybackService(7942): Updating notification + media session metadata due to completed art request: ArtRequest{mState=30, mDescriptor=DocumentArtDescriptor{artType=NOTIFICATION, identifier="Unknown album", sizeHandling=com.google.android.music.art.ArtDescriptor$SizeHandling@f524522, width=1024, height=1024, useDefaultIfMissing=true, aspectRatio=1.0, config=RGB_565}, mItems={}}
06-07 09:45:52.522: I/FacsCacheGmsModule(6291): Executing operation 'WriteDeviceLevelSettingsOperation'...
06-07 09:45:52.524: D/MusicPlaybackService(7942): cancelNotification id=1
06-07 09:45:52.524: V/MusicPlaybackService(7942): setting should show notification to true
06-07 09:45:52.536: I/FacsCacheGmsModule(6291): Operation 'WriteDeviceLevelSettingsOperation' successful!
06-07 09:45:52.585: I/FacsCacheGmsModule(7523): Operation 'SyncActivityControlsSettingsInternalOperation' successful!
06-07 09:45:52.590: I/FacsCacheGmsModule(6291): Received 'getActivityControlsSettings' request from package 'com.google.android.gms', instance id 'gmscoreinmemoryfacscache_contact_uploads', version '1'...
06-07 09:45:52.590: I/FacsCacheGmsModule(6291): Operation 'getActivityControlsSettings' dispatched!
06-07 09:45:52.591: I/FacsCacheGmsModule(6291): Executing operation 'GetActivityControlsSettingsOperation'...
06-07 09:45:52.605: I/FacsCacheGmsModule(6291): Received 'getActivityControlsSettings' request from package 'com.google.android.gms', instance id 'gmscoreinmemoryfacscache_contact_uploads', version '1'...
06-07 09:45:52.606: I/FacsCacheGmsModule(6291): Operation 'getActivityControlsSettings' dispatched!
06-07 09:45:52.606: I/FacsCacheGmsModule(6291): Executing operation 'GetActivityControlsSettingsOperation'...
06-07 09:45:52.612: I/ContactsLoggerIntent(7523): handleUdcSettingChanged: Udc flag is enabled
06-07 09:45:52.614: I/ContactsLoggerIntent(7523): handleUdcSettingChanged: Udc flag is enabled
06-07 09:45:52.627: I/CryptauthV2(7523): [EnrollCryptauthFramework] EnrollKeysRequest successfully completed.
06-07 09:45:52.627: I/CryptauthV2(7523): [EnrollCryptauthFramework] Enrollment successful.
06-07 09:45:52.655: E/ProximityAuth(6291): [BetterTogetherFeatureSupportIntentOperation] Failed to setFeatureSupported for [BETTER_TOGETHER_HOST] with status [Status{statusCode=unknown status code: -25501, resolution=null}].
06-07 09:45:52.704: I/Auth(6291): [AccountStatusChecker] OnDataChanged check: <ELLIDED:1006810213>
06-07 09:45:52.706: I/Auth(6291): [AccountStatusChecker] Canceling for <ELLIDED:1006810213>
06-07 09:45:52.707: I/art(6291): Do partial code cache collection, code=933KB, data=874KB
06-07 09:45:52.712: I/art(6291): After code cache collection, code=933KB, data=874KB
06-07 09:45:52.715: I/art(6291): Increasing code cache capacity to 3MB
06-07 09:45:52.718: I/art(6291): Compiler allocated 8MB to compile void bxmm.a(java.lang.Object, bxmw, bxjz)
06-07 09:45:52.773: I/CryptauthV2(7523): [EnrollKeyName] ClientName calling Cryptauth is ForceRegistration
06-07 09:45:52.792: W/NetworkIdentity(1282): Active mobile network without subscriber!
06-07 09:45:52.902: D/MusicProfiler(7942): http: duration=0170ms uri=https://android.googleapis.com/gcm/groups
06-07 09:45:52.903: I/MusicGcmRegistration(7942): Received GCM Device Group: APA91bHpUgVDjC8gtMiHlUbs-sBruyfb-Ge-OKso2-qbLjj9vbKj7E-uoDuWD2Z9l9DwjLjm_WecuK4k5WFd0yUvBAxisNDbwok2CVkJrA4bi0G-h3gjPqU
06-07 09:45:52.914: W/CryptauthV2(7523): [ClientDataOperation] No keyMetadata found for keyName=DeviceSync:BetterTogether
06-07 09:45:52.924: W/CryptauthV2(7523): [ClientDataOperation] No keyMetadata found for keyName=PublicKey
06-07 09:45:52.927: W/CryptauthV2(7523): [ClientDataOperation] No keyMetadata found for keyName=authzen
06-07 09:45:52.927: I/CryptauthV2(7523): [EnrollCryptauthFramework] Performing SyncKeysRequest with 3 keys.
06-07 09:45:52.941: I/ProximityAuth(6291): [BetterTogetherSetup] Trying to disable
06-07 09:45:52.967: D/MusicLifecycle(7942): com.google.android.music.eventlog.PlayLogsService generated event: Service created
06-07 09:45:52.967: I/MusicGcmRegistration(7942): Found saved IID token and registered device group. Nothing to do.
06-07 09:45:53.009: W/NetworkIdentity(1282): Active mobile network without subscriber!
06-07 09:45:53.010: W/NetworkIdentity(1282): Active mobile network without subscriber!
06-07 09:45:53.011: I/MagicTether(6291): [HostValidator] InvalidHost. MobileData: true, Tethering: false, whitelist: false, ble: true
06-07 09:45:53.169: I/CryptauthV2(7523): [EnrollCryptauthFramework] SyncKeysRequest successfully completed
06-07 09:45:53.195: I/MMApiBackOffService(3989): MMAPIWebServiceRequest backOff fired!
06-07 09:45:53.198: D/Checkin(3989): publish the event [tag = MOT_CCE event name = LOG]
06-07 09:45:53.212: I/TestSupport(7523): AwaitCommitOperation: auth_sig_override_enabled [CONTEXT service_id=133 ]
06-07 09:45:53.226: I/TestSupport(7523): AwaitCommitOperation: FlagOverride(com.google.android.gms.auth_account, , Flag(auth_sig_override_enabled, true, 2, 0), false) != FlagOverride(com.google.android.gms.auth_account, , Flag(auth_sig_override_enabled, false, 2, 0), true) [CONTEXT service_id=133 ]
06-07 09:45:53.227: I/TestSupport(7523): AwaitCommitOperation: uncommitted: FlagOverride(com.google.android.gms.auth_account, , Flag(auth_sig_override_enabled, false, 2, 0), true) [CONTEXT service_id=133 ]
06-07 09:45:53.227: I/TestSupport(7523): AwaitCommitOperation:  sleeping for 10 msec. [CONTEXT service_id=133 ]
06-07 09:45:53.236: I/CryptauthV2(7523): [EnrollCryptauthFramework] Performing EnrollKeysRequest for 3 keys.
06-07 09:45:53.245: I/TestSupport(7523): AwaitCommitOperation: FlagOverride(com.google.android.gms.auth_account, , Flag(auth_sig_override_enabled, true, 2, 0), false) != FlagOverride(com.google.android.gms.auth_account, , Flag(auth_sig_override_enabled, false, 2, 0), true) [CONTEXT service_id=133 ]
06-07 09:45:53.245: I/TestSupport(7523): AwaitCommitOperation: uncommitted: FlagOverride(com.google.android.gms.auth_account, , Flag(auth_sig_override_enabled, false, 2, 0), true) [CONTEXT service_id=133 ]
06-07 09:45:53.245: I/TestSupport(7523): AwaitCommitOperation:  sleeping for 20 msec. [CONTEXT service_id=133 ]
06-07 09:45:53.263: I/Auth(6291): [AuthManaged,PasswordComplexityHelperImpl] Updating password complexity components state.
06-07 09:45:53.263: I/Auth(6291): [AuthManaged,PasswordComplexityHelperImpl] Disabling com.google.android.gms.auth.managed.admin.DeviceAdminReceiver
06-07 09:45:53.264: I/Auth(6291): [AuthManaged,PasswordComplexityHelperImpl] Disabling com.google.android.gms.auth.managed.ui.SetNewPasswordActivity
06-07 09:45:53.281: I/PTCommittedOperation(6291): Receive new configuration for com.google.android.gms.auth_account
06-07 09:45:53.283: I/MMApiWSBase(3989): doRequest(): url: https://argo.svcmot.com:443/v1/gdi/devices.json/1468834821744607232?appid=6R1TANEX3ZMQ6EU1UH43P34C8B868KTE (oauth:a+s+)
06-07 09:45:53.286: I/MdiSyncModule(7523): flag handling is skipping irrelevant intent.
06-07 09:45:53.286: D/Checkin(3989): publish the event [tag = MOT_CCE event name = LOG]
06-07 09:45:53.291: I/TestSupport(7523): AwaitCommitOperation: FlagOverride(com.google.android.gms.auth_account, , Flag(auth_sig_override_enabled, true, 2, 0), true) committed [CONTEXT service_id=133 ]
06-07 09:45:53.291: I/TestSupport(7523): AwaitCommitOperation: no more uncommitted overrides [CONTEXT service_id=133 ]
06-07 09:45:53.294: W/ModuleInitIntentOp(7523): Dropping unexpected action com.google.android.gms.phenotype.COMMITTED
06-07 09:45:53.372: I/TestSupport(7523): SetFlagOverridesOperation: com.google.android.gms.auth_account, '', [Flag(auth_sig_override_target_uid, 10148, 1, 0)] [CONTEXT service_id=133 ]
06-07 09:45:53.428: I/CryptauthV2(7523): [EnrollCryptauthFramework] EnrollKeysRequest successfully completed.
06-07 09:45:53.428: I/CryptauthV2(7523): [EnrollCryptauthFramework] Enrollment successful.
06-07 09:45:53.464: E/ProximityAuth(6291): [BetterTogetherFeatureSupportIntentOperation] Failed to setFeatureSupported for [SMS_CONNECT_HOST] with status [Status{statusCode=unknown status code: -25501, resolution=null}].
06-07 09:45:53.480: I/GCM(7523): Message from null
06-07 09:45:53.480: E/GCM(7523): Dropping message to GMS from null as no component is set
06-07 09:45:53.492: I/ActivityManager(1282): Start proc 9490:com.google.android.play.games.ui/u0a145 for broadcast com.google.android.play.games/com.google.android.apps.play.games.features.experiments.PhenotypeBroadcastReceiver
06-07 09:45:53.513: I/TestSupport(7523): AwaitCommitOperation: auth_sig_override_target_uid [CONTEXT service_id=133 ]
06-07 09:45:53.532: I/TestSupport(7523): AwaitCommitOperation: uncommitted: FlagOverride(com.google.android.gms.auth_account, , Flag(auth_sig_override_target_uid, 10148, 1, 0), false) [CONTEXT service_id=133 ]
06-07 09:45:53.533: I/TestSupport(7523): AwaitCommitOperation:  sleeping for 10 msec. [CONTEXT service_id=133 ]
06-07 09:45:53.550: I/TestSupport(7523): AwaitCommitOperation: uncommitted: FlagOverride(com.google.android.gms.auth_account, , Flag(auth_sig_override_target_uid, 10148, 1, 0), false) [CONTEXT service_id=133 ]
06-07 09:45:53.550: I/TestSupport(7523): AwaitCommitOperation:  sleeping for 20 msec. [CONTEXT service_id=133 ]
06-07 09:45:53.578: I/TestSupport(7523): AwaitCommitOperation: uncommitted: FlagOverride(com.google.android.gms.auth_account, , Flag(auth_sig_override_target_uid, 10148, 1, 0), false) [CONTEXT service_id=133 ]
06-07 09:45:53.578: I/TestSupport(7523): AwaitCommitOperation:  sleeping for 40 msec. [CONTEXT service_id=133 ]
06-07 09:45:53.581: W/PrimesInit(9490): Primes instant initialization
06-07 09:45:53.585: W/Primes(9490): background initialization
06-07 09:45:53.615: I/PrimesTesting(9490): GserviceFlagsSupplier.get()
06-07 09:45:53.628: I/GAv4-SVC(9490): Google Analytics 15.3.50 is starting up.
06-07 09:45:53.628: I/TestSupport(7523): AwaitCommitOperation: uncommitted: FlagOverride(com.google.android.gms.auth_account, , Flag(auth_sig_override_target_uid, 10148, 1, 0), false) [CONTEXT service_id=133 ]
06-07 09:45:53.629: I/TestSupport(7523): AwaitCommitOperation:  sleeping for 80 msec. [CONTEXT service_id=133 ]
06-07 09:45:53.720: I/TestSupport(7523): AwaitCommitOperation: uncommitted: FlagOverride(com.google.android.gms.auth_account, , Flag(auth_sig_override_target_uid, 10148, 1, 0), false) [CONTEXT service_id=133 ]
06-07 09:45:53.724: I/TestSupport(7523): AwaitCommitOperation:  sleeping for 160 msec. [CONTEXT service_id=133 ]
06-07 09:45:53.791: I/ActivityManager(1282): Start proc 9514:com.android.vending:instant_app_installer/u0a53 for broadcast com.android.vending/com.google.android.finsky.instantapps.PhenotypeUpdateReceiver
06-07 09:45:53.807: I/Finsky(6935): [66] bit.a(11): Received content filters request from com.google.android.play.games
06-07 09:45:53.824: W/ChimeraUtils(6291): Non Chimera context
06-07 09:45:53.871: E/ActivityThread(3989): Failed to find provider info for com.motorola.ccc.cce.datausage
06-07 09:45:53.896: I/TestSupport(7523): AwaitCommitOperation: uncommitted: FlagOverride(com.google.android.gms.auth_account, , Flag(auth_sig_override_target_uid, 10148, 1, 0), false) [CONTEXT service_id=133 ]
06-07 09:45:53.896: I/TestSupport(7523): AwaitCommitOperation:  sleeping for 320 msec. [CONTEXT service_id=133 ]
06-07 09:45:53.921: I/Finsky:instant_app_inst(9514): [1] ecg.bj(7): Process created at version: 18.9.11-all [0] [PR] 295870256
06-07 09:45:54.031: I/MMApiProvisionService(3989):  came in moto 
06-07 09:45:54.033: D/Checkin(3989): publish the event [tag = MOT_CCE event name = LOG]
06-07 09:45:54.034: I/MMApiProvisionService(3989): setMMApiCredInfoToMainApp: deviceId = 1468834821744607232
06-07 09:45:54.036: D/Checkin(3989): publish the event [tag = MOT_CCE event name = LOG]
06-07 09:45:54.087: I/PhenotypeUpdate(2221): onReceive()
06-07 09:45:54.095: D/PhenotypeUpdateService(9514): onCreate called
06-07 09:45:54.097: I/art(9514): Rejecting re-init on previously-failed class java.lang.Class<hg>: java.lang.NoClassDefFoundError: Failed resolution of: Landroid/app/job/JobServiceEngine;
06-07 09:45:54.097: I/art(9514):   at void hj.a(boolean) (PG:14)
06-07 09:45:54.097: I/art(9514):   at int hj.onStartCommand(android.content.Intent, int, int) (PG:5)
06-07 09:45:54.097: I/art(9514):   at void android.app.ActivityThread.handleServiceArgs(android.app.ActivityThread$ServiceArgsData) (ActivityThread.java:3318)
06-07 09:45:54.097: I/art(9514):   at void android.app.ActivityThread.-wrap21(android.app.ActivityThread, android.app.ActivityThread$ServiceArgsData) (ActivityThread.java:-1)
06-07 09:45:54.097: I/art(9514):   at void android.app.ActivityThread$H.handleMessage(android.os.Message) (ActivityThread.java:1578)
06-07 09:45:54.097: I/art(9514):   at void android.os.Handler.dispatchMessage(android.os.Message) (Handler.java:102)
06-07 09:45:54.097: I/art(9514):   at void android.os.Looper.loop() (Looper.java:154)
06-07 09:45:54.097: I/art(9514):   at void android.app.ActivityThread.main(java.lang.String[]) (ActivityThread.java:6123)
06-07 09:45:54.097: I/art(9514):   at java.lang.Object java.lang.reflect.Method.invoke!(java.lang.Object, java.lang.Object[]) (Method.java:-2)
06-07 09:45:54.097: I/art(9514):   at void com.android.internal.os.ZygoteInit$MethodAndArgsCaller.run() (ZygoteInit.java:867)
06-07 09:45:54.097: I/art(9514):   at void com.android.internal.os.ZygoteInit.main(java.lang.String[]) (ZygoteInit.java:757)
06-07 09:45:54.097: I/art(9514): Caused by: java.lang.ClassNotFoundException: Didn't find class "android.app.job.JobServiceEngine" on path: DexPathList[[zip file "/data/app/com.android.vending-1/base.apk"],nativeLibraryDirectories=[/data/app/com.android.vending-1/lib/arm, /data/app/com.android.vending-1/base.apk!/lib/armeabi-v7a, /system/lib, /vendor/lib]]
06-07 09:45:54.097: I/art(9514):   at java.lang.Class dalvik.system.BaseDexClassLoader.findClass(java.lang.String) (BaseDexClassLoader.java:56)
06-07 09:45:54.097: I/art(9514):   at java.lang.Class java.lang.ClassLoader.loadClass(java.lang.String, boolean) (ClassLoader.java:380)
06-07 09:45:54.097: I/art(9514):   at java.lang.Class java.lang.ClassLoader.loadClass(java.lang.String) (ClassLoader.java:312)
06-07 09:45:54.097: I/art(9514):   at void hj.a(boolean) (PG:14)
06-07 09:45:54.097: I/art(9514):   at int hj.onStartCommand(android.content.Intent, int, int) (PG:5)
06-07 09:45:54.097: I/art(9514):   at void android.app.ActivityThread.handleServiceArgs(android.app.ActivityThread$ServiceArgsData) (ActivityThread.java:3318)
06-07 09:45:54.097: I/art(9514):   at void android.app.ActivityThread.-wrap21(android.app.ActivityThread, android.app.ActivityThread$ServiceArgsData) (ActivityThread.java:-1)
06-07 09:45:54.097: I/art(9514):   at void android.app.ActivityThread$H.handleMessage(android.os.Message) (ActivityThread.java:1578)
06-07 09:45:54.097: I/art(9514):   at void android.os.Handler.dispatchMessage(android.os.Message) (Handler.java:102)
06-07 09:45:54.097: I/art(9514):   at void android.os.Looper.loop() (Looper.java:154)
06-07 09:45:54.097: I/art(9514):   at void android.app.ActivityThread.main(java.lang.String[]) (ActivityThread.java:6123)
06-07 09:45:54.097: I/art(9514):   at java.lang.Object java.lang.reflect.Method.invoke!(java.lang.Object, java.lang.Object[]) (Method.java:-2)
06-07 09:45:54.097: I/art(9514):   at void com.android.internal.os.ZygoteInit$MethodAndArgsCaller.run() (ZygoteInit.java:867)
06-07 09:45:54.097: I/art(9514):   at void com.android.internal.os.ZygoteInit.main(java.lang.String[]) (ZygoteInit.java:757)
06-07 09:45:54.098: I/art(9514): Rejecting re-init on previously-failed class java.lang.Class<hg>: java.lang.NoClassDefFoundError: Failed resolution of: Landroid/app/job/JobServiceEngine;
06-07 09:45:54.100: I/art(9514):   at void hj.a(boolean) (PG:14)
06-07 09:45:54.100: I/art(9514):   at int hj.onStartCommand(android.content.Intent, int, int) (PG:5)
06-07 09:45:54.100: I/art(9514):   at void android.app.ActivityThread.handleServiceArgs(android.app.ActivityThread$ServiceArgsData) (ActivityThread.java:3318)
06-07 09:45:54.100: I/art(9514):   at void android.app.ActivityThread.-wrap21(android.app.ActivityThread, android.app.ActivityThread$ServiceArgsData) (ActivityThread.java:-1)
06-07 09:45:54.100: I/art(9514):   at void android.app.ActivityThread$H.handleMessage(android.os.Message) (ActivityThread.java:1578)
06-07 09:45:54.100: I/art(9514):   at void android.os.Handler.dispatchMessage(android.os.Message) (Handler.java:102)
06-07 09:45:54.100: I/art(9514):   at void android.os.Looper.loop() (Looper.java:154)
06-07 09:45:54.100: I/art(9514):   at void android.app.ActivityThread.main(java.lang.String[]) (ActivityThread.java:6123)
06-07 09:45:54.100: I/art(9514):   at java.lang.Object java.lang.reflect.Method.invoke!(java.lang.Object, java.lang.Object[]) (Method.java:-2)
06-07 09:45:54.100: I/art(9514):   at void com.android.internal.os.ZygoteInit$MethodAndArgsCaller.run() (ZygoteInit.java:867)
06-07 09:45:54.100: I/art(9514):   at void com.android.internal.os.ZygoteInit.main(java.lang.String[]) (ZygoteInit.java:757)
06-07 09:45:54.100: I/art(9514): Caused by: java.lang.ClassNotFoundException: Didn't find class "android.app.job.JobServiceEngine" on path: DexPathList[[zip file "/data/app/com.android.vending-1/base.apk"],nativeLibraryDirectories=[/data/app/com.android.vending-1/lib/arm, /data/app/com.android.vending-1/base.apk!/lib/armeabi-v7a, /system/lib, /vendor/lib]]
06-07 09:45:54.100: I/art(9514):   at java.lang.Class dalvik.system.BaseDexClassLoader.findClass(java.lang.String) (BaseDexClassLoader.java:56)
06-07 09:45:54.100: I/art(9514):   at java.lang.Class java.lang.ClassLoader.loadClass(java.lang.String, boolean) (ClassLoader.java:380)
06-07 09:45:54.100: I/art(9514):   at java.lang.Class java.lang.ClassLoader.loadClass(java.lang.String) (ClassLoader.java:312)
06-07 09:45:54.100: I/art(9514):   at void hj.a(boolean) (PG:14)
06-07 09:45:54.100: I/art(9514):   at int hj.onStartCommand(android.content.Intent, int, int) (PG:5)
06-07 09:45:54.101: I/art(9514):   at void android.app.ActivityThread.handleServiceArgs(android.app.ActivityThread$ServiceArgsData) (ActivityThread.java:3318)
06-07 09:45:54.101: I/BuglePhenotypeBroadcastReceiver(4564): onReceive
06-07 09:45:54.102: I/art(9514):   at void android.app.ActivityThread.-wrap21(android.app.ActivityThread, android.app.ActivityThread$ServiceArgsData) (ActivityThread.java:-1)
06-07 09:45:54.102: I/art(9514):   at void android.app.ActivityThread$H.handleMessage(android.os.Message) (ActivityThread.java:1578)
06-07 09:45:54.102: I/art(9514):   at void android.os.Handler.dispatchMessage(android.os.Message) (Handler.java:102)
06-07 09:45:54.102: I/art(9514):   at void android.os.Looper.loop() (Looper.java:154)
06-07 09:45:54.102: I/art(9514):   at void android.app.ActivityThread.main(java.lang.String[]) (ActivityThread.java:6123)
06-07 09:45:54.102: I/art(9514):   at java.lang.Object java.lang.reflect.Method.invoke!(java.lang.Object, java.lang.Object[]) (Method.java:-2)
06-07 09:45:54.102: I/art(9514):   at void com.android.internal.os.ZygoteInit$MethodAndArgsCaller.run() (ZygoteInit.java:867)
06-07 09:45:54.102: I/art(9514):   at void com.android.internal.os.ZygoteInit.main(java.lang.String[]) (ZygoteInit.java:757)
06-07 09:45:54.125: I/Auth(6291): [AuthManaged,PasswordComplexityHelperImpl] Updating password complexity components state.
06-07 09:45:54.126: I/Auth(6291): [AuthManaged,PasswordComplexityHelperImpl] Disabling com.google.android.gms.auth.managed.admin.DeviceAdminReceiver
06-07 09:45:54.127: I/Auth(6291): [AuthManaged,PasswordComplexityHelperImpl] Disabling com.google.android.gms.auth.managed.ui.SetNewPasswordActivity
06-07 09:45:54.130: D/PhenotypeUpdateService(9514): Updating Phenotype configs
06-07 09:45:54.159: I/PhenotypeFlagCommitter(2943): Experiment Configs successfully retrieved for com.google.vr.vrcore
06-07 09:45:54.167: I/Auth(6291): [AuthManaged,PasswordComplexityHelperImpl] Updating password complexity components state.
06-07 09:45:54.168: I/Auth(6291): [AuthManaged,PasswordComplexityHelperImpl] Disabling com.google.android.gms.auth.managed.admin.DeviceAdminReceiver
06-07 09:45:54.168: I/Auth(6291): [AuthManaged,PasswordComplexityHelperImpl] Disabling com.google.android.gms.auth.managed.ui.SetNewPasswordActivity
06-07 09:45:54.207: E/PhoneInterfaceManager(2406): [PhoneIntfMgr] getIccId: ICC ID is null or empty.
06-07 09:45:54.227: I/Auth(6291): [AuthManaged,PasswordComplexityHelperImpl] Updating password complexity components state.
06-07 09:45:54.227: I/Auth(6291): [AuthManaged,PasswordComplexityHelperImpl] Disabling com.google.android.gms.auth.managed.admin.DeviceAdminReceiver
06-07 09:45:54.227: I/Auth(6291): [AuthManaged,PasswordComplexityHelperImpl] Disabling com.google.android.gms.auth.managed.ui.SetNewPasswordActivity
06-07 09:45:54.231: I/GCM(7523): Message from 745476177629
06-07 09:45:54.235: I/anpz(6291): updateFromConfigurations using legacy put method [CONTEXT service_id=204 ]
06-07 09:45:54.248: I/GcmReceiverService(7523): received gcm message from server. action: com.google.android.c2dm.intent.RECEIVE
06-07 09:45:54.248: I/GcmReceiverService(7523): received tickle 3 from the server
06-07 09:45:54.253: I/TestSupport(7523): AwaitCommitOperation: FlagOverride(com.google.android.gms.auth_account, , Flag(auth_sig_override_target_uid, 10148, 1, 0), true) committed [CONTEXT service_id=133 ]
06-07 09:45:54.257: I/TestSupport(7523): AwaitCommitOperation: no more uncommitted overrides [CONTEXT service_id=133 ]
06-07 09:45:54.286: I/Auth(6291): [AuthManaged,PasswordComplexityHelperImpl] Updating password complexity components state.
06-07 09:45:54.286: I/Auth(6291): [AuthManaged,PasswordComplexityHelperImpl] Disabling com.google.android.gms.auth.managed.admin.DeviceAdminReceiver
06-07 09:45:54.287: I/Auth(6291): [AuthManaged,PasswordComplexityHelperImpl] Disabling com.google.android.gms.auth.managed.ui.SetNewPasswordActivity
06-07 09:45:54.298: I/Authzen(7523): [SyncManager] Sync requested for event 100, account <ELLIDED:-1147792141>, and components 2, with reason 10
06-07 09:45:54.298: I/PhenotypeFlagCommitter(4564): Experiment Configs successfully retrieved for com.google.android.apps.messaging
06-07 09:45:54.340: I/anpz(6291): updateFromConfigurations using legacy put method [CONTEXT service_id=204 ]
06-07 09:45:54.379: I/Auth(6291): [AuthManaged,PasswordComplexityHelperImpl] Updating password complexity components state.
06-07 09:45:54.379: I/Auth(6291): [AuthManaged,PasswordComplexityHelperImpl] Disabling com.google.android.gms.auth.managed.admin.DeviceAdminReceiver
06-07 09:45:54.380: I/Auth(6291): [AuthManaged,PasswordComplexityHelperImpl] Disabling com.google.android.gms.auth.managed.ui.SetNewPasswordActivity
06-07 09:45:54.392: I/Authzen(7523): [ProximitySyncManager] Syncing data for account <ELLIDED:-1147792141>
06-07 09:45:54.412: I/TestSupport(7523): SetFlagOverridesOperation: com.google.android.gms.auth_account, '', [Flag(auth_sig_override_sha1, 'eda6413c3e3a95492114fe07cd953ad897e40d1a', 4, 0)] [CONTEXT service_id=133 ]
06-07 09:45:54.435: I/Auth(6291): [AuthManaged,PasswordComplexityHelperImpl] Updating password complexity components state.
06-07 09:45:54.435: I/Auth(6291): [AuthManaged,PasswordComplexityHelperImpl] Disabling com.google.android.gms.auth.managed.admin.DeviceAdminReceiver
06-07 09:45:54.436: I/Auth(6291): [AuthManaged,PasswordComplexityHelperImpl] Disabling com.google.android.gms.auth.managed.ui.SetNewPasswordActivity
06-07 09:45:54.490: I/TestSupport(7523): AwaitCommitOperation: auth_sig_override_sha1 [CONTEXT service_id=133 ]
06-07 09:45:54.533: I/TestSupport(7523): AwaitCommitOperation: uncommitted: FlagOverride(com.google.android.gms.auth_account, , Flag(auth_sig_override_sha1, 'eda6413c3e3a95492114fe07cd953ad897e40d1a', 4, 0), false) [CONTEXT service_id=133 ]
06-07 09:45:54.533: I/TestSupport(7523): AwaitCommitOperation:  sleeping for 10 msec. [CONTEXT service_id=133 ]
06-07 09:45:54.549: I/TestSupport(7523): AwaitCommitOperation: uncommitted: FlagOverride(com.google.android.gms.auth_account, , Flag(auth_sig_override_sha1, 'eda6413c3e3a95492114fe07cd953ad897e40d1a', 4, 0), false) [CONTEXT service_id=133 ]
06-07 09:45:54.550: I/TestSupport(7523): AwaitCommitOperation:  sleeping for 20 msec. [CONTEXT service_id=133 ]
06-07 09:45:54.567: I/Auth(6291): [AuthManaged,PasswordComplexityHelperImpl] Updating password complexity components state.
06-07 09:45:54.567: I/Auth(6291): [AuthManaged,PasswordComplexityHelperImpl] Disabling com.google.android.gms.auth.managed.admin.DeviceAdminReceiver
06-07 09:45:54.568: I/Auth(6291): [AuthManaged,PasswordComplexityHelperImpl] Disabling com.google.android.gms.auth.managed.ui.SetNewPasswordActivity
06-07 09:45:54.575: I/art(2387): Background partial concurrent mark sweep GC freed 4056(178KB) AllocSpace objects, 2(40KB) LOS objects, 40% free, 9MB/15MB, paused 9.288ms total 90.436ms
06-07 09:45:54.593: I/TestSupport(7523): AwaitCommitOperation: uncommitted: FlagOverride(com.google.android.gms.auth_account, , Flag(auth_sig_override_sha1, 'eda6413c3e3a95492114fe07cd953ad897e40d1a', 4, 0), false) [CONTEXT service_id=133 ]
06-07 09:45:54.593: I/TestSupport(7523): AwaitCommitOperation:  sleeping for 40 msec. [CONTEXT service_id=133 ]
06-07 09:45:54.614: I/Auth(6291): [AuthManaged,PasswordComplexityHelperImpl] Updating password complexity components state.
06-07 09:45:54.614: I/Auth(6291): [AuthManaged,PasswordComplexityHelperImpl] Disabling com.google.android.gms.auth.managed.admin.DeviceAdminReceiver
06-07 09:45:54.614: I/Auth(6291): [AuthManaged,PasswordComplexityHelperImpl] Disabling com.google.android.gms.auth.managed.ui.SetNewPasswordActivity
06-07 09:45:54.650: I/TestSupport(7523): AwaitCommitOperation: uncommitted: FlagOverride(com.google.android.gms.auth_account, , Flag(auth_sig_override_sha1, 'eda6413c3e3a95492114fe07cd953ad897e40d1a', 4, 0), false) [CONTEXT service_id=133 ]
06-07 09:45:54.662: I/TestSupport(7523): AwaitCommitOperation:  sleeping for 80 msec. [CONTEXT service_id=133 ]
06-07 09:45:54.683: I/Authzen(7523): [ProximitySyncManager] Generating new permitaccess {"publicKey":"CAESRQohAO2wak15iGeJpf-qGLpsguwExbVjMoYNFqABuEqGWz3OEiA-WiLecuyv4G7pQSwZB7XRncGsDhOcyoOh8ufzor5ePA==","pixelPhone":false,"beaconSeeds":[{"endTimeMillis":1591833600000,"startTimeMillis":1590624000000,"data":"-_FEjFNj541zp64uk53WM0KlILwtOypslxDCnWEbvJA="},{"endTimeMillis":1593043200000,"startTimeMillis":1591833600000,"data":"NDJ_1klsMIPYOoKMYeDDgTSXDsUpnU7-ejKiOjUZql8="},{"endTimeMillis":1594252800000,"startTimeMillis":1593043200000,"data":"jBgBaToWLpX1jN95Fam20r4ss6JhXrMtLbt0yiQTk0s="},{"endTimeMillis":1595462400000,"startTimeMillis":1594252800000,"data":"mL7tOPzRf4dqZN-CJfZbXLLdCqc8RaYpV94q1C2ZEqY="}],"deviceType":"android","supportedSoftwareFeatures":["smsConnectHost","betterTogetherHost"],"unlockable":false,"mobileHotspotSupported":false,"unlockKey":false,"arcPlusPlus":false,"friendlyDeviceName":"Huawei MHA-L29","lastUpdateTimeMillis":1591548318820,"noPiiDeviceName":""}.
06-07 09:45:54.688: I/Authzen(7523): [isy] Opening database auth.proximity.permit_store...
06-07 09:45:54.699: I/Authzen(7523): [PermitStore] Removing permit with permitId: <ELLIDED:-236493694>...
06-07 09:45:54.710: I/Auth(6291): [AuthManaged,PasswordComplexityHelperImpl] Updating password complexity components state.
06-07 09:45:54.710: I/Auth(6291): [AuthManaged,PasswordComplexityHelperImpl] Disabling com.google.android.gms.auth.managed.admin.DeviceAdminReceiver
06-07 09:45:54.711: I/Auth(6291): [AuthManaged,PasswordComplexityHelperImpl] Disabling com.google.android.gms.auth.managed.ui.SetNewPasswordActivity
06-07 09:45:54.733: I/Finsky(6935): [176] ttj.a(7): SCH: Jobs in database: 1-1337 12-1 24-77777777 26-1414141414 
06-07 09:45:54.764: I/TestSupport(7523): AwaitCommitOperation: uncommitted: FlagOverride(com.google.android.gms.auth_account, , Flag(auth_sig_override_sha1, 'eda6413c3e3a95492114fe07cd953ad897e40d1a', 4, 0), false) [CONTEXT service_id=133 ]
06-07 09:45:54.764: I/TestSupport(7523): AwaitCommitOperation:  sleeping for 160 msec. [CONTEXT service_id=133 ]
06-07 09:45:54.774: I/Finsky(6935): [1] tqw.a(20): SCH: Running job: 1-1337
06-07 09:45:54.776: I/Finsky(6935): [1] lmo.a(39): Starting Hygiene for reason 2
06-07 09:45:54.779: I/Finsky(6935): [1] lmz.b(7): Probe [xukkFEO1_Y-SMCwd0HUFlnFn5y0_7EQ_lqzzkVwqedk] for hygiene pass
06-07 09:45:54.783: V/ConnectivityManager(6935): isActiveNetworkMetered() returns:false
06-07 09:45:54.793: I/Finsky(6935): [1] tqv.handleMessage(63): SCH: RunningQueue size: 1, PendingQueue size: 0
06-07 09:45:54.794: I/Finsky(6935): [1] tqv.handleMessage(66): SCH: Running queue: 1-1337 
06-07 09:45:54.803: I/Auth(6291): [AuthManaged,PasswordComplexityHelperImpl] Updating password complexity components state.
06-07 09:45:54.803: I/Auth(6291): [AuthManaged,PasswordComplexityHelperImpl] Disabling com.google.android.gms.auth.managed.admin.DeviceAdminReceiver
06-07 09:45:54.806: I/Auth(6291): [AuthManaged,PasswordComplexityHelperImpl] Disabling com.google.android.gms.auth.managed.ui.SetNewPasswordActivity
06-07 09:45:54.867: I/Auth(6291): [AuthManaged,PasswordComplexityHelperImpl] Updating password complexity components state.
06-07 09:45:54.867: I/Auth(6291): [AuthManaged,PasswordComplexityHelperImpl] Disabling com.google.android.gms.auth.managed.admin.DeviceAdminReceiver
06-07 09:45:54.867: I/Auth(6291): [AuthManaged,PasswordComplexityHelperImpl] Disabling com.google.android.gms.auth.managed.ui.SetNewPasswordActivity
06-07 09:45:54.933: I/TestSupport(7523): AwaitCommitOperation: uncommitted: FlagOverride(com.google.android.gms.auth_account, , Flag(auth_sig_override_sha1, 'eda6413c3e3a95492114fe07cd953ad897e40d1a', 4, 0), false) [CONTEXT service_id=133 ]
06-07 09:45:54.933: I/TestSupport(7523): AwaitCommitOperation:  sleeping for 320 msec. [CONTEXT service_id=133 ]
06-07 09:45:54.938: I/Auth(6291): [AuthManaged,PasswordComplexityHelperImpl] Updating password complexity components state.
06-07 09:45:54.938: I/Auth(6291): [AuthManaged,PasswordComplexityHelperImpl] Disabling com.google.android.gms.auth.managed.admin.DeviceAdminReceiver
06-07 09:45:54.939: I/Auth(6291): [AuthManaged,PasswordComplexityHelperImpl] Disabling com.google.android.gms.auth.managed.ui.SetNewPasswordActivity
06-07 09:45:54.995: E/PhoneInterfaceManager(2406): [PhoneIntfMgr] getIccId: ICC ID is null or empty.
06-07 09:45:55.009: I/Auth(6291): [AuthManaged,PasswordComplexityHelperImpl] Updating password complexity components state.
06-07 09:45:55.009: I/Auth(6291): [AuthManaged,PasswordComplexityHelperImpl] Disabling com.google.android.gms.auth.managed.admin.DeviceAdminReceiver
06-07 09:45:55.011: I/Auth(6291): [AuthManaged,PasswordComplexityHelperImpl] Disabling com.google.android.gms.auth.managed.ui.SetNewPasswordActivity
06-07 09:45:55.023: I/SFPerfTracer(651):      triggers: (rate: 1:97) (compose: 0:1) (post: 0:0) (render: 0:3) (0:557 frames) (1:795)
06-07 09:45:55.023: D/SFPerfTracer(651):        layers: (3:8) (DimLayerController/Stack=0 (0x7cb4756c00): 0:2)* (com.android.systemui.ImageWallpaper (0x7cb4716c00): 0:149)* (StatusBar (0x7cb4aba800): 0:276) (NavigationBar (0x7cb471a400): 0:131) (com.google.android.googlequicksearchbox/com.google.android.launcher.GEL (0x7cb4ab5400): 0:80)- (Starting com.google.android.apps.mtaas.backdrop (0x7cb25ed000): 0:11)- (animation background stackId=1 (0x7cb25fc800): 0:2)* (com.google.android.apps.mtaas.backdrop/com.google.android.apps.mtaas.backdrop.BackdropActivity (0x7cb25fe400): 1:39) 
06-07 09:45:55.068: I/Auth(6291): [AuthManaged,PasswordComplexityHelperImpl] Updating password complexity components state.
06-07 09:45:55.068: I/Auth(6291): [AuthManaged,PasswordComplexityHelperImpl] Disabling com.google.android.gms.auth.managed.admin.DeviceAdminReceiver
06-07 09:45:55.069: I/Auth(6291): [AuthManaged,PasswordComplexityHelperImpl] Disabling com.google.android.gms.auth.managed.ui.SetNewPasswordActivity
06-07 09:45:55.087: I/Finsky(6935): [189] iml.a(19): Token already exists - returning!
06-07 09:45:55.088: I/Finsky(6935): [189] ljw.a(1): Request device config token was successful when fetching experiments.
06-07 09:45:55.125: I/Auth(6291): [AuthManaged,PasswordComplexityHelperImpl] Updating password complexity components state.
06-07 09:45:55.126: I/Auth(6291): [AuthManaged,PasswordComplexityHelperImpl] Disabling com.google.android.gms.auth.managed.admin.DeviceAdminReceiver
06-07 09:45:55.126: I/Auth(6291): [AuthManaged,PasswordComplexityHelperImpl] Disabling com.google.android.gms.auth.managed.ui.SetNewPasswordActivity
06-07 09:45:55.164: I/anoa(6291): Scheduling adaptive one off task with window [14400, 604800] in seconds [CONTEXT service_id=51 ]
06-07 09:45:55.207: I/Auth(6291): [AuthManaged,PasswordComplexityHelperImpl] Updating password complexity components state.
06-07 09:45:55.207: I/Auth(6291): [AuthManaged,PasswordComplexityHelperImpl] Disabling com.google.android.gms.auth.managed.admin.DeviceAdminReceiver
06-07 09:45:55.209: I/Auth(6291): [AuthManaged,PasswordComplexityHelperImpl] Disabling com.google.android.gms.auth.managed.ui.SetNewPasswordActivity
06-07 09:45:55.216: E/Backup(6291): [BackupTransportMigratorChimeraService] Could not migrate transport!
06-07 09:45:55.219: I/MMApiProvisionService(3989):  response.hasSettings() false
06-07 09:45:55.220: D/Checkin(3989): publish the event [tag = MOT_CCE event name = LOG]
06-07 09:45:55.220: E/MMApiProvisionService(3989): handleResponse(): no settings sent by the server:
06-07 09:45:55.223: D/Checkin(3989): publish the event [tag = MOT_CCE event name = LOG]
06-07 09:45:55.227: W/ProxyAndroidLoggerBackend(6935): Too many Flogger logs received before configuration. Dropping old logs.
06-07 09:45:55.239: I/CCEUtils(3989): Mod Services is available 0
06-07 09:45:55.239: I/MMApiProvisionService(3989): OutStanding Login completed. Writing Current Mods Info.
06-07 09:45:55.241: D/Checkin(3989): publish the event [tag = MOT_CCE event name = LOG]
06-07 09:45:55.307: I/Auth(6291): [AuthManaged,PasswordComplexityHelperImpl] Updating password complexity components state.
06-07 09:45:55.308: I/Auth(6291): [AuthManaged,PasswordComplexityHelperImpl] Disabling com.google.android.gms.auth.managed.admin.DeviceAdminReceiver
06-07 09:45:55.308: I/TestSupport(7523): AwaitCommitOperation: FlagOverride(com.google.android.gms.auth_account, , Flag(auth_sig_override_sha1, 'eda6413c3e3a95492114fe07cd953ad897e40d1a', 4, 0), true) committed [CONTEXT service_id=133 ]
06-07 09:45:55.308: I/Auth(6291): [AuthManaged,PasswordComplexityHelperImpl] Disabling com.google.android.gms.auth.managed.ui.SetNewPasswordActivity
06-07 09:45:55.308: I/TestSupport(7523): AwaitCommitOperation: no more uncommitted overrides [CONTEXT service_id=133 ]
06-07 09:45:55.363: W/ChimeraUtils(6291): Non Chimera context
06-07 09:45:55.398: D/BSUtils(3989): getSharedPackageNames uid 10006 packagesForUid [com.motorola.ccc.checkin, com.motorola.ccc.ota, com.motorola.ccc.devicemanagement, com.motorola.ccc.notification]
06-07 09:45:55.399: I/Auth(6291): [AuthManaged,PasswordComplexityHelperImpl] Updating password complexity components state.
06-07 09:45:55.399: I/Auth(6291): [AuthManaged,PasswordComplexityHelperImpl] Disabling com.google.android.gms.auth.managed.admin.DeviceAdminReceiver
06-07 09:45:55.402: I/Auth(6291): [ReflectiveChannelBinder] Successfully bound channel!
06-07 09:45:55.402: I/Auth(6291): [AuthManaged,PasswordComplexityHelperImpl] Disabling com.google.android.gms.auth.managed.ui.SetNewPasswordActivity
06-07 09:45:55.430: W/Conscrypt(6291): Could not set socket write timeout: java.net.SocketException: Socket closed
06-07 09:45:55.437: W/Conscrypt(6291): 	at com.google.android.gms.org.conscrypt.Platform.setSocketWriteTimeout(:com.google.android.gms@200914019@20.09.14 (040400-300565878):2)
06-07 09:45:55.437: W/Conscrypt(6291): 	at com.google.android.gms.org.conscrypt.ConscryptFileDescriptorSocket.setSoWriteTimeout(:com.google.android.gms@200914019@20.09.14 (040400-300565878):0)
06-07 09:45:55.439: I/TestSupport(7523): AwaitCommitOperation: * [CONTEXT service_id=133 ]
06-07 09:45:55.462: I/TestSupport(7523): AwaitCommitOperation: FlagOverride(com.google.android.gms.auth_account, , Flag(auth_sig_override_enabled, true, 2, 0), true) committed [CONTEXT service_id=133 ]
06-07 09:45:55.463: I/TestSupport(7523): AwaitCommitOperation: FlagOverride(com.google.android.gms.auth_account, , Flag(auth_sig_override_sha1, 'eda6413c3e3a95492114fe07cd953ad897e40d1a', 4, 0), true) committed [CONTEXT service_id=133 ]
06-07 09:45:55.463: I/TestSupport(7523): AwaitCommitOperation: FlagOverride(com.google.android.gms.auth_account, , Flag(auth_sig_override_target_uid, 10148, 1, 0), true) committed [CONTEXT service_id=133 ]
06-07 09:45:55.463: I/TestSupport(7523): AwaitCommitOperation: no more uncommitted overrides [CONTEXT service_id=133 ]
06-07 09:45:55.471: W/Conscrypt(6291): Could not set socket write timeout: java.net.SocketException: Socket closed
06-07 09:45:55.471: W/Conscrypt(6291): 	at com.google.android.gms.org.conscrypt.Platform.setSocketWriteTimeout(:com.google.android.gms@200914019@20.09.14 (040400-300565878):2)
06-07 09:45:55.471: W/Conscrypt(6291): 	at com.google.android.gms.org.conscrypt.ConscryptFileDescriptorSocket.setSoWriteTimeout(:com.google.android.gms@200914019@20.09.14 (040400-300565878):0)
06-07 09:45:55.495: I/Auth(6291): [AuthManaged,PasswordComplexityHelperImpl] Updating password complexity components state.
06-07 09:45:55.495: I/Auth(6291): [AuthManaged,PasswordComplexityHelperImpl] Disabling com.google.android.gms.auth.managed.admin.DeviceAdminReceiver
06-07 09:45:55.497: I/Auth(6291): [AuthManaged,PasswordComplexityHelperImpl] Disabling com.google.android.gms.auth.managed.ui.SetNewPasswordActivity
06-07 09:45:55.514: I/MMApiWSBase(3989): doRequest(): url: https://argo.svcmot.com:443/v1/gns/list/messages.json/1468834821744607232?appid=6R1TANEX3ZMQ6EU1UH43P34C8B868KTE (oauth:a+d+)
06-07 09:45:55.514: D/Checkin(3989): publish the event [tag = MOT_CCE event name = LOG]
06-07 09:45:55.541: I/TSDRIVER(8341): Handled command: PACKAGE
06-07 09:45:55.576: I/PTCommittedOperation(6291): Receive new configuration for com.google.android.gms.auth_account
06-07 09:45:55.581: I/Auth(6291): [AuthManaged,PasswordComplexityHelperImpl] Updating password complexity components state.
06-07 09:45:55.581: I/Auth(6291): [AuthManaged,PasswordComplexityHelperImpl] Disabling com.google.android.gms.auth.managed.admin.DeviceAdminReceiver
06-07 09:45:55.583: I/MdiSyncModule(7523): flag handling is skipping irrelevant intent.
06-07 09:45:55.583: I/Auth(6291): [AuthManaged,PasswordComplexityHelperImpl] Disabling com.google.android.gms.auth.managed.ui.SetNewPasswordActivity
06-07 09:45:55.586: W/ModuleInitIntentOp(7523): Dropping unexpected action com.google.android.gms.phenotype.COMMITTED
06-07 09:45:55.631: W/ActivityManager(1282): Unable to start service Intent { act=com.google.android.gms.auth.key.retrieval.service.START pkg=com.google.android.gms } U=0: not found
06-07 09:45:55.633: W/ActivityManager(1282): Unbind failed: could not find connection for android.os.BinderProxy@2398b4a
06-07 09:45:55.633: E/GmsClient(7523): unable to connect to service: com.google.android.gms.auth.key.retrieval.service.START on com.google.android.gms
06-07 09:45:55.637: W/ProxyAndroidLoggerBackend(6935): Too many Flogger logs received before configuration. Dropping old logs.
06-07 09:45:55.638: I/Finsky(6935): [175] ljt.a(8): Sending Heterodyne sync request for package com.android.vending
06-07 09:45:55.675: W/ProxyAndroidLoggerBackend(6935): Too many Flogger logs received before configuration. Dropping old logs.
06-07 09:45:55.691: I/RequestAddCookies(6935): Cookie store not available in HTTP context
06-07 09:45:55.713: I/Auth(6291): [AuthManaged,PasswordComplexityHelperImpl] Updating password complexity components state.
06-07 09:45:55.713: I/Auth(6291): [AuthManaged,PasswordComplexityHelperImpl] Disabling com.google.android.gms.auth.managed.admin.DeviceAdminReceiver
06-07 09:45:55.714: I/Auth(6291): [AuthManaged,PasswordComplexityHelperImpl] Disabling com.google.android.gms.auth.managed.ui.SetNewPasswordActivity
06-07 09:45:55.737: I/MMApiWSBase(3989): doRequest(): error in response: 403
06-07 09:45:55.738: D/Checkin(3989): publish the event [tag = MOT_CCE event name = LOG]
06-07 09:45:55.741: I/MMApiWSBase(3989): doRequest(): error in response: {"error":"INVALID_SESSION","error_text":"Please provide a valid authtoken"}
06-07 09:45:55.742: D/Checkin(3989): publish the event [tag = MOT_CCE event name = LOG]
06-07 09:45:55.744: E/ActivityThread(3989): Failed to find provider info for com.motorola.ccc.cce.datausage
06-07 09:45:55.744: I/MMApiWebService(3989): inspectMMApiResponse(): found an error from a web service response: ForbiddenError msg: INVALID_SESSION req: com.motorola.ccc.notification.GetNotificationsWS.Request
06-07 09:45:55.745: D/Checkin(3989): publish the event [tag = MOT_CCE event name = LOG]
06-07 09:45:55.750: I/NetRec(6291): [654] akpm.a: onConfigChanged()
06-07 09:45:55.746: I/MMApiWebService(3989): inspectMMApiResponse(): received invalid device session error from the server.. need to re-login
06-07 09:45:55.750: I/Auth(6291): [AuthManaged,PasswordComplexityHelperImpl] Updating password complexity components state.
06-07 09:45:55.750: I/Auth(6291): [AuthManaged,PasswordComplexityHelperImpl] Disabling com.google.android.gms.auth.managed.admin.DeviceAdminReceiver
06-07 09:45:55.751: I/Auth(6291): [AuthManaged,PasswordComplexityHelperImpl] Disabling com.google.android.gms.auth.managed.ui.SetNewPasswordActivity
06-07 09:45:55.766: I/ResponseProcessCookies(6935): Cookie store not available in HTTP context
06-07 09:45:55.770: D/Checkin(3989): publish the event [tag = MOT_CCE event name = LOG]
06-07 09:45:55.771: I/NetRec(6291): [654] akpm.a: Cancelling all NetRec GCM tasks
06-07 09:45:55.773: W/MMApiWebService(3989): inspectMMApiResponse(): request has been already retried after re-login, do not retry again
06-07 09:45:55.774: D/Checkin(3989): publish the event [tag = MOT_CCE event name = LOG]
06-07 09:45:55.775: I/NetRec(6291): [681] ClearDatabaseService.onHandleIntent: Clearing score cache
06-07 09:45:55.777: I/MMApiWebService(3989): initiateDeviceLogin(): sending login request
06-07 09:45:55.778: D/Checkin(3989): publish the event [tag = MOT_CCE event name = LOG]
06-07 09:45:55.790: I/MMApiProvisionService(3989): createDeviceIdOrLogin update_device
06-07 09:45:55.792: I/MdiSyncModule(7523): flag handling is skipping irrelevant intent.
06-07 09:45:55.793: D/Checkin(3989): publish the event [tag = MOT_CCE event name = LOG]
06-07 09:45:55.794: I/MMApiProvisionService(3989): createDeviceIdOrLogin update_device
06-07 09:45:55.797: D/Checkin(3989): publish the event [tag = MOT_CCE event name = LOG]
06-07 09:45:55.798: I/CCE(3989): AppWSProxy - handleResponse(): error=INVALID_SESSION errorText=Please provide a valid authtoken statusCode=403 reqId=com.motorola.ccc.notification.GetNotificationsWS.Request
06-07 09:45:55.801: W/ModuleInitIntentOp(7523): Dropping unexpected action com.google.android.gms.phenotype.COMMITTED
06-07 09:45:55.809: W/ProxyAndroidLoggerBackend(6935): Too many Flogger logs received before configuration. Dropping old logs.
06-07 09:45:55.809: I/Finsky(6935): [175] ljt.a(3): Received Heterodyne sync response. StatusCode=200
06-07 09:45:55.811: W/ProxyAndroidLoggerBackend(6935): Too many Flogger logs received before configuration. Dropping old logs.
06-07 09:45:55.816: D/Checkin(3989): publish the event [tag = MOT_CCE event name = LOG]
06-07 09:45:55.818: E/GetNotificationsWS(3989): GetNotificationsWS.Response: Missing mandatory message data in response from DM server...
06-07 09:45:55.820: D/Checkin(3989): publish the event [tag = MOT_CCE_STATS event name = RetrieveNotifications]
06-07 09:45:55.823: D/SundryService(3989): handleGetNotificationsResponse(): got 0; more=false
06-07 09:45:55.824: I/FsaEntryPointSwitcher(7523): setting component enabled=1 for com.google.android.gms.people.sync.focus.ContactsSyncAdapterService
06-07 09:45:55.827: I/FsaEntryPointSwitcher(7523): Setting component enabled succeeds.
