06-07 09:45:56.701: W/ProxyAndroidLoggerBackend(6935): Too many Flogger logs received before configuration. Dropping old logs.
06-07 09:45:56.701: E/PhoneInterfaceManager(2406): [PhoneIntfMgr] getIccId: ICC ID is null or empty.
06-07 09:45:56.701: W/ProxyAndroidLoggerBackend(6935): Too many Flogger logs received before configuration. Dropping old logs.
06-07 09:45:56.702: W/ProxyAndroidLoggerBackend(6935): Too many Flogger logs received before configuration. Dropping old logs.
06-07 09:45:56.702: W/ProxyAndroidLoggerBackend(6935): Too many Flogger logs received before configuration. Dropping old logs.
06-07 09:45:56.703: W/ProxyAndroidLoggerBackend(6935): Too many Flogger logs received before configuration. Dropping old logs.
06-07 09:45:56.703: W/ProxyAndroidLoggerBackend(6935): Too many Flogger logs received before configuration. Dropping old logs.
06-07 09:45:56.703: W/ProxyAndroidLoggerBackend(6935): Too many Flogger logs received before configuration. Dropping old logs.
06-07 09:45:56.704: W/ProxyAndroidLoggerBackend(6935): Too many Flogger logs received before configuration. Dropping old logs.
06-07 09:45:56.704: W/ProxyAndroidLoggerBackend(6935): Too many Flogger logs received before configuration. Dropping old logs.
06-07 09:45:56.705: W/ProxyAndroidLoggerBackend(6935): Too many Flogger logs received before configuration. Dropping old logs.
06-07 09:45:56.705: W/ProxyAndroidLoggerBackend(6935): Too many Flogger logs received before configuration. Dropping old logs.
06-07 09:45:56.705: W/ProxyAndroidLoggerBackend(6935): Too many Flogger logs received before configuration. Dropping old logs.
06-07 09:45:56.708: W/ProxyAndroidLoggerBackend(6935): Too many Flogger logs received before configuration. Dropping old logs.
06-07 09:45:56.709: W/ProxyAndroidLoggerBackend(6935): Too many Flogger logs received before configuration. Dropping old logs.
06-07 09:45:56.709: W/ProxyAndroidLoggerBackend(6935): Too many Flogger logs received before configuration. Dropping old logs.
06-07 09:45:56.710: W/ProxyAndroidLoggerBackend(6935): Too many Flogger logs received before configuration. Dropping old logs.
06-07 09:45:56.711: W/ProxyAndroidLoggerBackend(6935): Too many Flogger logs received before configuration. Dropping old logs.
06-07 09:45:56.711: W/ProxyAndroidLoggerBackend(6935): Too many Flogger logs received before configuration. Dropping old logs.
06-07 09:45:56.712: W/ProxyAndroidLoggerBackend(6935): Too many Flogger logs received before configuration. Dropping old logs.
06-07 09:45:56.712: W/ProxyAndroidLoggerBackend(6935): Too many Flogger logs received before configuration. Dropping old logs.
06-07 09:45:56.712: W/ProxyAndroidLoggerBackend(6935): Too many Flogger logs received before configuration. Dropping old logs.
06-07 09:45:56.713: W/ProxyAndroidLoggerBackend(6935): Too many Flogger logs received before configuration. Dropping old logs.
06-07 09:45:56.713: W/ProxyAndroidLoggerBackend(6935): Too many Flogger logs received before configuration. Dropping old logs.
06-07 09:45:56.714: W/ProxyAndroidLoggerBackend(6935): Too many Flogger logs received before configuration. Dropping old logs.
06-07 09:45:56.714: W/ProxyAndroidLoggerBackend(6935): Too many Flogger logs received before configuration. Dropping old logs.
06-07 09:45:56.714: W/ProxyAndroidLoggerBackend(6935): Too many Flogger logs received before configuration. Dropping old logs.
06-07 09:45:56.715: W/ProxyAndroidLoggerBackend(6935): Too many Flogger logs received before configuration. Dropping old logs.
06-07 09:45:56.715: W/ProxyAndroidLoggerBackend(6935): Too many Flogger logs received before configuration. Dropping old logs.
06-07 09:45:56.716: W/ProxyAndroidLoggerBackend(6935): Too many Flogger logs received before configuration. Dropping old logs.
06-07 09:45:56.716: W/ProxyAndroidLoggerBackend(6935): Too many Flogger logs received before configuration. Dropping old logs.
06-07 09:45:56.716: W/ProxyAndroidLoggerBackend(6935): Too many Flogger logs received before configuration. Dropping old logs.
06-07 09:45:56.717: W/ProxyAndroidLoggerBackend(6935): Too many Flogger logs received before configuration. Dropping old logs.
06-07 09:45:56.717: W/ProxyAndroidLoggerBackend(6935): Too many Flogger logs received before configuration. Dropping old logs.
06-07 09:45:56.718: W/ProxyAndroidLoggerBackend(6935): Too many Flogger logs received before configuration. Dropping old logs.
06-07 09:45:56.718: W/ProxyAndroidLoggerBackend(6935): Too many Flogger logs received before configuration. Dropping old logs.
06-07 09:45:56.718: W/ProxyAndroidLoggerBackend(6935): Too many Flogger logs received before configuration. Dropping old logs.
06-07 09:45:56.719: W/ProxyAndroidLoggerBackend(6935): Too many Flogger logs received before configuration. Dropping old logs.
06-07 09:45:56.720: W/ProxyAndroidLoggerBackend(6935): Too many Flogger logs received before configuration. Dropping old logs.
06-07 09:45:56.720: W/ProxyAndroidLoggerBackend(6935): Too many Flogger logs received before configuration. Dropping old logs.
06-07 09:45:56.721: W/ProxyAndroidLoggerBackend(6935): Too many Flogger logs received before configuration. Dropping old logs.
06-07 09:45:56.721: W/ProxyAndroidLoggerBackend(6935): Too many Flogger logs received before configuration. Dropping old logs.
06-07 09:45:56.721: W/ProxyAndroidLoggerBackend(6935): Too many Flogger logs received before configuration. Dropping old logs.
06-07 09:45:56.722: W/ProxyAndroidLoggerBackend(6935): Too many Flogger logs received before configuration. Dropping old logs.
06-07 09:45:56.722: W/ProxyAndroidLoggerBackend(6935): Too many Flogger logs received before configuration. Dropping old logs.
06-07 09:45:56.723: W/ProxyAndroidLoggerBackend(6935): Too many Flogger logs received before configuration. Dropping old logs.
06-07 09:45:56.723: W/ProxyAndroidLoggerBackend(6935): Too many Flogger logs received before configuration. Dropping old logs.
06-07 09:45:56.724: W/ProxyAndroidLoggerBackend(6935): Too many Flogger logs received before configuration. Dropping old logs.
06-07 09:45:56.724: E/PhoneInterfaceManager(2406): [PhoneIntfMgr] getIccId: ICC ID is null or empty.
06-07 09:45:56.724: W/ProxyAndroidLoggerBackend(6935): Too many Flogger logs received before configuration. Dropping old logs.
06-07 09:45:56.725: W/ProxyAndroidLoggerBackend(6935): Too many Flogger logs received before configuration. Dropping old logs.
06-07 09:45:56.725: W/ProxyAndroidLoggerBackend(6935): Too many Flogger logs received before configuration. Dropping old logs.
06-07 09:45:56.726: W/ProxyAndroidLoggerBackend(6935): Too many Flogger logs received before configuration. Dropping old logs.
06-07 09:45:56.726: W/ProxyAndroidLoggerBackend(6935): Too many Flogger logs received before configuration. Dropping old logs.
06-07 09:45:56.727: W/ProxyAndroidLoggerBackend(6935): Too many Flogger logs received before configuration. Dropping old logs.
06-07 09:45:56.727: W/ProxyAndroidLoggerBackend(6935): Too many Flogger logs received before configuration. Dropping old logs.
06-07 09:45:56.727: W/ProxyAndroidLoggerBackend(6935): Too many Flogger logs received before configuration. Dropping old logs.
06-07 09:45:56.728: W/ProxyAndroidLoggerBackend(6935): Too many Flogger logs received before configuration. Dropping old logs.
06-07 09:45:56.728: W/ProxyAndroidLoggerBackend(6935): Too many Flogger logs received before configuration. Dropping old logs.
06-07 09:45:56.729: W/ProxyAndroidLoggerBackend(6935): Too many Flogger logs received before configuration. Dropping old logs.
06-07 09:45:56.731: W/ProxyAndroidLoggerBackend(6935): Too many Flogger logs received before configuration. Dropping old logs.
06-07 09:45:56.731: W/ProxyAndroidLoggerBackend(6935): Too many Flogger logs received before configuration. Dropping old logs.
06-07 09:45:56.731: W/ProxyAndroidLoggerBackend(6935): Too many Flogger logs received before configuration. Dropping old logs.
06-07 09:45:56.732: W/ProxyAndroidLoggerBackend(6935): Too many Flogger logs received before configuration. Dropping old logs.
06-07 09:45:56.732: W/ProxyAndroidLoggerBackend(6935): Too many Flogger logs received before configuration. Dropping old logs.
06-07 09:45:56.733: W/ProxyAndroidLoggerBackend(6935): Too many Flogger logs received before configuration. Dropping old logs.
06-07 09:45:56.733: W/ProxyAndroidLoggerBackend(6935): Too many Flogger logs received before configuration. Dropping old logs.
06-07 09:45:56.733: W/ProxyAndroidLoggerBackend(6935): Too many Flogger logs received before configuration. Dropping old logs.
06-07 09:45:56.734: W/ProxyAndroidLoggerBackend(6935): Too many Flogger logs received before configuration. Dropping old logs.
06-07 09:45:56.734: W/ProxyAndroidLoggerBackend(6935): Too many Flogger logs received before configuration. Dropping old logs.
06-07 09:45:56.734: W/ProxyAndroidLoggerBackend(6935): Too many Flogger logs received before configuration. Dropping old logs.
06-07 09:45:56.735: W/ProxyAndroidLoggerBackend(6935): Too many Flogger logs received before configuration. Dropping old logs.
06-07 09:45:56.735: W/ProxyAndroidLoggerBackend(6935): Too many Flogger logs received before configuration. Dropping old logs.
06-07 09:45:56.736: W/ProxyAndroidLoggerBackend(6935): Too many Flogger logs received before configuration. Dropping old logs.
06-07 09:45:56.736: W/ProxyAndroidLoggerBackend(6935): Too many Flogger logs received before configuration. Dropping old logs.
06-07 09:45:56.737: W/ProxyAndroidLoggerBackend(6935): Too many Flogger logs received before configuration. Dropping old logs.
06-07 09:45:56.737: W/ProxyAndroidLoggerBackend(6935): Too many Flogger logs received before configuration. Dropping old logs.
06-07 09:45:56.738: W/ProxyAndroidLoggerBackend(6935): Too many Flogger logs received before configuration. Dropping old logs.
06-07 09:45:56.738: I/Auth(6291): [AuthManaged,PasswordComplexityHelperImpl] Updating password complexity components state.
06-07 09:45:56.738: I/Auth(6291): [AuthManaged,PasswordComplexityHelperImpl] Disabling com.google.android.gms.auth.managed.admin.DeviceAdminReceiver
06-07 09:45:56.738: W/ProxyAndroidLoggerBackend(6935): Too many Flogger logs received before configuration. Dropping old logs.
06-07 09:45:56.739: W/ProxyAndroidLoggerBackend(6935): Too many Flogger logs received before configuration. Dropping old logs.
06-07 09:45:56.739: I/Auth(6291): [AuthManaged,PasswordComplexityHelperImpl] Disabling com.google.android.gms.auth.managed.ui.SetNewPasswordActivity
06-07 09:45:56.739: W/ProxyAndroidLoggerBackend(6935): Too many Flogger logs received before configuration. Dropping old logs.
06-07 09:45:56.739: W/ProxyAndroidLoggerBackend(6935): Too many Flogger logs received before configuration. Dropping old logs.
06-07 09:45:56.740: W/ProxyAndroidLoggerBackend(6935): Too many Flogger logs received before configuration. Dropping old logs.
06-07 09:45:56.740: W/ProxyAndroidLoggerBackend(6935): Too many Flogger logs received before configuration. Dropping old logs.
06-07 09:45:56.741: W/ProxyAndroidLoggerBackend(6935): Too many Flogger logs received before configuration. Dropping old logs.
06-07 09:45:56.741: W/ProxyAndroidLoggerBackend(6935): Too many Flogger logs received before configuration. Dropping old logs.
06-07 09:45:56.742: W/ProxyAndroidLoggerBackend(6935): Too many Flogger logs received before configuration. Dropping old logs.
06-07 09:45:56.742: W/ProxyAndroidLoggerBackend(6935): Too many Flogger logs received before configuration. Dropping old logs.
06-07 09:45:56.743: W/ProxyAndroidLoggerBackend(6935): Too many Flogger logs received before configuration. Dropping old logs.
06-07 09:45:56.743: W/ProxyAndroidLoggerBackend(6935): Too many Flogger logs received before configuration. Dropping old logs.
06-07 09:45:56.744: W/ProxyAndroidLoggerBackend(6935): Too many Flogger logs received before configuration. Dropping old logs.
06-07 09:45:56.744: W/ProxyAndroidLoggerBackend(6935): Too many Flogger logs received before configuration. Dropping old logs.
06-07 09:45:56.745: W/ProxyAndroidLoggerBackend(6935): Too many Flogger logs received before configuration. Dropping old logs.
06-07 09:45:56.745: W/ProxyAndroidLoggerBackend(6935): Too many Flogger logs received before configuration. Dropping old logs.
06-07 09:45:56.746: W/ProxyAndroidLoggerBackend(6935): Too many Flogger logs received before configuration. Dropping old logs.
06-07 09:45:56.746: W/ProxyAndroidLoggerBackend(6935): Too many Flogger logs received before configuration. Dropping old logs.
06-07 09:45:56.746: W/ProxyAndroidLoggerBackend(6935): Too many Flogger logs received before configuration. Dropping old logs.
06-07 09:45:56.748: W/ProxyAndroidLoggerBackend(6935): Too many Flogger logs received before configuration. Dropping old logs.
06-07 09:45:56.749: W/ProxyAndroidLoggerBackend(6935): Too many Flogger logs received before configuration. Dropping old logs.
06-07 09:45:56.750: W/ProxyAndroidLoggerBackend(6935): Too many Flogger logs received before configuration. Dropping old logs.
06-07 09:45:56.750: W/ProxyAndroidLoggerBackend(6935): Too many Flogger logs received before configuration. Dropping old logs.
06-07 09:45:56.750: W/ProxyAndroidLoggerBackend(6935): Too many Flogger logs received before configuration. Dropping old logs.
06-07 09:45:56.751: W/ProxyAndroidLoggerBackend(6935): Too many Flogger logs received before configuration. Dropping old logs.
06-07 09:45:56.751: W/ProxyAndroidLoggerBackend(6935): Too many Flogger logs received before configuration. Dropping old logs.
06-07 09:45:56.752: W/ProxyAndroidLoggerBackend(6935): Too many Flogger logs received before configuration. Dropping old logs.
06-07 09:45:56.752: W/ProxyAndroidLoggerBackend(6935): Too many Flogger logs received before configuration. Dropping old logs.
06-07 09:45:56.752: W/ProxyAndroidLoggerBackend(6935): Too many Flogger logs received before configuration. Dropping old logs.
06-07 09:45:56.753: W/ProxyAndroidLoggerBackend(6935): Too many Flogger logs received before configuration. Dropping old logs.
06-07 09:45:56.753: W/ProxyAndroidLoggerBackend(6935): Too many Flogger logs received before configuration. Dropping old logs.
06-07 09:45:56.754: W/ProxyAndroidLoggerBackend(6935): Too many Flogger logs received before configuration. Dropping old logs.
06-07 09:45:56.754: W/ProxyAndroidLoggerBackend(6935): Too many Flogger logs received before configuration. Dropping old logs.
06-07 09:45:56.755: W/ProxyAndroidLoggerBackend(6935): Too many Flogger logs received before configuration. Dropping old logs.
06-07 09:45:56.755: W/ProxyAndroidLoggerBackend(6935): Too many Flogger logs received before configuration. Dropping old logs.
06-07 09:45:56.756: W/ProxyAndroidLoggerBackend(6935): Too many Flogger logs received before configuration. Dropping old logs.
06-07 09:45:56.757: W/ProxyAndroidLoggerBackend(6935): Too many Flogger logs received before configuration. Dropping old logs.
06-07 09:45:56.757: W/ProxyAndroidLoggerBackend(6935): Too many Flogger logs received before configuration. Dropping old logs.
06-07 09:45:56.772: W/ProxyAndroidLoggerBackend(6935): Too many Flogger logs received before configuration. Dropping old logs.
06-07 09:45:56.776: W/ProxyAndroidLoggerBackend(6935): Too many Flogger logs received before configuration. Dropping old logs.
06-07 09:45:56.776: W/ProxyAndroidLoggerBackend(6935): Too many Flogger logs received before configuration. Dropping old logs.
06-07 09:45:56.778: W/ProxyAndroidLoggerBackend(6935): Too many Flogger logs received before configuration. Dropping old logs.
06-07 09:45:56.778: W/ProxyAndroidLoggerBackend(6935): Too many Flogger logs received before configuration. Dropping old logs.
06-07 09:45:56.781: W/ProxyAndroidLoggerBackend(6935): Too many Flogger logs received before configuration. Dropping old logs.
06-07 09:45:56.782: W/ProxyAndroidLoggerBackend(6935): Too many Flogger logs received before configuration. Dropping old logs.
06-07 09:45:56.784: W/ProxyAndroidLoggerBackend(6935): Too many Flogger logs received before configuration. Dropping old logs.
06-07 09:45:56.784: W/ProxyAndroidLoggerBackend(6935): Too many Flogger logs received before configuration. Dropping old logs.
06-07 09:45:56.785: W/ProxyAndroidLoggerBackend(6935): Too many Flogger logs received before configuration. Dropping old logs.
06-07 09:45:56.785: W/ProxyAndroidLoggerBackend(6935): Too many Flogger logs received before configuration. Dropping old logs.
06-07 09:45:56.786: I/Auth(6291): [AuthManaged,PasswordComplexityHelperImpl] Updating password complexity components state.
06-07 09:45:56.786: I/Auth(6291): [AuthManaged,PasswordComplexityHelperImpl] Disabling com.google.android.gms.auth.managed.admin.DeviceAdminReceiver
06-07 09:45:56.786: W/ProxyAndroidLoggerBackend(6935): Too many Flogger logs received before configuration. Dropping old logs.
06-07 09:45:56.787: W/ProxyAndroidLoggerBackend(6935): Too many Flogger logs received before configuration. Dropping old logs.
06-07 09:45:56.787: I/Auth(6291): [AuthManaged,PasswordComplexityHelperImpl] Disabling com.google.android.gms.auth.managed.ui.SetNewPasswordActivity
06-07 09:45:56.788: W/ProxyAndroidLoggerBackend(6935): Too many Flogger logs received before configuration. Dropping old logs.
06-07 09:45:56.788: W/ProxyAndroidLoggerBackend(6935): Too many Flogger logs received before configuration. Dropping old logs.
06-07 09:45:56.789: W/ProxyAndroidLoggerBackend(6935): Too many Flogger logs received before configuration. Dropping old logs.
06-07 09:45:56.789: W/ProxyAndroidLoggerBackend(6935): Too many Flogger logs received before configuration. Dropping old logs.
06-07 09:45:56.789: W/ProxyAndroidLoggerBackend(6935): Too many Flogger logs received before configuration. Dropping old logs.
06-07 09:45:56.790: W/ProxyAndroidLoggerBackend(6935): Too many Flogger logs received before configuration. Dropping old logs.
06-07 09:45:56.790: W/ProxyAndroidLoggerBackend(6935): Too many Flogger logs received before configuration. Dropping old logs.
06-07 09:45:56.791: W/ProxyAndroidLoggerBackend(6935): Too many Flogger logs received before configuration. Dropping old logs.
06-07 09:45:56.791: W/ProxyAndroidLoggerBackend(6935): Too many Flogger logs received before configuration. Dropping old logs.
06-07 09:45:56.791: W/ProxyAndroidLoggerBackend(6935): Too many Flogger logs received before configuration. Dropping old logs.
06-07 09:45:56.792: W/ProxyAndroidLoggerBackend(6935): Too many Flogger logs received before configuration. Dropping old logs.
06-07 09:45:56.792: W/ProxyAndroidLoggerBackend(6935): Too many Flogger logs received before configuration. Dropping old logs.
06-07 09:45:56.793: W/ProxyAndroidLoggerBackend(6935): Too many Flogger logs received before configuration. Dropping old logs.
06-07 09:45:56.793: W/ProxyAndroidLoggerBackend(6935): Too many Flogger logs received before configuration. Dropping old logs.
06-07 09:45:56.794: W/ProxyAndroidLoggerBackend(6935): Too many Flogger logs received before configuration. Dropping old logs.
06-07 09:45:56.794: W/ProxyAndroidLoggerBackend(6935): Too many Flogger logs received before configuration. Dropping old logs.
06-07 09:45:56.794: W/ProxyAndroidLoggerBackend(6935): Too many Flogger logs received before configuration. Dropping old logs.
06-07 09:45:56.795: W/ProxyAndroidLoggerBackend(6935): Too many Flogger logs received before configuration. Dropping old logs.
06-07 09:45:56.795: W/ProxyAndroidLoggerBackend(6935): Too many Flogger logs received before configuration. Dropping old logs.
06-07 09:45:56.795: W/ProxyAndroidLoggerBackend(6935): Too many Flogger logs received before configuration. Dropping old logs.
06-07 09:45:56.796: W/ProxyAndroidLoggerBackend(6935): Too many Flogger logs received before configuration. Dropping old logs.
06-07 09:45:56.797: W/ProxyAndroidLoggerBackend(6935): Too many Flogger logs received before configuration. Dropping old logs.
06-07 09:45:56.797: W/ProxyAndroidLoggerBackend(6935): Too many Flogger logs received before configuration. Dropping old logs.
06-07 09:45:56.798: W/ProxyAndroidLoggerBackend(6935): Too many Flogger logs received before configuration. Dropping old logs.
06-07 09:45:56.798: W/ProxyAndroidLoggerBackend(6935): Too many Flogger logs received before configuration. Dropping old logs.
06-07 09:45:56.798: W/ProxyAndroidLoggerBackend(6935): Too many Flogger logs received before configuration. Dropping old logs.
06-07 09:45:56.805: W/ProxyAndroidLoggerBackend(6935): Too many Flogger logs received before configuration. Dropping old logs.
06-07 09:45:56.806: W/ProxyAndroidLoggerBackend(6935): Too many Flogger logs received before configuration. Dropping old logs.
06-07 09:45:56.807: W/ProxyAndroidLoggerBackend(6935): Too many Flogger logs received before configuration. Dropping old logs.
06-07 09:45:56.810: I/PTCommittedOperation(6291): Receive new configuration for com.google.android.gms.romanesco
06-07 09:45:56.811: W/ProxyAndroidLoggerBackend(6935): Too many Flogger logs received before configuration. Dropping old logs.
06-07 09:45:56.811: W/ProxyAndroidLoggerBackend(6935): Too many Flogger logs received before configuration. Dropping old logs.
06-07 09:45:56.812: W/ProxyAndroidLoggerBackend(6935): Too many Flogger logs received before configuration. Dropping old logs.
06-07 09:45:56.812: W/ProxyAndroidLoggerBackend(6935): Too many Flogger logs received before configuration. Dropping old logs.
06-07 09:45:56.813: W/ProxyAndroidLoggerBackend(6935): Too many Flogger logs received before configuration. Dropping old logs.
06-07 09:45:56.813: W/ProxyAndroidLoggerBackend(6935): Too many Flogger logs received before configuration. Dropping old logs.
06-07 09:45:56.813: W/ProxyAndroidLoggerBackend(6935): Too many Flogger logs received before configuration. Dropping old logs.
06-07 09:45:56.814: W/ProxyAndroidLoggerBackend(6935): Too many Flogger logs received before configuration. Dropping old logs.
06-07 09:45:56.816: I/MdiSyncModule(7523): flag handling is skipping irrelevant intent.
06-07 09:45:56.818: W/ProxyAndroidLoggerBackend(6935): Too many Flogger logs received before configuration. Dropping old logs.
06-07 09:45:56.819: W/ModuleInitIntentOp(7523): Dropping unexpected action com.google.android.gms.phenotype.COMMITTED
06-07 09:45:56.819: W/ProxyAndroidLoggerBackend(6935): Too many Flogger logs received before configuration. Dropping old logs.
06-07 09:45:56.821: W/ProxyAndroidLoggerBackend(6935): Too many Flogger logs received before configuration. Dropping old logs.
06-07 09:45:56.822: W/ProxyAndroidLoggerBackend(6935): Too many Flogger logs received before configuration. Dropping old logs.
06-07 09:45:56.822: W/ProxyAndroidLoggerBackend(6935): Too many Flogger logs received before configuration. Dropping old logs.
06-07 09:45:56.822: W/ProxyAndroidLoggerBackend(6935): Too many Flogger logs received before configuration. Dropping old logs.
06-07 09:45:56.823: W/ProxyAndroidLoggerBackend(6935): Too many Flogger logs received before configuration. Dropping old logs.
06-07 09:45:56.824: W/ProxyAndroidLoggerBackend(6935): Too many Flogger logs received before configuration. Dropping old logs.
06-07 09:45:56.824: W/ProxyAndroidLoggerBackend(6935): Too many Flogger logs received before configuration. Dropping old logs.
06-07 09:45:56.824: W/ProxyAndroidLoggerBackend(6935): Too many Flogger logs received before configuration. Dropping old logs.
06-07 09:45:56.825: W/ProxyAndroidLoggerBackend(6935): Too many Flogger logs received before configuration. Dropping old logs.
06-07 09:45:56.825: W/ProxyAndroidLoggerBackend(6935): Too many Flogger logs received before configuration. Dropping old logs.
06-07 09:45:56.825: W/ProxyAndroidLoggerBackend(6935): Too many Flogger logs received before configuration. Dropping old logs.
06-07 09:45:56.826: W/ProxyAndroidLoggerBackend(6935): Too many Flogger logs received before configuration. Dropping old logs.
06-07 09:45:56.828: W/ProxyAndroidLoggerBackend(6935): Too many Flogger logs received before configuration. Dropping old logs.
06-07 09:45:56.830: W/ProxyAndroidLoggerBackend(6935): Too many Flogger logs received before configuration. Dropping old logs.
06-07 09:45:56.830: W/ProxyAndroidLoggerBackend(6935): Too many Flogger logs received before configuration. Dropping old logs.
06-07 09:45:56.833: W/ProxyAndroidLoggerBackend(6935): Too many Flogger logs received before configuration. Dropping old logs.
06-07 09:45:56.834: W/ProxyAndroidLoggerBackend(6935): Too many Flogger logs received before configuration. Dropping old logs.
06-07 09:45:56.834: W/ProxyAndroidLoggerBackend(6935): Too many Flogger logs received before configuration. Dropping old logs.
06-07 09:45:56.834: W/ProxyAndroidLoggerBackend(6935): Too many Flogger logs received before configuration. Dropping old logs.
06-07 09:45:56.835: W/ProxyAndroidLoggerBackend(6935): Too many Flogger logs received before configuration. Dropping old logs.
06-07 09:45:56.835: W/ProxyAndroidLoggerBackend(6935): Too many Flogger logs received before configuration. Dropping old logs.
06-07 09:45:56.835: W/ProxyAndroidLoggerBackend(6935): Too many Flogger logs received before configuration. Dropping old logs.
06-07 09:45:56.838: W/ProxyAndroidLoggerBackend(6935): Too many Flogger logs received before configuration. Dropping old logs.
06-07 09:45:56.838: W/ProxyAndroidLoggerBackend(6935): Too many Flogger logs received before configuration. Dropping old logs.
06-07 09:45:56.839: W/ProxyAndroidLoggerBackend(6935): Too many Flogger logs received before configuration. Dropping old logs.
06-07 09:45:56.839: W/ProxyAndroidLoggerBackend(6935): Too many Flogger logs received before configuration. Dropping old logs.
06-07 09:45:56.840: W/ProxyAndroidLoggerBackend(6935): Too many Flogger logs received before configuration. Dropping old logs.
06-07 09:45:56.840: W/ProxyAndroidLoggerBackend(6935): Too many Flogger logs received before configuration. Dropping old logs.
06-07 09:45:56.840: W/ProxyAndroidLoggerBackend(6935): Too many Flogger logs received before configuration. Dropping old logs.
06-07 09:45:56.841: W/ProxyAndroidLoggerBackend(6935): Too many Flogger logs received before configuration. Dropping old logs.
06-07 09:45:56.841: W/ProxyAndroidLoggerBackend(6935): Too many Flogger logs received before configuration. Dropping old logs.
06-07 09:45:56.841: W/ProxyAndroidLoggerBackend(6935): Too many Flogger logs received before configuration. Dropping old logs.
06-07 09:45:56.842: W/ProxyAndroidLoggerBackend(6935): Too many Flogger logs received before configuration. Dropping old logs.
06-07 09:45:56.842: W/ProxyAndroidLoggerBackend(6935): Too many Flogger logs received before configuration. Dropping old logs.
06-07 09:45:56.843: W/ProxyAndroidLoggerBackend(6935): Too many Flogger logs received before configuration. Dropping old logs.
06-07 09:45:56.843: W/ProxyAndroidLoggerBackend(6935): Too many Flogger logs received before configuration. Dropping old logs.
06-07 09:45:56.844: W/ProxyAndroidLoggerBackend(6935): Too many Flogger logs received before configuration. Dropping old logs.
06-07 09:45:56.844: W/ProxyAndroidLoggerBackend(6935): Too many Flogger logs received before configuration. Dropping old logs.
06-07 09:45:56.844: W/ProxyAndroidLoggerBackend(6935): Too many Flogger logs received before configuration. Dropping old logs.
06-07 09:45:56.845: W/ProxyAndroidLoggerBackend(6935): Too many Flogger logs received before configuration. Dropping old logs.
06-07 09:45:56.846: W/ProxyAndroidLoggerBackend(6935): Too many Flogger logs received before configuration. Dropping old logs.
06-07 09:45:56.846: W/ProxyAndroidLoggerBackend(6935): Too many Flogger logs received before configuration. Dropping old logs.
06-07 09:45:56.847: W/ProxyAndroidLoggerBackend(6935): Too many Flogger logs received before configuration. Dropping old logs.
06-07 09:45:56.847: W/ProxyAndroidLoggerBackend(6935): Too many Flogger logs received before configuration. Dropping old logs.
06-07 09:45:56.847: W/ProxyAndroidLoggerBackend(6935): Too many Flogger logs received before configuration. Dropping old logs.
06-07 09:45:56.848: W/ProxyAndroidLoggerBackend(6935): Too many Flogger logs received before configuration. Dropping old logs.
06-07 09:45:56.849: W/ProxyAndroidLoggerBackend(6935): Too many Flogger logs received before configuration. Dropping old logs.
06-07 09:45:56.849: W/ProxyAndroidLoggerBackend(6935): Too many Flogger logs received before configuration. Dropping old logs.
06-07 09:45:56.850: W/ProxyAndroidLoggerBackend(6935): Too many Flogger logs received before configuration. Dropping old logs.
06-07 09:45:56.850: W/ProxyAndroidLoggerBackend(6935): Too many Flogger logs received before configuration. Dropping old logs.
06-07 09:45:56.850: W/ProxyAndroidLoggerBackend(6935): Too many Flogger logs received before configuration. Dropping old logs.
06-07 09:45:56.851: W/ProxyAndroidLoggerBackend(6935): Too many Flogger logs received before configuration. Dropping old logs.
06-07 09:45:56.851: W/ProxyAndroidLoggerBackend(6935): Too many Flogger logs received before configuration. Dropping old logs.
06-07 09:45:56.852: W/ProxyAndroidLoggerBackend(6935): Too many Flogger logs received before configuration. Dropping old logs.
06-07 09:45:56.852: W/ProxyAndroidLoggerBackend(6935): Too many Flogger logs received before configuration. Dropping old logs.
06-07 09:45:56.853: W/ProxyAndroidLoggerBackend(6935): Too many Flogger logs received before configuration. Dropping old logs.
06-07 09:45:56.853: W/ProxyAndroidLoggerBackend(6935): Too many Flogger logs received before configuration. Dropping old logs.
06-07 09:45:56.853: W/ProxyAndroidLoggerBackend(6935): Too many Flogger logs received before configuration. Dropping old logs.
06-07 09:45:56.854: W/ProxyAndroidLoggerBackend(6935): Too many Flogger logs received before configuration. Dropping old logs.
06-07 09:45:56.854: W/ProxyAndroidLoggerBackend(6935): Too many Flogger logs received before configuration. Dropping old logs.
06-07 09:45:56.854: W/ProxyAndroidLoggerBackend(6935): Too many Flogger logs received before configuration. Dropping old logs.
06-07 09:45:56.855: W/ProxyAndroidLoggerBackend(6935): Too many Flogger logs received before configuration. Dropping old logs.
06-07 09:45:56.855: W/ProxyAndroidLoggerBackend(6935): Too many Flogger logs received before configuration. Dropping old logs.
06-07 09:45:56.859: W/ProxyAndroidLoggerBackend(6935): Too many Flogger logs received before configuration. Dropping old logs.
06-07 09:45:56.859: W/ProxyAndroidLoggerBackend(6935): Too many Flogger logs received before configuration. Dropping old logs.
06-07 09:45:56.859: W/ProxyAndroidLoggerBackend(6935): Too many Flogger logs received before configuration. Dropping old logs.
06-07 09:45:56.860: W/ProxyAndroidLoggerBackend(6935): Too many Flogger logs received before configuration. Dropping old logs.
06-07 09:45:56.860: W/ProxyAndroidLoggerBackend(6935): Too many Flogger logs received before configuration. Dropping old logs.
06-07 09:45:56.860: W/ProxyAndroidLoggerBackend(6935): Too many Flogger logs received before configuration. Dropping old logs.
06-07 09:45:56.861: W/ProxyAndroidLoggerBackend(6935): Too many Flogger logs received before configuration. Dropping old logs.
06-07 09:45:56.861: W/ProxyAndroidLoggerBackend(6935): Too many Flogger logs received before configuration. Dropping old logs.
06-07 09:45:56.862: W/ProxyAndroidLoggerBackend(6935): Too many Flogger logs received before configuration. Dropping old logs.
06-07 09:45:56.862: W/ProxyAndroidLoggerBackend(6935): Too many Flogger logs received before configuration. Dropping old logs.
06-07 09:45:56.863: W/ProxyAndroidLoggerBackend(6935): Too many Flogger logs received before configuration. Dropping old logs.
06-07 09:45:56.863: W/ProxyAndroidLoggerBackend(6935): Too many Flogger logs received before configuration. Dropping old logs.
06-07 09:45:56.863: W/ProxyAndroidLoggerBackend(6935): Too many Flogger logs received before configuration. Dropping old logs.
06-07 09:45:56.864: W/ProxyAndroidLoggerBackend(6935): Too many Flogger logs received before configuration. Dropping old logs.
06-07 09:45:56.864: W/ProxyAndroidLoggerBackend(6935): Too many Flogger logs received before configuration. Dropping old logs.
06-07 09:45:56.864: W/ProxyAndroidLoggerBackend(6935): Too many Flogger logs received before configuration. Dropping old logs.
06-07 09:45:56.865: W/ProxyAndroidLoggerBackend(6935): Too many Flogger logs received before configuration. Dropping old logs.
06-07 09:45:56.865: W/ProxyAndroidLoggerBackend(6935): Too many Flogger logs received before configuration. Dropping old logs.
06-07 09:45:56.866: W/ProxyAndroidLoggerBackend(6935): Too many Flogger logs received before configuration. Dropping old logs.
06-07 09:45:56.866: W/ProxyAndroidLoggerBackend(6935): Too many Flogger logs received before configuration. Dropping old logs.
06-07 09:45:56.866: W/ProxyAndroidLoggerBackend(6935): Too many Flogger logs received before configuration. Dropping old logs.
06-07 09:45:56.867: W/ProxyAndroidLoggerBackend(6935): Too many Flogger logs received before configuration. Dropping old logs.
06-07 09:45:56.867: W/ProxyAndroidLoggerBackend(6935): Too many Flogger logs received before configuration. Dropping old logs.
06-07 09:45:56.867: W/ProxyAndroidLoggerBackend(6935): Too many Flogger logs received before configuration. Dropping old logs.
06-07 09:45:56.867: W/ProxyAndroidLoggerBackend(6935): Too many Flogger logs received before configuration. Dropping old logs.
06-07 09:45:56.868: W/ProxyAndroidLoggerBackend(6935): Too many Flogger logs received before configuration. Dropping old logs.
06-07 09:45:56.868: W/ProxyAndroidLoggerBackend(6935): Too many Flogger logs received before configuration. Dropping old logs.
06-07 09:45:56.869: W/ProxyAndroidLoggerBackend(6935): Too many Flogger logs received before configuration. Dropping old logs.
06-07 09:45:56.870: W/ProxyAndroidLoggerBackend(6935): Too many Flogger logs received before configuration. Dropping old logs.
06-07 09:45:56.870: W/ProxyAndroidLoggerBackend(6935): Too many Flogger logs received before configuration. Dropping old logs.
06-07 09:45:56.870: W/ProxyAndroidLoggerBackend(6935): Too many Flogger logs received before configuration. Dropping old logs.
06-07 09:45:56.871: W/ProxyAndroidLoggerBackend(6935): Too many Flogger logs received before configuration. Dropping old logs.
06-07 09:45:56.871: W/ProxyAndroidLoggerBackend(6935): Too many Flogger logs received before configuration. Dropping old logs.
06-07 09:45:56.872: W/ProxyAndroidLoggerBackend(6935): Too many Flogger logs received before configuration. Dropping old logs.
06-07 09:45:56.872: W/ProxyAndroidLoggerBackend(6935): Too many Flogger logs received before configuration. Dropping old logs.
06-07 09:45:56.873: W/ProxyAndroidLoggerBackend(6935): Too many Flogger logs received before configuration. Dropping old logs.
06-07 09:45:56.873: W/ProxyAndroidLoggerBackend(6935): Too many Flogger logs received before configuration. Dropping old logs.
06-07 09:45:56.874: W/ProxyAndroidLoggerBackend(6935): Too many Flogger logs received before configuration. Dropping old logs.
06-07 09:45:56.874: W/ProxyAndroidLoggerBackend(6935): Too many Flogger logs received before configuration. Dropping old logs.
06-07 09:45:56.875: W/ProxyAndroidLoggerBackend(6935): Too many Flogger logs received before configuration. Dropping old logs.
06-07 09:45:56.875: W/ProxyAndroidLoggerBackend(6935): Too many Flogger logs received before configuration. Dropping old logs.
06-07 09:45:56.876: W/ProxyAndroidLoggerBackend(6935): Too many Flogger logs received before configuration. Dropping old logs.
06-07 09:45:56.876: W/ProxyAndroidLoggerBackend(6935): Too many Flogger logs received before configuration. Dropping old logs.
06-07 09:45:56.877: W/ProxyAndroidLoggerBackend(6935): Too many Flogger logs received before configuration. Dropping old logs.
06-07 09:45:56.877: W/ProxyAndroidLoggerBackend(6935): Too many Flogger logs received before configuration. Dropping old logs.
06-07 09:45:56.877: W/ProxyAndroidLoggerBackend(6935): Too many Flogger logs received before configuration. Dropping old logs.
06-07 09:45:56.878: W/ProxyAndroidLoggerBackend(6935): Too many Flogger logs received before configuration. Dropping old logs.
06-07 09:45:56.878: W/ProxyAndroidLoggerBackend(6935): Too many Flogger logs received before configuration. Dropping old logs.
06-07 09:45:56.879: W/ProxyAndroidLoggerBackend(6935): Too many Flogger logs received before configuration. Dropping old logs.
06-07 09:45:56.879: W/ProxyAndroidLoggerBackend(6935): Too many Flogger logs received before configuration. Dropping old logs.
06-07 09:45:56.879: W/ProxyAndroidLoggerBackend(6935): Too many Flogger logs received before configuration. Dropping old logs.
06-07 09:45:56.880: W/ProxyAndroidLoggerBackend(6935): Too many Flogger logs received before configuration. Dropping old logs.
06-07 09:45:56.880: W/ProxyAndroidLoggerBackend(6935): Too many Flogger logs received before configuration. Dropping old logs.
06-07 09:45:56.881: W/ProxyAndroidLoggerBackend(6935): Too many Flogger logs received before configuration. Dropping old logs.
06-07 09:45:56.882: W/ProxyAndroidLoggerBackend(6935): Too many Flogger logs received before configuration. Dropping old logs.
06-07 09:45:56.882: W/ProxyAndroidLoggerBackend(6935): Too many Flogger logs received before configuration. Dropping old logs.
06-07 09:45:56.883: W/ProxyAndroidLoggerBackend(6935): Too many Flogger logs received before configuration. Dropping old logs.
06-07 09:45:56.883: W/ProxyAndroidLoggerBackend(6935): Too many Flogger logs received before configuration. Dropping old logs.
06-07 09:45:56.884: W/ProxyAndroidLoggerBackend(6935): Too many Flogger logs received before configuration. Dropping old logs.
06-07 09:45:56.884: W/ProxyAndroidLoggerBackend(6935): Too many Flogger logs received before configuration. Dropping old logs.
06-07 09:45:56.885: W/ProxyAndroidLoggerBackend(6935): Too many Flogger logs received before configuration. Dropping old logs.
06-07 09:45:56.885: W/ProxyAndroidLoggerBackend(6935): Too many Flogger logs received before configuration. Dropping old logs.
06-07 09:45:56.886: W/ProxyAndroidLoggerBackend(6935): Too many Flogger logs received before configuration. Dropping old logs.
06-07 09:45:56.886: W/ProxyAndroidLoggerBackend(6935): Too many Flogger logs received before configuration. Dropping old logs.
06-07 09:45:56.887: W/ProxyAndroidLoggerBackend(6935): Too many Flogger logs received before configuration. Dropping old logs.
06-07 09:45:56.887: W/ProxyAndroidLoggerBackend(6935): Too many Flogger logs received before configuration. Dropping old logs.
06-07 09:45:56.887: W/ProxyAndroidLoggerBackend(6935): Too many Flogger logs received before configuration. Dropping old logs.
06-07 09:45:56.888: W/ProxyAndroidLoggerBackend(6935): Too many Flogger logs received before configuration. Dropping old logs.
06-07 09:45:56.888: W/ProxyAndroidLoggerBackend(6935): Too many Flogger logs received before configuration. Dropping old logs.
06-07 09:45:56.888: W/ProxyAndroidLoggerBackend(6935): Too many Flogger logs received before configuration. Dropping old logs.
06-07 09:45:56.889: W/ProxyAndroidLoggerBackend(6935): Too many Flogger logs received before configuration. Dropping old logs.
06-07 09:45:56.889: W/ProxyAndroidLoggerBackend(6935): Too many Flogger logs received before configuration. Dropping old logs.
06-07 09:45:56.890: W/ProxyAndroidLoggerBackend(6935): Too many Flogger logs received before configuration. Dropping old logs.
06-07 09:45:56.890: W/ProxyAndroidLoggerBackend(6935): Too many Flogger logs received before configuration. Dropping old logs.
06-07 09:45:56.890: W/ProxyAndroidLoggerBackend(6935): Too many Flogger logs received before configuration. Dropping old logs.
06-07 09:45:56.891: W/ProxyAndroidLoggerBackend(6935): Too many Flogger logs received before configuration. Dropping old logs.
06-07 09:45:56.891: W/ProxyAndroidLoggerBackend(6935): Too many Flogger logs received before configuration. Dropping old logs.
06-07 09:45:56.891: W/ProxyAndroidLoggerBackend(6935): Too many Flogger logs received before configuration. Dropping old logs.
06-07 09:45:56.892: W/ProxyAndroidLoggerBackend(6935): Too many Flogger logs received before configuration. Dropping old logs.
06-07 09:45:56.892: W/ProxyAndroidLoggerBackend(6935): Too many Flogger logs received before configuration. Dropping old logs.
06-07 09:45:56.893: W/ProxyAndroidLoggerBackend(6935): Too many Flogger logs received before configuration. Dropping old logs.
06-07 09:45:56.893: W/ProxyAndroidLoggerBackend(6935): Too many Flogger logs received before configuration. Dropping old logs.
06-07 09:45:56.893: W/ProxyAndroidLoggerBackend(6935): Too many Flogger logs received before configuration. Dropping old logs.
06-07 09:45:56.894: W/ProxyAndroidLoggerBackend(6935): Too many Flogger logs received before configuration. Dropping old logs.
06-07 09:45:56.894: W/ProxyAndroidLoggerBackend(6935): Too many Flogger logs received before configuration. Dropping old logs.
06-07 09:45:56.894: W/ProxyAndroidLoggerBackend(6935): Too many Flogger logs received before configuration. Dropping old logs.
06-07 09:45:56.895: W/ProxyAndroidLoggerBackend(6935): Too many Flogger logs received before configuration. Dropping old logs.
06-07 09:45:56.895: W/ProxyAndroidLoggerBackend(6935): Too many Flogger logs received before configuration. Dropping old logs.
06-07 09:45:56.896: W/ProxyAndroidLoggerBackend(6935): Too many Flogger logs received before configuration. Dropping old logs.
06-07 09:45:56.896: W/ProxyAndroidLoggerBackend(6935): Too many Flogger logs received before configuration. Dropping old logs.
06-07 09:45:56.897: W/ProxyAndroidLoggerBackend(6935): Too many Flogger logs received before configuration. Dropping old logs.
06-07 09:45:56.897: W/ProxyAndroidLoggerBackend(6935): Too many Flogger logs received before configuration. Dropping old logs.
06-07 09:45:56.897: W/ProxyAndroidLoggerBackend(6935): Too many Flogger logs received before configuration. Dropping old logs.
06-07 09:45:56.898: W/ProxyAndroidLoggerBackend(6935): Too many Flogger logs received before configuration. Dropping old logs.
06-07 09:45:56.898: W/ProxyAndroidLoggerBackend(6935): Too many Flogger logs received before configuration. Dropping old logs.
06-07 09:45:56.899: W/ProxyAndroidLoggerBackend(6935): Too many Flogger logs received before configuration. Dropping old logs.
06-07 09:45:56.899: W/ProxyAndroidLoggerBackend(6935): Too many Flogger logs received before configuration. Dropping old logs.
06-07 09:45:56.899: W/ProxyAndroidLoggerBackend(6935): Too many Flogger logs received before configuration. Dropping old logs.
06-07 09:45:56.900: W/ProxyAndroidLoggerBackend(6935): Too many Flogger logs received before configuration. Dropping old logs.
06-07 09:45:56.900: W/ProxyAndroidLoggerBackend(6935): Too many Flogger logs received before configuration. Dropping old logs.
06-07 09:45:56.927: W/ProxyAndroidLoggerBackend(6935): Too many Flogger logs received before configuration. Dropping old logs.
06-07 09:45:56.936: I/Auth(6291): [AuthManaged,PasswordComplexityHelperImpl] Updating password complexity components state.
06-07 09:45:56.936: I/Auth(6291): [AuthManaged,PasswordComplexityHelperImpl] Disabling com.google.android.gms.auth.managed.admin.DeviceAdminReceiver
06-07 09:45:56.941: I/Auth(6291): [AuthManaged,PasswordComplexityHelperImpl] Disabling com.google.android.gms.auth.managed.ui.SetNewPasswordActivity
06-07 09:45:56.967: W/ProxyAndroidLoggerBackend(6935): Too many Flogger logs received before configuration. Dropping old logs.
06-07 09:45:56.968: W/ProxyAndroidLoggerBackend(6935): Too many Flogger logs received before configuration. Dropping old logs.
06-07 09:45:56.999: I/Auth(6291): [AuthManaged,PasswordComplexityHelperImpl] Updating password complexity components state.
06-07 09:45:56.999: I/Auth(6291): [AuthManaged,PasswordComplexityHelperImpl] Disabling com.google.android.gms.auth.managed.admin.DeviceAdminReceiver
06-07 09:45:57.000: I/Auth(6291): [AuthManaged,PasswordComplexityHelperImpl] Disabling com.google.android.gms.auth.managed.ui.SetNewPasswordActivity
06-07 09:45:57.020: I/MdiSyncModule(7523): flag handling is skipping irrelevant intent.
06-07 09:45:57.023: E/ExtendedServiceUtils(9642): Failed to load libdashplayer.so : dlopen failed: library "libdashplayer.so" not found
06-07 09:45:57.025: I/PTCommittedOperation(6291): Receive new configuration for com.google.android.gms.platformconfigurator
06-07 09:45:57.031: D/AndroidRuntime(9642): >>>>>> START com.android.internal.os.RuntimeInit uid 2000 <<<<<<
06-07 09:45:57.034: D/AndroidRuntime(9642): CheckJNI is OFF
06-07 09:45:57.054: I/Finsky(6935): [78] ril.c(1): Triggered update for experiment package com.google.android.finsky.stable.
06-07 09:45:57.055: I/MdiSyncModule(7523): flag handling is skipping irrelevant intent.
06-07 09:45:57.056: W/ModuleInitIntentOp(7523): Dropping unexpected action com.google.android.gms.phenotype.COMMITTED
06-07 09:45:57.095: D/ICU(9642): No timezone override file found: /data/misc/zoneinfo/current/icu/icu_tzdata.dat
06-07 09:45:57.118: I/Radio-JNI(9642): register_android_hardware_Radio DONE
06-07 09:45:57.125: E/System(9642): Unable to open boot classpath entry: /system/framework/WfdCommon.jar
06-07 09:45:57.126: E/System(9642): java.util.zip.ZipException: File too short to be a zip file: 0
06-07 09:45:57.126: E/System(9642): 	at java.util.zip.ZipFile.<init>(ZipFile.java:208)
06-07 09:45:57.126: E/System(9642): 	at java.util.zip.ZipFile.<init>(ZipFile.java:147)
06-07 09:45:57.126: E/System(9642): 	at java.util.jar.JarFile.<init>(JarFile.java:161)
06-07 09:45:57.126: E/System(9642): 	at java.util.jar.JarFile.<init>(JarFile.java:98)
06-07 09:45:57.126: E/System(9642): 	at libcore.io.ClassPathURLStreamHandler.<init>(ClassPathURLStreamHandler.java:47)
06-07 09:45:57.126: E/System(9642): 	at java.lang.VMClassLoader.createBootClassPathUrlHandlers(VMClassLoader.java:49)
06-07 09:45:57.126: E/System(9642): 	at java.lang.VMClassLoader.<clinit>(VMClassLoader.java:31)
06-07 09:45:57.126: E/System(9642): 	at java.lang.ClassLoader.findLoadedClass(ClassLoader.java:742)
06-07 09:45:57.126: E/System(9642): 	at java.lang.ClassLoader.loadClass(ClassLoader.java:362)
06-07 09:45:57.126: E/System(9642): 	at java.lang.ClassLoader.loadClass(ClassLoader.java:312)
06-07 09:45:57.126: E/System(9642): 	at java.util.ResourceBundle$RBClassLoader.loadClass(ResourceBundle.java:452)
06-07 09:45:57.126: E/System(9642): 	at java.util.ResourceBundle$Control.newBundle(ResourceBundle.java:2569)
06-07 09:45:57.126: E/System(9642): 	at java.util.ResourceBundle.loadBundle(ResourceBundle.java:1438)
06-07 09:45:57.126: E/System(9642): 	at java.util.ResourceBundle.findBundle(ResourceBundle.java:1402)
06-07 09:45:57.126: E/System(9642): 	at java.util.ResourceBundle.findBundle(ResourceBundle.java:1356)
06-07 09:45:57.126: E/System(9642): 	at java.util.ResourceBundle.findBundle(ResourceBundle.java:1356)
06-07 09:45:57.126: E/System(9642): 	at java.util.ResourceBundle.getBundleImpl(ResourceBundle.java:1298)
06-07 09:45:57.126: E/System(9642): 	at java.util.ResourceBundle.getBundle(ResourceBundle.java:723)
06-07 09:45:57.126: E/System(9642): 	at java.util.logging.Level.<init>(Level.java:223)
06-07 09:45:57.126: E/System(9642): 	at java.util.logging.Level.<clinit>(Level.java:96)
06-07 09:45:57.126: E/System(9642): 	at java.util.logging.Logger.<clinit>(Logger.java:177)
06-07 09:45:57.126: E/System(9642): 	at java.util.logging.Logger.getLogger(Logger.java:393)
06-07 09:45:57.126: E/System(9642): 	at android.icu.util.TimeZone.<clinit>(TimeZone.java:92)
06-07 09:45:57.126: E/System(9642): 	at java.util.TimeZone.setDefault(TimeZone.java:712)
06-07 09:45:57.126: E/System(9642): 	at com.android.internal.os.RuntimeInit.commonInit(RuntimeInit.java:132)
06-07 09:45:57.126: E/System(9642): 	at com.android.internal.os.RuntimeInit.main(RuntimeInit.java:256)
06-07 09:45:57.133: D/AndroidRuntime(9642): Calling main entry com.android.commands.am.Am
06-07 09:45:57.137: I/ActivityManager(1282): Force stopping com.google.android.apps.mtaas.tools appid=10133 user=0: start instr
06-07 09:45:57.150: I/ActivityManager(1282): Start proc 9652:com.google.android.apps.mtaas.tools/u0a133 for added application com.google.android.apps.mtaas.tools
06-07 09:45:57.182: W/System(9652): ClassLoader referenced unknown path: /data/app/com.google.android.apps.mtaas.tools-1/lib/arm64
06-07 09:45:57.191: W/ProxyAndroidLoggerBackend(6935): Too many Flogger logs received before configuration. Dropping old logs.
06-07 09:45:57.193: D/GetPackageUid(9652): Instrumentation completed successfully
06-07 09:45:57.193: I/ActivityManager(1282): Force stopping com.google.android.apps.mtaas.tools appid=10133 user=0: finished inst
06-07 09:45:57.193: I/ActivityManager(1282): Killing 9652:com.google.android.apps.mtaas.tools/u0a133 (adj 0): stop com.google.android.apps.mtaas.tools
06-07 09:45:57.193: D/ActivityManager(1282): cleanUpApplicationRecord -- 9652
06-07 09:45:57.195: D/AndroidRuntime(9642): Shutting down VM
06-07 09:45:57.231: I/PTCommittedOperation(6291): Receive new configuration for com.google.android.gms.easysignin
06-07 09:45:57.237: I/Auth(6291): [AuthManaged,PasswordComplexityHelperImpl] Updating password complexity components state.
06-07 09:45:57.237: I/Auth(6291): [AuthManaged,PasswordComplexityHelperImpl] Disabling com.google.android.gms.auth.managed.admin.DeviceAdminReceiver
06-07 09:45:57.238: I/Auth(6291): [AuthManaged,PasswordComplexityHelperImpl] Disabling com.google.android.gms.auth.managed.ui.SetNewPasswordActivity
06-07 09:45:57.243: W/ProxyAndroidLoggerBackend(6935): Too many Flogger logs received before configuration. Dropping old logs.
